HW 3/homework3.csv
RECORD_ID,YEAR,MONTH,DAY,STORE_ID,SKU_ID,TOTAL_PRICE,BASE_PRICE,UNITS_SOLD
40955,2023,7,11,8063,219009,222.3,222.3,68
157087,2024,11,20,8063,219009,183.825,183.825,57
137406,2024,8,28,8063,219009,170.2875,194.5125,112
54013,2023,9,5,8063,219009,213.75,213.75,78
139044,2024,9,4,8063,219009,171,194.5125,91
58893,2023,9,26,8063,219009,222.3,222.3,74
50761,2023,8,22,8063,219009,210.1875,210.1875,100
175072,2025,2,5,8063,219009,180.975,180.975,97
19681,2023,4,11,8063,219009,222.3,222.3,67
6629,2023,2,14,8063,219009,116.85,227.2875,533
9901,2023,2,28,8063,219009,118.9875,227.2875,432
73579,2023,11,28,8063,219009,196.65,196.65,92
13129,2023,3,14,8063,219009,219.45,219.45,59
60515,2023,10,3,8063,219009,124.6875,222.3,262
93250,2024,2,20,8063,219009,182.4,182.4,75
26228,2023,5,9,8063,219009,143.2125,227.2875,149
91610,2024,2,13,8063,219009,191.6625,191.6625,134
32770,2023,6,6,8063,219009,219.45,219.45,84
143961,2024,9,25,8063,219009,171,171,130
107933,2024,4,24,8063,219009,198.7875,198.7875,89
152165,2024,10,30,8063,219009,178.125,178.125,115
27866,2023,5,16,8063,219009,189.525,227.2875,72
168543,2025,1,8,8063,219009,180.975,180.975,135
147244,2024,10,9,8063,219009,183.1125,183.1125,108
98171,2024,3,13,8063,219009,183.1125,183.1125,77
176692,2025,2,12,8063,219009,174.5625,174.5625,122
155445,2024,11,13,8063,219009,191.6625,191.6625,90
111210,2024,5,8,8063,219009,198.7875,198.7875,84
173455,2025,1,29,8063,219009,180.975,180.975,91
67032,2023,10,31,8063,219009,227.2875,227.2875,78
78496,2023,12,19,8063,219009,182.4,182.4,88
85057,2024,1,16,8063,219009,198.7875,198.7875,77
24590,2023,5,2,8063,219009,227.2875,227.2875,69
44231,2023,7,25,8063,219009,221.5875,221.5875,61
170178,2025,1,15,8063,219009,180.975,180.975,114
122687,2024,6,26,8063,219009,190.95,190.95,70
101416,2024,3,27,8063,219009,198.7875,198.7875,53
81777,2024,1,2,8063,219009,194.5125,194.5125,76
83415,2024,1,9,8063,219009,193.0875,193.0875,113
57264,2023,9,19,8063,219009,223.0125,223.0125,68
99812,2024,3,20,8063,219009,193.0875,193.0875,35
114490,2024,5,22,8063,219009,195.225,195.225,81
16409,2023,3,28,8063,219009,227.2875,227.2875,70
52391,2023,8,29,8063,219009,218.7375,218.7375,81
88337,2024,1,30,8063,219009,198.7875,198.7875,116
109571,2024,5,1,8063,219009,198.7875,198.7875,69
132488,2024,8,7,8063,219009,194.5125,194.5125,60
106303,2024,4,17,8063,219009,191.6625,191.6625,90
103024,2024,4,3,8063,219009,184.5375,184.5375,39
134128,2024,8,14,8063,219009,172.425,194.5125,98
86698,2024,1,23,8063,219009,195.9375,195.9375,96
80136,2023,12,26,8063,219009,194.5125,194.5125,78
166929,2025,1,1,8063,219009,134.6625,187.3875,131
75216,2023,12,5,8063,219009,190.95,190.95,72
129213,2024,7,24,8063,219009,190.2375,190.2375,74
68671,2023,11,7,8063,219009,227.2875,227.2875,51
158724,2024,11,27,8063,219009,191.6625,191.6625,72
130851,2024,7,31,8063,219009,194.5125,194.5125,77
119405,2024,6,12,8063,219009,190.95,190.95,65
150524,2024,10,23,8063,219009,191.6625,191.6625,92
135766,2024,8,21,8063,219009,170.2875,194.5125,102
51074,2023,8,22,8562,219009,187.3875,187.3875,87
160678,2024,12,4,8562,219009,215.175,215.175,143
15079,2023,3,21,8562,219009,203.0625,203.0625,81
49439,2023,8,15,8562,219009,208.05,208.05,89
60825,2023,10,3,8562,219009,125.4,215.175,515
137719,2024,8,28,8562,219009,140.3625,210.1875,129
103334,2024,4,3,8562,219009,190.95,190.95,79
167234,2025,1,1,8562,219009,131.8125,215.175,155
129526,2024,7,24,8562,219009,218.025,218.025,101
175382,2025,2,5,8562,219009,221.5875,221.5875,120
177003,2025,2,12,8562,219009,218.025,218.025,112
131162,2024,7,31,8562,219009,225.8625,225.8625,111
28177,2023,5,16,8562,219009,224.4375,224.4375,79
23264,2023,4,25,8562,219009,213.75,213.75,101
118079,2024,6,5,8562,219009,216.6,216.6,69
59204,2023,9,26,8562,219009,215.175,215.175,90
159036,2024,11,27,8562,219009,213.0375,213.0375,149
93563,2024,2,20,8562,219009,179.55,179.55,138
124637,2024,7,3,8562,219009,223.725,223.725,95
168855,2025,1,8,8562,219009,217.3125,217.3125,137
173764,2025,1,29,8562,219009,220.875,220.875,123
126270,2024,7,10,8562,219009,225.8625,225.8625,92
8580,2023,2,21,8562,219009,116.1375,220.1625,671
149195,2024,10,16,8562,219009,220.875,220.875,91
52700,2023,8,29,8562,219009,211.6125,211.6125,91
162318,2024,12,11,8562,219009,162.45,215.175,534
46172,2023,8,1,8562,219009,227.2875,227.2875,62
36353,2023,6,20,8562,219009,223.0125,223.0125,75
55948,2023,9,12,8562,219009,234.4125,234.4125,68
64070,2023,10,17,8562,219009,206.625,206.625,93
78808,2023,12,19,8562,219009,196.65,196.65,77
136078,2024,8,21,8562,219009,210.1875,210.1875,91
72258,2023,11,21,8562,219009,175.275,203.775,439
11821,2023,3,7,8562,219009,118.275,220.1625,147
127893,2024,7,17,8562,219009,220.875,220.875,99
31446,2023,5,30,8562,219009,208.05,208.05,90
390,2023,1,17,8562,219009,203.0625,203.0625,103
73891,2023,11,28,8562,219009,201.6375,201.6375,118
82088,2024,1,2,8562,219009,205.2,205.2,59
98484,2024,3,13,8562,219009,200.2125,200.2125,92
6942,2023,2,14,8562,219009,117.5625,220.1625,1184
62446,2023,10,10,8562,219009,194.5125,194.5125,100
140379,2024,9,4,9845,219029,314.925,314.925,97
145297,2024,9,25,9845,219029,327.0375,314.925,54
9599,2023,2,21,9845,219029,180.975,317.775,276
89672,2024,1,30,9845,219029,327.0375,327.0375,70
6323,2023,2,7,9845,219029,317.775,317.775,109
3048,2023,1,24,9845,219029,319.9125,319.9125,63
58588,2023,9,19,9845,219029,327.0375,327.0375,70
86392,2024,1,16,9845,219029,327.0375,327.0375,106
133822,2024,8,7,9845,219029,327.0375,327.0375,91
22646,2023,4,18,9845,219029,319.9125,319.9125,70
151860,2024,10,23,9845,219029,327.0375,327.0375,67
173156,2025,1,22,9845,219029,327.0375,327.0375,74
110905,2024,5,1,9845,219029,327.0375,327.0375,53
25923,2023,5,2,9845,219029,323.475,323.475,73
105997,2024,4,10,9845,219029,320.625,320.625,74
63456,2023,10,10,9845,219029,322.05,322.05,98
81471,2023,12,26,9845,219029,327.0375,327.0375,74
45558,2023,7,25,9845,219029,315.6375,315.6375,84
114184,2024,5,15,9845,219029,327.0375,327.0375,72
174771,2025,1,29,9845,219029,327.0375,327.0375,64
60212,2023,9,26,9845,219029,327.0375,327.0375,74
166626,2024,12,25,9845,219029,324.1875,324.1875,74
176389,2025,2,5,9845,219029,327.0375,327.0375,87
163342,2024,12,11,9845,219029,327.0375,327.0375,83
128909,2024,7,17,9845,219029,267.9,326.325,122
74910,2023,11,28,9845,219029,307.8,307.8,48
1412,2023,1,17,9845,219029,312.7875,312.7875,100
122381,2024,6,19,9845,219029,327.0375,327.0375,83
65089,2023,10,17,9845,219029,327.0375,327.0375,88
104358,2024,4,3,9845,219029,327.0375,327.0375,71
88031,2024,1,23,9845,219029,327.0375,327.0375,27
169876,2025,1,8,9845,219029,327.0375,327.0375,99
43925,2023,7,18,9845,219029,327.0375,327.0375,70
83110,2024,1,2,9845,219029,327.0375,327.0375,44
70002,2023,11,7,9845,219029,327.0375,327.0375,67
40649,2023,7,4,9845,219029,178.125,327.0375,616
11211,2023,2,28,9845,219029,323.475,323.475,72
35738,2023,6,13,9845,219029,327.0375,327.0375,96
137100,2024,8,21,9845,219029,289.9875,327.0375,68
66726,2023,10,24,9845,219029,327.0375,327.0375,69
91305,2024,2,6,9845,219029,327.0375,327.0375,70
150218,2024,10,16,9845,219029,323.475,323.475,71
119100,2024,6,5,9845,219029,326.325,326.325,78
125655,2024,7,3,9845,219029,180.2625,326.325,450
109266,2024,4,24,9845,219029,327.0375,327.0375,82
102723,2024,3,27,9845,219029,327.0375,327.0375,64
97867,2024,3,6,9845,219029,326.325,326.325,87
76549,2023,12,5,9845,219029,315.6375,315.6375,45
132182,2024,7,31,9845,219029,327.0375,327.0375,75
120739,2024,6,12,9845,219029,323.475,323.475,129
78191,2023,12,12,9845,219029,322.05,322.05,87
50457,2023,8,15,9845,219029,309.225,309.225,87
27562,2023,5,9,9845,219029,324.1875,324.1875,80
53710,2023,8,29,9845,219029,318.4875,318.4875,79
94586,2024,2,20,9845,219029,190.2375,312.075,479
14462,2023,3,14,9845,219029,327.0375,327.0375,75
153499,2024,10,30,9845,219029,327.0375,327.0375,73
30830,2023,5,23,9845,219029,303.525,303.525,66
39011,2023,6,27,9845,219029,327.0375,327.0375,75
156783,2024,11,13,9845,219029,327.0375,327.0375,68
4684,2023,1,31,9845,219029,323.475,323.475,74
29745,2023,5,23,8422,219009,203.0625,203.0625,59
91856,2024,2,13,8422,219009,184.5375,184.5375,105
18289,2023,4,4,8422,219009,223.0125,223.0125,86
42840,2023,7,18,8422,219009,212.325,212.325,68
10143,2023,2,28,8422,219009,117.5625,227.2875,546
103267,2024,4,3,8422,219009,186.675,186.675,48
57509,2023,9,19,8422,219009,220.875,220.875,111
83661,2024,1,9,8422,219009,193.8,193.8,109
142567,2024,9,18,8422,219009,175.275,175.275,60
54258,2023,9,5,8422,219009,223.725,223.725,96
62379,2023,10,10,8422,219009,220.1625,220.1625,68
41201,2023,7,11,8422,219009,227.2875,227.2875,81
129459,2024,7,24,8422,219009,187.3875,187.3875,79
163894,2024,12,18,8422,219009,161.025,174.5625,253
124570,2024,7,3,8422,219009,194.5125,194.5125,107
67278,2023,10,31,8422,219009,215.8875,215.8875,49
78741,2023,12,19,8422,219009,195.225,218.025,83
104910,2024,4,10,8422,219009,198.7875,198.7875,54
68917,2023,11,7,8422,219009,221.5875,221.5875,65
34654,2023,6,13,8422,219009,227.2875,227.2875,67
65641,2023,10,24,8422,219009,217.3125,217.3125,65
95138,2024,2,27,8422,219009,182.4,182.4,87
6875,2023,2,14,8422,219009,117.5625,227.2875,702
36286,2023,6,20,8422,219009,213.75,213.75,75
109816,2024,5,1,8422,219009,198.7875,198.7875,87
96778,2024,3,6,8422,219009,194.5125,194.5125,75
75461,2023,12,5,8422,219009,195.9375,218.025,99
59138,2023,9,26,8422,219009,223.0125,223.0125,79
152411,2024,10,30,8422,219009,178.125,178.125,108
64003,2023,10,17,8422,219009,216.6,216.6,90
28110,2023,5,16,8422,219009,205.9125,205.9125,83
170423,2025,1,15,8422,219009,180.975,180.975,101
114736,2024,5,22,8422,219009,198.075,198.075,123
5234,2023,2,7,8422,219009,227.2875,227.2875,73
3599,2023,1,31,8422,219009,227.2875,227.2875,73
154049,2024,11,6,8422,219009,178.125,178.125,88
11757,2023,3,7,8422,219009,116.85,227.2875,186
108179,2024,4,24,8422,219009,194.5125,194.5125,62
101657,2024,3,27,8422,219009,198.7875,198.7875,57
155691,2024,11,13,8422,219009,195.225,195.225,104
70551,2023,11,14,8422,219009,218.025,218.025,72
86944,2024,1,23,8422,219009,192.375,192.375,95
140931,2024,9,11,8422,219009,175.275,175.275,69
122933,2024,6,26,8422,219009,194.5125,194.5125,76
37922,2023,6,27,8422,219009,215.8875,215.8875,58
77100,2023,12,12,8422,219009,190.95,218.025,84
144205,2024,9,25,8422,219009,173.1375,173.1375,135
88583,2024,1,30,8422,219009,195.9375,195.9375,102
131095,2024,7,31,8422,219009,194.5125,194.5125,96
13374,2023,3,14,8422,219009,205.2,205.2,65
1962,2023,1,24,8422,219009,227.2875,227.2875,69
100051,2024,3,20,8422,219009,192.375,192.375,38
47739,2023,8,8,8422,219009,227.2875,227.2875,77
173699,2025,1,29,8422,219009,180.975,180.975,116
39563,2023,7,4,8422,219009,202.35,202.35,90
139290,2024,9,4,8422,219009,167.4375,167.4375,80
147487,2024,10,9,8422,219009,187.3875,187.3875,83
136011,2024,8,21,8422,219009,168.8625,194.5125,80
59816,2023,9,26,9490,219009,219.45,219.45,42
113779,2024,5,15,9490,219009,180.2625,180.2625,63
171107,2025,1,15,9490,219009,195.225,195.225,76
131777,2024,7,31,9490,219009,198.7875,198.7875,68
23880,2023,4,25,9490,219009,227.2875,227.2875,51
58188,2023,9,19,9490,219009,213.75,213.75,45
90903,2024,2,6,9490,219009,198.7875,198.7875,78
87624,2024,1,23,9490,219009,194.5125,194.5125,66
67959,2023,10,31,9490,219009,227.2875,227.2875,30
61434,2023,10,3,9490,219009,126.1125,219.45,154
159654,2024,11,27,9490,219009,190.95,190.95,74
175993,2025,2,5,9490,219009,195.225,195.225,81
50055,2023,8,15,9490,219009,208.05,208.05,69
32062,2023,5,30,9490,219009,216.6,216.6,67
81064,2023,12,26,9490,219009,198.7875,198.7875,77
12430,2023,3,7,9490,219009,120.4125,227.2875,91
76144,2023,12,5,9490,219009,188.1,188.1,58
64685,2023,10,17,9490,219009,213.75,213.75,48
7557,2023,2,14,9490,219009,116.85,227.2875,386
20609,2023,4,11,9490,219009,211.6125,211.6125,63
139973,2024,9,4,9490,219009,192.375,192.375,49
94179,2024,2,20,9490,219009,194.5125,194.5125,70
10816,2023,2,28,9490,219009,118.9875,227.2875,261
126881,2024,7,10,9490,219009,195.9375,195.9375,47
22243,2023,4,18,9490,219009,227.2875,227.2875,57
108860,2024,4,24,9490,219009,198.7875,198.7875,80
174371,2025,1,29,9490,219009,195.225,195.225,74
36967,2023,6,20,9490,219009,219.45,219.45,40
162936,2024,12,11,9490,219009,163.1625,195.225,233
133415,2024,8,7,9490,219009,198.7875,198.7875,51
1007,2023,1,17,9490,219009,227.2875,227.2875,46
112139,2024,5,8,9490,219009,198.7875,198.7875,71
161294,2024,12,4,9490,219009,195.225,195.225,70
92537,2024,2,13,9490,219009,193.8,193.8,49
56560,2023,9,12,9490,219009,221.5875,221.5875,60
149811,2024,10,16,9490,219009,191.6625,191.6625,33
144890,2024,9,25,9490,219009,195.225,195.225,75
38606,2023,6,27,9490,219009,227.2875,227.2875,57
85986,2024,1,16,9490,219009,198.7875,198.7875,70
4281,2023,1,31,9490,219009,227.2875,227.2875,50
167841,2025,1,1,9490,219009,131.1,195.225,140
102329,2024,3,27,9490,219009,198.7875,198.7875,55
74507,2023,11,28,9490,219009,188.1,188.1,63
40243,2023,7,4,9490,219009,222.3,222.3,65
146532,2024,10,2,9490,219009,141.075,195.225,124
143249,2024,9,18,9490,219009,190.95,190.95,69
130144,2024,7,24,9490,219009,198.7875,198.7875,96
48420,2023,8,8,9490,219009,227.2875,227.2875,41
30427,2023,5,23,9490,219009,221.5875,221.5875,59
117058,2024,5,29,9490,219009,189.525,189.525,61
2642,2023,1,24,9490,219009,216.6,216.6,29
63055,2023,10,10,9490,219009,221.5875,221.5875,61
128505,2024,7,17,9490,219009,194.5125,194.5125,73
27155,2023,5,9,9490,219009,142.5,227.2875,110
18969,2023,4,4,9490,219009,220.1625,220.1625,48
33696,2023,6,6,9490,219009,227.2875,227.2875,55
25518,2023,5,2,9490,219009,227.2875,227.2875,49
69598,2023,11,7,9490,219009,227.2875,227.2875,61
95821,2024,2,27,9490,219009,173.1375,194.5125,74
21230,2023,4,11,9984,219009,223.725,223.725,99
140596,2024,9,4,9984,219009,140.3625,185.25,69
6540,2023,2,7,9984,219009,227.2875,227.2875,51
120956,2024,6,12,9984,219009,194.5125,194.5125,61
104575,2024,4,3,9984,219009,193.0875,193.0875,47
145514,2024,9,25,9984,219009,191.6625,191.6625,79
130762,2024,7,24,9984,219009,198.7875,198.7875,107
42505,2023,7,11,9984,219009,227.2875,227.2875,64
65306,2023,10,17,9984,219009,223.725,223.725,86
176603,2025,2,5,9984,219009,195.225,195.225,76
137317,2024,8,21,9984,219009,195.225,195.225,76
99724,2024,3,13,9984,219009,184.5375,184.5375,61
174984,2025,1,29,9984,219009,195.225,195.225,80
163559,2024,12,11,9984,219009,161.7375,195.225,329
160278,2024,11,27,9984,219009,195.225,195.225,84
171731,2025,1,15,9984,219009,191.6625,191.6625,91
24502,2023,4,25,9984,219009,227.2875,227.2875,68
3264,2023,1,24,9984,219009,227.2875,227.2875,66
62053,2023,10,3,9984,219009,126.1125,223.0125,446
102936,2024,3,27,9984,219009,191.6625,191.6625,80
155356,2024,11,6,9984,219009,178.125,178.125,80
19592,2023,4,4,9984,219009,222.3,222.3,61
60427,2023,9,26,9984,219009,223.0125,223.0125,77
166841,2024,12,25,9984,219009,134.6625,195.225,142
78408,2023,12,12,9984,219009,192.375,227.2875,91
150435,2024,10,16,9984,219009,191.6625,191.6625,69
45772,2023,7,25,9984,219009,220.1625,220.1625,46
40866,2023,7,4,9984,219009,213.0375,213.0375,66
53925,2023,8,29,9984,219009,204.4875,204.4875,90
63670,2023,10,10,9984,219009,211.6125,211.6125,88
52304,2023,8,22,9984,219009,210.9,210.9,123
178238,2025,2,12,9984,219009,195.225,195.225,132
168454,2025,1,1,9984,219009,133.95,195.225,99
93161,2024,2,13,9984,219009,185.9625,185.9625,88
35951,2023,6,13,9984,219009,208.7625,208.7625,79
135677,2024,8,14,9984,219009,188.8125,188.8125,82
81688,2023,12,26,9984,219009,192.375,227.2875,94
89889,2024,1,30,9984,219009,198.7875,198.7875,102
101331,2024,3,20,9984,219009,190.2375,190.2375,39
153716,2024,10,30,9984,219009,178.8375,178.8375,83
32681,2023,5,30,9984,219009,215.175,215.175,85
147155,2024,10,2,9984,219009,140.3625,191.6625,182
39228,2023,6,27,9984,219009,227.2875,227.2875,101
109482,2024,4,24,9984,219009,195.225,195.225,90
88248,2024,1,23,9984,219009,195.9375,195.9375,96
98082,2024,3,6,9984,219009,198.7875,198.7875,98
66943,2023,10,24,9984,219009,220.875,220.875,51
16320,2023,3,21,9984,219009,218.025,218.025,75
8178,2023,2,14,9984,219009,116.1375,227.2875,648
86609,2024,1,16,9984,219009,192.375,192.375,90
