HW 3/homework3.csv
RECORD_ID,YEAR,MONTH,DAY,STORE_ID,SKU_ID,TOTAL_PRICE,BASE_PRICE,UNITS_SOLD
161025,2024,12,4,9279,219029,295.6875,295.6875,13
43251,2023,7,18,9279,219029,295.6875,295.6875,22
124985,2024,7,3,9279,219029,178.8375,295.6875,142
93910,2024,2,20,9279,219029,193.0875,295.6875,99
108593,2024,4,24,9279,219029,295.6875,295.6875,26
133148,2024,8,7,9279,219029,151.05,295.6875,288
54670,2023,9,5,9279,219029,295.6875,295.6875,16
18699,2023,4,4,9279,219029,295.6875,295.6875,28
64417,2023,10,17,9279,219029,295.6875,295.6875,31
110228,2024,5,1,9279,219029,295.6875,295.6875,24
8925,2023,2,21,9279,219029,180.2625,295.6875,68
115149,2024,5,22,9279,219029,295.6875,295.6875,21
165951,2024,12,25,9279,219029,295.6875,295.6875,16
164309,2024,12,18,9279,219029,295.6875,295.6875,11
13788,2023,3,14,9279,219029,295.6875,295.6875,18
90633,2024,2,6,9279,219029,295.6875,295.6875,17
72605,2023,11,21,9279,219029,295.6875,295.6875,26
66053,2023,10,24,9279,219029,295.6875,295.6875,26
44885,2023,7,25,9279,219029,295.6875,295.6875,25
131510,2024,7,31,9279,219029,295.6875,295.6875,28
97192,2024,3,6,9279,219029,295.6875,295.6875,31
111870,2024,5,8,9279,219029,295.6875,295.6875,29
118426,2024,6,5,9279,219029,295.6875,295.6875,42
84075,2024,1,9,9279,219029,295.6875,295.6875,24
61166,2023,10,3,9279,219029,292.8375,292.8375,14
144620,2024,9,25,9279,219029,295.6875,295.6875,24
737,2023,1,17,9279,219029,295.6875,295.6875,37
157742,2024,11,20,9279,219029,295.6875,295.6875,13
95551,2024,2,27,9279,219029,191.6625,295.6875,110
39975,2023,7,4,9279,219029,178.8375,295.6875,130
175725,2025,2,5,9279,219029,295.6875,295.6875,19
75874,2023,12,5,9279,219029,295.6875,295.6875,14
169202,2025,1,8,9279,219029,295.6875,295.6875,25
116789,2024,5,29,9279,219029,295.6875,295.6875,24
74237,2023,11,28,9279,219029,295.6875,295.6875,26
49787,2023,8,15,9279,219029,295.6875,295.6875,19
142981,2024,9,18,9279,219029,295.6875,295.6875,27
162666,2024,12,11,9279,219029,295.6875,295.6875,26
146262,2024,10,2,9279,219029,295.6875,295.6875,22
174108,2025,1,29,9279,219029,295.6875,295.6875,15
20339,2023,4,11,9279,219029,295.6875,295.6875,25
70966,2023,11,14,9279,219029,295.6875,295.6875,28
17066,2023,3,28,9279,219029,295.6875,295.6875,14
152825,2024,10,30,9279,219029,295.6875,295.6875,18
98832,2024,3,13,9279,219029,295.6875,295.6875,22
170837,2025,1,15,9279,219029,295.6875,295.6875,14
139703,2024,9,4,9279,219029,295.6875,295.6875,17
77514,2023,12,12,9279,219029,295.6875,295.6875,18
100459,2024,3,20,9279,219029,295.6875,295.6875,8
28525,2023,5,16,9279,219029,295.6875,295.6875,18
82436,2024,1,2,9279,219029,290.7,290.7,15
123348,2024,6,26,9279,219029,295.6875,295.6875,20
136425,2024,8,21,9279,219029,295.6875,295.6875,26
149543,2024,10,16,9279,219029,295.6875,295.6875,19
92269,2024,2,13,9279,219029,295.6875,295.6875,25
128237,2024,7,17,9279,219029,295.6875,295.6875,15
23680,2023,4,25,9371,219029,327.0375,327.0375,17
87424,2024,1,23,9371,219029,327.0375,327.0375,6
46586,2023,8,1,9371,219029,327.0375,327.0375,13
71034,2023,11,14,9371,219029,327.0375,327.0375,21
113579,2024,5,15,9371,219029,327.0375,327.0375,15
8993,2023,2,21,9371,219029,179.55,327.0375,88
4079,2023,1,31,9371,219029,327.0375,327.0375,31
143049,2024,9,18,9371,219029,327.0375,327.0375,20
90701,2024,2,6,9371,219029,327.0375,327.0375,27
28593,2023,5,16,9371,219029,327.0375,327.0375,28
59615,2023,9,26,9371,219029,327.0375,327.0375,20
164377,2024,12,18,9371,219029,327.0375,327.0375,25
2441,2023,1,24,9371,219029,327.0375,327.0375,23
138131,2024,8,28,9371,219029,327.0375,327.0375,15
36766,2023,6,20,9371,219029,327.0375,327.0375,18
35133,2023,6,13,9371,219029,327.0375,327.0375,21
31860,2023,5,30,9371,219029,327.0375,327.0375,17
43319,2023,7,18,9371,219029,314.2125,314.2125,36
40043,2023,7,4,9371,219029,180.975,327.0375,165
805,2023,1,17,9371,219029,327.0375,327.0375,28
121773,2024,6,19,9371,219029,327.0375,327.0375,19
134854,2024,8,14,9371,219029,173.85,327.0375,141
154530,2024,11,6,9371,219029,327.0375,327.0375,21
162734,2024,12,11,9371,219029,327.0375,327.0375,24
82504,2024,1,2,9371,219029,327.0375,327.0375,25
97260,2024,3,6,9371,219029,282.15,314.925,26
57988,2023,9,19,9371,219029,327.0375,327.0375,22
15495,2023,3,21,9371,219029,306.375,306.375,22
120132,2024,6,12,9371,219029,327.0375,327.0375,24
74305,2023,11,28,9371,219029,327.0375,327.0375,21
20407,2023,4,11,9371,219029,327.0375,327.0375,34
123416,2024,6,26,9371,219029,327.0375,327.0375,34
49855,2023,8,15,9371,219029,327.0375,327.0375,31
66121,2023,10,24,9371,219029,327.0375,327.0375,15
111937,2024,5,8,9371,219029,327.0375,327.0375,29
13856,2023,3,14,9371,219029,327.0375,327.0375,16
44953,2023,7,25,9371,219029,327.0375,327.0375,16
41683,2023,7,11,9371,219029,180.975,327.0375,130
56361,2023,9,12,9371,219029,327.0375,327.0375,4
139771,2024,9,4,9371,219029,327.0375,327.0375,24
110296,2024,5,1,9371,219029,327.0375,327.0375,25
102131,2024,3,27,9371,219029,327.0375,327.0375,35
161093,2024,12,4,9371,219029,327.0375,327.0375,13
10617,2023,2,28,9371,219029,309.9375,309.9375,27
30225,2023,5,23,9371,219029,290.7,327.0375,12
95619,2024,2,27,9371,219029,195.9375,314.925,154
18767,2023,4,4,9371,219029,327.0375,327.0375,34
67758,2023,10,31,9371,219029,327.0375,327.0375,32
38404,2023,6,27,9371,219029,327.0375,327.0375,22
51486,2023,8,22,9371,219029,327.0375,327.0375,23
169270,2025,1,8,9371,219029,327.0375,327.0375,17
33494,2023,6,6,9371,219029,327.0375,327.0375,31
75942,2023,12,5,9371,219029,327.0375,327.0375,22
129942,2024,7,24,9371,219029,327.0375,327.0375,27
108660,2024,4,24,9371,219029,327.0375,327.0375,22
118494,2024,6,5,9371,219029,297.1125,297.1125,16
92337,2024,2,13,9371,219029,314.925,314.925,42
26955,2023,5,9,9371,219029,327.0375,327.0375,39
77582,2023,12,12,9371,219029,327.0375,327.0375,26
177418,2025,2,12,9371,219029,327.0375,327.0375,39
53110,2023,8,29,9371,219029,327.0375,327.0375,21
114566,2024,5,22,8222,219029,319.9125,319.9125,71
26304,2023,5,9,8222,219029,327.0375,327.0375,56
13205,2023,3,14,8222,219029,326.325,326.325,59
126035,2024,7,10,8222,219029,181.6875,327.0375,317
108009,2024,4,24,8222,219029,320.625,320.625,76
65471,2023,10,24,8222,219029,327.0375,327.0375,38
175148,2025,2,5,8222,219029,327.0375,327.0375,89
153881,2024,11,6,8222,219029,327.0375,327.0375,103
93326,2024,2,20,8222,219029,190.95,327.0375,168
112927,2024,5,15,8222,219029,327.0375,327.0375,69
58968,2023,9,26,8222,219029,327.0375,327.0375,46
11589,2023,3,7,8222,219029,319.2,319.2,64
75291,2023,12,5,8222,219029,327.0375,327.0375,39
44306,2023,7,25,8222,219029,327.0375,327.0375,55
52467,2023,8,29,8222,219029,327.0375,327.0375,36
83491,2024,1,9,8222,219029,327.0375,327.0375,75
1793,2023,1,24,8222,219029,327.0375,327.0375,56
85133,2024,1,16,8222,219029,327.0375,327.0375,69
78572,2023,12,19,8222,219029,327.0375,327.0375,68
103099,2024,4,3,8222,219029,327.0375,327.0375,58
6705,2023,2,14,8222,219029,175.9875,327.0375,279
49203,2023,8,15,8222,219029,327.0375,327.0375,62
8343,2023,2,21,8222,219029,176.7,327.0375,210
16485,2023,3,28,8222,219029,327.0375,327.0375,49
140761,2024,9,11,8222,219029,327.0375,327.0375,68
23027,2023,4,25,8222,219029,327.0375,327.0375,70
152241,2024,10,30,8222,219029,327.0375,327.0375,80
122763,2024,6,26,8222,219029,327.0375,327.0375,73
90054,2024,2,6,8222,219029,327.0375,327.0375,76
37752,2023,6,27,8222,219029,327.0375,327.0375,58
88413,2024,1,30,8222,219029,327.0375,327.0375,55
42670,2023,7,18,8222,219029,327.0375,327.0375,72
18121,2023,4,4,8222,219029,327.0375,327.0375,44
106379,2024,4,17,8222,219029,327.0375,327.0375,43
68747,2023,11,7,8222,219029,327.0375,327.0375,50
47569,2023,8,8,8222,219029,294.975,294.975,43
145679,2024,10,2,8222,219029,327.0375,327.0375,53
86774,2024,1,23,8222,219029,327.0375,327.0375,15
150600,2024,10,23,8222,219029,327.0375,327.0375,51
170254,2025,1,15,8222,219029,327.0375,327.0375,99
162081,2024,12,11,8222,219029,327.0375,327.0375,86
139120,2024,9,4,8222,219029,322.7625,322.7625,61
111286,2024,5,8,8222,219029,327.0375,327.0375,61
158800,2024,11,27,8222,219029,327.0375,327.0375,75
72021,2023,11,21,8222,219029,327.0375,327.0375,65
142398,2024,9,18,8222,219029,327.0375,327.0375,82
101491,2024,3,27,8222,219029,327.0375,327.0375,70
39393,2023,7,4,8222,219029,178.8375,327.0375,310
3429,2023,1,31,8222,219029,327.0375,327.0375,61
55712,2023,9,12,8222,219029,327.0375,327.0375,20
99886,2024,3,20,8222,219029,327.0375,327.0375,17
54088,2023,9,5,8222,219029,327.0375,327.0375,50
137482,2024,8,28,8222,219029,319.9125,319.9125,69
50837,2023,8,22,8222,219029,327.0375,327.0375,60
171896,2025,1,22,8222,219029,327.0375,327.0375,90
124403,2024,7,3,8222,219029,182.4,327.0375,327
34484,2023,6,13,8222,219029,327.0375,327.0375,77
13469,2023,3,14,8869,219009,194.5125,225.8625,66
96872,2024,3,6,8869,219009,224.4375,224.4375,47
31474,2023,5,30,8869,219009,181.6875,226.575,47
119745,2024,6,12,8869,219009,213.0375,213.0375,89
3694,2023,1,31,8869,219009,227.2875,227.2875,39
21656,2023,4,18,8869,219009,223.0125,223.0125,83
77194,2023,12,12,8869,219009,197.3625,234.4125,70
5328,2023,2,7,8869,219009,225.8625,225.8625,37
418,2023,1,17,8869,219009,206.625,206.625,48
150865,2024,10,23,8869,219009,222.3,222.3,62
24931,2023,5,2,8869,219009,226.575,226.575,45
39658,2023,7,4,8869,219009,222.3,222.3,73
152506,2024,10,30,8869,219009,178.125,222.3,132
113192,2024,5,15,8869,219009,223.725,223.725,76
168882,2025,1,8,8869,219009,218.025,218.025,60
172160,2025,1,22,8869,219009,208.7625,208.7625,98
16749,2023,3,28,8869,219009,220.1625,220.1625,55
36381,2023,6,20,8869,219009,217.3125,217.3125,32
57602,2023,9,19,8869,219009,208.05,208.05,67
170518,2025,1,15,8869,219009,215.175,215.175,68
121386,2024,6,19,8869,219009,219.45,219.45,49
173792,2025,1,29,8869,219009,220.1625,220.1625,87
126298,2024,7,10,8869,219009,216.6,216.6,74
103362,2024,4,3,8869,219009,208.7625,208.7625,35
106642,2024,4,17,8869,219009,212.325,212.325,57
159064,2024,11,27,8869,219009,190.95,190.95,81
44570,2023,7,25,8869,219009,212.325,212.325,23
160706,2024,12,4,8869,219009,196.65,196.65,50
162346,2024,12,11,8869,219009,163.1625,196.65,743
55975,2023,9,12,8869,219009,191.6625,221.5875,82
34748,2023,6,13,8869,219009,221.5875,221.5875,61
123028,2024,6,26,8869,219009,225.8625,225.8625,61
141026,2024,9,11,8869,219009,210.1875,210.1875,58
73919,2023,11,28,8869,219009,193.0875,234.4125,118
51101,2023,8,22,8869,219009,199.5,227.2875,41
147581,2024,10,9,8869,219009,222.3,222.3,55
2057,2023,1,24,8869,219009,227.2875,227.2875,29
90317,2024,2,6,8869,219009,209.475,209.475,60
155786,2024,11,13,8869,219009,208.05,208.05,47
111550,2024,5,8,8869,219009,225.8625,225.8625,60
78836,2023,12,19,8869,219009,190.95,190.95,60
67373,2023,10,31,8869,219009,210.1875,234.4125,55
142662,2024,9,18,8869,219009,213.75,213.75,42
82116,2024,1,2,8869,219009,210.1875,210.1875,27
108274,2024,4,24,8869,219009,219.45,219.45,50
62473,2023,10,10,8869,219009,225.8625,225.8625,60
149223,2024,10,16,8869,219009,216.6,222.3,64
38017,2023,6,27,8869,219009,227.2875,227.2875,59
30763,2023,5,23,9823,219029,319.2,319.2,120
12761,2023,3,7,9823,219029,312.7875,312.7875,66
123956,2024,6,26,9823,219029,320.625,320.625,71
176325,2025,2,5,9823,219029,327.0375,327.0375,92
173089,2025,1,22,9823,219029,327.0375,327.0375,96
16037,2023,3,21,9823,219029,327.0375,327.0375,109
174706,2025,1,29,9823,219029,327.0375,327.0375,75
76482,2023,12,5,9823,219029,327.0375,327.0375,53
27495,2023,5,9,9823,219029,327.0375,327.0375,79
92877,2024,2,13,9823,219029,327.0375,327.0375,83
83043,2024,1,2,9823,219029,327.0375,327.0375,65
104291,2024,4,3,9823,219029,322.7625,322.7625,108
164917,2024,12,18,9823,219029,327.0375,327.0375,131
101056,2024,3,20,9823,219029,327.0375,327.0375,29
69935,2023,11,7,9823,219029,327.0375,327.0375,82
20946,2023,4,11,9823,219029,322.7625,322.7625,109
22579,2023,4,18,9823,219029,327.0375,327.0375,113
37305,2023,6,20,9823,219029,327.0375,327.0375,105
29135,2023,5,16,9823,219029,327.0375,327.0375,90
24219,2023,4,25,9823,219029,327.0375,327.0375,117
53644,2023,8,29,9823,219029,322.05,322.05,97
94519,2024,2,20,9823,219029,192.375,327.0375,341
47125,2023,8,1,9823,219029,320.625,320.625,77
68298,2023,10,31,9823,219029,327.0375,327.0375,103
32400,2023,5,30,9823,219029,321.3375,321.3375,76
35671,2023,6,13,9823,219029,327.0375,327.0375,96
137034,2024,8,21,9823,219029,314.2125,314.2125,72
140312,2024,9,4,9823,219029,327.0375,327.0375,91
128842,2024,7,17,9823,219029,277.1625,320.625,143
169809,2025,1,8,9823,219029,327.0375,327.0375,92
4618,2023,1,31,9823,219029,327.0375,327.0375,126
60147,2023,9,26,9823,219029,327.0375,327.0375,86
66660,2023,10,24,9823,219029,327.0375,327.0375,89
171447,2025,1,15,9823,219029,327.0375,327.0375,145
71573,2023,11,14,9823,219029,327.0375,327.0375,87
86325,2024,1,16,9823,219029,327.0375,327.0375,114
50390,2023,8,15,9823,219029,322.05,322.05,95
97800,2024,3,6,9823,219029,324.9,324.9,92
127216,2024,7,10,9823,219029,178.8375,320.625,389
25856,2023,5,2,9823,219029,327.0375,327.0375,100
87964,2024,1,23,9823,219029,327.0375,327.0375,35
145230,2024,9,25,9823,219029,327.0375,327.0375,99
7895,2023,2,14,9823,219029,180.2625,327.0375,415
114117,2024,5,15,9823,219029,322.7625,322.7625,113
168176,2025,1,1,9823,219029,327.0375,327.0375,83
161632,2024,12,4,9823,219029,327.0375,327.0375,69
61771,2023,10,3,9823,219029,327.0375,327.0375,96
177957,2025,2,12,9823,219029,326.325,326.325,99
130480,2024,7,24,9823,219029,327.0375,327.0375,122
14396,2023,3,14,9823,219029,327.0375,327.0375,92
109199,2024,4,24,9823,219029,327.0375,327.0375,106
48756,2023,8,8,9823,219029,327.0375,327.0375,78
65022,2023,10,17,9823,219029,327.0375,327.0375,93
101166,2024,3,20,9876,219029,295.6875,295.6875,8
76596,2023,12,5,9876,219029,295.6875,295.6875,55
74957,2023,11,28,9876,219029,295.6875,295.6875,30
142065,2024,9,11,9876,219029,295.6875,295.6875,31
43972,2023,7,18,9876,219029,278.5875,278.5875,30
171561,2025,1,15,9876,219029,295.6875,295.6875,24
132229,2024,7,31,9876,219029,295.6875,295.6875,31
94633,2024,2,20,9876,219029,195.9375,295.6875,114
24333,2023,4,25,9876,219029,295.6875,295.6875,32
140426,2024,9,4,9876,219029,295.6875,295.6875,36
47238,2023,8,1,9876,219029,295.6875,295.6875,23
161746,2024,12,4,9876,219029,295.6875,295.6875,54
178071,2025,2,12,9876,219029,295.6875,295.6875,19
135507,2024,8,14,9876,219029,236.55,295.6875,38
146985,2024,10,2,9876,219029,295.6875,295.6875,45
42336,2023,7,11,9876,219029,199.5,295.6875,126
83156,2024,1,2,9876,219029,295.6875,295.6875,36
16150,2023,3,21,9876,219029,281.4375,281.4375,26
86439,2024,1,16,9876,219029,295.6875,295.6875,21
35784,2023,6,13,9876,219029,295.6875,295.6875,27
130593,2024,7,24,9876,219029,295.6875,295.6875,25
68412,2023,10,31,9876,219029,295.6875,295.6875,38
109312,2024,4,24,9876,219029,295.6875,295.6875,29
112592,2024,5,8,9876,219029,295.6875,295.6875,70
163389,2024,12,11,9876,219029,295.6875,295.6875,37
156830,2024,11,13,9876,219029,295.6875,295.6875,37
71686,2023,11,14,9876,219029,281.4375,281.4375,31
11258,2023,2,28,9876,219029,295.6875,295.6875,16
21060,2023,4,11,9876,219029,295.6875,295.6875,37
155186,2024,11,6,9876,219029,295.6875,295.6875,57
1458,2023,1,17,9876,219029,295.6875,295.6875,4
151907,2024,10,23,9876,219029,295.6875,295.6875,25
57006,2023,9,12,9876,219029,295.6875,295.6875,27
174817,2025,1,29,9876,219029,295.6875,295.6875,24
17787,2023,3,28,9876,219029,295.6875,295.6875,19
60259,2023,9,26,9876,219029,295.6875,295.6875,47
4731,2023,1,31,9876,219029,295.6875,295.6875,13
137147,2024,8,21,9876,219029,295.6875,295.6875,21
165031,2024,12,18,9876,219029,295.6875,295.6875,44
96274,2024,2,27,9876,219029,195.225,295.6875,87
53757,2023,8,29,9876,219029,295.6875,295.6875,30
92991,2024,2,13,9876,219029,295.6875,295.6875,25
55384,2023,9,5,9876,219029,295.6875,295.6875,61
97913,2024,3,6,9876,219029,292.125,292.125,42
79878,2023,12,19,9876,219029,295.6875,295.6875,37
27608,2023,5,9,9876,219029,295.6875,295.6875,76
63503,2023,10,10,9876,219029,295.6875,295.6875,70
52135,2023,8,22,9876,219029,295.6875,295.6875,40
40696,2023,7,4,9876,219029,197.3625,295.6875,144
81518,2023,12,26,9876,219029,295.6875,295.6875,22
176436,2025,2,5,9876,219029,295.6875,295.6875,51
19422,2023,4,4,9876,219029,295.6875,295.6875,38
127329,2024,7,10,9876,219029,183.1125,295.6875,91
39058,2023,6,27,9876,219029,295.6875,295.6875,17
169922,2025,1,8,9876,219029,295.6875,295.6875,41
153546,2024,10,30,9876,219029,295.6875,295.6875,21
88078,2024,1,23,9876,219029,295.6875,295.6875,8
166672,2024,12,25,9876,219029,295.6875,295.6875,11
65136,2023,10,17,9876,219029,295.6875,295.6875,24
120786,2024,6,12,9876,219029,295.6875,295.6875,49
173203,2025,1,22,9876,219029,295.6875,295.6875,13
104405,2024,4,3,9876,219029,295.6875,295.6875,30
84798,2024,1,9,9876,219029,295.6875,295.6875,45
148623,2024,10,9,9876,219029,295.6875,295.6875,58
