HW 3/homework3.csv
RECORD_ID,YEAR,MONTH,DAY,STORE_ID,SKU_ID,TOTAL_PRICE,BASE_PRICE,UNITS_SOLD
56919,2023,9,12,9837,219029,310.65,310.65,13
73237,2023,11,21,9837,219029,323.475,323.475,65
104318,2024,4,3,9837,219029,327.0375,327.0375,26
27522,2023,5,9,9837,219029,327.0375,327.0375,42
66687,2023,10,24,9837,219029,327.0375,327.0375,27
169836,2025,1,8,9837,219029,327.0375,327.0375,47
30790,2023,5,23,9837,219029,327.0375,327.0375,25
61798,2023,10,3,9837,219029,327.0375,327.0375,40
34063,2023,6,6,9837,219029,327.0375,327.0375,37
161659,2024,12,4,9837,219029,327.0375,327.0375,47
132142,2024,7,31,9837,219029,327.0375,327.0375,47
6283,2023,2,7,9837,219029,327.0375,327.0375,60
74870,2023,11,28,9837,219029,327.0375,327.0375,35
29161,2023,5,16,9837,219029,322.05,322.05,49
11172,2023,2,28,9837,219029,325.6125,325.6125,30
102685,2024,3,27,9837,219029,304.2375,304.2375,43
122341,2024,6,19,9837,219029,327.0375,327.0375,39
171474,2025,1,15,9837,219029,327.0375,327.0375,78
53671,2023,8,29,9837,219029,327.0375,327.0375,40
89633,2024,1,30,9837,219029,327.0375,327.0375,20
43885,2023,7,18,9837,219029,322.05,322.05,43
145257,2024,9,25,9837,219029,322.05,322.05,50
45518,2023,7,25,9837,219029,327.0375,327.0375,32
153459,2024,10,30,9837,219029,327.0375,327.0375,37
7922,2023,2,14,9837,219029,191.6625,327.0375,186
58549,2023,9,19,9837,219029,327.0375,327.0375,37
81431,2023,12,26,9837,219029,327.0375,327.0375,31
107589,2024,4,17,9837,219029,327.0375,327.0375,37
35698,2023,6,13,9837,219029,327.0375,327.0375,59
166586,2024,12,25,9837,219029,327.0375,327.0375,27
32427,2023,5,30,9837,219029,312.7875,312.7875,36
168203,2025,1,1,9837,219029,327.0375,327.0375,30
163302,2024,12,11,9837,219029,327.0375,327.0375,60
78151,2023,12,12,9837,219029,319.2,319.2,65
156743,2024,11,13,9837,219029,327.0375,327.0375,73
22606,2023,4,18,9837,219029,327.0375,327.0375,45
14422,2023,3,14,9837,219029,327.0375,327.0375,56
76509,2023,12,5,9837,219029,327.0375,327.0375,29
68325,2023,10,31,9837,219029,327.0375,327.0375,43
99467,2024,3,13,9837,219029,318.4875,318.4875,58
133782,2024,8,7,9837,219029,327.0375,327.0375,37
110865,2024,5,1,9837,219029,327.0375,327.0375,45
24246,2023,4,25,9837,219029,327.0375,327.0375,44
97827,2024,3,6,9837,219029,327.0375,327.0375,50
19335,2023,4,4,9837,219029,314.2125,314.2125,37
151820,2024,10,23,9837,219029,327.0375,327.0375,59
164944,2024,12,18,9837,219029,327.0375,327.0375,47
12788,2023,3,7,9837,219029,327.0375,327.0375,40
119060,2024,6,5,9837,219029,327.0375,327.0375,58
63418,2023,10,10,9837,219029,327.0375,327.0375,64
38972,2023,6,27,9837,219029,327.0375,327.0375,38
150178,2024,10,16,9837,219029,327.0375,327.0375,51
42249,2023,7,11,9837,219029,213.0375,327.0375,146
109226,2024,4,24,9837,219029,327.0375,327.0375,36
123983,2024,6,26,9837,219029,327.0375,327.0375,52
177984,2025,2,12,9837,219029,327.0375,327.0375,79
101082,2024,3,20,9837,219029,327.0375,327.0375,8
160021,2024,11,27,9837,219029,327.0375,327.0375,46
141978,2024,9,11,9837,219029,327.0375,327.0375,45
120699,2024,6,12,9837,219029,327.0375,327.0375,63
50417,2023,8,15,9837,219029,317.775,317.775,51
41416,2023,7,11,9112,219009,224.4375,224.4375,143
111671,2024,5,8,9112,219009,235.125,235.125,113
165752,2024,12,25,9112,219009,133.95,201.6375,640
108395,2024,4,24,9112,219009,214.4625,214.4625,91
88798,2024,1,30,9112,219009,210.1875,210.1875,144
146064,2024,10,2,9112,219009,141.075,218.025,816
77315,2023,12,12,9112,219009,202.35,202.35,109
52844,2023,8,29,9112,219009,202.35,202.35,157
147701,2024,10,9,9112,219009,216.6,216.6,161
70767,2023,11,14,9112,219009,204.4875,204.4875,111
11967,2023,3,7,9112,219009,117.5625,225.8625,215
175529,2025,2,5,9112,219009,222.3,222.3,173
172281,2025,1,22,9112,219009,220.1625,220.1625,159
20141,2023,4,11,9112,219009,220.1625,220.1625,163
119866,2024,6,12,9112,219009,207.3375,235.125,75
16870,2023,3,28,9112,219009,218.025,218.025,126
103483,2024,4,3,9112,219009,215.175,215.175,69
44691,2023,7,25,9112,219009,227.2875,227.2875,72
169003,2025,1,8,9112,219009,207.3375,207.3375,164
74039,2023,11,28,9112,219009,203.0625,203.0625,140
164110,2024,12,18,9112,219009,161.7375,201.6375,554
47955,2023,8,8,9112,219009,227.2875,227.2875,54
105126,2024,4,10,9112,219009,223.725,223.725,99
72407,2023,11,21,9112,219009,171,204.4875,881
31595,2023,5,30,9112,219009,180.2625,223.0125,116
29959,2023,5,23,9112,219009,177.4125,223.0125,127
15228,2023,3,21,9112,219009,216.6,216.6,127
131311,2024,7,31,9112,219009,225.8625,225.8625,109
116590,2024,5,29,9112,219009,205.9125,235.125,125
155907,2024,11,13,9112,219009,221.5875,221.5875,164
38138,2023,6,27,9112,219009,215.8875,215.8875,128
149344,2024,10,16,9112,219009,222.3,216.6,139
157543,2024,11,20,9112,219009,198.075,221.5875,84
43055,2023,7,18,9112,219009,222.3,222.3,71
69131,2023,11,7,9112,219009,210.1875,210.1875,100
150986,2024,10,23,9112,219009,222.3,216.6,137
90437,2024,2,6,9112,219009,208.05,208.05,124
67494,2023,10,31,9112,219009,210.1875,210.1875,150
136227,2024,8,21,9112,219009,198.075,198.075,120
65855,2023,10,24,9112,219009,202.35,231.5625,81
3814,2023,1,31,9112,219009,227.2875,227.2875,107
93712,2024,2,20,9112,219009,198.7875,198.7875,138
118228,2024,6,5,9112,219009,198.075,235.125,82
126418,2024,7,10,9112,219009,220.1625,220.1625,112
23413,2023,4,25,9112,219009,205.2,205.2,103
95354,2024,2,27,9112,219009,221.5875,221.5875,104
33230,2023,6,6,9112,219009,195.9375,223.0125,106
10351,2023,2,28,9112,219009,116.85,225.8625,921
167380,2025,1,1,9112,219009,133.95,201.6375,437
78957,2023,12,19,9112,219009,208.05,208.05,146
141147,2024,9,11,9112,219009,207.3375,207.3375,66
123149,2024,6,26,9112,219009,212.325,212.325,108
154265,2024,11,6,9112,219009,178.8375,216.6,183
539,2023,1,17,9112,219009,218.025,218.025,148
36502,2023,6,20,9112,219009,200.2125,200.2125,112
139504,2024,9,4,9112,219009,137.5125,198.075,212
18502,2023,4,4,9112,219009,220.1625,220.1625,130
106763,2024,4,17,9112,219009,229.425,229.425,91
34869,2023,6,13,9112,219009,218.025,218.025,126
56095,2023,9,12,9112,219009,217.3125,217.3125,123
173913,2025,1,29,9112,219009,222.3,222.3,173
64218,2023,10,17,9112,219009,196.65,231.5625,115
177152,2025,2,12,9112,219009,188.8125,222.3,159
25052,2023,5,2,9112,219009,227.2875,227.2875,101
83876,2024,1,9,9112,219009,206.625,206.625,120
87157,2024,1,23,9112,219009,197.3625,197.3625,148
110032,2024,5,1,9112,219009,241.5375,241.5375,111
22019,2023,4,18,9328,219029,312.7875,312.7875,15
118470,2024,6,5,9328,219029,312.7875,312.7875,28
33470,2023,6,6,9328,219029,307.8,307.8,15
105367,2024,4,10,9328,219029,312.7875,312.7875,31
56337,2023,9,12,9328,219029,312.7875,312.7875,10
781,2023,1,17,9328,219029,277.875,312.7875,14
59592,2023,9,26,9328,219029,312.7875,312.7875,26
15471,2023,3,21,9328,219029,312.7875,312.7875,17
123392,2024,6,26,9328,219029,312.7875,312.7875,21
100503,2024,3,20,9328,219029,312.7875,312.7875,5
28569,2023,5,16,9328,219029,312.7875,312.7875,31
143025,2024,9,18,9328,219029,312.7875,312.7875,10
129918,2024,7,24,9328,219029,312.7875,312.7875,15
92313,2024,2,13,9328,219029,312.7875,312.7875,13
167620,2025,1,1,9328,219029,312.7875,312.7875,10
61210,2023,10,3,9328,219029,312.7875,312.7875,25
12207,2023,3,7,9328,219029,312.7875,312.7875,36
107003,2024,4,17,9328,219029,312.7875,312.7875,19
110272,2024,5,1,9328,219029,312.7875,312.7875,29
48196,2023,8,8,9328,219029,312.7875,312.7875,23
49831,2023,8,15,9328,219029,312.7875,312.7875,24
115193,2024,5,22,9328,219029,290.7,290.7,21
25293,2023,5,2,9328,219029,312.7875,312.7875,20
108636,2024,4,24,9328,219029,312.7875,312.7875,23
128281,2024,7,17,9328,219029,304.95,304.95,28
170881,2025,1,15,9328,219029,312.7875,312.7875,14
177394,2025,2,12,9328,219029,312.7875,312.7875,19
175769,2025,2,5,9328,219029,312.7875,312.7875,12
64461,2023,10,17,9328,219029,312.7875,312.7875,20
36742,2023,6,20,9328,219029,312.7875,312.7875,25
75918,2023,12,5,9328,219029,312.7875,312.7875,17
51462,2023,8,22,9328,219029,312.7875,312.7875,36
69373,2023,11,7,9328,219029,312.7875,312.7875,37
44929,2023,7,25,9328,219029,312.7875,312.7875,15
139747,2024,9,4,9328,219029,312.7875,312.7875,13
125029,2024,7,3,9328,219029,177.4125,312.7875,204
113555,2024,5,15,9328,219029,290.7,290.7,22
35109,2023,6,13,9328,219029,312.7875,312.7875,25
95595,2024,2,27,9328,219029,191.6625,312.7875,112
72649,2023,11,21,9328,219029,312.7875,312.7875,22
161069,2024,12,4,9328,219029,312.7875,312.7875,9
53086,2023,8,29,9328,219029,312.7875,312.7875,24
121749,2024,6,19,9328,219029,312.7875,312.7875,27
87400,2024,1,23,9328,219029,312.7875,312.7875,24
38380,2023,6,27,9328,219029,312.7875,312.7875,13
23656,2023,4,25,9328,219029,312.7875,312.7875,35
133191,2024,8,7,9328,219029,158.8875,312.7875,259
7331,2023,2,14,9328,219029,176.7,312.7875,137
18743,2023,4,4,9328,219029,312.7875,312.7875,26
77558,2023,12,12,9328,219029,312.7875,312.7875,21
13832,2023,3,14,9328,219029,312.7875,312.7875,22
136469,2024,8,21,9328,219029,312.7875,312.7875,15
172523,2025,1,22,9328,219029,312.7875,312.7875,8
89040,2024,1,30,9328,219029,312.7875,312.7875,26
82480,2024,1,2,9328,219029,312.7875,312.7875,21
41659,2023,7,11,9328,219029,179.55,312.7875,162
31836,2023,5,30,9328,219029,312.7875,312.7875,17
152869,2024,10,30,9328,219029,312.7875,312.7875,17
97236,2024,3,6,9328,219029,284.2875,284.2875,28
174152,2025,1,29,9328,219029,312.7875,312.7875,14
140403,2024,9,4,9872,219009,138.225,175.275,239
12850,2023,3,7,9872,219009,116.1375,227.2875,231
84775,2024,1,9,9872,219009,190.95,190.95,138
173180,2025,1,22,9872,219009,179.55,179.55,147
88055,2024,1,23,9872,219009,198.7875,198.7875,114
128932,2024,7,17,9872,219009,194.5125,194.5125,94
29225,2023,5,16,9872,219009,204.4875,204.4875,92
178048,2025,2,12,9872,219009,175.275,175.275,172
74934,2023,11,28,9872,219009,190.2375,213.75,168
107652,2024,4,17,9872,219009,196.65,196.65,140
92968,2024,2,13,9872,219009,196.65,196.65,149
135484,2024,8,14,9872,219009,175.275,175.275,139
86416,2024,1,16,9872,219009,194.5125,194.5125,141
17765,2023,3,28,9872,219009,220.875,220.875,100
27585,2023,5,9,9872,219009,142.5,216.6,434
142042,2024,9,11,9872,219009,175.275,175.275,97
79855,2023,12,19,9872,219009,196.65,196.65,115
65113,2023,10,17,9872,219009,227.2875,227.2875,105
161723,2024,12,4,9872,219009,178.8375,178.8375,129
50481,2023,8,15,9872,219009,190.2375,227.2875,101
104382,2024,4,3,9872,219009,191.6625,191.6625,88
11235,2023,2,28,9872,219009,118.275,227.2875,552
125679,2024,7,3,9872,219009,192.375,192.375,122
60236,2023,9,26,9872,219009,218.7375,218.7375,132
58612,2023,9,19,9872,219009,221.5875,221.5875,118
47216,2023,8,1,9872,219009,227.2875,227.2875,66
151884,2024,10,23,9872,219009,189.525,189.525,136
160085,2024,11,27,9872,219009,191.6625,191.6625,157
1435,2023,1,17,9872,219009,223.725,223.725,98
63480,2023,10,10,9872,219009,227.2875,227.2875,104
39035,2023,6,27,9872,219009,223.725,223.725,94
117488,2024,5,29,9872,219009,192.375,192.375,134
171538,2025,1,15,9872,219009,180.975,180.975,147
110929,2024,5,1,9872,219009,198.7875,198.7875,145
7985,2023,2,14,9872,219009,116.1375,227.2875,756
148600,2024,10,9,9872,219009,188.1,175.275,137
150242,2024,10,16,9872,219009,189.525,189.525,126
70026,2023,11,7,9872,219009,227.2875,227.2875,82
102747,2024,3,27,9872,219009,188.8125,188.8125,95
34126,2023,6,6,9872,219009,212.325,212.325,99
32490,2023,5,30,9872,219009,203.0625,203.0625,79
127306,2024,7,10,9872,219009,189.525,189.525,117
122405,2024,6,19,9872,219009,191.6625,191.6625,92
81495,2023,12,26,9872,219009,190.95,190.95,117
124046,2024,6,26,9872,219009,192.375,192.375,121
114208,2024,5,15,9872,219009,193.0875,193.0875,153
166650,2024,12,25,9872,219009,135.375,178.8375,253
19399,2023,4,4,9872,219009,223.0125,223.0125,87
168264,2025,1,1,9872,219009,133.95,178.8375,130
141027,2024,9,11,8869,219029,320.625,320.625,39
95234,2024,2,27,8869,219029,190.95,301.3875,298
5329,2023,2,7,8869,219029,327.0375,327.0375,36
173793,2025,1,29,8869,219029,327.0375,327.0375,35
11848,2023,3,7,8869,219029,327.0375,327.0375,41
82117,2024,1,2,8869,219029,327.0375,327.0375,42
93592,2024,2,20,8869,219029,191.6625,301.3875,296
157427,2024,11,20,8869,219029,327.0375,327.0375,10
78837,2023,12,19,8869,219029,327.0375,327.0375,43
114832,2024,5,22,8869,219029,327.0375,327.0375,37
419,2023,1,17,8869,219029,327.0375,327.0375,46
124666,2024,7,3,8869,219029,179.55,327.0375,398
144301,2024,9,25,8869,219029,327.0375,327.0375,54
31475,2023,5,30,8869,219029,310.65,310.65,43
168883,2025,1,8,8869,219029,327.0375,327.0375,55
18385,2023,4,4,8869,219029,327.0375,327.0375,44
59231,2023,9,26,8869,219029,316.35,316.35,44
109912,2024,5,1,8869,219029,327.0375,327.0375,42
88678,2024,1,30,8869,219029,327.0375,327.0375,76
51102,2023,8,22,8869,219029,327.0375,327.0375,34
129555,2024,7,24,8869,219029,327.0375,327.0375,44
167261,2025,1,1,8869,219029,327.0375,327.0375,45
162347,2024,12,11,8869,219029,327.0375,327.0375,34
52728,2023,8,29,8869,219029,327.0375,327.0375,33
142663,2024,9,18,8869,219029,322.05,322.05,42
119746,2024,6,12,8869,219029,319.2,319.2,70
16750,2023,3,28,8869,219029,327.0375,327.0375,44
77195,2023,12,12,8869,219029,327.0375,327.0375,46
54353,2023,9,5,8869,219029,311.3625,311.3625,29
73920,2023,11,28,8869,219029,313.5,313.5,36
87040,2024,1,23,8869,219029,327.0375,327.0375,12
96873,2024,3,6,8869,219029,327.0375,327.0375,39
3695,2023,1,31,8869,219029,327.0375,327.0375,22
106643,2024,4,17,8869,219029,327.0375,327.0375,38
108275,2024,4,24,8869,219029,327.0375,327.0375,55
75556,2023,12,5,8869,219029,327.0375,327.0375,28
131191,2024,7,31,8869,219029,327.0375,327.0375,36
69013,2023,11,7,8869,219029,309.9375,309.9375,58
149224,2024,10,16,8869,219029,327.0375,327.0375,37
159065,2024,11,27,8869,219029,327.0375,327.0375,38
118108,2024,6,5,8869,219029,317.775,317.775,52
80477,2023,12,26,8869,219029,327.0375,327.0375,56
47835,2023,8,8,8869,219029,327.0375,327.0375,38
29839,2023,5,23,8869,219029,327.0375,327.0375,52
28206,2023,5,16,8869,219029,327.0375,327.0375,31
8609,2023,2,21,8869,219029,179.55,327.0375,190
70647,2023,11,14,8869,219029,327.0375,327.0375,47
57603,2023,9,19,8869,219029,327.0375,327.0375,45
39659,2023,7,4,8869,219029,177.4125,327.0375,473
26568,2023,5,9,8869,219029,327.0375,327.0375,50
83757,2024,1,9,8869,219029,327.0375,327.0375,37
41296,2023,7,11,8869,219029,178.8375,327.0375,333
20022,2023,4,11,8869,219029,327.0375,327.0375,37
101750,2024,3,27,8869,219029,327.0375,327.0375,40
136107,2024,8,21,8869,219029,302.8125,302.8125,39
2058,2023,1,24,8869,219029,327.0375,327.0375,30
160707,2024,12,4,8869,219029,327.0375,327.0375,30
155787,2024,11,13,8869,219029,327.0375,327.0375,44
36382,2023,6,20,8869,219029,327.0375,327.0375,42
152507,2024,10,30,8869,219029,327.0375,327.0375,52
137748,2024,8,28,8869,219029,318.4875,318.4875,32
60853,2023,10,3,8869,219029,327.0375,327.0375,50
62474,2023,10,10,8869,219029,327.0375,327.0375,50
103363,2024,4,3,8869,219029,327.0375,327.0375,40
131840,2024,7,31,9578,219009,225.8625,225.8625,49
140035,2024,9,4,9578,219009,138.9375,210.1875,68
123681,2024,6,26,9578,219009,205.9125,205.9125,33
164642,2024,12,18,9578,219009,162.45,194.5125,218
174433,2025,1,29,9578,219009,222.3,222.3,53
14120,2023,3,14,9578,219009,208.05,208.05,37
76207,2023,12,5,9578,219009,200.925,200.925,31
117121,2024,5,29,9578,219009,188.8125,188.8125,59
38668,2023,6,27,9578,219009,227.2875,227.2875,37
48482,2023,8,8,9578,219009,227.2875,227.2875,26
63118,2023,10,10,9578,219009,206.625,229.425,33
118757,2024,6,5,9578,219009,197.3625,197.3625,21
136758,2024,8,21,9578,219009,180.2625,210.1875,31
86048,2024,1,16,9578,219009,194.5125,194.5125,63
22306,2023,4,18,9578,219009,215.175,215.175,28
61497,2023,10,3,9578,219009,123.975,229.425,243
51747,2023,8,22,9578,219009,195.9375,234.4125,47
107288,2024,4,17,9578,219009,202.35,202.35,40
94242,2024,2,20,9578,219009,175.275,199.5,69
149874,2024,10,16,9578,219009,222.3,222.3,54
161357,2024,12,4,9578,219009,194.5125,194.5125,37
141674,2024,9,11,9578,219009,222.3,222.3,23
58250,2023,9,19,9578,219009,218.025,218.025,43
15760,2023,3,21,9578,219009,227.2875,227.2875,59
41946,2023,7,11,9578,219009,218.025,218.025,35
115482,2024,5,22,9578,219009,193.0875,193.0875,69
46851,2023,8,1,9578,219009,227.2875,227.2875,20
4343,2023,1,31,9578,219009,227.2875,227.2875,31
166282,2024,12,25,9578,219009,134.6625,194.5125,153
45217,2023,7,25,9578,219009,227.2875,227.2875,12
167904,2025,1,1,9578,219009,133.95,194.5125,167
108923,2024,4,24,9578,219009,203.775,203.775,48
138396,2024,8,28,9578,219009,154.6125,210.1875,64
37029,2023,6,20,9578,219009,227.2875,227.2875,36
125315,2024,7,3,9578,219009,225.8625,225.8625,45
151518,2024,10,23,9578,219009,222.3,222.3,92
154795,2024,11,6,9578,219009,178.125,222.3,58
148232,2024,10,9,9578,219009,222.3,222.3,47
27218,2023,5,9,9578,219009,136.8,227.2875,184
66384,2023,10,24,9578,219009,210.1875,210.1875,24
92600,2024,2,13,9578,219009,199.5,199.5,55
177681,2025,2,12,9578,219009,190.2375,220.875,67
30490,2023,5,23,9578,219009,202.35,227.2875,57
68021,2023,10,31,9578,219009,210.1875,210.1875,40
10876,2023,2,28,9578,219009,116.85,227.2875,393
50117,2023,8,15,9578,219009,234.4125,234.4125,28
64748,2023,10,17,9578,219009,210.1875,210.1875,41
128568,2024,7,17,9578,219009,218.7375,218.7375,45
112201,2024,5,8,9578,219009,210.1875,210.1875,69
90966,2024,2,6,9578,219009,210.1875,210.1875,54
74570,2023,11,28,9578,219009,205.2,205.2,56
5979,2023,2,7,9578,219009,227.2875,227.2875,32
23943,2023,4,25,9578,219009,207.3375,207.3375,36
171170,2025,1,15,9578,219009,217.3125,217.3125,74
144953,2024,9,25,9578,219009,222.3,222.3,32
1070,2023,1,17,9578,219009,217.3125,217.3125,34
69661,2023,11,7,9578,219009,210.1875,210.1875,41
126942,2024,7,10,9578,219009,225.8625,225.8625,32
