HW 3/homework3.csv
RECORD_ID,YEAR,MONTH,DAY,STORE_ID,SKU_ID,TOTAL_PRICE,BASE_PRICE,UNITS_SOLD
140182,2024,9,4,9713,219029,325.6125,325.6125,26
107432,2024,4,17,9713,219029,319.9125,319.9125,36
63261,2023,10,10,9713,219029,327.0375,327.0375,39
99310,2024,3,13,9713,219029,327.0375,327.0375,48
169679,2025,1,8,9713,219029,327.0375,327.0375,55
82914,2024,1,2,9713,219029,327.0375,327.0375,32
6126,2023,2,7,9713,219029,327.0375,327.0375,52
45363,2023,7,25,9713,219029,315.6375,315.6375,44
37175,2023,6,20,9713,219029,327.0375,327.0375,48
79634,2023,12,19,9713,219029,327.0375,327.0375,36
61641,2023,10,3,9713,219029,312.7875,312.7875,35
22451,2023,4,18,9713,219029,327.0375,327.0375,49
161503,2024,12,4,9713,219029,327.0375,327.0375,28
166429,2024,12,25,9713,219029,327.0375,327.0375,53
109070,2024,4,24,9713,219029,327.0375,327.0375,52
11019,2023,2,28,9713,219029,327.0375,327.0375,42
42093,2023,7,11,9713,219029,178.125,327.0375,163
92747,2024,2,13,9713,219029,327.0375,327.0375,47
12633,2023,3,7,9713,219029,327.0375,327.0375,34
77994,2023,12,12,9713,219029,327.0375,327.0375,43
172959,2025,1,22,9713,219029,327.0375,327.0375,32
74715,2023,11,28,9713,219029,312.075,312.075,33
69807,2023,11,7,9713,219029,327.0375,327.0375,47
20817,2023,4,11,9713,219029,327.0375,327.0375,49
25727,2023,5,2,9713,219029,327.0375,327.0375,42
141821,2024,9,11,9713,219029,327.0375,327.0375,55
122185,2024,6,19,9713,219029,327.0375,327.0375,47
43730,2023,7,18,9713,219029,327.0375,327.0375,64
154942,2024,11,6,9713,219029,327.0375,327.0375,50
133625,2024,8,7,9713,219029,317.775,317.775,54
51893,2023,8,22,9713,219029,314.2125,314.2125,39
159864,2024,11,27,9713,219029,327.0375,327.0375,23
174577,2025,1,29,9713,219029,327.0375,327.0375,42
46996,2023,8,1,9713,219029,327.0375,327.0375,49
84554,2024,1,9,9713,219029,327.0375,327.0375,50
55141,2023,9,5,9713,219029,309.9375,309.9375,27
56763,2023,9,12,9713,219029,327.0375,327.0375,18
104161,2024,4,3,9713,219029,317.0625,317.0625,46
97670,2024,3,6,9713,219029,327.0375,327.0375,33
112348,2024,5,8,9713,219029,327.0375,327.0375,45
19179,2023,4,4,9713,219029,327.0375,327.0375,44
148379,2024,10,9,9713,219029,327.0375,327.0375,44
130352,2024,7,24,9713,219029,309.9375,309.9375,45
32271,2023,5,30,9713,219029,327.0375,327.0375,41
2851,2023,1,24,9713,219029,327.0375,327.0375,37
94389,2024,2,20,9713,219029,193.8,327.0375,221
145100,2024,9,25,9713,219029,327.0375,327.0375,23
125460,2024,7,3,9713,219029,180.2625,327.0375,266
9404,2023,2,21,9713,219029,176.7,327.0375,169
102532,2024,3,27,9713,219029,327.0375,327.0375,40
110708,2024,5,1,9713,219029,327.0375,327.0375,45
4490,2023,1,31,9713,219029,327.0375,327.0375,37
30635,2023,5,23,9713,219029,327.0375,327.0375,50
168048,2025,1,1,9713,219029,327.0375,327.0375,40
96031,2024,2,27,9713,219029,192.375,327.0375,121
17825,2023,3,28,9880,219009,214.4625,214.4625,53
19460,2023,4,4,9880,219009,222.3,222.3,63
66811,2023,10,24,9880,219009,213.75,213.75,49
58672,2023,9,19,9880,219009,227.2875,227.2875,59
73360,2023,11,21,9880,219009,175.275,222.3,354
165069,2024,12,18,9880,219009,163.1625,190.2375,326
150303,2024,10,16,9880,219009,187.3875,187.3875,64
57044,2023,9,12,9880,219009,217.3125,217.3125,67
26007,2023,5,2,9880,219009,227.2875,227.2875,76
34187,2023,6,6,9880,219009,210.9,210.9,60
168325,2025,1,1,9880,219009,133.2375,190.2375,150
29286,2023,5,16,9880,219009,185.9625,227.2875,68
93029,2024,2,13,9880,219009,173.1375,198.7875,85
130631,2024,7,24,9880,219009,198.7875,198.7875,100
14547,2023,3,14,9880,219009,227.2875,227.2875,80
89757,2024,1,30,9880,219009,198.7875,198.7875,88
161784,2024,12,4,9880,219009,190.2375,190.2375,60
97950,2024,3,6,9880,219009,195.225,195.225,89
140464,2024,9,4,9880,219009,189.525,189.525,70
122466,2024,6,19,9880,219009,198.7875,198.7875,75
40734,2023,7,4,9880,219009,215.175,215.175,54
74995,2023,11,28,9880,219009,193.8,222.3,84
8046,2023,2,14,9880,219009,116.85,219.45,715
84836,2024,1,9,9880,219009,198.7875,198.7875,71
37456,2023,6,20,9880,219009,219.45,219.45,60
142102,2024,9,11,9880,219009,188.1,188.1,84
21098,2023,4,11,9880,219009,216.6,216.6,60
68450,2023,10,31,9880,219009,227.2875,227.2875,45
48907,2023,8,8,9880,219009,227.2875,227.2875,47
65174,2023,10,17,9880,219009,223.0125,223.0125,62
42374,2023,7,11,9880,219009,215.8875,215.8875,54
143740,2024,9,18,9880,219009,191.6625,191.6625,75
81556,2023,12,26,9880,219009,198.075,222.3,73
160146,2024,11,27,9880,219009,189.525,189.525,101
178109,2025,2,12,9880,219009,180.975,180.975,135
30914,2023,5,23,9880,219009,202.35,227.2875,52
22731,2023,4,18,9880,219009,227.2875,227.2875,73
163427,2024,12,11,9880,219009,161.7375,190.2375,431
52172,2023,8,22,9880,219009,192.375,227.2875,91
101202,2024,3,20,9880,219009,195.225,195.225,57
107712,2024,4,17,9880,219009,198.7875,198.7875,110
158503,2024,11,20,9880,219009,180.2625,180.2625,45
132267,2024,7,31,9880,219009,198.7875,198.7875,108
171599,2025,1,15,9880,219009,180.975,180.975,98
176474,2025,2,5,9880,219009,180.975,180.975,119
125739,2024,7,3,9880,219009,198.7875,198.7875,91
55422,2023,9,5,9880,219009,222.3,222.3,67
3132,2023,1,24,9880,219009,227.2875,227.2875,56
35822,2023,6,13,9880,219009,220.875,220.875,57
4769,2023,1,31,9880,219009,227.2875,227.2875,73
24371,2023,4,25,9880,219009,227.2875,227.2875,52
53795,2023,8,29,9880,219009,214.4625,214.4625,81
169959,2025,1,8,9880,219009,180.2625,180.2625,117
1496,2023,1,17,9880,219009,218.025,218.025,72
71724,2023,11,14,9880,219009,222.3,222.3,75
61923,2023,10,3,9880,219009,125.4,216.6,425
155224,2024,11,6,9880,219009,168.15,168.15,56
45640,2023,7,25,9880,219009,227.2875,227.2875,52
119185,2024,6,5,9880,219009,198.7875,198.7875,78
147023,2024,10,2,9880,219009,141.075,189.525,683
63541,2023,10,10,9880,219009,213.75,213.75,50
44010,2023,7,18,9880,219009,227.2875,227.2875,39
106082,2024,4,10,9880,219009,198.7875,198.7875,88
31744,2023,5,30,9250,219009,203.775,203.775,91
18651,2023,4,4,9250,219009,218.025,218.025,67
25201,2023,5,2,9250,219009,223.0125,223.0125,91
87308,2024,1,23,9250,219009,207.3375,207.3375,115
46471,2023,8,1,9250,219009,227.2875,227.2875,26
80747,2023,12,26,9250,219009,206.625,206.625,79
113464,2024,5,15,9250,219009,210.1875,210.1875,90
41567,2023,7,11,9250,219009,218.7375,218.7375,95
157694,2024,11,20,9250,219009,208.7625,208.7625,34
126569,2024,7,10,9250,219009,220.1625,220.1625,56
144572,2024,9,25,9250,219009,218.025,218.025,81
92221,2024,2,13,9250,219009,229.425,229.425,112
8877,2023,2,21,9250,219009,115.425,227.2875,704
131462,2024,7,31,9250,219009,225.8625,225.8625,83
21927,2023,4,18,9250,219009,205.9125,205.9125,77
146215,2024,10,2,9250,219009,138.225,218.025,166
160977,2024,12,4,9250,219009,209.475,209.475,85
28477,2023,5,16,9250,219009,210.9,210.9,103
90585,2024,2,6,9250,219009,210.1875,210.1875,64
162618,2024,12,11,9250,219009,161.025,209.475,553
116741,2024,5,29,9250,219009,199.5,199.5,92
147851,2024,10,9,9250,219009,216.6,216.6,93
75826,2023,12,5,9250,219009,190.95,190.95,96
151137,2024,10,23,9250,219009,222.3,222.3,104
118378,2024,6,5,9250,219009,225.8625,225.8625,39
59500,2023,9,26,9250,219009,226.575,226.575,80
97144,2024,3,6,9250,219009,208.05,208.05,89
165903,2024,12,25,9250,219009,133.2375,209.475,387
170790,2025,1,15,9250,219009,220.1625,220.1625,145
138016,2024,8,28,9250,219009,154.6125,211.6125,127
142933,2024,9,18,9250,219009,213.0375,213.0375,104
110180,2024,5,1,9250,219009,225.8625,225.8625,76
106912,2024,4,17,9250,219009,210.9,210.9,93
98784,2024,3,13,9250,219009,218.7375,218.7375,46
102017,2024,3,27,9250,219009,213.0375,213.0375,23
128189,2024,7,17,9250,219009,216.6,216.6,67
12115,2023,3,7,9250,219009,116.85,227.2875,230
103633,2024,4,3,9250,219009,193.8,193.8,31
70918,2023,11,14,9250,219009,200.2125,200.2125,128
74189,2023,11,28,9250,219009,194.5125,194.5125,104
93862,2024,2,20,9250,219009,196.65,229.425,65
36653,2023,6,20,9250,219009,210.1875,210.1875,78
174060,2025,1,29,9250,219009,222.3,222.3,67
17019,2023,3,28,9250,219009,208.7625,208.7625,93
10501,2023,2,28,9250,219009,115.425,227.2875,854
43204,2023,7,18,9250,219009,220.875,220.875,52
35018,2023,6,13,9250,219009,213.0375,213.0375,124
38288,2023,6,27,9250,219009,214.4625,214.4625,100
56245,2023,9,12,9250,219009,223.0125,223.0125,104
69281,2023,11,7,9250,219009,210.1875,210.1875,78
154416,2024,11,6,9250,219009,178.8375,222.3,127
13740,2023,3,14,9250,219009,210.1875,210.1875,94
52994,2023,8,29,9250,219009,195.225,227.2875,91
67643,2023,10,31,9250,219009,210.1875,210.1875,75
8152,2023,2,14,9961,219009,117.5625,227.2875,1197
37562,2023,6,20,9961,219009,220.1625,220.1625,90
6514,2023,2,7,9961,219009,227.2875,227.2875,66
62027,2023,10,3,9961,219009,126.1125,223.0125,505
58778,2023,9,19,9961,219009,213.75,213.75,85
156973,2024,11,13,9961,219009,222.3,218.7375,126
138929,2024,8,28,9961,219009,136.8,212.325,157
11402,2023,2,28,9961,219009,116.85,227.2875,1024
137291,2024,8,21,9961,219009,212.325,212.325,67
71830,2023,11,14,9961,219009,207.3375,207.3375,106
163533,2024,12,11,9961,219009,163.1625,218.025,705
22836,2023,4,18,9961,219009,227.2875,227.2875,94
176577,2025,2,5,9961,219009,221.5875,221.5875,128
80022,2023,12,19,9961,219009,194.5125,194.5125,74
17931,2023,3,28,9961,219009,211.6125,211.6125,77
32655,2023,5,30,9961,219009,207.3375,207.3375,88
140570,2024,9,4,9961,219009,137.5125,212.325,204
4875,2023,1,31,9961,219009,227.2875,227.2875,75
70192,2023,11,7,9961,219009,210.1875,210.1875,86
124212,2024,6,26,9961,219009,221.5875,221.5875,76
96417,2024,2,27,9961,219009,191.6625,191.6625,97
104549,2024,4,3,9961,219009,205.2,205.2,57
39202,2023,6,27,9961,219009,214.4625,214.4625,82
34293,2023,6,6,9961,219009,211.6125,211.6125,65
114375,2024,5,15,9961,219009,191.6625,191.6625,119
143846,2024,9,18,9961,219009,218.025,218.025,76
47380,2023,8,1,9961,219009,227.2875,227.2875,29
101306,2024,3,20,9961,219009,203.775,203.775,26
50646,2023,8,15,9961,219009,200.2125,227.2875,72
35927,2023,6,13,9961,219009,221.5875,221.5875,123
42479,2023,7,11,9961,219009,223.725,223.725,100
134013,2024,8,7,9961,219009,223.725,223.725,85
19566,2023,4,4,9961,219009,220.875,220.875,78
44116,2023,7,18,9961,219009,227.2875,227.2875,54
83300,2024,1,2,9961,219009,205.9125,205.9125,72
125845,2024,7,3,9961,219009,225.8625,225.8625,58
158609,2024,11,20,9961,219009,187.3875,218.7375,47
26113,2023,5,2,9961,219009,227.2875,227.2875,103
14652,2023,3,14,9961,219009,211.6125,211.6125,108
84942,2024,1,9,9961,219009,207.3375,207.3375,104
65280,2023,10,17,9961,219009,207.3375,207.3375,105
155330,2024,11,6,9961,219009,180.2625,218.7375,139
27752,2023,5,9,9961,219009,143.2125,227.2875,359
21204,2023,4,11,9961,219009,216.6,216.6,97
45746,2023,7,25,9961,219009,227.2875,227.2875,52
142208,2024,9,11,9961,219009,210.9,210.9,60
49013,2023,8,8,9961,219009,227.2875,227.2875,30
119290,2024,6,5,9961,219009,222.3,222.3,73
171705,2025,1,15,9961,219009,219.45,219.45,132
52278,2023,8,22,9961,219009,186.675,227.2875,57
161890,2024,12,4,9961,219009,218.025,218.025,89
116017,2024,5,22,9961,219009,193.8,193.8,131
76740,2023,12,5,9961,219009,193.8,207.3375,92
129098,2024,7,17,9961,219009,215.8875,215.8875,66
122572,2024,6,19,9961,219009,217.3125,217.3125,73
111095,2024,5,1,9961,219009,210.1875,210.1875,87
145488,2024,9,25,9961,219009,222.3,222.3,84
170064,2025,1,8,9961,219009,215.8875,215.8875,159
63645,2023,10,10,9961,219009,201.6375,201.6375,102
13016,2023,3,7,9961,219009,118.275,227.2875,290
148767,2024,10,9,9961,219009,218.025,218.025,102
116721,2024,5,29,9221,219029,312.7875,312.7875,20
160957,2024,12,4,9221,219029,312.7875,312.7875,27
2305,2023,1,24,9221,219029,312.7875,312.7875,15
21907,2023,4,18,9221,219029,312.7875,312.7875,23
33359,2023,6,6,9221,219029,312.7875,312.7875,40
162598,2024,12,11,9221,219029,312.7875,312.7875,29
121637,2024,6,19,9221,219029,312.7875,312.7875,14
13720,2023,3,14,9221,219029,312.7875,312.7875,30
59480,2023,9,26,9221,219029,312.7875,312.7875,36
46451,2023,8,1,9221,219029,312.7875,312.7875,35
48086,2023,8,8,9221,219029,312.7875,312.7875,55
30089,2023,5,23,9221,219029,312.7875,312.7875,29
154396,2024,11,6,9221,219029,312.7875,312.7875,21
80727,2023,12,26,9221,219029,292.125,292.125,22
52974,2023,8,29,9221,219029,312.7875,312.7875,27
174040,2025,1,29,9221,219029,312.7875,312.7875,24
124917,2024,7,3,9221,219029,181.6875,312.7875,151
74169,2023,11,28,9221,219029,292.125,292.125,23
85648,2024,1,16,9221,219029,312.7875,312.7875,18
5580,2023,2,7,9221,219029,312.7875,312.7875,34
72538,2023,11,21,9221,219029,297.825,297.825,29
41547,2023,7,11,9221,219029,184.5375,312.7875,114
16999,2023,3,28,9221,219029,296.4,296.4,27
3944,2023,1,31,9221,219029,312.7875,312.7875,29
669,2023,1,17,9221,219029,293.55,293.55,24
133080,2024,8,7,9221,219029,171,312.7875,195
38268,2023,6,27,9221,219029,312.7875,312.7875,26
90565,2024,2,6,9221,219029,312.7875,312.7875,29
34998,2023,6,13,9221,219029,312.7875,312.7875,51
169134,2025,1,8,9221,219029,312.7875,312.7875,43
103613,2024,4,3,9221,219029,312.7875,312.7875,34
20271,2023,4,11,9221,219029,312.7875,312.7875,36
44819,2023,7,25,9221,219029,213.0375,312.7875,21
10482,2023,2,28,9221,219029,312.7875,312.7875,25
137996,2024,8,28,9221,219029,312.7875,312.7875,22
43184,2023,7,18,9221,219029,266.475,312.7875,44
84007,2024,1,9,9221,219029,312.7875,312.7875,34
69261,2023,11,7,9221,219029,312.7875,312.7875,23
26819,2023,5,9,9221,219029,312.7875,312.7875,52
77446,2023,12,12,9221,219029,312.7875,312.7875,22
156038,2024,11,13,9221,219029,312.7875,312.7875,19
175658,2025,2,5,9221,219029,312.7875,312.7875,15
101997,2024,3,27,9221,219029,312.7875,312.7875,28
62722,2023,10,10,9221,219029,312.7875,312.7875,23
128169,2024,7,17,9221,219029,312.7875,312.7875,19
54602,2023,9,5,9221,219029,312.7875,312.7875,52
36633,2023,6,20,9221,219029,312.7875,312.7875,23
172412,2025,1,22,9221,219029,312.7875,312.7875,16
147831,2024,10,9,9221,219029,312.7875,312.7875,28
12095,2023,3,7,9221,219029,312.7875,312.7875,51
74084,2023,11,28,9147,219009,192.375,234.4125,66
173956,2025,1,29,9147,219009,218.7375,218.7375,96
169048,2025,1,8,9147,219009,217.3125,217.3125,73
38183,2023,6,27,9147,219009,227.2875,227.2875,54
2222,2023,1,24,9147,219009,227.2875,227.2875,48
20186,2023,4,11,9147,219009,227.2875,227.2875,63
26733,2023,5,9,9147,219009,143.2125,227.2875,246
67538,2023,10,31,9147,219009,210.1875,234.4125,62
584,2023,1,17,9147,219009,227.2875,227.2875,58
13634,2023,3,14,9147,219009,166.0125,227.2875,69
46365,2023,8,1,9147,219009,227.2875,227.2875,21
43098,2023,7,18,9147,219009,227.2875,227.2875,29
41461,2023,7,11,9147,219009,221.5875,221.5875,60
57767,2023,9,19,9147,219009,234.4125,234.4125,47
113358,2024,5,15,9147,219009,216.6,241.5375,55
164155,2024,12,18,9147,219009,162.45,212.325,341
80642,2023,12,26,9147,219009,210.1875,210.1875,50
59394,2023,9,26,9147,219009,228,228,53
128084,2024,7,17,9147,219009,225.8625,225.8625,33
108440,2024,4,24,9147,219009,232.9875,232.9875,45
162512,2024,12,11,9147,219009,162.45,212.325,460
25096,2023,5,2,9147,219009,227.2875,227.2875,43
137912,2024,8,28,9147,219009,143.925,212.325,87
134634,2024,8,14,9147,219009,204.4875,204.4875,73
92116,2024,2,13,9147,219009,205.2,205.2,51
83921,2024,1,9,9147,219009,210.1875,210.1875,54
44734,2023,7,25,9147,219009,215.175,215.175,28
7133,2023,2,14,9147,219009,118.9875,227.2875,631
15273,2023,3,21,9147,219009,216.6,216.6,63
79002,2023,12,19,9147,219009,204.4875,204.4875,59
88843,2024,1,30,9147,219009,210.1875,210.1875,64
39824,2023,7,4,9147,219009,217.3125,217.3125,73
18547,2023,4,4,9147,219009,206.625,206.625,48
167425,2025,1,1,9147,219009,134.6625,212.325,348
23458,2023,4,25,9147,219009,221.5875,221.5875,61
175572,2025,2,5,9147,219009,222.3,222.3,98
110075,2024,5,1,9147,219009,241.5375,241.5375,62
10396,2023,2,28,9147,219009,117.5625,227.2875,542
3859,2023,1,31,9147,219009,227.2875,227.2875,51
152672,2024,10,30,9147,219009,178.125,203.0625,103
51264,2023,8,22,9147,219009,212.325,212.325,64
52889,2023,8,29,9147,219009,198.7875,198.7875,46
126463,2024,7,10,9147,219009,225.8625,225.8625,39
90481,2024,2,6,9147,219009,210.1875,210.1875,57
56140,2023,9,12,9147,219009,232.275,232.275,40
54516,2023,9,5,9147,219009,205.2,205.2,49
142828,2024,9,18,9147,219009,216.6,216.6,62
146109,2024,10,2,9147,219009,141.075,214.4625,158
165797,2024,12,25,9147,219009,134.6625,212.325,331
95399,2024,2,27,9147,219009,234.4125,234.4125,51
21821,2023,4,18,9147,219009,213.0375,213.0375,71
116635,2024,5,29,9147,219009,193.0875,241.5375,46
105169,2024,4,10,9147,219009,231.5625,231.5625,36
64263,2023,10,17,9147,219009,234.4125,234.4125,43
65899,2023,10,24,9147,219009,197.3625,234.4125,33
30003,2023,5,23,9147,219009,197.3625,227.2875,60
118273,2024,6,5,9147,219009,210.1875,241.5375,43
157588,2024,11,20,9147,219009,189.525,218.025,27
77360,2023,12,12,9147,219009,195.225,195.225,40
