HW 3/homework3.csv
RECORD_ID,YEAR,MONTH,DAY,STORE_ID,SKU_ID,TOTAL_PRICE,BASE_PRICE,UNITS_SOLD
43793,2023,7,18,9770,219009,206.625,206.625,32
122250,2024,6,19,9770,219009,194.5125,194.5125,57
104226,2024,4,3,9770,219009,168.8625,192.375,29
150086,2024,10,16,9770,219009,191.6625,191.6625,79
60082,2023,9,26,9770,219009,219.45,219.45,42
35606,2023,6,13,9770,219009,213.75,213.75,51
69871,2023,11,7,9770,219009,227.2875,227.2875,53
94454,2024,2,20,9770,219009,185.25,185.25,87
55206,2023,9,5,9770,219009,221.5875,221.5875,58
143524,2024,9,18,9770,219009,175.275,175.275,81
58459,2023,9,19,9770,219009,208.05,208.05,33
73146,2023,11,21,9770,219009,174.5625,227.2875,308
56828,2023,9,12,9770,219009,215.175,215.175,57
120607,2024,6,12,9770,219009,195.225,195.225,42
92812,2024,2,13,9770,219009,194.5125,194.5125,75
163210,2024,12,11,9770,219009,161.025,176.7,302
84619,2024,1,9,9770,219009,195.225,195.225,74
2916,2023,1,24,9770,219009,227.2875,227.2875,42
164852,2024,12,18,9770,219009,162.45,176.7,221
159929,2024,11,27,9770,219009,186.675,186.675,99
33971,2023,6,6,9770,219009,227.2875,227.2875,56
156651,2024,11,13,9770,219009,185.25,185.25,65
89541,2024,1,30,9770,219009,198.7875,198.7875,80
153367,2024,10,30,9770,219009,178.125,178.125,101
135328,2024,8,14,9770,219009,173.85,194.5125,100
51957,2023,8,22,9770,219009,162.45,227.2875,90
107497,2024,4,17,9770,219009,186.675,186.675,74
130416,2024,7,24,9770,219009,190.2375,190.2375,76
20881,2023,4,11,9770,219009,227.2875,227.2875,68
9468,2023,2,21,9770,219009,116.85,227.2875,434
48693,2023,8,8,9770,219009,227.2875,227.2875,29
105866,2024,4,10,9770,219009,194.5125,194.5125,77
138607,2024,8,28,9770,219009,169.575,169.575,95
87899,2024,1,23,9770,219009,195.225,195.225,85
118968,2024,6,5,9770,219009,194.5125,194.5125,65
22516,2023,4,18,9770,219009,217.3125,217.3125,70
27430,2023,5,9,9770,219009,143.2125,219.45,286
76417,2023,12,5,9770,219009,198.7875,227.2875,72
112413,2024,5,8,9770,219009,198.7875,198.7875,76
53580,2023,8,29,9770,219009,211.6125,211.6125,68
128777,2024,7,17,9770,219009,190.2375,190.2375,64
155007,2024,11,6,9770,219009,178.125,178.125,95
151729,2024,10,23,9770,219009,187.3875,187.3875,64
96096,2024,2,27,9770,219009,180.2625,180.2625,78
166494,2024,12,25,9770,219009,134.6625,176.7,123
141886,2024,9,11,9770,219009,175.275,175.275,63
97735,2024,3,6,9770,219009,194.5125,194.5125,66
136969,2024,8,21,9770,219009,175.275,175.275,75
6191,2023,2,7,9770,219009,227.2875,227.2875,45
17609,2023,3,28,9770,219009,198.7875,198.7875,48
7830,2023,2,14,9770,219009,118.275,227.2875,815
102595,2024,3,27,9770,219009,192.375,192.375,48
174641,2025,1,29,9770,219009,180.975,180.975,72
50325,2023,8,15,9770,219009,162.45,227.2875,49
42157,2023,7,11,9770,219009,227.2875,227.2875,57
161567,2024,12,4,9770,219009,176.7,176.7,56
91176,2024,2,6,9770,219009,198.7875,198.7875,80
148444,2024,10,9,9770,219009,178.125,178.125,68
140247,2024,9,4,9770,219009,171.7125,171.7125,68
4554,2023,1,31,9770,219009,224.4375,224.4375,53
82978,2024,1,2,9770,219009,198.7875,198.7875,62
64958,2023,10,17,9770,219009,218.7375,218.7375,55
146806,2024,10,2,9770,219009,141.075,175.275,192
109135,2024,4,24,9770,219009,195.225,195.225,86
137933,2024,8,28,9164,219029,327.0375,327.0375,24
69197,2023,11,7,9164,219029,327.0375,327.0375,38
170705,2025,1,15,9164,219029,327.0375,327.0375,30
92137,2024,2,13,9164,219029,327.0375,327.0375,51
7154,2023,2,14,9164,219029,175.9875,327.0375,248
52909,2023,8,29,9164,219029,327.0375,327.0375,40
175593,2025,2,5,9164,219029,327.0375,327.0375,34
54537,2023,9,5,9164,219029,327.0375,327.0375,16
5515,2023,2,7,9164,219029,327.0375,327.0375,45
118294,2024,6,5,9164,219029,322.7625,322.7625,34
87223,2024,1,23,9164,219029,325.6125,325.6125,19
121572,2024,6,19,9164,219029,327.0375,327.0375,45
164176,2024,12,18,9164,219029,327.0375,327.0375,33
18568,2023,4,4,9164,219029,327.0375,327.0375,18
110096,2024,5,1,9164,219029,327.0375,327.0375,44
48021,2023,8,8,9164,219029,327.0375,327.0375,27
173976,2025,1,29,9164,219029,327.0375,327.0375,32
144487,2024,9,25,9164,219029,327.0375,327.0375,33
100330,2024,3,20,9164,219029,327.0375,327.0375,12
85583,2024,1,16,9164,219029,327.0375,327.0375,41
115017,2024,5,22,9164,219029,327.0375,327.0375,24
30024,2023,5,23,9164,219029,327.0375,327.0375,20
21842,2023,4,18,9164,219029,327.0375,327.0375,26
49654,2023,8,15,9164,219029,327.0375,327.0375,46
26754,2023,5,9,9164,219029,327.0375,327.0375,26
123215,2024,6,26,9164,219029,323.475,323.475,24
41482,2023,7,11,9164,219029,176.7,327.0375,148
105190,2024,4,10,9164,219029,327.0375,327.0375,29
62658,2023,10,10,9164,219029,327.0375,327.0375,34
162533,2024,12,11,9164,219029,327.0375,327.0375,33
23479,2023,4,25,9164,219029,327.0375,327.0375,22
98699,2024,3,13,9164,219029,310.65,310.65,29
157609,2024,11,20,9164,219029,327.0375,327.0375,14
151052,2024,10,23,9164,219029,327.0375,327.0375,28
160892,2024,12,4,9164,219029,327.0375,327.0375,22
141213,2024,9,11,9164,219029,327.0375,327.0375,32
33295,2023,6,6,9164,219029,327.0375,327.0375,49
116656,2024,5,29,9164,219029,327.0375,327.0375,20
12031,2023,3,7,9164,219029,327.0375,327.0375,25
20207,2023,4,11,9164,219029,327.0375,327.0375,36
67559,2023,10,31,9164,219029,327.0375,327.0375,29
129741,2024,7,24,9164,219029,327.0375,327.0375,42
83942,2024,1,9,9164,219029,327.0375,327.0375,39
88864,2024,1,30,9164,219029,327.0375,327.0375,36
90502,2024,2,6,9164,219029,327.0375,327.0375,37
119931,2024,6,12,9164,219029,327.0375,327.0375,44
10417,2023,2,28,9164,219029,315.6375,315.6375,45
80663,2023,12,26,9164,219029,327.0375,327.0375,34
169069,2025,1,8,9164,219029,327.0375,327.0375,33
134655,2024,8,14,9164,219029,173.85,319.2,461
46386,2023,8,1,9164,219029,327.0375,327.0375,29
56161,2023,9,12,9164,219029,327.0375,327.0375,7
57788,2023,9,19,9164,219029,327.0375,327.0375,32
82303,2024,1,2,9164,219029,327.0375,327.0375,33
13655,2023,3,14,9164,219029,327.0375,327.0375,34
142849,2024,9,18,9164,219029,327.0375,327.0375,40
91060,2024,2,6,9632,219029,295.6875,295.6875,15
9352,2023,2,21,9632,219029,190.2375,295.6875,38
35490,2023,6,13,9632,219029,295.6875,295.6875,20
113936,2024,5,15,9632,219029,295.6875,295.6875,20
146690,2024,10,2,9632,219029,295.6875,295.6875,29
55090,2023,9,5,9632,219029,295.6875,295.6875,44
115577,2024,5,22,9632,219029,295.6875,295.6875,31
2799,2023,1,24,9632,219029,295.6875,295.6875,12
66479,2023,10,24,9632,219029,295.6875,295.6875,25
48576,2023,8,8,9632,219029,295.6875,295.6875,34
149969,2024,10,16,9632,219029,295.6875,295.6875,30
59968,2023,9,26,9632,219029,295.6875,295.6875,29
136853,2024,8,21,9632,219029,295.6875,289.9875,31
177776,2025,2,12,9632,219029,295.6875,295.6875,16
154890,2024,11,6,9632,219029,295.6875,295.6875,44
102480,2024,3,27,9632,219029,295.6875,295.6875,9
15855,2023,3,21,9632,219029,295.6875,295.6875,26
42041,2023,7,11,9632,219029,187.3875,295.6875,140
158169,2024,11,20,9632,219029,295.6875,295.6875,5
123774,2024,6,26,9632,219029,295.6875,295.6875,10
64841,2023,10,17,9632,219029,295.6875,295.6875,19
73030,2023,11,21,9632,219029,295.6875,295.6875,25
118852,2024,6,5,9632,219029,295.6875,295.6875,37
172907,2025,1,22,9632,219029,295.6875,295.6875,11
100879,2024,3,20,9632,219029,295.6875,278.5875,15
79582,2023,12,19,9632,219029,295.6875,295.6875,11
110656,2024,5,1,9632,219029,295.6875,295.6875,20
20766,2023,4,11,9632,219029,295.6875,295.6875,28
92695,2024,2,13,9632,219029,278.5875,278.5875,25
69755,2023,11,7,9632,219029,295.6875,295.6875,43
161452,2024,12,4,9632,219029,295.6875,295.6875,34
117216,2024,5,29,9632,219029,295.6875,295.6875,11
104109,2024,4,3,9632,219029,295.6875,295.6875,35
45311,2023,7,25,9632,219029,295.6875,295.6875,30
131935,2024,7,31,9632,219029,295.6875,295.6875,20
32220,2023,5,30,9632,219029,295.6875,295.6875,15
128661,2024,7,17,9632,219029,290.7,295.6875,34
10969,2023,2,28,9632,219029,295.6875,295.6875,15
76302,2023,12,5,9632,219029,295.6875,295.6875,32
112296,2024,5,8,9632,219029,295.6875,295.6875,31
95979,2024,2,27,9632,219029,198.075,278.5875,66
176148,2025,2,5,9632,219029,295.6875,295.6875,27
22400,2023,4,18,9632,219029,295.6875,295.6875,27
143407,2024,9,18,9632,219029,295.6875,289.9875,31
27313,2023,5,9,9632,219029,295.6875,295.6875,41
87782,2024,1,23,9632,219029,295.6875,295.6875,16
63210,2023,10,10,9632,219029,295.6875,295.6875,47
50210,2023,8,15,9632,219029,280.0125,280.0125,27
61590,2023,10,3,9632,219029,295.6875,295.6875,32
133573,2024,8,7,9632,219029,162.45,295.6875,282
53465,2023,8,29,9632,219029,295.6875,295.6875,28
97619,2024,3,6,9632,219029,295.6875,278.5875,33
174526,2025,1,29,9632,219029,295.6875,295.6875,12
19127,2023,4,4,9632,219029,295.6875,295.6875,30
166377,2024,12,25,9632,219029,295.6875,295.6875,13
89424,2024,1,30,9632,219029,295.6875,295.6875,14
163093,2024,12,11,9632,219029,295.6875,295.6875,14
46944,2023,8,1,9632,219029,295.6875,295.6875,33
108008,2024,4,24,8222,219009,237.975,237.975,114
91685,2024,2,13,8222,219009,217.3125,217.3125,124
109646,2024,5,1,8222,219009,241.5375,241.5375,144
137481,2024,8,28,8222,219009,137.5125,225.8625,162
73654,2023,11,28,8222,219009,188.1,188.1,136
29577,2023,5,23,8222,219009,189.525,222.3,110
157162,2024,11,20,8222,219009,194.5125,222.3,62
70381,2023,11,14,8222,219009,203.0625,203.0625,164
145678,2024,10,2,8222,219009,141.7875,214.4625,534
11588,2023,3,7,8222,219009,117.5625,227.2875,203
54087,2023,9,5,8222,219009,230.1375,230.1375,104
170253,2025,1,15,8222,219009,218.7375,218.7375,183
139119,2024,9,4,8222,219009,138.9375,225.8625,215
83490,2024,1,9,8222,219009,203.775,203.775,103
134203,2024,8,14,8222,219009,203.0625,225.8625,118
160442,2024,12,4,8222,219009,221.5875,221.5875,153
18120,2023,4,4,8222,219009,223.725,223.725,96
5064,2023,2,7,8222,219009,227.2875,227.2875,108
165365,2024,12,25,8222,219009,133.95,221.5875,686
162080,2024,12,11,8222,219009,161.7375,221.5875,729
103098,2024,4,3,8222,219009,236.55,236.55,78
45936,2023,8,1,8222,219009,222.3,222.3,66
34483,2023,6,13,8222,219009,218.025,218.025,153
152240,2024,10,30,8222,219009,178.8375,220.1625,117
122762,2024,6,26,8222,219009,225.8625,225.8625,125
158799,2024,11,27,8222,219009,194.5125,222.3,213
142397,2024,9,18,8222,219009,213.0375,213.0375,109
168618,2025,1,8,8222,219009,215.8875,215.8875,172
117843,2024,6,5,8222,219009,214.4625,214.4625,57
6704,2023,2,14,8222,219009,115.425,227.2875,1128
155520,2024,11,13,8222,219009,222.3,222.3,143
36115,2023,6,20,8222,219009,221.5875,221.5875,127
90053,2024,2,6,8222,219009,209.475,209.475,115
58967,2023,9,26,8222,219009,212.325,212.325,100
14842,2023,3,21,8222,219009,219.45,219.45,168
57339,2023,9,19,8222,219009,221.5875,221.5875,106
31208,2023,5,30,8222,219009,183.1125,222.3,77
93325,2024,2,20,8222,219009,205.9125,205.9125,121
27940,2023,5,16,8222,219009,222.3,222.3,152
127659,2024,7,17,8222,219009,223.0125,223.0125,104
85132,2024,1,16,8222,219009,205.2,205.2,125
121120,2024,6,19,8222,219009,219.45,219.45,135
129288,2024,7,24,8222,219009,218.7375,218.7375,139
126034,2024,7,10,8222,219009,225.8625,225.8625,106
96607,2024,3,6,8222,219009,212.325,212.325,109
148957,2024,10,16,8222,219009,222.3,218.7375,173
44305,2023,7,25,8222,219009,220.1625,220.1625,97
144035,2024,9,25,8222,219009,214.4625,214.4625,84
41030,2023,7,11,8222,219009,218.7375,218.7375,119
23026,2023,4,25,8222,219009,227.2875,227.2875,99
68746,2023,11,7,8222,219009,210.1875,210.1875,84
13204,2023,3,14,8222,219009,209.475,209.475,128
147318,2024,10,9,8222,219009,218.7375,218.7375,144
60589,2023,10,3,8222,219009,125.4,212.325,699
37751,2023,6,27,8222,219009,215.175,215.175,146
171895,2025,1,22,8222,219009,215.8875,215.8875,193
94967,2024,2,27,8222,219009,223.725,223.725,101
8342,2023,2,21,8222,219009,114.7125,227.2875,641
132563,2024,8,7,8222,219009,225.8625,225.8625,121
42669,2023,7,18,8222,219009,222.3,222.3,66
39392,2023,7,4,8222,219009,218.7375,218.7375,121
119479,2024,6,12,8222,219009,225.8625,225.8625,98
116891,2024,5,29,9430,219029,327.0375,327.0375,37
98934,2024,3,13,9430,219029,327.0375,327.0375,42
92371,2024,2,13,9430,219029,327.0375,327.0375,41
12262,2023,3,7,9430,219029,327.0375,327.0375,51
159486,2024,11,27,9430,219029,327.0375,327.0375,36
126718,2024,7,10,9430,219029,177.4125,327.0375,184
87458,2024,1,23,9430,219029,327.0375,327.0375,9
129976,2024,7,24,9430,219029,327.0375,327.0375,34
89098,2024,1,30,9430,219029,327.0375,327.0375,39
61268,2023,10,3,9430,219029,327.0375,327.0375,36
102163,2024,3,27,9430,219029,327.0375,327.0375,31
15529,2023,3,21,9430,219029,327.0375,327.0375,27
10649,2023,2,28,9430,219029,327.0375,327.0375,34
28627,2023,5,16,9430,219029,327.0375,327.0375,38
125087,2024,7,3,9430,219029,178.125,327.0375,211
13890,2023,3,14,9430,219029,327.0375,327.0375,31
25351,2023,5,2,9430,219029,327.0375,327.0375,46
9027,2023,2,21,9430,219029,173.85,327.0375,90
115251,2024,5,22,9430,219029,320.625,320.625,38
4113,2023,1,31,9430,219029,327.0375,327.0375,30
58022,2023,9,19,9430,219029,327.0375,327.0375,36
22075,2023,4,18,9430,219029,315.6375,315.6375,40
175825,2025,2,5,9430,219029,327.0375,327.0375,43
151287,2024,10,23,9430,219029,327.0375,327.0375,39
123450,2024,6,26,9430,219029,327.0375,327.0375,56
20441,2023,4,11,9430,219029,312.7875,312.7875,33
38438,2023,6,27,9430,219029,327.0375,327.0375,42
7389,2023,2,14,9430,219029,176.7,327.0375,147
146364,2024,10,2,9430,219029,327.0375,327.0375,32
85818,2024,1,16,9430,219029,327.0375,327.0375,41
94012,2024,2,20,9430,219029,192.375,327.0375,195
33528,2023,6,6,9430,219029,314.2125,314.2125,40
174210,2025,1,29,9430,219029,327.0375,327.0375,37
82538,2024,1,2,9430,219029,327.0375,327.0375,26
177452,2025,2,12,9430,219029,327.0375,327.0375,36
100559,2024,3,20,9430,219029,327.0375,327.0375,25
43353,2023,7,18,9430,219029,315.6375,315.6375,65
134888,2024,8,14,9430,219029,177.4125,327.0375,238
40077,2023,7,4,9430,219029,180.975,327.0375,246
62890,2023,10,10,9430,219029,327.0375,327.0375,46
157844,2024,11,20,9430,219029,327.0375,327.0375,9
79258,2023,12,19,9430,219029,327.0375,327.0375,37
144722,2024,9,25,9430,219029,327.0375,327.0375,41
149644,2024,10,16,9430,219029,327.0375,327.0375,38
148001,2024,10,9,9430,219029,327.0375,327.0375,54
36800,2023,6,20,9430,219029,327.0375,327.0375,36
26988,2023,5,9,9430,219029,327.0375,327.0375,47
56395,2023,9,12,9430,219029,327.0375,327.0375,10
101894,2024,3,27,9132,219029,295.6875,295.6875,16
95379,2024,2,27,9132,219029,195.9375,295.6875,80
147726,2024,10,9,9132,219029,295.6875,295.6875,26
62617,2023,10,10,9132,219029,295.6875,295.6875,36
164135,2024,12,18,9132,219029,295.6875,295.6875,17
118253,2024,6,5,9132,219029,295.6875,295.6875,33
13615,2023,3,14,9132,219029,295.6875,295.6875,11
67518,2023,10,31,9132,219029,295.6875,295.6875,17
7113,2023,2,14,9132,219029,175.9875,295.6875,46
90462,2024,2,6,9132,219029,295.6875,295.6875,27
106787,2024,4,17,9132,219029,295.6875,295.6875,8
169028,2025,1,8,9132,219029,295.6875,295.6875,38
119890,2024,6,12,9132,219029,295.6875,295.6875,25
72432,2023,11,21,9132,219029,295.6875,295.6875,34
15253,2023,3,21,9132,219029,295.6875,295.6875,13
47980,2023,8,8,9132,219029,272.8875,272.8875,61
134614,2024,8,14,9132,219029,289.275,289.275,31
151011,2024,10,23,9132,219029,295.6875,295.6875,20
75701,2023,12,5,9132,219029,295.6875,295.6875,40
564,2023,1,17,9132,219029,295.6875,295.6875,9
137892,2024,8,28,9132,219029,295.6875,295.6875,14
108420,2024,4,24,9132,219029,295.6875,295.6875,26
88823,2024,1,30,9132,219029,295.6875,295.6875,15
56120,2023,9,12,9132,219029,295.6875,295.6875,11
162492,2024,12,11,9132,219029,295.6875,295.6875,29
82262,2024,1,2,9132,219029,295.6875,295.6875,19
149369,2024,10,16,9132,219029,295.6875,295.6875,19
160851,2024,12,4,9132,219029,295.6875,295.6875,44
70792,2023,11,14,9132,219029,295.6875,295.6875,24
136252,2024,8,21,9132,219029,295.6875,295.6875,17
33254,2023,6,6,9132,219029,295.6875,295.6875,34
155932,2024,11,13,9132,219029,295.6875,295.6875,24
123174,2024,6,26,9132,219029,295.6875,295.6875,17
44716,2023,7,25,9132,219029,295.6875,295.6875,32
113338,2024,5,15,9132,219029,295.6875,295.6875,22
11991,2023,3,7,9132,219029,295.6875,295.6875,23
5474,2023,2,7,9132,219029,295.6875,295.6875,12
126443,2024,7,10,9132,219029,183.825,295.6875,83
54496,2023,9,5,9132,219029,295.6875,295.6875,44
77340,2023,12,12,9132,219029,295.6875,295.6875,30
21801,2023,4,18,9132,219029,295.6875,295.6875,8
43080,2023,7,18,9132,219029,289.9875,289.9875,26
74064,2023,11,28,9132,219029,295.6875,295.6875,18
144446,2024,9,25,9132,219029,295.6875,295.6875,16
159210,2024,11,27,9132,219029,295.6875,295.6875,24
110057,2024,5,1,9132,219029,295.6875,295.6875,19
165777,2024,12,25,9132,219029,295.6875,295.6875,31
80622,2023,12,26,9132,219029,295.6875,295.6875,17
3839,2023,1,31,9132,219029,295.6875,295.6875,9
78982,2023,12,19,9132,219029,295.6875,295.6875,18
87182,2024,1,23,9132,219029,295.6875,295.6875,4
65880,2023,10,24,9132,219029,295.6875,295.6875,20
