HW 3/homework3.csv
RECORD_ID,YEAR,MONTH,DAY,STORE_ID,SKU_ID,TOTAL_PRICE,BASE_PRICE,UNITS_SOLD
24955,2023,5,2,8991,219029,295.6875,295.6875,31
150889,2024,10,23,8991,219029,295.6875,295.6875,15
41319,2023,7,11,8991,219029,177.4125,295.6875,134
109935,2024,5,1,8991,219029,295.6875,295.6875,19
172184,2025,1,22,8991,219029,295.6875,295.6875,26
175434,2025,2,5,8991,219029,295.6875,295.6875,24
28229,2023,5,16,8991,219029,295.6875,295.6875,23
155810,2024,11,13,8991,219029,295.6875,295.6875,33
442,2023,1,17,8991,219029,295.6875,295.6875,38
70670,2023,11,14,8991,219029,295.6875,295.6875,41
59254,2023,9,26,8991,219029,295.6875,295.6875,38
47858,2023,8,8,8991,219029,295.6875,295.6875,30
124689,2024,7,3,8991,219029,178.125,295.6875,194
121410,2024,6,19,8991,219029,295.6875,295.6875,30
98536,2024,3,13,8991,219029,295.6875,295.6875,26
105029,2024,4,10,8991,219029,295.6875,295.6875,28
118131,2024,6,5,8991,219029,295.6875,295.6875,31
26591,2023,5,9,8991,219029,295.6875,295.6875,32
149247,2024,10,16,8991,219029,295.6875,295.6875,40
60875,2023,10,3,8991,219029,280.725,280.725,30
38041,2023,6,27,8991,219029,295.6875,295.6875,38
23316,2023,4,25,8991,219029,295.6875,295.6875,40
168906,2025,1,8,8991,219029,295.6875,295.6875,25
31498,2023,5,30,8991,219029,295.6875,295.6875,30
16773,2023,3,28,8991,219029,295.6875,295.6875,22
108298,2024,4,24,8991,219029,295.6875,295.6875,24
2080,2023,1,24,8991,219029,287.85,287.85,34
34772,2023,6,13,8991,219029,295.6875,295.6875,28
106666,2024,4,17,8991,219029,295.6875,295.6875,23
165655,2024,12,25,8991,219029,295.6875,295.6875,27
54376,2023,9,5,8991,219029,295.6875,295.6875,23
147605,2024,10,9,8991,219029,295.6875,295.6875,32
159088,2024,11,27,8991,219029,295.6875,295.6875,20
157450,2024,11,20,8991,219029,295.6875,295.6875,17
93615,2024,2,20,8991,219029,191.6625,295.6875,107
173816,2025,1,29,8991,219029,295.6875,295.6875,26
20045,2023,4,11,8991,219029,295.6875,295.6875,19
91975,2024,2,13,8991,219029,295.6875,295.6875,24
136130,2024,8,21,8991,219029,295.6875,295.6875,24
119769,2024,6,12,8991,219029,295.6875,295.6875,30
142686,2024,9,18,8991,219029,295.6875,295.6875,34
49491,2023,8,15,8991,219029,295.6875,295.6875,31
95257,2024,2,27,8991,219029,188.8125,295.6875,94
57625,2023,9,19,8991,219029,295.6875,295.6875,42
160730,2024,12,4,8991,219029,295.6875,295.6875,20
145967,2024,10,2,8991,219029,295.6875,295.6875,31
65759,2023,10,24,8991,219029,295.6875,295.6875,20
127945,2024,7,17,8991,219029,289.9875,289.9875,31
29862,2023,5,23,8991,219029,295.6875,295.6875,24
39682,2023,7,4,8991,219029,179.55,295.6875,171
52750,2023,8,29,8991,219029,295.6875,295.6875,31
55999,2023,9,12,8991,219029,295.6875,295.6875,17
114854,2024,5,22,8991,219029,295.6875,295.6875,51
137771,2024,8,28,8991,219029,295.6875,295.6875,36
126322,2024,7,10,8991,219029,177.4125,295.6875,170
15131,2023,3,21,8991,219029,295.6875,295.6875,18
134492,2024,8,14,8991,219029,295.6875,295.6875,30
36405,2023,6,20,8991,219029,295.6875,295.6875,23
87063,2024,1,23,8991,219029,295.6875,295.6875,15
18408,2023,4,4,8991,219029,295.6875,295.6875,38
125740,2024,7,3,9880,219029,177.4125,312.7875,139
73361,2023,11,21,9880,219029,312.7875,312.7875,32
122467,2024,6,19,9880,219029,312.7875,312.7875,25
65175,2023,10,17,9880,219029,312.7875,312.7875,26
44011,2023,7,18,9880,219029,302.8125,302.8125,39
30915,2023,5,23,9880,219029,312.7875,312.7875,14
117550,2024,5,29,9880,219029,299.25,299.25,32
45641,2023,7,25,9880,219029,312.7875,312.7875,38
37457,2023,6,20,9880,219029,312.7875,312.7875,35
109351,2024,4,24,9880,219029,312.7875,312.7875,23
40735,2023,7,4,9880,219029,176.7,312.7875,163
143741,2024,9,18,9880,219029,312.7875,312.7875,20
155225,2024,11,6,9880,219029,312.7875,312.7875,44
150304,2024,10,16,9880,219029,262.2,312.7875,19
115912,2024,5,22,9880,219029,312.7875,312.7875,23
6409,2023,2,7,9880,219029,312.7875,312.7875,29
53796,2023,8,29,9880,219029,312.7875,312.7875,22
124108,2024,6,26,9880,219029,312.7875,312.7875,41
106083,2024,4,10,9880,219029,312.7875,312.7875,16
166710,2024,12,25,9880,219029,312.7875,312.7875,40
32551,2023,5,30,9880,219029,288.5625,288.5625,19
16189,2023,3,21,9880,219029,312.7875,312.7875,37
142103,2024,9,11,9880,219029,312.7875,312.7875,38
102809,2024,3,27,9880,219029,312.7875,312.7875,34
12912,2023,3,7,9880,219029,250.8,312.7875,67
114270,2024,5,15,9880,219029,312.7875,312.7875,23
158504,2024,11,20,9880,219029,312.7875,312.7875,17
52173,2023,8,22,9880,219029,312.7875,312.7875,37
89758,2024,1,30,9880,219029,312.7875,312.7875,45
176475,2025,2,5,9880,219029,312.7875,312.7875,39
71725,2023,11,14,9880,219029,312.7875,312.7875,28
29287,2023,5,16,9880,219029,312.7875,312.7875,45
173242,2025,1,22,9880,219029,312.7875,312.7875,23
35823,2023,6,13,9880,219029,299.9625,299.9625,32
83195,2024,1,2,9880,219029,312.7875,312.7875,28
14548,2023,3,14,9880,219029,312.7875,312.7875,32
57045,2023,9,12,9880,219029,312.7875,312.7875,14
76635,2023,12,5,9880,219029,312.7875,312.7875,30
119186,2024,6,5,9880,219029,312.7875,312.7875,35
3133,2023,1,24,9880,219029,277.1625,312.7875,45
99593,2024,3,13,9880,219029,312.7875,312.7875,43
48908,2023,8,8,9880,219029,312.7875,312.7875,30
178110,2025,2,12,9880,219029,312.7875,312.7875,33
50543,2023,8,15,9880,219029,299.25,299.25,33
174856,2025,1,29,9880,219029,312.7875,312.7875,20
104444,2024,4,3,9880,219029,312.7875,312.7875,25
79917,2023,12,19,9880,219029,312.7875,312.7875,28
130632,2024,7,24,9880,219029,312.7875,312.7875,36
160147,2024,11,27,9880,219029,312.7875,312.7875,24
127367,2024,7,10,9880,219029,177.4125,312.7875,140
97951,2024,3,6,9880,219029,312.7875,312.7875,28
137186,2024,8,21,9880,219029,312.7875,312.7875,14
152529,2024,10,30,8991,219009,178.125,178.125,115
177054,2025,2,12,8991,219009,178.8375,178.8375,121
3716,2023,1,31,8991,219009,227.2875,227.2875,64
93614,2024,2,20,8991,219009,182.4,182.4,122
96895,2024,3,6,8991,219009,188.8125,188.8125,94
72309,2023,11,21,8991,219009,175.275,215.8875,442
172183,2025,1,22,8991,219009,180.975,180.975,139
24954,2023,5,2,8991,219009,227.2875,227.2875,82
147604,2024,10,9,8991,219009,191.6625,191.6625,123
39681,2023,7,4,8991,219009,227.2875,227.2875,90
118130,2024,6,5,8991,219009,192.375,192.375,86
95256,2024,2,27,8991,219009,190.2375,190.2375,114
28228,2023,5,16,8991,219009,178.8375,227.2875,94
64121,2023,10,17,8991,219009,212.325,212.325,67
150888,2024,10,23,8991,219009,188.8125,188.8125,103
49490,2023,8,15,8991,219009,190.2375,227.2875,92
34771,2023,6,13,8991,219009,218.025,218.025,80
159087,2024,11,27,8991,219009,178.8375,178.8375,103
18407,2023,4,4,8991,219009,227.2875,227.2875,94
42957,2023,7,18,8991,219009,227.2875,227.2875,81
57624,2023,9,19,8991,219009,210.1875,210.1875,97
13492,2023,3,14,8991,219009,205.2,205.2,112
23315,2023,4,25,8991,219009,227.2875,227.2875,68
88700,2024,1,30,8991,219009,198.7875,198.7875,127
173815,2025,1,29,8991,219009,180.975,180.975,132
165654,2024,12,25,8991,219009,134.6625,185.9625,109
11870,2023,3,7,8991,219009,116.85,227.2875,178
141049,2024,9,11,8991,219009,171,194.5125,78
36404,2023,6,20,8991,219009,223.725,223.725,103
142685,2024,9,18,8991,219009,162.45,194.5125,61
51123,2023,8,22,8991,219009,201.6375,227.2875,98
149246,2024,10,16,8991,219009,191.6625,191.6625,90
47857,2023,8,8,8991,219009,227.2875,227.2875,46
121409,2024,6,19,8991,219009,193.8,193.8,82
60874,2023,10,3,8991,219009,126.1125,223.725,501
103385,2024,4,3,8991,219009,195.225,195.225,78
123051,2024,6,26,8991,219009,194.5125,194.5125,63
111573,2024,5,8,8991,219009,198.7875,198.7875,110
137770,2024,8,28,8991,219009,169.575,194.5125,99
55998,2023,9,12,8991,219009,204.4875,204.4875,79
33132,2023,6,6,8991,219009,223.0125,223.0125,106
54375,2023,9,5,8991,219009,226.575,226.575,88
85420,2024,1,16,8991,219009,188.1,188.1,115
127944,2024,7,17,8991,219009,194.5125,194.5125,89
90339,2024,2,6,8991,219009,198.7875,198.7875,106
105028,2024,4,10,8991,219009,198.7875,198.7875,105
167283,2025,1,1,8991,219009,133.95,185.9625,74
139408,2024,9,4,8991,219009,139.65,194.5125,99
134491,2024,8,14,8991,219009,167.4375,194.5125,108
38040,2023,6,27,8991,219009,223.0125,223.0125,73
29861,2023,5,23,8991,219009,208.05,208.05,74
114853,2024,5,22,8991,219009,193.0875,193.0875,97
124688,2024,7,3,8991,219009,186.675,186.675,74
109036,2024,4,24,9680,219009,194.5125,194.5125,64
74683,2023,11,28,9680,219009,192.375,227.2875,69
95997,2024,2,27,9680,219009,183.825,183.825,57
42059,2023,7,11,9680,219009,227.2875,227.2875,33
63228,2023,10,10,9680,219009,218.7375,218.7375,35
61608,2023,10,3,9680,219009,126.825,227.2875,294
123792,2024,6,26,9680,219009,194.5125,194.5125,30
64859,2023,10,17,9680,219009,227.2875,227.2875,30
148345,2024,10,9,9680,219009,163.875,175.275,77
115595,2024,5,22,9680,219009,194.5125,194.5125,74
122151,2024,6,19,9680,219009,194.5125,194.5125,45
89442,2024,1,30,9680,219009,198.7875,198.7875,46
99276,2024,3,13,9680,219009,192.375,192.375,49
76320,2023,12,5,9680,219009,198.7875,227.2875,46
146707,2024,10,2,9680,219009,142.5,175.275,116
27331,2023,5,9,9680,219009,142.5,227.2875,117
69773,2023,11,7,9680,219009,227.2875,227.2875,17
58360,2023,9,19,9680,219009,227.2875,227.2875,31
15873,2023,3,21,9680,219009,232.9875,232.9875,36
174544,2025,1,29,9680,219009,180.975,180.975,75
145066,2024,9,25,9680,219009,175.275,175.275,50
112314,2024,5,8,9680,219009,198.7875,198.7875,59
107399,2024,4,17,9680,219009,187.3875,187.3875,52
113954,2024,5,15,9680,219009,197.3625,197.3625,51
45329,2023,7,25,9680,219009,227.2875,227.2875,8
131953,2024,7,31,9680,219009,194.5125,194.5125,44
149987,2024,10,16,9680,219009,180.975,180.975,46
7732,2023,2,14,9680,219009,117.5625,227.2875,473
4456,2023,1,31,9680,219009,227.2875,227.2875,21
176166,2025,2,5,9680,219009,180.975,180.975,34
82881,2024,1,2,9680,219009,188.1,188.1,28
154908,2024,11,6,9680,219009,179.55,178.125,46
135229,2024,8,14,9680,219009,171,194.5125,65
97636,2024,3,6,9680,219009,198.7875,198.7875,46
86161,2024,1,16,9680,219009,198.7875,198.7875,50
87800,2024,1,23,9680,219009,192.375,192.375,44
166395,2024,12,25,9680,219009,134.6625,183.825,114
125426,2024,7,3,9680,219009,186.675,186.675,38
92713,2024,2,13,9680,219009,193.0875,193.0875,50
104127,2024,4,3,9680,219009,198.7875,198.7875,22
110674,2024,5,1,9680,219009,198.7875,198.7875,42
136870,2024,8,21,9680,219009,161.7375,194.5125,37
79600,2023,12,19,9680,219009,192.375,227.2875,44
6092,2023,2,7,9680,219009,164.5875,227.2875,74
14232,2023,3,14,9680,219009,127.5375,227.2875,36
117234,2024,5,29,9680,219009,184.5375,184.5375,40
22418,2023,4,18,9680,219009,215.175,215.175,28
37141,2023,6,20,9680,219009,227.2875,227.2875,43
10986,2023,2,28,9680,219009,118.275,227.2875,354
48594,2023,8,8,9680,219009,227.2875,227.2875,28
118870,2024,6,5,9680,219009,198.7875,198.7875,38
133591,2024,8,7,9680,219009,194.5125,194.5125,17
55108,2023,9,5,9680,219009,213.75,213.75,26
17511,2023,3,28,9680,219009,206.625,232.9875,35
20783,2023,4,11,9680,219009,227.2875,227.2875,17
164262,2024,12,18,9250,219029,300.675,300.675,56
95504,2024,2,27,9250,219029,193.8,317.775,154
90586,2024,2,6,9250,219029,327.0375,327.0375,38
36654,2023,6,20,9250,219029,314.925,314.925,39
80748,2023,12,26,9250,219029,327.0375,327.0375,37
177303,2025,2,12,9250,219029,326.325,326.325,48
23565,2023,4,25,9250,219029,327.0375,327.0375,47
46472,2023,8,1,9250,219029,327.0375,327.0375,47
172433,2025,1,22,9250,219029,327.0375,327.0375,34
3964,2023,1,31,9250,219029,327.0375,327.0375,49
49740,2023,8,15,9250,219029,327.0375,327.0375,43
157695,2024,11,20,9250,219029,321.3375,321.3375,16
110181,2024,5,1,9250,219029,327.0375,327.0375,47
10502,2023,2,28,9250,219029,317.0625,317.0625,51
84028,2024,1,9,9250,219029,321.3375,321.3375,42
41568,2023,7,11,9250,219029,173.1375,326.325,265
97145,2024,3,6,9250,219029,316.35,316.35,46
147852,2024,10,9,9250,219029,327.0375,327.0375,46
124938,2024,7,3,9250,219029,178.125,313.5,221
66006,2023,10,24,9250,219029,327.0375,327.0375,34
39928,2023,7,4,9250,219029,177.4125,326.325,342
69282,2023,11,7,9250,219029,327.0375,327.0375,26
138017,2024,8,28,9250,219029,327.0375,327.0375,40
12116,2023,3,7,9250,219029,327.0375,327.0375,55
67644,2023,10,31,9250,219029,327.0375,327.0375,34
30110,2023,5,23,9250,219029,304.2375,304.2375,44
111823,2024,5,8,9250,219029,327.0375,327.0375,50
131463,2024,7,31,9250,219029,327.0375,327.0375,53
77467,2023,12,12,9250,219029,327.0375,327.0375,27
159337,2024,11,27,9250,219029,327.0375,327.0375,31
43205,2023,7,18,9250,219029,291.4125,326.325,47
82389,2024,1,2,9250,219029,327.0375,327.0375,42
141297,2024,9,11,9250,219029,327.0375,327.0375,37
13741,2023,3,14,9250,219029,317.0625,317.0625,50
160978,2024,12,4,9250,219029,327.0375,327.0375,26
162619,2024,12,11,9250,219029,327.0375,327.0375,43
144573,2024,9,25,9250,219029,327.0375,327.0375,33
48107,2023,8,8,9250,219029,327.0375,327.0375,42
7240,2023,2,14,9250,219029,177.4125,327.0375,312
118379,2024,6,5,9250,219029,315.6375,315.6375,40
21928,2023,4,18,9250,219029,327.0375,327.0375,45
51371,2023,8,22,9250,219029,315.6375,315.6375,42
167530,2025,1,1,9250,219029,327.0375,327.0375,30
85669,2024,1,16,9250,219029,327.0375,327.0375,47
74190,2023,11,28,9250,219029,307.0875,307.0875,51
154417,2024,11,6,9250,219029,327.0375,327.0375,56
121658,2024,6,19,9250,219029,327.0375,327.0375,60
59501,2023,9,26,9250,219029,327.0375,327.0375,42
18652,2023,4,4,9250,219029,327.0375,327.0375,48
54623,2023,9,5,9250,219029,327.0375,327.0375,40
133101,2024,8,7,9250,219029,327.0375,327.0375,50
15380,2023,3,21,9250,219029,327.0375,327.0375,45
113465,2024,5,15,9250,219029,327.0375,327.0375,54
106913,2024,4,17,9250,219029,327.0375,327.0375,33
159250,2024,11,27,9164,219009,210.9,210.9,85
126483,2024,7,10,9164,219009,220.875,220.875,65
15293,2023,3,21,9164,219009,222.3,222.3,69
115016,2024,5,22,9164,219009,195.9375,195.9375,126
72472,2023,11,21,9164,219009,173.85,206.625,310
106827,2024,4,17,9164,219009,210.1875,210.1875,66
83941,2024,1,9,9164,219009,210.1875,210.1875,92
54536,2023,9,5,9164,219009,229.425,229.425,68
118293,2024,6,5,9164,219009,208.7625,208.7625,56
39844,2023,7,4,9164,219009,218.7375,218.7375,84
95419,2024,2,27,9164,219009,197.3625,197.3625,83
167445,2025,1,1,9164,219009,132.525,202.35,348
155972,2024,11,13,9164,219009,222.3,222.3,61
18567,2023,4,4,9164,219009,215.8875,215.8875,78
121571,2024,6,19,9164,219009,225.15,225.15,84
59414,2023,9,26,9164,219009,230.1375,230.1375,81
85582,2024,1,16,9164,219009,193.8,193.8,85
8792,2023,2,21,9164,219009,116.85,227.2875,596
38203,2023,6,27,9164,219009,217.3125,217.3125,81
3879,2023,1,31,9164,219009,227.2875,227.2875,57
70832,2023,11,14,9164,219009,206.625,206.625,83
151051,2024,10,23,9164,219009,222.3,218.7375,114
92136,2024,2,13,9164,219009,203.0625,203.0625,94
51284,2023,8,22,9164,219009,161.025,227.2875,68
33294,2023,6,6,9164,219009,218.025,218.025,72
119930,2024,6,12,9164,219009,225.8625,225.8625,49
88863,2024,1,30,9164,219009,210.1875,210.1875,83
97058,2024,3,6,9164,219009,200.925,200.925,69
141212,2024,9,11,9164,219009,222.3,222.3,59
20206,2023,4,11,9164,219009,223.0125,223.0125,74
90501,2024,2,6,9164,219009,208.05,208.05,71
67558,2023,10,31,9164,219009,210.1875,210.1875,74
87222,2024,1,23,9164,219009,205.9125,205.9125,73
74104,2023,11,28,9164,219009,185.25,206.625,86
131376,2024,7,31,9164,219009,225.8625,225.8625,68
113378,2024,5,15,9164,219009,195.225,195.225,85
80662,2023,12,26,9164,219009,201.6375,201.6375,81
162532,2024,12,11,9164,219009,161.7375,202.35,461
136292,2024,8,21,9164,219009,196.65,196.65,63
149409,2024,10,16,9164,219009,218.7375,218.7375,91
64283,2023,10,17,9164,219009,203.0625,230.1375,91
52908,2023,8,29,9164,219009,213.0375,213.0375,85
103547,2024,4,3,9164,219009,180.2625,210.1875,40
172346,2025,1,22,9164,219009,218.7375,218.7375,94
69196,2023,11,7,9164,219009,210.1875,210.1875,104
129740,2024,7,24,9164,219009,225.8625,225.8625,54
101933,2024,3,27,9164,219009,210.1875,210.1875,43
56160,2023,9,12,9164,219009,215.175,215.175,55
116655,2024,5,29,9164,219009,201.6375,201.6375,74
48020,2023,8,8,9164,219009,227.2875,227.2875,41
169068,2025,1,8,9164,219009,221.5875,221.5875,100
43118,2023,7,18,9164,219009,227.2875,227.2875,46
134654,2024,8,14,9164,219009,215.175,215.175,97
25116,2023,5,2,9164,219009,227.2875,227.2875,70
2242,2023,1,24,9164,219009,227.2875,227.2875,44
142848,2024,9,18,9164,219009,220.875,220.875,53
175592,2025,2,5,9164,219009,222.3,222.3,87
36567,2023,6,20,9164,219009,227.2875,227.2875,67
23478,2023,4,25,9164,219009,223.0125,223.0125,85
65919,2023,10,24,9164,219009,210.1875,210.1875,78
604,2023,1,17,9164,219009,221.5875,221.5875,66
