HW 3/homework3.csv
RECORD_ID,YEAR,MONTH,DAY,STORE_ID,SKU_ID,TOTAL_PRICE,BASE_PRICE,UNITS_SOLD
69328,2023,11,7,9279,219009,227.2875,227.2875,51
82435,2024,1,2,9279,219009,198.7875,198.7875,58
64416,2023,10,17,9279,219009,227.2875,227.2875,63
149542,2024,10,16,9279,219009,191.6625,191.6625,75
56292,2023,9,12,9279,219009,227.2875,227.2875,57
80794,2023,12,26,9279,219009,198.7875,198.7875,56
38335,2023,6,27,9279,219009,227.2875,227.2875,53
43250,2023,7,18,9279,219009,213.0375,213.0375,24
131509,2024,7,31,9279,219009,194.5125,194.5125,57
152824,2024,10,30,9279,219009,178.8375,178.8375,76
2372,2023,1,24,9279,219009,227.2875,227.2875,56
62788,2023,10,10,9279,219009,211.6125,211.6125,51
129873,2024,7,24,9279,219009,190.2375,190.2375,74
138062,2024,8,28,9279,219009,175.275,175.275,79
134786,2024,8,14,9279,219009,166.725,194.5125,75
18698,2023,4,4,9279,219009,227.2875,227.2875,55
15426,2023,3,21,9279,219009,219.45,219.45,42
23611,2023,4,25,9279,219009,227.2875,227.2875,48
147898,2024,10,9,9279,219009,191.6625,191.6625,72
146261,2024,10,2,9279,219009,141.7875,170.2875,162
35065,2023,6,13,9279,219009,227.2875,227.2875,53
174107,2025,1,29,9279,219009,180.975,180.975,89
105322,2024,4,10,9279,219009,198.7875,198.7875,80
121704,2024,6,19,9279,219009,194.5125,194.5125,52
57919,2023,9,19,9279,219009,227.2875,227.2875,68
142980,2024,9,18,9279,219009,167.4375,167.4375,63
77513,2023,12,12,9279,219009,193.8,193.8,65
85715,2024,1,16,9279,219009,194.5125,194.5125,77
87355,2024,1,23,9279,219009,198.7875,198.7875,95
108592,2024,4,24,9279,219009,194.5125,194.5125,68
26886,2023,5,9,9279,219009,141.7875,227.2875,207
20338,2023,4,11,9279,219009,227.2875,227.2875,61
95550,2024,2,27,9279,219009,198.7875,198.7875,77
141343,2024,9,11,9279,219009,171,171,59
84074,2024,1,9,9279,219009,198.7875,198.7875,100
7286,2023,2,14,9279,219009,118.275,227.2875,441
106959,2024,4,17,9279,219009,198.7875,198.7875,82
21974,2023,4,18,9279,219009,227.2875,227.2875,59
177349,2025,2,12,9279,219009,174.5625,174.5625,56
67690,2023,10,31,9279,219009,227.2875,227.2875,53
161024,2024,12,4,9279,219009,179.55,179.55,53
136424,2024,8,21,9279,219009,171.7125,194.5125,70
736,2023,1,17,9279,219009,227.2875,227.2875,58
110227,2024,5,1,9279,219009,198.7875,198.7875,59
123347,2024,6,26,9279,219009,194.5125,194.5125,53
28524,2023,5,16,9279,219009,186.675,227.2875,56
75873,2023,12,5,9279,219009,198.7875,198.7875,60
169201,2025,1,8,9279,219009,180.975,180.975,85
167575,2025,1,1,9279,219009,133.95,179.55,77
49786,2023,8,15,9279,219009,198.075,227.2875,68
70965,2023,11,14,9279,219009,210.1875,210.1875,82
61165,2023,10,3,9279,219009,125.4,222.3,364
46517,2023,8,1,9279,219009,227.2875,227.2875,39
159383,2024,11,27,9279,219009,191.6625,191.6625,82
44884,2023,7,25,9279,219009,227.2875,227.2875,36
41614,2023,7,11,9279,219009,227.2875,227.2875,63
162665,2024,12,11,9279,219009,161.025,179.55,311
13787,2023,3,14,9279,219009,221.5875,221.5875,58
74508,2023,11,28,9490,219029,312.7875,312.7875,20
159655,2024,11,27,9490,219029,312.7875,312.7875,17
108861,2024,4,24,9490,219029,312.7875,312.7875,27
117059,2024,5,29,9490,219029,312.7875,312.7875,27
51686,2023,8,22,9490,219029,312.7875,312.7875,22
20610,2023,4,11,9490,219029,294.2625,294.2625,25
69599,2023,11,7,9490,219029,312.7875,312.7875,21
135057,2024,8,14,9490,219029,187.3875,312.7875,67
12431,2023,3,7,9490,219029,312.7875,312.7875,23
162937,2024,12,11,9490,219029,312.7875,312.7875,18
126882,2024,7,10,9490,219029,181.6875,312.7875,85
92538,2024,2,13,9490,219029,304.95,304.95,15
174372,2025,1,29,9490,219029,312.7875,312.7875,17
100727,2024,3,20,9490,219029,312.7875,312.7875,26
32063,2023,5,30,9490,219029,290.7,290.7,20
153094,2024,10,30,9490,219029,301.3875,301.3875,20
125253,2024,7,3,9490,219029,177.4125,312.7875,111
2643,2023,1,24,9490,219029,312.7875,312.7875,4
17337,2023,3,28,9490,219029,312.7875,312.7875,16
66322,2023,10,24,9490,219029,312.7875,312.7875,21
50056,2023,8,15,9490,219029,312.7875,312.7875,22
123619,2024,6,26,9490,219029,312.7875,312.7875,26
56561,2023,9,12,9490,219029,312.7875,312.7875,9
121976,2024,6,19,9490,219029,312.7875,312.7875,38
89267,2024,1,30,9490,219029,312.7875,312.7875,24
115420,2024,5,22,9490,219029,312.7875,312.7875,20
133416,2024,8,7,9490,219029,161.025,312.7875,210
149812,2024,10,16,9490,219029,312.7875,312.7875,23
77785,2023,12,12,9490,219029,312.7875,312.7875,26
146533,2024,10,2,9490,219029,312.7875,312.7875,13
85987,2024,1,16,9490,219029,312.7875,312.7875,22
4282,2023,1,31,9490,219029,312.7875,312.7875,7
141613,2024,9,11,9490,219029,312.7875,312.7875,16
102330,2024,3,27,9490,219029,312.7875,312.7875,26
156377,2024,11,13,9490,219029,257.2125,312.7875,20
71237,2023,11,14,9490,219029,312.7875,312.7875,13
148170,2024,10,9,9490,219029,312.7875,312.7875,15
128506,2024,7,17,9490,219029,312.7875,312.7875,22
131778,2024,7,31,9490,219029,312.7875,312.7875,21
87625,2024,1,23,9490,219029,312.7875,312.7875,7
48421,2023,8,8,9490,219029,312.7875,312.7875,15
139974,2024,9,4,9490,219029,312.7875,312.7875,28
164580,2024,12,18,9490,219029,312.7875,312.7875,20
143250,2024,9,18,9490,219029,312.7875,312.7875,17
30428,2023,5,23,9490,219029,312.7875,312.7875,25
38607,2023,6,27,9490,219029,312.7875,312.7875,23
76145,2023,12,5,9490,219029,312.7875,312.7875,15
23881,2023,4,25,9490,219029,312.7875,312.7875,21
105593,2024,4,10,9490,219029,312.7875,312.7875,21
118695,2024,6,5,9490,219029,312.7875,312.7875,25
54938,2023,9,5,9490,219029,312.7875,312.7875,20
103952,2024,4,3,9490,219029,312.7875,312.7875,22
169471,2025,1,8,9490,219029,312.7875,312.7875,21
177620,2025,2,12,9490,219029,312.7875,312.7875,21
45155,2023,7,25,9490,219029,312.7875,312.7875,14
107227,2024,4,17,9490,219029,312.7875,312.7875,14
58189,2023,9,19,9490,219029,312.7875,312.7875,20
136696,2024,8,21,9490,219029,312.7875,312.7875,48
72874,2023,11,21,9490,219029,312.7875,312.7875,17
97463,2024,3,6,9490,219029,312.7875,312.7875,20
118527,2024,6,5,9430,219009,193.8,220.875,33
69430,2023,11,7,9430,219009,210.1875,210.1875,49
120165,2024,6,12,9430,219009,218.025,218.025,44
167676,2025,1,1,9430,219009,132.525,222.3,315
133248,2024,8,7,9430,219009,225.8625,225.8625,56
108693,2024,4,24,9430,219009,197.3625,235.125,57
838,2023,1,17,9430,219009,219.45,219.45,73
67791,2023,10,31,9430,219009,205.2,205.2,65
64517,2023,10,17,9430,219009,210.1875,210.1875,92
66154,2023,10,24,9430,219009,204.4875,204.4875,67
125086,2024,7,3,9430,219009,225.8625,225.8625,55
35166,2023,6,13,9430,219009,212.325,212.325,69
159485,2024,11,27,9430,219009,211.6125,211.6125,97
129975,2024,7,24,9430,219009,209.475,209.475,75
28626,2023,5,16,9430,219009,223.725,223.725,68
113611,2024,5,15,9430,219009,233.7,233.7,90
40076,2023,7,4,9430,219009,220.875,220.875,51
116890,2024,5,29,9430,219009,220.875,220.875,61
59648,2023,9,26,9430,219009,229.425,229.425,67
138164,2024,8,28,9430,219009,146.0625,204.4875,123
174209,2025,1,29,9430,219009,222.3,222.3,85
58021,2023,9,19,9430,219009,225.8625,225.8625,81
164410,2024,12,18,9430,219009,163.1625,222.3,327
54771,2023,9,5,9430,219009,195.225,225.15,76
98933,2024,3,13,9430,219009,241.5375,241.5375,48
139804,2024,9,4,9430,219009,138.225,204.4875,149
44986,2023,7,25,9430,219009,221.5875,221.5875,59
33527,2023,6,6,9430,219009,220.875,220.875,64
162767,2024,12,11,9430,219009,162.45,222.3,404
146363,2024,10,2,9430,219009,141.075,218.025,268
148000,2024,10,9,9430,219009,217.3125,217.3125,71
144721,2024,9,25,9430,219009,218.025,218.025,81
56394,2023,9,12,9430,219009,220.875,220.875,80
89097,2024,1,30,9430,219009,210.1875,210.1875,75
177451,2025,2,12,9430,219009,214.4625,214.4625,95
121806,2024,6,19,9430,219009,221.5875,221.5875,88
94011,2024,2,20,9430,219009,230.85,230.85,143
25350,2023,5,2,9430,219009,227.2875,227.2875,60
141445,2024,9,11,9430,219009,217.3125,217.3125,59
62889,2023,10,10,9430,219009,206.625,206.625,94
53143,2023,8,29,9430,219009,225.15,225.15,76
71067,2023,11,14,9430,219009,206.625,206.625,87
110329,2024,5,1,9430,219009,237.2625,237.2625,86
61267,2023,10,3,9430,219009,126.1125,229.425,301
126717,2024,7,10,9430,219009,225.8625,225.8625,68
26987,2023,5,9,9430,219009,142.5,227.2875,250
79257,2023,12,19,9430,219009,210.1875,210.1875,82
41716,2023,7,11,9430,219009,219.45,219.45,89
75975,2023,12,5,9430,219009,206.625,206.625,81
31893,2023,5,30,9430,219009,210.9,210.9,65
92370,2024,2,13,9430,219009,225.8625,225.8625,72
105424,2024,4,10,9430,219009,235.125,235.125,54
157843,2024,11,20,9430,219009,208.7625,208.7625,33
22074,2023,4,18,9430,219009,220.875,220.875,54
7388,2023,2,14,9430,219009,118.275,227.2875,894
170938,2025,1,15,9430,219009,221.5875,221.5875,129
123449,2024,6,26,9430,219009,220.1625,220.1625,58
99745,2024,3,20,8091,219029,327.0375,327.0375,12
173389,2025,1,29,8091,219029,327.0375,327.0375,44
21252,2023,4,18,8091,219029,327.0375,327.0375,43
49060,2023,8,15,8091,219029,327.0375,327.0375,52
65328,2023,10,24,8091,219029,327.0375,327.0375,49
124260,2024,7,3,8091,219029,203.775,327.0375,86
29437,2023,5,23,8091,219029,327.0375,327.0375,22
75149,2023,12,5,8091,219029,327.0375,327.0375,29
27799,2023,5,16,8091,219029,327.0375,327.0375,39
109504,2024,5,1,8091,219029,327.0375,327.0375,51
122620,2024,6,26,8091,219029,327.0375,327.0375,36
40888,2023,7,11,8091,219029,203.0625,327.0375,123
44164,2023,7,25,8091,219029,327.0375,327.0375,48
89911,2024,2,6,8091,219029,327.0375,327.0375,23
50694,2023,8,22,8091,219029,327.0375,327.0375,43
143894,2024,9,25,8091,219029,327.0375,327.0375,41
98104,2024,3,13,8091,219029,327.0375,327.0375,28
114423,2024,5,22,8091,219029,327.0375,327.0375,45
13063,2023,3,14,8091,219029,327.0375,327.0375,23
140618,2024,9,11,8091,219029,327.0375,327.0375,34
19614,2023,4,11,8091,219029,327.0375,327.0375,25
152099,2024,10,30,8091,219029,327.0375,327.0375,49
148815,2024,10,16,8091,219029,327.0375,327.0375,40
130784,2024,7,31,8091,219029,327.0375,327.0375,48
104597,2024,4,10,8091,219029,327.0375,327.0375,52
22884,2023,4,25,8091,219029,327.0375,327.0375,39
45794,2023,8,1,8091,219029,327.0375,327.0375,52
76787,2023,12,12,8091,219029,327.0375,327.0375,23
102958,2024,4,3,8091,219029,327.0375,327.0375,39
165223,2024,12,25,8091,219029,327.0375,327.0375,37
163581,2024,12,18,8091,219029,327.0375,327.0375,35
155378,2024,11,13,8091,219029,327.0375,327.0375,36
62074,2023,10,10,8091,219029,327.0375,327.0375,46
88270,2024,1,30,8091,219029,327.0375,327.0375,43
101350,2024,3,27,8091,219029,327.0375,327.0375,30
26161,2023,5,9,8091,219029,327.0375,327.0375,45
63692,2023,10,17,8091,219029,327.0375,327.0375,47
137339,2024,8,28,8091,219029,327.0375,327.0375,26
145536,2024,10,2,8091,219029,327.0375,327.0375,52
91543,2024,2,13,8091,219029,327.0375,327.0375,29
157021,2024,11,20,8091,219029,327.0375,327.0375,5
142256,2024,9,18,8091,219029,327.0375,327.0375,26
1650,2023,1,24,8091,219029,327.0375,327.0375,34
80070,2023,12,26,8091,219029,327.0375,327.0375,27
57197,2023,9,19,8091,219029,327.0375,327.0375,39
9836,2023,2,28,8091,219029,327.0375,327.0375,40
117702,2024,6,5,8091,219029,327.0375,327.0375,37
125893,2024,7,10,8091,219029,185.25,327.0375,116
14700,2023,3,21,8091,219029,327.0375,327.0375,23
120978,2024,6,19,8091,219029,327.0375,327.0375,32
17978,2023,4,4,8091,219029,327.0375,327.0375,38
55571,2023,9,12,8091,219029,327.0375,327.0375,13
160300,2024,12,4,8091,219029,327.0375,327.0375,41
150457,2024,10,23,8091,219029,327.0375,327.0375,21
47427,2023,8,8,8091,219029,327.0375,327.0375,55
127518,2024,7,17,8091,219029,269.325,327.0375,47
71878,2023,11,21,8091,219029,327.0375,327.0375,36
32703,2023,6,6,8091,219029,327.0375,327.0375,33
168476,2025,1,8,8091,219029,327.0375,327.0375,27
29048,2023,5,16,9745,219029,327.0375,327.0375,39
156629,2024,11,13,9745,219029,327.0375,327.0375,60
32314,2023,5,30,9745,219029,327.0375,327.0375,41
1260,2023,1,17,9745,219029,314.2125,314.2125,35
136947,2024,8,21,9745,219029,302.8125,302.8125,30
66573,2023,10,24,9745,219029,327.0375,327.0375,32
158264,2024,11,20,9745,219029,327.0375,327.0375,20
161546,2024,12,4,9745,219029,327.0375,327.0375,24
118946,2024,6,5,9745,219029,327.0375,327.0375,38
48671,2023,8,8,9745,219029,327.0375,327.0375,28
24133,2023,4,25,9745,219029,315.6375,315.6375,43
91154,2024,2,6,9745,219029,327.0375,327.0375,70
176239,2025,2,5,9745,219029,327.0375,327.0375,25
51935,2023,8,22,9745,219029,320.625,320.625,53
22494,2023,4,18,9745,219029,327.0375,327.0375,40
82956,2024,1,2,9745,219029,327.0375,327.0375,33
25770,2023,5,2,9745,219029,327.0375,327.0375,49
171360,2025,1,15,9745,219029,327.0375,327.0375,55
96074,2024,2,27,9745,219029,190.2375,327.0375,222
55184,2023,9,5,9745,219029,327.0375,327.0375,35
53558,2023,8,29,9745,219029,312.075,312.075,32
166472,2024,12,25,9745,219029,327.0375,327.0375,27
7808,2023,2,14,9745,219029,178.125,327.0375,231
120585,2024,6,12,9745,219029,327.0375,327.0375,56
135306,2024,8,14,9745,219029,172.425,327.0375,469
74757,2023,11,28,9745,219029,327.0375,327.0375,48
38858,2023,6,27,9745,219029,319.2,319.2,32
73124,2023,11,21,9745,219029,327.0375,327.0375,51
6169,2023,2,7,9745,219029,327.0375,327.0375,50
56806,2023,9,12,9745,219029,327.0375,327.0375,8
33949,2023,6,6,9745,219029,313.5,313.5,36
140225,2024,9,4,9745,219029,327.0375,327.0375,43
150064,2024,10,16,9745,219029,327.0375,327.0375,34
138586,2024,8,28,9745,219029,327.0375,327.0375,32
71488,2023,11,14,9745,219029,327.0375,327.0375,54
89519,2024,1,30,9745,219029,327.0375,327.0375,44
4532,2023,1,31,9745,219029,327.0375,327.0375,44
104204,2024,4,3,9745,219029,327.0375,327.0375,43
100971,2024,3,20,9745,219029,327.0375,327.0375,13
60060,2023,9,26,9745,219029,325.6125,325.6125,59
92790,2024,2,13,9745,219029,327.0375,327.0375,56
14309,2023,3,14,9745,219029,297.1125,297.1125,48
143502,2024,9,18,9745,219029,327.0375,327.0375,40
94432,2024,2,20,9745,219029,188.8125,327.0375,215
84597,2024,1,9,9745,219029,327.0375,327.0375,42
125503,2024,7,3,9745,219029,177.4125,327.0375,121
115672,2024,5,22,9745,219029,327.0375,327.0375,34
27408,2023,5,9,9745,219029,327.0375,327.0375,48
11059,2023,2,28,9745,219029,302.1,302.1,52
12675,2023,3,7,9745,219029,277.1625,277.1625,54
40495,2023,7,4,9745,219029,175.9875,319.2,278
99353,2024,3,13,9745,219029,327.0375,327.0375,36
127129,2024,7,10,9745,219029,178.125,327.0375,137
163188,2024,12,11,9745,219029,327.0375,327.0375,35
81317,2023,12,26,9745,219029,327.0375,327.0375,46
78037,2023,12,12,9745,219029,327.0375,327.0375,39
19850,2023,4,11,8319,219029,312.7875,312.7875,43
60683,2023,10,3,8319,219029,312.7875,312.7875,18
150693,2024,10,23,8319,219029,312.7875,312.7875,9
1885,2023,1,24,8319,219029,312.7875,312.7875,31
88506,2024,1,30,8319,219029,312.7875,312.7875,13
10068,2023,2,28,8319,219029,312.7875,312.7875,19
6798,2023,2,14,8319,219029,191.6625,312.7875,53
29670,2023,5,23,8319,219029,312.7875,312.7875,12
47662,2023,8,8,8319,219029,312.7875,312.7875,39
50930,2023,8,22,8319,219029,312.7875,312.7875,28
86867,2024,1,23,8319,219029,312.7875,312.7875,7
162174,2024,12,11,8319,219029,312.7875,312.7875,23
73748,2023,11,28,8319,219029,312.7875,312.7875,12
49296,2023,8,15,8319,219029,312.7875,312.7875,17
96701,2024,3,6,8319,219029,312.7875,312.7875,29
171989,2025,1,22,8319,219029,312.7875,312.7875,24
119573,2024,6,12,8319,219029,312.7875,312.7875,18
158892,2024,11,27,8319,219029,312.7875,312.7875,17
114659,2024,5,22,8319,219029,312.7875,312.7875,10
57433,2023,9,19,8319,219029,312.7875,312.7875,12
85225,2024,1,16,8319,219029,312.7875,312.7875,19
140854,2024,9,11,8319,219029,313.5,313.5,26
36209,2023,6,20,8319,219029,312.7875,312.7875,20
55804,2023,9,12,8319,219029,312.7875,312.7875,12
127750,2024,7,17,8319,219029,312.7875,312.7875,23
52558,2023,8,29,8319,219029,298.5375,298.5375,14
116299,2024,5,29,8319,219029,312.7875,312.7875,4
65564,2023,10,24,8319,219029,312.7875,312.7875,13
176860,2025,2,12,8319,219029,312.7875,312.7875,21
62302,2023,10,10,8319,219029,312.7875,312.7875,34
98340,2024,3,13,8319,219029,312.7875,312.7875,18
149051,2024,10,16,8319,219029,312.7875,312.7875,9
72114,2023,11,21,8319,219029,312.7875,312.7875,12
90147,2024,2,6,8319,219029,312.7875,312.7875,29
31302,2023,5,30,8319,219029,312.7875,312.7875,12
3522,2023,1,31,8319,219029,312.7875,312.7875,24
91779,2024,2,13,8319,219029,312.7875,312.7875,17
139213,2024,9,4,8319,219029,312.7875,312.7875,21
23120,2023,4,25,8319,219029,312.7875,312.7875,17
111378,2024,5,8,8319,219029,312.7875,312.7875,36
121214,2024,6,19,8319,219029,312.7875,312.7875,13
137575,2024,8,28,8319,219029,312.7875,312.7875,25
8436,2023,2,21,8319,219029,225.15,312.7875,24
54181,2023,9,5,8319,219029,312.7875,312.7875,24
126127,2024,7,10,8319,219029,191.6625,293.55,59
67201,2023,10,31,8319,219029,312.7875,312.7875,23
168712,2025,1,8,8319,219029,312.7875,312.7875,37
153974,2024,11,6,8319,219029,312.7875,312.7875,15
95061,2024,2,27,8319,219029,197.3625,312.7875,59
175241,2025,2,5,8319,219029,312.7875,312.7875,31
173623,2025,1,29,8319,219029,312.7875,312.7875,7
129382,2024,7,24,8319,219029,312.7875,312.7875,17
13298,2023,3,14,8319,219029,312.7875,312.7875,22
