HW 3/homework3.csv
RECORD_ID,YEAR,MONTH,DAY,STORE_ID,SKU_ID,TOTAL_PRICE,BASE_PRICE,UNITS_SOLD
147982,2024,10,9,9442,219009,222.3,222.3,36
82519,2024,1,2,9442,219009,210.1875,210.1875,20
28608,2023,5,16,9442,219009,219.45,219.45,65
139786,2024,9,4,9442,219009,141.075,213.75,38
134869,2024,8,14,9442,219009,193.0875,225.8625,39
77597,2023,12,12,9442,219009,203.775,203.775,45
15510,2023,3,21,9442,219009,207.3375,207.3375,36
174191,2025,1,29,9442,219009,222.3,222.3,46
175806,2025,2,5,9442,219009,222.3,222.3,32
56376,2023,9,12,9442,219009,234.4125,234.4125,35
118509,2024,6,5,9442,219009,225.8625,225.8625,38
31875,2023,5,30,9442,219009,208.7625,208.7625,35
149625,2024,10,16,9442,219009,214.4625,214.4625,38
169285,2025,1,8,9442,219009,222.3,222.3,40
59630,2023,9,26,9442,219009,208.05,234.4125,40
95634,2024,2,27,9442,219009,198.075,198.075,52
43334,2023,7,18,9442,219009,227.2875,227.2875,20
64499,2023,10,17,9442,219009,210.1875,234.4125,38
123431,2024,6,26,9442,219009,225.8625,225.8625,35
67773,2023,10,31,9442,219009,210.1875,234.4125,32
133230,2024,8,7,9442,219009,225.8625,225.8625,38
152907,2024,10,30,9442,219009,178.125,222.3,69
108675,2024,4,24,9442,219009,190.2375,190.2375,30
7370,2023,2,14,9442,219009,118.275,227.2875,377
62871,2023,10,10,9442,219009,198.7875,234.4125,36
102144,2024,3,27,9442,219009,198.7875,198.7875,27
53125,2023,8,29,9442,219009,209.475,209.475,42
85799,2024,1,16,9442,219009,202.35,202.35,36
18782,2023,4,4,9442,219009,218.7375,218.7375,42
61249,2023,10,3,9442,219009,126.1125,234.4125,320
26970,2023,5,9,9442,219009,142.5,215.8875,193
93993,2024,2,20,9442,219009,148.2,203.0625,51
121788,2024,6,19,9442,219009,219.45,219.45,53
38419,2023,6,27,9442,219009,217.3125,217.3125,33
66136,2023,10,24,9442,219009,210.1875,234.4125,18
159467,2024,11,27,9442,219009,215.8875,215.8875,53
110311,2024,5,1,9442,219009,210.1875,210.1875,32
115232,2024,5,22,9442,219009,176.7,204.4875,58
33509,2023,6,6,9442,219009,196.65,196.65,34
164392,2024,12,18,9442,219009,161.7375,208.05,172
90716,2024,2,6,9442,219009,210.1875,210.1875,42
103764,2024,4,3,9442,219009,193.8,193.8,18
75957,2023,12,5,9442,219009,210.1875,210.1875,31
154545,2024,11,6,9442,219009,175.9875,222.3,70
143064,2024,9,18,9442,219009,222.3,222.3,32
51501,2023,8,22,9442,219009,219.45,219.45,48
111952,2024,5,8,9442,219009,210.1875,210.1875,31
10631,2023,2,28,9442,219009,113.2875,227.2875,274
177433,2025,2,12,9442,219009,180.975,222.3,25
46601,2023,8,1,9442,219009,227.2875,227.2875,15
131954,2024,7,31,9680,219029,295.6875,295.6875,15
166396,2024,12,25,9680,219029,295.6875,295.6875,13
136871,2024,8,21,9680,219029,295.6875,295.6875,16
109037,2024,4,24,9680,219029,295.6875,295.6875,9
76321,2023,12,5,9680,219029,295.6875,295.6875,15
123793,2024,6,26,9680,219029,262.2,295.6875,20
9371,2023,2,21,9680,219029,198.7875,295.6875,36
35508,2023,6,13,9680,219029,295.6875,295.6875,25
6093,2023,2,7,9680,219029,295.6875,295.6875,13
58361,2023,9,19,9680,219029,295.6875,295.6875,23
32239,2023,5,30,9680,219029,295.6875,295.6875,15
56731,2023,9,12,9680,219029,295.6875,295.6875,9
74684,2023,11,28,9680,219029,295.6875,295.6875,18
105768,2024,4,10,9680,219029,295.6875,295.6875,16
14233,2023,3,14,9680,219029,295.6875,295.6875,12
89443,2024,1,30,9680,219029,295.6875,295.6875,7
48595,2023,8,8,9680,219029,295.6875,295.6875,26
112315,2024,5,8,9680,219029,295.6875,295.6875,16
141788,2024,9,11,9680,219029,295.6875,295.6875,25
110675,2024,5,1,9680,219029,295.6875,295.6875,10
37142,2023,6,20,9680,219029,295.6875,295.6875,16
164756,2024,12,18,9680,219029,295.6875,295.6875,12
168016,2025,1,1,9680,219029,295.6875,295.6875,12
174545,2025,1,29,9680,219029,295.6875,295.6875,38
177795,2025,2,12,9680,219029,295.6875,295.6875,18
128680,2024,7,17,9680,219029,184.5375,295.6875,48
51860,2023,8,22,9680,219029,295.6875,295.6875,20
30602,2023,5,23,9680,219029,295.6875,295.6875,18
86162,2024,1,16,9680,219029,295.6875,295.6875,12
12601,2023,3,7,9680,219029,295.6875,295.6875,20
4457,2023,1,31,9680,219029,295.6875,295.6875,10
176167,2025,2,5,9680,219029,295.6875,295.6875,37
113955,2024,5,15,9680,219029,295.6875,295.6875,12
172926,2025,1,22,9680,219029,295.6875,295.6875,10
81241,2023,12,26,9680,219029,295.6875,295.6875,15
153269,2024,10,30,9680,219029,295.6875,295.6875,17
87801,2024,1,23,9680,219029,295.6875,295.6875,7
159831,2024,11,27,9680,219029,295.6875,295.6875,11
68135,2023,10,31,9680,219029,295.6875,295.6875,23
84521,2024,1,9,9680,219029,295.6875,295.6875,14
28972,2023,5,16,9680,219029,295.6875,295.6875,20
169646,2025,1,8,9680,219029,295.6875,295.6875,27
104128,2024,4,3,9680,219029,295.6875,295.6875,5
22419,2023,4,18,9680,219029,295.6875,295.6875,27
127055,2024,7,10,9680,219029,192.375,295.6875,54
138510,2024,8,28,9680,219029,295.6875,295.6875,19
15874,2023,3,21,9680,219029,295.6875,295.6875,5
151632,2024,10,23,9680,219029,295.6875,295.6875,17
143426,2024,9,18,9680,219029,295.6875,295.6875,11
71413,2023,11,14,9680,219029,295.6875,295.6875,16
66498,2023,10,24,9680,219029,295.6875,295.6875,17
59987,2023,9,26,9680,219029,295.6875,295.6875,18
94356,2024,2,20,9680,219029,191.6625,295.6875,50
156553,2024,11,13,9680,219029,295.6875,295.6875,23
40420,2023,7,4,9680,219029,194.5125,295.6875,80
115596,2024,5,22,9680,219029,295.6875,295.6875,14
97637,2024,3,6,9680,219029,295.6875,295.6875,29
154909,2024,11,6,9680,219029,295.6875,295.6875,21
133592,2024,8,7,9680,219029,156.75,295.6875,179
160038,2024,11,27,9809,219009,210.9,210.9,59
123999,2024,6,26,9809,219009,202.35,225.8625,28
161676,2024,12,4,9809,219009,212.325,212.325,34
145274,2024,9,25,9809,219009,222.3,222.3,45
168220,2025,1,1,9809,219009,133.95,212.325,364
132159,2024,7,31,9809,219009,225.8625,225.8625,43
14439,2023,3,14,9809,219009,187.3875,221.5875,82
74887,2023,11,28,9809,219009,208.7625,208.7625,85
76526,2023,12,5,9809,219009,196.65,196.65,49
119077,2024,6,5,9809,219009,225.8625,225.8625,21
22623,2023,4,18,9809,219009,227.2875,227.2875,49
164961,2024,12,18,9809,219009,162.45,212.325,448
19352,2023,4,4,9809,219009,221.5875,221.5875,60
133799,2024,8,7,9809,219009,225.8625,225.8625,42
12805,2023,3,7,9809,219009,120.4125,221.5875,51
47169,2023,8,1,9809,219009,227.2875,227.2875,14
146915,2024,10,2,9809,219009,141.075,222.3,208
110882,2024,5,1,9809,219009,210.1875,210.1875,40
84728,2024,1,9,9809,219009,210.1875,210.1875,75
45535,2023,7,25,9809,219009,227.2875,227.2875,15
11189,2023,2,28,9809,219009,116.85,221.5875,497
127260,2024,7,10,9809,219009,225.8625,225.8625,53
155116,2024,11,6,9809,219009,178.125,219.45,54
125633,2024,7,3,9809,219009,215.175,215.175,32
30807,2023,5,23,9809,219009,187.3875,227.2875,52
52066,2023,8,22,9809,219009,165.3,220.875,40
102701,2024,3,27,9809,219009,210.1875,210.1875,22
48800,2023,8,8,9809,219009,227.2875,227.2875,21
171491,2025,1,15,9809,219009,222.3,222.3,87
63433,2023,10,10,9809,219009,200.2125,200.2125,59
20990,2023,4,11,9809,219009,212.325,212.325,47
97844,2024,3,6,9809,219009,203.775,203.775,50
105974,2024,4,10,9809,219009,198.075,198.075,52
65066,2023,10,17,9809,219009,210.1875,210.1875,49
58566,2023,9,19,9809,219009,212.325,212.325,50
89649,2024,1,30,9809,219009,210.1875,210.1875,80
94563,2024,2,20,9809,219009,171,205.9125,66
7939,2023,2,14,9809,219009,118.9875,221.5875,1016
153476,2024,10,30,9809,219009,178.125,219.45,118
91282,2024,2,6,9809,219009,210.1875,210.1875,34
138716,2024,8,28,9809,219009,156.0375,213.75,31
71616,2023,11,14,9809,219009,202.35,202.35,84
25900,2023,5,2,9809,219009,227.2875,227.2875,56
150195,2024,10,16,9809,219009,222.3,219.45,72
50434,2023,8,15,9809,219009,220.875,220.875,55
156760,2024,11,13,9809,219009,222.3,222.3,84
56936,2023,9,12,9809,219009,213.75,213.75,52
173133,2025,1,22,9809,219009,222.3,222.3,49
143632,2024,9,18,9809,219009,222.3,222.3,34
163319,2024,12,11,9809,219009,163.1625,212.325,465
42266,2023,7,11,9809,219009,221.5875,221.5875,59
101097,2024,3,20,9809,219009,210.1875,210.1875,4
112522,2024,5,8,9809,219009,210.1875,210.1875,59
79808,2023,12,19,9809,219009,203.0625,203.0625,47
166603,2024,12,25,9809,219009,133.95,212.325,573
34080,2023,6,6,9809,219009,227.2875,227.2875,38
174749,2025,1,29,9809,219009,222.3,222.3,71
92921,2024,2,13,9809,219009,205.9125,205.9125,77
137077,2024,8,21,9809,219009,213.75,213.75,39
29178,2023,5,16,9809,219009,193.8,227.2875,39
72214,2023,11,21,8438,219009,175.9875,220.875,757
80404,2023,12,26,8438,219009,188.8125,220.875,79
106571,2024,4,17,8438,219009,198.7875,198.7875,133
13397,2023,3,14,8438,219009,212.325,212.325,122
36309,2023,6,20,8438,219009,219.45,219.45,94
90247,2024,2,6,8438,219009,198.7875,198.7875,134
119673,2024,6,12,8438,219009,193.0875,193.0875,93
163917,2024,12,18,8438,219009,162.45,195.225,398
142590,2024,9,18,8438,219009,186.675,186.675,92
108202,2024,4,24,8438,219009,198.7875,198.7875,141
111478,2024,5,8,8438,219009,198.7875,198.7875,105
8536,2023,2,21,8438,219009,116.1375,227.2875,456
86967,2024,1,23,8438,219009,185.25,185.25,137
42862,2023,7,18,8438,219009,223.0125,223.0125,80
157354,2024,11,20,8438,219009,195.225,195.225,85
3622,2023,1,31,8438,219009,227.2875,227.2875,112
101680,2024,3,27,8438,219009,191.6625,191.6625,72
16677,2023,3,28,8438,219009,220.1625,220.1625,89
18312,2023,4,4,8438,219009,223.725,223.725,100
11779,2023,3,7,8438,219009,114.7125,227.2875,229
346,2023,1,17,8438,219009,224.4375,224.4375,109
62402,2023,10,10,8438,219009,202.35,202.35,101
172088,2025,1,22,8438,219009,191.6625,191.6625,84
137675,2024,8,28,8438,219009,186.675,186.675,98
34676,2023,6,13,8438,219009,220.1625,220.1625,93
75484,2023,12,5,8438,219009,195.9375,220.875,101
77123,2023,12,12,8438,219009,192.375,220.875,131
173722,2025,1,29,8438,219009,195.225,195.225,112
95161,2024,2,27,8438,219009,187.3875,187.3875,161
52656,2023,8,29,8438,219009,206.625,206.625,92
104933,2024,4,10,8438,219009,189.525,189.525,95
51030,2023,8,22,8438,219009,215.8875,215.8875,146
91879,2024,2,13,8438,219009,188.1,188.1,123
93519,2024,2,20,8438,219009,193.8,193.8,116
98440,2024,3,13,8438,219009,190.95,190.95,117
165559,2024,12,25,8438,219009,133.95,195.225,439
67301,2023,10,31,8438,219009,223.0125,223.0125,89
176960,2025,2,12,8438,219009,195.225,195.225,126
15036,2023,3,21,8438,219009,219.45,219.45,87
21585,2023,4,18,8438,219009,224.4375,224.4375,98
24859,2023,5,2,8438,219009,227.2875,227.2875,93
131118,2024,7,31,8438,219009,198.7875,198.7875,129
6898,2023,2,14,8438,219009,117.5625,227.2875,875
132756,2024,8,7,8438,219009,198.7875,198.7875,144
116398,2024,5,29,8438,219009,198.7875,198.7875,109
121314,2024,6,19,8438,219009,198.7875,198.7875,107
147510,2024,10,9,8438,219009,194.5125,194.5125,131
129482,2024,7,24,8438,219009,198.7875,198.7875,120
134396,2024,8,14,8438,219009,187.3875,187.3875,123
136034,2024,8,21,8438,219009,195.225,195.225,106
114759,2024,5,22,8438,219009,193.8,193.8,105
83684,2024,1,9,8438,219009,198.7875,198.7875,118
167192,2025,1,1,8438,219009,132.525,195.225,156
96801,2024,3,6,8438,219009,192.375,192.375,144
59161,2023,9,26,8438,219009,217.3125,217.3125,102
88606,2024,1,30,8438,219009,198.7875,198.7875,128
113120,2024,5,15,8438,219009,186.675,186.675,94
29768,2023,5,23,8438,219009,198.7875,227.2875,88
150793,2024,10,23,8438,219009,191.6625,191.6625,130
68940,2023,11,7,8438,219009,227.2875,227.2875,82
78764,2023,12,19,8438,219009,193.8,220.875,116
127562,2024,7,17,8094,219029,307.0875,307.0875,34
122664,2024,6,26,8094,219029,312.7875,312.7875,21
145580,2024,10,2,8094,219029,312.7875,312.7875,30
165267,2024,12,25,8094,219029,302.1,302.1,23
70283,2023,11,14,8094,219029,295.6875,295.6875,25
171797,2025,1,22,8094,219029,312.7875,312.7875,36
158701,2024,11,27,8094,219029,312.7875,312.7875,27
63735,2023,10,17,8094,219029,312.7875,312.7875,48
89955,2024,2,6,8094,219029,312.7875,312.7875,42
55614,2023,9,12,8094,219029,312.7875,312.7875,29
39294,2023,7,4,8094,219029,180.2625,312.7875,140
14744,2023,3,21,8094,219029,312.7875,312.7875,31
27843,2023,5,16,8094,219029,312.7875,312.7875,21
170155,2025,1,15,8094,219029,312.7875,312.7875,28
109548,2024,5,1,8094,219029,312.7875,312.7875,45
132465,2024,8,7,8094,219029,171,312.7875,219
175049,2025,2,5,8094,219029,312.7875,312.7875,43
176669,2025,2,12,8094,219029,312.7875,312.7875,27
104641,2024,4,10,8094,219029,312.7875,312.7875,47
111187,2024,5,8,8094,219029,312.7875,312.7875,40
62115,2023,10,10,8094,219029,312.7875,312.7875,33
75193,2023,12,5,8094,219029,312.7875,312.7875,33
114467,2024,5,22,8094,219029,312.7875,312.7875,36
119382,2024,6,12,8094,219029,312.7875,312.7875,30
121022,2024,6,19,8094,219029,312.7875,312.7875,49
54,2023,1,17,8094,219029,312.7875,312.7875,49
93227,2024,2,20,8094,219029,193.0875,294.975,111
106280,2024,4,17,8094,219029,312.7875,312.7875,38
71922,2023,11,21,8094,219029,312.7875,312.7875,44
140662,2024,9,11,8094,219029,312.7875,312.7875,29
116108,2024,5,29,8094,219029,312.7875,312.7875,36
34385,2023,6,13,8094,219029,312.7875,312.7875,28
125937,2024,7,10,8094,219029,183.825,312.7875,125
83392,2024,1,9,8094,219029,312.7875,312.7875,43
9878,2023,2,28,8094,219029,302.1,302.1,43
3330,2023,1,31,8094,219029,312.7875,312.7875,35
24567,2023,5,2,8094,219029,312.7875,312.7875,50
160344,2024,12,4,8094,219029,312.7875,312.7875,31
85034,2024,1,16,8094,219029,312.7875,312.7875,54
42571,2023,7,18,8094,219029,312.7875,312.7875,37
143938,2024,9,25,8094,219029,304.95,304.95,31
147221,2024,10,9,8094,219029,312.7875,312.7875,43
153782,2024,11,6,8094,219029,312.7875,312.7875,27
36017,2023,6,20,8094,219029,312.7875,312.7875,29
16386,2023,3,28,8094,219029,312.7875,312.7875,34
148859,2024,10,16,8094,219029,312.7875,312.7875,39
80114,2023,12,26,8094,219029,312.7875,312.7875,35
57241,2023,9,19,8094,219029,312.7875,312.7875,29
134105,2024,8,14,8094,219029,166.725,312.7875,47
65372,2023,10,24,8094,219029,312.7875,312.7875,20
29481,2023,5,23,8094,219029,312.7875,312.7875,25
31110,2023,5,30,8094,219029,312.7875,312.7875,36
139021,2024,9,4,8094,219029,312.7875,312.7875,23
78473,2023,12,19,8094,219029,312.7875,312.7875,28
129190,2024,7,24,8094,219029,312.7875,312.7875,36
112160,2024,5,8,9498,219029,312.7875,312.7875,36
35354,2023,6,13,9498,219029,312.7875,312.7875,33
121997,2024,6,19,9498,219029,317.775,317.775,18
64707,2023,10,17,9498,219029,312.7875,312.7875,58
56581,2023,9,12,9498,219029,312.7875,312.7875,34
50076,2023,8,15,9498,219029,312.7875,312.7875,52
146554,2024,10,2,9498,219029,312.7875,312.7875,20
89288,2024,1,30,9498,219029,312.7875,312.7875,15
58210,2023,9,19,9498,219029,312.7875,312.7875,54
158033,2024,11,20,9498,219029,312.7875,312.7875,24
32084,2023,5,30,9498,219029,312.7875,312.7875,32
94201,2024,2,20,9498,219029,200.925,312.7875,95
131799,2024,7,31,9498,219029,312.7875,312.7875,34
86008,2024,1,16,9498,219029,312.7875,312.7875,31
23902,2023,4,25,9498,219029,312.7875,312.7875,36
18991,2023,4,4,9498,219029,312.7875,312.7875,40
117080,2024,5,29,9498,219029,312.7875,312.7875,18
59838,2023,9,26,9498,219029,312.7875,312.7875,49
5938,2023,2,7,9498,219029,312.7875,312.7875,58
105613,2024,4,10,9498,219029,312.7875,312.7875,45
22265,2023,4,18,9498,219029,312.7875,312.7875,27
130166,2024,7,24,9498,219029,312.7875,312.7875,37
54958,2023,9,5,9498,219029,302.1,302.1,45
15719,2023,3,21,9498,219029,312.7875,312.7875,24
110520,2024,5,1,9498,219029,312.7875,312.7875,34
67981,2023,10,31,9498,219029,312.7875,312.7875,23
99123,2024,3,13,9498,219029,306.375,306.375,36
41906,2023,7,11,9498,219029,196.65,312.7875,205
139995,2024,9,4,9498,219029,270.75,312.7875,66
20631,2023,4,11,9498,219029,312.7875,312.7875,49
76166,2023,12,5,9498,219029,312.7875,312.7875,40
36989,2023,6,20,9498,219029,312.7875,312.7875,47
61456,2023,10,3,9498,219029,312.7875,312.7875,46
79447,2023,12,19,9498,219029,312.7875,312.7875,21
30449,2023,5,23,9498,219029,312.7875,312.7875,37
171129,2025,1,15,9498,219029,312.7875,312.7875,30
153115,2024,10,30,9498,219029,312.7875,312.7875,29
103973,2024,4,3,9498,219029,312.7875,312.7875,18
9217,2023,2,21,9498,219029,190.95,312.7875,75
4302,2023,1,31,9498,219029,312.7875,312.7875,26
72895,2023,11,21,9498,219029,312.7875,312.7875,36
149833,2024,10,16,9498,219029,312.7875,312.7875,29
12451,2023,3,7,9498,219029,312.7875,312.7875,39
82727,2024,1,2,9498,219029,312.7875,312.7875,32
151477,2024,10,23,9498,219029,312.7875,312.7875,18
166241,2024,12,25,9498,219029,312.7875,312.7875,18
120356,2024,6,12,9498,219029,312.7875,312.7875,10
77806,2023,12,12,9498,219029,312.7875,312.7875,11
69620,2023,11,7,9498,219029,312.7875,312.7875,80
25540,2023,5,2,9498,219029,312.7875,312.7875,62
176015,2025,2,5,9498,219029,312.7875,312.7875,29
17358,2023,3,28,9498,219029,312.7875,312.7875,34
133437,2024,8,7,9498,219029,164.5875,312.7875,258
156398,2024,11,13,9498,219029,312.7875,312.7875,36
