HW 3/homework3.csv
RECORD_ID,YEAR,MONTH,DAY,STORE_ID,SKU_ID,TOTAL_PRICE,BASE_PRICE,UNITS_SOLD
71192,2023,11,14,9479,219029,312.7875,312.7875,38
149767,2024,10,16,9479,219029,312.7875,312.7875,31
154688,2024,11,6,9479,219029,312.7875,312.7875,23
58144,2023,9,19,9479,219029,312.7875,312.7875,33
89222,2024,1,30,9479,219029,312.7875,312.7875,39
126839,2024,7,10,9479,219029,176.7,312.7875,150
161250,2024,12,4,9479,219029,312.7875,312.7875,15
40199,2023,7,4,9479,219029,177.4125,312.7875,183
17292,2023,3,28,9479,219029,312.7875,312.7875,41
22199,2023,4,18,9479,219029,312.7875,312.7875,32
43477,2023,7,18,9479,219029,312.7875,312.7875,25
162892,2024,12,11,9479,219029,312.7875,312.7875,39
112095,2024,5,8,9479,219029,312.7875,312.7875,32
167799,2025,1,1,9479,219029,312.7875,312.7875,16
45110,2023,7,25,9479,219029,312.7875,312.7875,38
35288,2023,6,13,9479,219029,312.7875,312.7875,37
177575,2025,2,12,9479,219029,312.7875,312.7875,28
139929,2024,9,4,9479,219029,311.3625,311.3625,24
143206,2024,9,18,9479,219029,290.7,290.7,31
30383,2023,5,23,9479,219029,312.7875,312.7875,35
84300,2024,1,9,9479,219029,312.7875,312.7875,38
102287,2024,3,27,9479,219029,312.7875,312.7875,43
12386,2023,3,7,9479,219029,312.7875,312.7875,29
135012,2024,8,14,9479,219029,185.25,312.7875,100
151411,2024,10,23,9479,219029,312.7875,312.7875,32
38562,2023,6,27,9479,219029,312.7875,312.7875,40
175949,2025,2,5,9479,219029,312.7875,312.7875,24
69555,2023,11,7,9479,219029,312.7875,312.7875,46
105548,2024,4,10,9479,219029,312.7875,312.7875,40
156332,2024,11,13,9479,219029,312.7875,312.7875,24
76100,2023,12,5,9479,219029,312.7875,312.7875,20
7513,2023,2,14,9479,219029,178.125,312.7875,229
79381,2023,12,19,9479,219029,312.7875,312.7875,31
27111,2023,5,9,9479,219029,312.7875,312.7875,35
15653,2023,3,21,9479,219029,312.7875,312.7875,43
136651,2024,8,21,9479,219029,312.7875,312.7875,15
10772,2023,2,28,9479,219029,312.7875,312.7875,23
148125,2024,10,9,9479,219029,312.7875,312.7875,30
169427,2025,1,8,9479,219029,312.7875,312.7875,33
121931,2024,6,19,9479,219029,312.7875,312.7875,34
110454,2024,5,1,9479,219029,312.7875,312.7875,28
77740,2023,12,12,9479,219029,312.7875,312.7875,14
157967,2024,11,20,9479,219029,312.7875,312.7875,15
125209,2024,7,3,9479,219029,182.4,312.7875,121
171063,2025,1,15,9479,219029,312.7875,312.7875,21
41840,2023,7,11,9479,219029,178.8375,312.7875,121
67916,2023,10,31,9479,219029,312.7875,312.7875,28
23836,2023,4,25,9479,219029,312.7875,312.7875,57
166176,2024,12,25,9479,219029,312.7875,312.7875,32
51641,2023,8,22,9479,219029,312.7875,312.7875,47
20565,2023,4,11,9479,219029,312.7875,312.7875,50
54894,2023,9,5,9479,219029,312.7875,312.7875,32
28751,2023,5,16,9479,219029,295.6875,295.6875,50
95777,2024,2,27,9479,219029,191.6625,312.7875,118
97418,2024,3,6,9479,219029,312.7875,312.7875,29
133371,2024,8,7,9479,219029,173.1375,312.7875,234
159610,2024,11,27,9479,219029,312.7875,312.7875,25
85519,2024,1,16,9112,219029,321.3375,321.3375,56
49589,2023,8,15,9112,219029,327.0375,327.0375,55
57723,2023,9,19,9112,219029,325.6125,325.6125,46
78958,2023,12,19,9112,219029,327.0375,327.0375,66
92073,2024,2,13,9112,219029,327.0375,327.0375,73
129676,2024,7,24,9112,219029,327.0375,327.0375,68
119867,2024,6,12,9112,219029,327.0375,327.0375,67
39780,2023,7,4,9112,219029,179.55,327.0375,445
101870,2024,3,27,9112,219029,327.0375,327.0375,58
169004,2025,1,8,9112,219029,327.0375,327.0375,86
33231,2023,6,6,9112,219029,325.6125,325.6125,69
160827,2024,12,4,9112,219029,325.6125,325.6125,45
164111,2024,12,18,9112,219029,327.0375,327.0375,56
44692,2023,7,25,9112,219029,327.0375,327.0375,65
114952,2024,5,22,9112,219029,327.0375,327.0375,42
98634,2024,3,13,9112,219029,315.6375,315.6375,51
41417,2023,7,11,9112,219029,175.9875,327.0375,361
95355,2024,2,27,9112,219029,190.95,327.0375,297
11968,2023,3,7,9112,219029,308.5125,308.5125,68
25053,2023,5,2,9112,219029,327.0375,327.0375,58
103484,2024,4,3,9112,219029,318.4875,318.4875,59
64219,2023,10,17,9112,219029,325.6125,325.6125,66
116591,2024,5,29,9112,219029,325.6125,325.6125,59
144422,2024,9,25,9112,219029,298.5375,298.5375,71
172282,2025,1,22,9112,219029,327.0375,327.0375,55
105127,2024,4,10,9112,219029,318.4875,318.4875,58
177153,2025,2,12,9112,219029,327.0375,327.0375,80
141148,2024,9,11,9112,219029,327.0375,327.0375,50
165753,2024,12,25,9112,219029,327.0375,327.0375,52
75677,2023,12,5,9112,219029,327.0375,327.0375,43
123150,2024,6,26,9112,219029,327.0375,327.0375,66
74040,2023,11,28,9112,219029,312.075,312.075,51
28327,2023,5,16,9112,219029,327.0375,327.0375,58
70768,2023,11,14,9112,219029,319.9125,319.9125,68
5450,2023,2,7,9112,219029,327.0375,327.0375,90
46321,2023,8,1,9112,219029,327.0375,327.0375,46
162468,2024,12,11,9112,219029,327.0375,327.0375,80
113314,2024,5,15,9112,219029,319.2,319.2,66
134590,2024,8,14,9112,219029,171,327.0375,769
47956,2023,8,8,9112,219029,327.0375,327.0375,59
52845,2023,8,29,9112,219029,327.0375,327.0375,58
21778,2023,4,18,9112,219029,327.0375,327.0375,72
88799,2024,1,30,9112,219029,327.0375,327.0375,52
82238,2024,1,2,9112,219029,327.0375,327.0375,54
124787,2024,7,3,9112,219029,177.4125,327.0375,555
16871,2023,3,28,9112,219029,327.0375,327.0375,65
2178,2023,1,24,9112,219029,327.0375,327.0375,68
150987,2024,10,23,9112,219029,327.0375,327.0375,69
108396,2024,4,24,9112,219029,323.475,323.475,70
132950,2024,8,7,9112,219029,327.0375,327.0375,53
60972,2023,10,3,9112,219029,327.0375,327.0375,41
69132,2023,11,7,9112,219029,327.0375,327.0375,59
54472,2023,9,5,9112,219029,326.325,326.325,64
175530,2025,2,5,9112,219029,327.0375,327.0375,56
152628,2024,10,30,9112,219029,327.0375,327.0375,43
10352,2023,2,28,9112,219029,286.425,327.0375,79
126419,2024,7,10,9112,219029,178.8375,327.0375,417
15229,2023,3,21,9112,219029,327.0375,327.0375,62
110033,2024,5,1,9112,219029,327.0375,327.0375,65
29960,2023,5,23,9112,219029,319.2,319.2,62
106764,2024,4,17,9112,219029,327.0375,327.0375,69
20142,2023,4,11,9112,219029,325.6125,325.6125,67
159186,2024,11,27,9112,219029,327.0375,327.0375,44
90438,2024,2,6,9112,219029,327.0375,327.0375,63
31596,2023,5,30,9112,219029,327.0375,327.0375,73
77316,2023,12,12,9112,219029,319.9125,319.9125,68
3815,2023,1,31,9112,219029,327.0375,327.0375,67
118229,2024,6,5,9112,219029,319.2,319.2,71
121507,2024,6,19,9112,219029,327.0375,327.0375,69
59351,2023,9,26,9112,219029,327.0375,327.0375,70
173914,2025,1,29,9112,219029,327.0375,327.0375,56
87158,2024,1,23,9112,219029,327.0375,327.0375,22
139505,2024,9,4,9112,219029,322.05,322.05,46
8729,2023,2,21,9112,219029,175.9875,327.0375,253
51221,2023,8,22,9112,219029,321.3375,321.3375,82
82574,2024,1,2,9425,219029,295.6875,295.6875,20
107096,2024,4,17,9425,219029,295.6875,295.6875,21
15566,2023,3,21,9425,219029,274.3125,274.3125,21
41753,2023,7,11,9425,219029,178.8375,295.6875,108
170976,2025,1,15,9425,219029,295.6875,295.6875,12
162805,2024,12,11,9425,219029,295.6875,295.6875,12
89135,2024,1,30,9425,219029,295.6875,295.6875,13
133285,2024,8,7,9425,219029,158.8875,295.6875,182
116927,2024,5,29,9425,219029,295.6875,295.6875,8
97331,2024,3,6,9425,219029,295.6875,295.6875,14
175862,2025,2,5,9425,219029,295.6875,295.6875,15
136564,2024,8,21,9425,219029,295.6875,295.6875,14
95690,2024,2,27,9425,219029,190.95,295.6875,96
20478,2023,4,11,9425,219029,295.6875,295.6875,19
9064,2023,2,21,9425,219029,177.4125,295.6875,77
126753,2024,7,10,9425,219029,181.6875,295.6875,94
38475,2023,6,27,9425,219029,295.6875,295.6875,11
98971,2024,3,13,9425,219029,295.6875,295.6875,18
108730,2024,4,24,9425,219029,295.6875,295.6875,17
77653,2023,12,12,9425,219029,295.6875,295.6875,21
53180,2023,8,29,9425,219029,295.6875,295.6875,29
67829,2023,10,31,9425,219029,284.2875,284.2875,18
131649,2024,7,31,9425,219029,295.6875,295.6875,7
12299,2023,3,7,9425,219029,295.6875,295.6875,15
30296,2023,5,23,9425,219029,295.6875,295.6875,14
130013,2024,7,24,9425,219029,295.6875,295.6875,19
23750,2023,4,25,9425,219029,295.6875,295.6875,20
94049,2024,2,20,9425,219029,186.675,295.6875,84
40114,2023,7,4,9425,219029,168.15,295.6875,85
56431,2023,9,12,9425,219029,295.6875,295.6875,13
45023,2023,7,25,9425,219029,295.6875,295.6875,12
71105,2023,11,14,9425,219029,232.9875,271.4625,21
161164,2024,12,4,9425,219029,295.6875,295.6875,7
27025,2023,5,9,9425,219029,295.6875,295.6875,10
121844,2024,6,19,9425,219029,295.6875,295.6875,26
43390,2023,7,18,9425,219029,274.3125,274.3125,17
102200,2024,3,27,9425,219029,295.6875,295.6875,11
125122,2024,7,3,9425,219029,177.4125,295.6875,130
154601,2024,11,6,9425,219029,295.6875,295.6875,23
64555,2023,10,17,9425,219029,295.6875,295.6875,19
46657,2023,8,1,9425,219029,295.6875,295.6875,9
113648,2024,5,15,9425,219029,295.6875,295.6875,20
146401,2024,10,2,9425,219029,295.6875,295.6875,11
139842,2024,9,4,9425,219029,295.6875,295.6875,10
2512,2023,1,24,9425,219029,295.6875,295.6875,9
76013,2023,12,5,9425,219029,295.6875,295.6875,16
49926,2023,8,15,9425,219029,295.6875,295.6875,12
84213,2024,1,9,9425,219029,295.6875,295.6875,19
54808,2023,9,5,9425,219029,295.6875,295.6875,21
18838,2023,4,4,9425,219029,295.6875,295.6875,19
120203,2024,6,12,9425,219029,295.6875,295.6875,20
112611,2024,5,8,9879,219009,198.7875,198.7875,31
50523,2023,8,15,9879,219009,183.825,227.2875,38
120805,2024,6,12,9879,219009,190.2375,190.2375,32
168306,2025,1,1,9879,219009,133.95,177.4125,103
3113,2023,1,24,9879,219009,227.2875,227.2875,23
130612,2024,7,24,9879,219009,194.5125,194.5125,60
148642,2024,10,9,9879,219009,190.2375,190.2375,38
163408,2024,12,11,9879,219009,162.45,177.4125,286
81537,2023,12,26,9879,219009,198.7875,227.2875,42
17806,2023,3,28,9879,219009,227.2875,227.2875,25
29267,2023,5,16,9879,219009,208.7625,208.7625,38
34168,2023,6,6,9879,219009,203.0625,227.2875,27
43991,2023,7,18,9879,219009,227.2875,227.2875,22
143721,2024,9,18,9879,219009,195.225,195.225,39
11277,2023,2,28,9879,219009,118.9875,227.2875,392
169940,2025,1,8,9879,219009,195.225,195.225,55
138805,2024,8,28,9879,219009,195.225,195.225,20
12892,2023,3,7,9879,219009,118.9875,227.2875,152
158484,2024,11,20,9879,219009,188.8125,188.8125,24
102789,2024,3,27,9879,219009,198.7875,198.7875,25
70068,2023,11,7,9879,219009,227.2875,227.2875,29
88097,2024,1,23,9879,219009,198.7875,198.7875,51
39077,2023,6,27,9879,219009,181.6875,219.45,36
89738,2024,1,30,9879,219009,198.7875,198.7875,48
4750,2023,1,31,9879,219009,227.2875,227.2875,31
14528,2023,3,14,9879,219009,198.7875,227.2875,41
132248,2024,7,31,9879,219009,198.7875,198.7875,56
173222,2025,1,22,9879,219009,195.225,195.225,52
106063,2024,4,10,9879,219009,198.7875,198.7875,21
142084,2024,9,11,9879,219009,195.225,195.225,32
104424,2024,4,3,9879,219009,198.7875,198.7875,23
8027,2023,2,14,9879,219009,117.5625,227.2875,765
40715,2023,7,4,9879,219009,200.2125,200.2125,36
57025,2023,9,12,9879,219009,215.175,215.175,28
96293,2024,2,27,9879,219009,177.4125,198.7875,54
156849,2024,11,13,9879,219009,195.225,195.225,37
16169,2023,3,21,9879,219009,214.4625,214.4625,28
19441,2023,4,4,9879,219009,227.2875,227.2875,35
137166,2024,8,21,9879,219009,178.8375,178.8375,39
73341,2023,11,21,9879,219009,173.85,227.2875,285
52153,2023,8,22,9879,219009,189.525,227.2875,52
171580,2025,1,15,9879,219009,190.95,190.95,28
124088,2024,6,26,9879,219009,198.7875,198.7875,31
86458,2024,1,16,9879,219009,193.8,193.8,61
101185,2024,3,20,9879,219009,198.7875,198.7875,23
176455,2025,2,5,9879,219009,195.225,195.225,36
178090,2025,2,12,9879,219009,195.225,195.225,34
165050,2024,12,18,9879,219009,161.7375,177.4125,139
32532,2023,5,30,9879,219009,203.0625,227.2875,29
160127,2024,11,27,9879,219009,187.3875,187.3875,52
22712,2023,4,18,9879,219009,227.2875,227.2875,34
74976,2023,11,28,9879,219009,177.4125,227.2875,53
37437,2023,6,20,9879,219009,219.45,219.45,39
1477,2023,1,17,9879,219009,218.025,218.025,34
109331,2024,4,24,9879,219009,187.3875,187.3875,54
76615,2023,12,5,9879,219009,188.1,227.2875,27
65155,2023,10,17,9879,219009,227.2875,227.2875,30
140445,2024,9,4,9879,219009,185.9625,185.9625,58
114250,2024,5,15,9879,219009,180.2625,180.2625,51
47257,2023,8,1,9879,219009,227.2875,227.2875,39
172255,2025,1,22,9092,219009,180.975,180.975,103
10327,2023,2,28,9092,219009,118.9875,227.2875,286
87131,2024,1,23,9092,219009,195.9375,195.9375,63
162441,2024,12,11,9092,219009,162.45,185.25,212
47929,2023,8,8,9092,219009,227.2875,227.2875,43
513,2023,1,17,9092,219009,222.3,222.3,65
164084,2024,12,18,9092,219009,161.025,185.25,136
167354,2025,1,1,9092,219009,131.8125,185.25,90
83850,2024,1,9,9092,219009,198.7875,198.7875,64
60945,2023,10,3,9092,219009,126.1125,213.0375,275
62567,2023,10,10,9092,219009,221.5875,221.5875,54
65830,2023,10,24,9092,219009,219.45,219.45,43
72381,2023,11,21,9092,219009,174.5625,227.2875,204
43029,2023,7,18,9092,219009,227.2875,227.2875,38
149318,2024,10,16,9092,219009,191.6625,191.6625,71
67468,2023,10,31,9092,219009,221.5875,221.5875,58
15202,2023,3,21,9092,219009,219.45,219.45,40
129649,2024,7,24,9092,219009,194.5125,194.5125,75
93686,2024,2,20,9092,219009,195.9375,195.9375,91
150960,2024,10,23,9092,219009,191.6625,191.6625,83
36476,2023,6,20,9092,219009,216.6,216.6,62
126392,2024,7,10,9092,219009,194.5125,194.5125,61
113287,2024,5,15,9092,219009,195.225,195.225,81
78931,2023,12,19,9092,219009,190.95,227.2875,62
7062,2023,2,14,9092,219009,116.85,227.2875,341
136201,2024,8,21,9092,219009,168.8625,194.5125,87
16844,2023,3,28,9092,219009,220.875,220.875,54
51194,2023,8,22,9092,219009,214.4625,214.4625,76
92046,2024,2,13,9092,219009,192.375,192.375,95
20115,2023,4,11,9092,219009,221.5875,221.5875,63
123123,2024,6,26,9092,219009,192.375,192.375,80
75650,2023,12,5,9092,219009,198.7875,227.2875,75
101843,2024,3,27,9092,219009,198.7875,198.7875,62
121481,2024,6,19,9092,219009,194.5125,194.5125,76
105100,2024,4,10,9092,219009,195.225,195.225,85
90411,2024,2,6,9092,219009,198.7875,198.7875,84
124760,2024,7,3,9092,219009,188.8125,188.8125,63
160800,2024,12,4,9092,219009,185.25,185.25,85
77289,2023,12,12,9092,219009,187.3875,227.2875,83
57696,2023,9,19,9092,219009,224.4375,224.4375,76
70741,2023,11,14,9092,219009,227.2875,227.2875,57
13564,2023,3,14,9092,219009,215.8875,215.8875,60
165726,2024,12,25,9092,219009,134.6625,185.25,100
141121,2024,9,11,9092,219009,175.275,175.275,49
100240,2024,3,20,9092,219009,185.9625,185.9625,25
131285,2024,7,31,9092,219009,194.5125,194.5125,83
116564,2024,5,29,9092,219009,195.225,195.225,84
44665,2023,7,25,9092,219009,220.1625,220.1625,48
177126,2025,2,12,9092,219009,180.975,180.975,94
88772,2024,1,30,9092,219009,198.7875,198.7875,72
39753,2023,7,4,9092,219009,220.875,220.875,57
157517,2024,11,20,9092,219009,185.9625,185.9625,74
98607,2024,3,13,9092,219009,183.825,183.825,58
96967,2024,3,6,9092,219009,194.5125,194.5125,82
19286,2023,4,4,9813,219009,200.2125,200.2125,24
130459,2024,7,24,9813,219009,198.7875,198.7875,77
65000,2023,10,17,9813,219009,214.4625,214.4625,25
143566,2024,9,18,9813,219009,188.1,188.1,64
30741,2023,5,23,9813,219009,203.0625,203.0625,39
117375,2024,5,29,9813,219009,198.7875,198.7875,67
89584,2024,1,30,9813,219009,198.7875,198.7875,85
29113,2023,5,16,9813,219009,193.8,222.3,48
123934,2024,6,26,9813,219009,198.7875,198.7875,59
122293,2024,6,19,9813,219009,190.95,190.95,75
7873,2023,2,14,9813,219009,118.9875,227.2875,520
34014,2023,6,6,9813,219009,227.2875,227.2875,32
55248,2023,9,5,9813,219009,215.8875,215.8875,29
168154,2025,1,1,9813,219009,129.675,190.95,45
133733,2024,8,7,9813,219009,198.7875,198.7875,30
69914,2023,11,7,9813,219009,227.2875,227.2875,28
104269,2024,4,3,9813,219009,198.7875,198.7875,37
176303,2025,2,5,9813,219009,195.225,195.225,77
97778,2024,3,6,9813,219009,198.7875,198.7875,56
128820,2024,7,17,9813,219009,198.7875,198.7875,76
45470,2023,7,25,9813,219009,212.325,212.325,21
53622,2023,8,29,9813,219009,227.2875,227.2875,25
68276,2023,10,31,9813,219009,218.025,218.025,37
94497,2024,2,20,9813,219009,190.95,190.95,79
52000,2023,8,22,9813,219009,202.35,227.2875,68
164895,2024,12,18,9813,219009,163.1625,190.95,193
96138,2024,2,27,9813,219009,198.7875,198.7875,64
145208,2024,9,25,9813,219009,180.2625,180.2625,69
47103,2023,8,1,9813,219009,227.2875,227.2875,29
159972,2024,11,27,9813,219009,184.5375,184.5375,102
6234,2023,2,7,9813,219009,227.2875,227.2875,42
141929,2024,9,11,9813,219009,141.075,181.6875,44
107540,2024,4,17,9813,219009,198.7875,198.7875,43
16015,2023,3,21,9813,219009,217.3125,217.3125,33
56871,2023,9,12,9813,219009,208.05,208.05,46
11123,2023,2,28,9813,219009,117.5625,227.2875,401
138650,2024,8,28,9813,219009,181.6875,181.6875,67
60125,2023,9,26,9813,219009,227.2875,227.2875,28
177935,2025,2,12,9813,219009,195.225,195.225,88
14374,2023,3,14,9813,219009,216.6,216.6,30
140290,2024,9,4,9813,219009,140.3625,181.6875,77
105909,2024,4,10,9813,219009,190.2375,190.2375,63
137012,2024,8,21,9813,219009,189.525,189.525,68
48735,2023,8,8,9813,219009,227.2875,227.2875,23
174684,2025,1,29,9813,219009,195.225,195.225,85
127194,2024,7,10,9813,219009,198.7875,198.7875,70
32378,2023,5,30,9813,219009,218.7375,218.7375,40
148487,2024,10,9,9813,219009,194.5125,180.2625,83
132093,2024,7,31,9813,219009,198.7875,198.7875,53
173067,2025,1,22,9813,219009,195.225,195.225,54
12739,2023,3,7,9813,219009,119.7,227.2875,156
155050,2024,11,6,9813,219009,170.2875,170.2875,71
