HW 3/homework3.csv
RECORD_ID,YEAR,MONTH,DAY,STORE_ID,SKU_ID,TOTAL_PRICE,BASE_PRICE,UNITS_SOLD
100949,2024,3,20,9731,219009,228,228,8
37195,2023,6,20,9731,219009,222.3,222.3,69
79654,2023,12,19,9731,219009,189.525,189.525,63
11037,2023,2,28,9731,219009,116.1375,227.2875,428
60038,2023,9,26,9731,219009,233.7,233.7,46
118923,2024,6,5,9731,219009,193.8,218.025,41
50281,2023,8,15,9731,219009,196.65,227.2875,53
82933,2024,1,2,9731,219009,210.1875,210.1875,48
42113,2023,7,11,9731,219009,227.2875,227.2875,53
22471,2023,4,18,9731,219009,227.2875,227.2875,63
20837,2023,4,11,9731,219009,194.5125,227.2875,62
163165,2024,12,11,9731,219009,159.6,208.05,283
143479,2024,9,18,9731,219009,198.7875,198.7875,29
161523,2024,12,4,9731,219009,208.05,208.05,54
171337,2025,1,15,9731,219009,222.3,222.3,67
107452,2024,4,17,9731,219009,225.8625,225.8625,45
24110,2023,4,25,9731,219009,227.2875,227.2875,69
30654,2023,5,23,9731,219009,190.2375,227.2875,97
117287,2024,5,29,9731,219009,218.025,218.025,43
84574,2024,1,9,9731,219009,198.7875,198.7875,57
56783,2023,9,12,9731,219009,225.15,225.15,41
133645,2024,8,7,9731,219009,225.8625,225.8625,36
146761,2024,10,2,9731,219009,141.075,206.625,140
123846,2024,6,26,9731,219009,216.6,216.6,39
140202,2024,9,4,9731,219009,143.925,206.625,79
87854,2024,1,23,9731,219009,195.9375,195.9375,44
38835,2023,6,27,9731,219009,196.65,222.3,63
159884,2024,11,27,9731,219009,204.4875,204.4875,89
17565,2023,3,28,9731,219009,206.625,206.625,58
127107,2024,7,10,9731,219009,225.8625,225.8625,36
45383,2023,7,25,9731,219009,204.4875,227.2875,45
132006,2024,7,31,9731,219009,225.8625,225.8625,59
91131,2024,2,6,9731,219009,210.1875,210.1875,34
6146,2023,2,7,9731,219009,227.2875,227.2875,47
1237,2023,1,17,9731,219009,196.65,227.2875,58
51912,2023,8,22,9731,219009,208.7625,208.7625,56
120562,2024,6,12,9731,219009,220.1625,220.1625,57
130371,2024,7,24,9731,219009,219.45,219.45,53
7785,2023,2,14,9731,219009,118.275,227.2875,533
33926,2023,6,6,9731,219009,208.7625,208.7625,77
109090,2024,4,24,9731,219009,211.6125,211.6125,45
151685,2024,10,23,9731,219009,222.3,222.3,63
58414,2023,9,19,9731,219009,227.2875,227.2875,50
12652,2023,3,7,9731,219009,117.5625,227.2875,40
29025,2023,5,16,9731,219009,203.0625,227.2875,55
104181,2024,4,3,9731,219009,189.525,228,37
25747,2023,5,2,9731,219009,227.2875,227.2875,49
177847,2025,2,12,9731,219009,221.5875,221.5875,82
35561,2023,6,13,9731,219009,227.2875,227.2875,87
135283,2024,8,14,9731,219009,216.6,216.6,59
19199,2023,4,4,9731,219009,227.2875,227.2875,60
174597,2025,1,29,9731,219009,222.3,222.3,59
15927,2023,3,21,9731,219009,213.75,213.75,50
176218,2025,2,5,9731,219009,222.3,222.3,64
71466,2023,11,14,9731,219009,188.8125,210.1875,55
48648,2023,8,8,9731,219009,227.2875,227.2875,36
66550,2023,10,24,9731,219009,207.3375,207.3375,38
2871,2023,1,24,9731,219009,227.2875,227.2875,30
154962,2024,11,6,9731,219009,178.125,222.3,57
141841,2024,9,11,9731,219009,200.925,200.925,43
3285,2023,1,31,8091,219009,227.2875,227.2875,12
143893,2024,9,25,8091,219009,222.3,222.3,14
50693,2023,8,22,8091,219009,190.2375,223.0125,24
107865,2024,4,24,8091,219009,226.575,226.575,25
47426,2023,8,8,8091,219009,227.2875,227.2875,3
120977,2024,6,19,8091,219009,225.8625,225.8625,44
124259,2024,7,3,8091,219009,225.8625,225.8625,12
147176,2024,10,9,8091,219009,211.6125,211.6125,40
11449,2023,3,7,8091,219009,122.55,227.2875,49
70238,2023,11,14,8091,219009,210.1875,234.4125,33
102957,2024,4,3,8091,219009,217.3125,241.5375,14
89910,2024,2,6,8091,219009,210.1875,210.1875,17
62073,2023,10,10,8091,219009,210.9,210.9,15
122619,2024,6,26,8091,219009,207.3375,207.3375,18
71877,2023,11,21,8091,219009,171,234.4125,163
34340,2023,6,13,8091,219009,227.2875,227.2875,23
31065,2023,5,30,8091,219009,200.2125,227.2875,25
17977,2023,4,4,8091,219009,162.45,202.35,10
27798,2023,5,16,8091,219009,227.2875,227.2875,24
129145,2024,7,24,8091,219009,225.8625,225.8625,23
16341,2023,3,28,8091,219009,202.35,202.35,12
81709,2024,1,2,8091,219009,210.1875,210.1875,16
37609,2023,6,27,8091,219009,227.2875,227.2875,22
112783,2024,5,15,8091,219009,228.7125,228.7125,27
80069,2023,12,26,8091,219009,210.1875,210.1875,15
52325,2023,8,29,8091,219009,200.925,223.0125,20
44163,2023,7,25,8091,219009,227.2875,227.2875,7
60447,2023,10,3,8091,219009,129.675,216.6,260
106235,2024,4,17,8091,219009,241.5375,241.5375,27
78428,2023,12,19,8091,219009,210.1875,210.1875,27
24523,2023,5,2,8091,219009,227.2875,227.2875,27
4921,2023,2,7,8091,219009,227.2875,227.2875,25
93182,2024,2,20,8091,219009,212.325,212.325,35
76786,2023,12,12,8091,219009,200.2125,234.4125,31
166862,2025,1,1,8091,219009,133.95,222.3,52
83347,2024,1,9,8091,219009,189.525,189.525,14
165222,2024,12,25,8091,219009,134.6625,222.3,99
96464,2024,3,6,8091,219009,241.5375,241.5375,15
135698,2024,8,21,8091,219009,206.625,206.625,21
39249,2023,7,4,8091,219009,227.2875,227.2875,21
153737,2024,11,6,8091,219009,175.9875,222.3,27
157020,2024,11,20,8091,219009,213.75,213.75,6
66964,2023,10,31,8091,219009,210.1875,234.4125,30
21251,2023,4,18,8091,219009,227.2875,227.2875,26
137338,2024,8,28,8091,219009,153.1875,206.625,23
73511,2023,11,28,8091,219009,192.375,234.4125,17
104596,2024,4,10,8091,219009,225.15,225.15,21
117701,2024,6,5,8091,219009,169.575,225.8625,4
84989,2024,1,16,8091,219009,210.1875,210.1875,35
125892,2024,7,10,8091,219009,225.8625,225.8625,35
127517,2024,7,17,8091,219009,225.8625,225.8625,31
138976,2024,9,4,8091,219009,141.075,206.625,53
119337,2024,6,12,8091,219009,210.9,210.9,21
58825,2023,9,26,8091,219009,216.6,216.6,19
111142,2024,5,8,8091,219009,241.5375,241.5375,19
13062,2023,3,14,8091,219009,214.4625,214.4625,27
99744,2024,3,20,8091,219009,241.5375,241.5375,14
56050,2023,9,12,9043,219009,228,228,60
116545,2024,5,29,9043,219009,199.5,199.5,61
87112,2024,1,23,9043,219009,206.625,206.625,90
3769,2023,1,31,9043,219009,227.2875,227.2875,39
123104,2024,6,26,9043,219009,220.1625,220.1625,54
152582,2024,10,30,9043,219009,178.125,222.3,110
52799,2023,8,29,9043,219009,210.9,210.9,71
160781,2024,12,4,9043,219009,186.675,218.025,98
141102,2024,9,11,9043,219009,222.3,222.3,45
170594,2025,1,15,9043,219009,215.8875,215.8875,85
5404,2023,2,7,9043,219009,227.2875,227.2875,29
165707,2024,12,25,9043,219009,133.95,218.025,193
34824,2023,6,13,9043,219009,210.1875,210.1875,41
494,2023,1,17,9043,219009,210.9,210.9,21
44646,2023,7,25,9043,219009,218.025,218.025,37
126374,2024,7,10,9043,219009,225.8625,225.8625,49
23368,2023,4,25,9043,219009,219.45,219.45,43
59305,2023,9,26,9043,219009,218.025,218.025,62
167335,2025,1,1,9043,219009,132.525,218.025,130
57677,2023,9,19,9043,219009,227.2875,227.2875,47
90392,2024,2,6,9043,219009,210.1875,210.1875,76
98588,2024,3,13,9043,219009,188.1,188.1,49
11922,2023,3,7,9043,219009,119.7,227.2875,38
38093,2023,6,27,9043,219009,220.1625,220.1625,44
149299,2024,10,16,9043,219009,218.025,218.025,78
139459,2024,9,4,9043,219009,131.1,200.2125,109
105081,2024,4,10,9043,219009,194.5125,194.5125,59
146019,2024,10,2,9043,219009,141.075,217.3125,227
36457,2023,6,20,9043,219009,223.0125,223.0125,75
119821,2024,6,12,9043,219009,218.7375,218.7375,47
118183,2024,6,5,9043,219009,211.6125,211.6125,48
157499,2024,11,20,9043,219009,199.5,222.3,34
92027,2024,2,13,9043,219009,197.3625,197.3625,75
108350,2024,4,24,9043,219009,205.2,205.2,65
10308,2023,2,28,9043,219009,116.85,227.2875,193
25007,2023,5,2,9043,219009,227.2875,227.2875,32
134544,2024,8,14,9043,219009,212.325,212.325,99
142738,2024,9,18,9043,219009,222.3,222.3,24
16825,2023,3,28,9043,219009,208.05,208.05,33
114906,2024,5,22,9043,219009,198.7875,198.7875,55
137822,2024,8,28,9043,219009,151.7625,200.2125,48
88753,2024,1,30,9043,219009,210.1875,210.1875,92
70722,2023,11,14,9043,219009,203.0625,203.0625,91
101824,2024,3,27,9043,219009,193.8,193.8,38
39734,2023,7,4,9043,219009,227.2875,227.2875,50
155862,2024,11,13,9043,219009,222.3,222.3,79
127997,2024,7,17,9043,219009,225.8625,225.8625,69
121462,2024,6,19,9043,219009,225.8625,225.8625,59
111626,2024,5,8,9043,219009,210.1875,210.1875,70
172236,2025,1,22,9043,219009,218.7375,218.7375,87
21732,2023,4,18,9043,219009,227.2875,227.2875,40
175485,2025,2,5,9043,219009,222.3,222.3,67
168958,2025,1,8,9043,219009,218.7375,218.7375,91
15183,2023,3,21,9043,219009,227.2875,227.2875,27
53020,2023,8,29,9273,219009,179.55,179.55,56
177328,2025,2,12,9273,219009,174.5625,174.5625,68
49765,2023,8,15,9273,219009,187.3875,187.3875,73
17044,2023,3,28,9273,219009,187.3875,187.3875,45
715,2023,1,17,9273,219009,189.525,189.525,65
28503,2023,5,16,9273,219009,176.7,198.7875,70
74215,2023,11,28,9273,219009,184.5375,184.5375,39
61144,2023,10,3,9273,219009,123.2625,189.525,233
15405,2023,3,21,9273,219009,194.5125,194.5125,63
111848,2024,5,8,9273,219009,198.7875,198.7875,54
10527,2023,2,28,9273,219009,118.275,198.7875,536
51396,2023,8,22,9273,219009,176.7,176.7,73
18677,2023,4,4,9273,219009,187.3875,187.3875,46
90611,2024,2,6,9273,219009,198.7875,198.7875,79
161003,2024,12,4,9273,219009,179.55,179.55,60
39953,2023,7,4,9273,219009,194.5125,194.5125,70
33404,2023,6,6,9273,219009,193.8,193.8,50
159362,2024,11,27,9273,219009,179.55,179.55,69
126595,2024,7,10,9273,219009,190.95,190.95,70
25227,2023,5,2,9273,219009,198.7875,198.7875,54
41593,2023,7,11,9273,219009,188.8125,188.8125,52
169180,2025,1,8,9273,219009,175.9875,175.9875,70
136403,2024,8,21,9273,219009,172.425,193.8,101
102043,2024,3,27,9273,219009,192.375,192.375,43
79134,2023,12,19,9273,219009,198.7875,198.7875,56
84053,2024,1,9,9273,219009,198.7875,198.7875,57
113490,2024,5,15,9273,219009,185.25,185.25,63
156084,2024,11,13,9273,219009,195.225,195.225,49
67669,2023,10,31,9273,219009,198.7875,198.7875,50
147877,2024,10,9,9273,219009,192.375,192.375,73
144598,2024,9,25,9273,219009,175.275,175.275,86
115128,2024,5,22,9273,219009,188.8125,188.8125,60
23590,2023,4,25,9273,219009,193.0875,193.0875,51
26865,2023,5,9,9273,219009,143.2125,198.7875,203
172458,2025,1,22,9273,219009,171.7125,171.7125,81
72583,2023,11,21,9273,219009,178.125,188.1,275
38314,2023,6,27,9273,219009,198.7875,198.7875,54
124963,2024,7,3,9273,219009,198.7875,198.7875,53
129852,2024,7,24,9273,219009,194.5125,194.5125,63
174086,2025,1,29,9273,219009,180.975,180.975,73
162644,2024,12,11,9273,219009,163.1625,179.55,299
62767,2023,10,10,9273,219009,189.525,189.525,59
46496,2023,8,1,9273,219009,198.7875,198.7875,54
12141,2023,3,7,9273,219009,117.5625,198.7875,127
57898,2023,9,19,9273,219009,189.525,189.525,63
170815,2025,1,15,9273,219009,173.85,173.85,77
141322,2024,9,11,9273,219009,143.2125,193.8,69
85694,2024,1,16,9273,219009,193.8,193.8,59
131396,2024,7,31,9178,219009,194.5125,194.5125,36
51304,2023,8,22,9178,219009,194.5125,218.025,32
34953,2023,6,13,9178,219009,227.2875,227.2875,34
121591,2024,6,19,9178,219009,194.5125,194.5125,35
39864,2023,7,4,9178,219009,227.2875,227.2875,36
30043,2023,5,23,9178,219009,227.2875,227.2875,34
105209,2024,4,10,9178,219009,190.95,190.95,38
28411,2023,5,16,9178,219009,227.2875,227.2875,28
75761,2023,12,5,9178,219009,192.375,227.2875,42
16953,2023,3,28,9178,219009,227.2875,227.2875,7
155992,2024,11,13,9178,219009,195.225,195.225,38
134674,2024,8,14,9178,219009,173.1375,194.5125,49
82322,2024,1,2,9178,219009,198.7875,198.7875,35
108480,2024,4,24,9178,219009,198.7875,198.7875,46
2261,2023,1,24,9178,219009,227.2875,227.2875,34
172366,2025,1,22,9178,219009,180.975,180.975,35
101953,2024,3,27,9178,219009,198.7875,198.7875,22
5534,2023,2,7,9178,219009,227.2875,227.2875,42
169088,2025,1,8,9178,219009,180.975,180.975,47
128124,2024,7,17,9178,219009,194.5125,194.5125,41
110114,2024,5,1,9178,219009,198.7875,198.7875,35
23498,2023,4,25,9178,219009,227.2875,227.2875,28
164195,2024,12,18,9178,219009,163.1625,191.6625,54
57807,2023,9,19,9178,219009,227.2875,227.2875,29
20225,2023,4,11,9178,219009,227.2875,227.2875,35
142868,2024,9,18,9178,219009,175.275,175.275,25
147785,2024,10,9,9178,219009,193.0875,193.0875,49
118313,2024,6,5,9178,219009,198.7875,198.7875,35
623,2023,1,17,9178,219009,227.2875,227.2875,42
113398,2024,5,15,9178,219009,185.25,185.25,42
151071,2024,10,23,9178,219009,191.6625,191.6625,21
72492,2023,11,21,9178,219009,173.85,227.2875,107
95438,2024,2,27,9178,219009,198.7875,198.7875,36
116675,2024,5,29,9178,219009,198.7875,198.7875,46
159270,2024,11,27,9178,219009,188.1,188.1,42
49673,2023,8,15,9178,219009,218.025,218.025,33
124871,2024,7,3,9178,219009,194.5125,194.5125,27
141232,2024,9,11,9178,219009,175.275,175.275,28
173994,2025,1,29,9178,219009,180.975,180.975,40
83961,2024,1,9,9178,219009,198.7875,198.7875,49
137951,2024,8,28,9178,219009,175.275,175.275,24
15313,2023,3,21,9178,219009,118.9875,227.2875,88
88883,2024,1,30,9178,219009,198.7875,198.7875,54
123234,2024,6,26,9178,219009,194.5125,194.5125,37
133034,2024,8,7,9178,219009,194.5125,194.5125,24
103567,2024,4,3,9178,219009,186.675,186.675,24
172113,2025,1,22,8555,219029,295.6875,295.6875,10
121339,2024,6,19,8555,219029,295.6875,295.6875,8
371,2023,1,17,8555,219029,295.6875,295.6875,7
93544,2024,2,20,8555,219029,191.6625,295.6875,74
155739,2024,11,13,8555,219029,295.6875,295.6875,7
55929,2023,9,12,8555,219029,295.6875,295.6875,13
28158,2023,5,16,8555,219029,295.6875,295.6875,17
34701,2023,6,13,8555,219029,295.6875,295.6875,16
26520,2023,5,9,8555,219029,295.6875,295.6875,25
126251,2024,7,10,8555,219029,185.9625,295.6875,44
150818,2024,10,23,8555,219029,295.6875,295.6875,4
100099,2024,3,20,8555,219029,295.6875,295.6875,4
140979,2024,9,11,8555,219029,295.6875,295.6875,22
5281,2023,2,7,8555,219029,295.6875,295.6875,31
147534,2024,10,9,8555,219029,295.6875,295.6875,18
62427,2023,10,10,8555,219029,295.6875,295.6875,25
137700,2024,8,28,8555,219029,295.6875,295.6875,15
70599,2023,11,14,8555,219029,295.6875,295.6875,10
52681,2023,8,29,8555,219029,295.6875,295.6875,23
111503,2024,5,8,8555,219029,295.6875,295.6875,14
46153,2023,8,1,8555,219029,295.6875,295.6875,7
145896,2024,10,2,8555,219029,295.6875,295.6875,9
51055,2023,8,22,8555,219029,295.6875,295.6875,11
134421,2024,8,14,8555,219029,250.0875,295.6875,20
176985,2025,2,12,8555,219029,295.6875,295.6875,6
15061,2023,3,21,8555,219029,295.6875,295.6875,11
33062,2023,6,6,8555,219029,295.6875,295.6875,23
42887,2023,7,18,8555,219029,295.6875,295.6875,19
152459,2024,10,30,8555,219029,295.6875,295.6875,13
101705,2024,3,27,8555,219029,295.6875,295.6875,12
131143,2024,7,31,8555,219029,295.6875,295.6875,11
109864,2024,5,1,8555,219029,295.6875,295.6875,16
95186,2024,2,27,8555,219029,194.5125,295.6875,53
96826,2024,3,6,8555,219029,295.6875,295.6875,14
162299,2024,12,11,8555,219029,295.6875,295.6875,15
44523,2023,7,25,8555,219029,295.6875,295.6875,14
64051,2023,10,17,8555,219029,295.6875,295.6875,19
142615,2024,9,18,8555,219029,295.6875,295.6875,17
85350,2024,1,16,8555,219029,295.6875,295.6875,13
106596,2024,4,17,8555,219029,295.6875,295.6875,16
57557,2023,9,19,8555,219029,295.6875,295.6875,20
8561,2023,2,21,8555,219029,180.2625,295.6875,53
114784,2024,5,22,8555,219029,295.6875,295.6875,8
104958,2024,4,10,8555,219029,295.6875,295.6875,26
77148,2023,12,12,8555,219029,295.6875,295.6875,17
88631,2024,1,30,8555,219029,295.6875,295.6875,10
54306,2023,9,5,8555,219029,295.6875,295.6875,29
41249,2023,7,11,8555,219029,195.9375,295.6875,27
29793,2023,5,23,8555,219029,295.6875,295.6875,9
10189,2023,2,28,8555,219029,295.6875,295.6875,13
124618,2024,7,3,8555,219029,177.4125,295.6875,79
11803,2023,3,7,8555,219029,295.6875,295.6875,24
127874,2024,7,17,8555,219029,295.6875,295.6875,12
173747,2025,1,29,8555,219029,295.6875,295.6875,7
160660,2024,12,4,8555,219029,295.6875,295.6875,10
72239,2023,11,21,8555,219029,295.6875,295.6875,9
116423,2024,5,29,8555,219029,295.6875,295.6875,7
139338,2024,9,4,8555,219029,295.6875,295.6875,21
19974,2023,4,11,8555,219029,295.6875,295.6875,22
49420,2023,8,15,8555,219029,295.6875,295.6875,19
