HW 3/homework3.csv
RECORD_ID,YEAR,MONTH,DAY,STORE_ID,SKU_ID,TOTAL_PRICE,BASE_PRICE,UNITS_SOLD
17439,2023,3,28,9611,219009,220.1625,220.1625,100
45258,2023,7,25,9611,219009,227.2875,227.2875,48
28899,2023,5,16,9611,219009,227.2875,227.2875,80
81168,2023,12,26,9611,219009,207.3375,207.3375,116
149915,2024,10,16,9611,219009,219.45,217.3125,126
176094,2025,2,5,9611,219009,222.3,222.3,113
22346,2023,4,18,9611,219009,205.9125,205.9125,79
123721,2024,6,26,9611,219009,220.1625,220.1625,61
38709,2023,6,27,9611,219009,227.2875,227.2875,77
94283,2024,2,20,9611,219009,178.8375,209.475,115
1111,2023,1,17,9611,219009,210.1875,210.1875,79
128609,2024,7,17,9611,219009,225.15,225.15,110
113882,2024,5,15,9611,219009,194.5125,194.5125,144
7660,2023,2,14,9611,219009,117.5625,227.2875,1078
172853,2025,1,22,9611,219009,217.3125,217.3125,139
154836,2024,11,6,9611,219009,178.125,222.3,159
59917,2023,9,26,9611,219009,227.2875,227.2875,100
92641,2024,2,13,9611,219009,188.1,209.475,102
32166,2023,5,30,9611,219009,219.45,219.45,88
10915,2023,2,28,9611,219009,117.5625,227.2875,857
141715,2024,9,11,9611,219009,213.0375,213.0375,79
161398,2024,12,4,9611,219009,220.1625,220.1625,120
159758,2024,11,27,9611,219009,214.4625,214.4625,131
68062,2023,10,31,9611,219009,207.3375,207.3375,125
133519,2024,8,7,9611,219009,225.15,225.15,128
166323,2024,12,25,9611,219009,135.375,220.1625,543
76248,2023,12,5,9611,219009,210.1875,210.1875,103
71340,2023,11,14,9611,219009,210.1875,210.1875,134
14161,2023,3,14,9611,219009,191.6625,227.2875,79
9298,2023,2,21,9611,219009,115.425,227.2875,570
97565,2024,3,6,9611,219009,200.925,200.925,98
37070,2023,6,20,9611,219009,205.2,205.2,96
120438,2024,6,12,9611,219009,225.8625,225.8625,95
19073,2023,4,4,9611,219009,219.45,219.45,88
125355,2024,7,3,9611,219009,221.5875,221.5875,81
30530,2023,5,23,9611,219009,202.35,227.2875,99
66425,2023,10,24,9611,219009,198.075,198.075,81
171211,2025,1,15,9611,219009,222.3,222.3,140
64787,2023,10,17,9611,219009,204.4875,204.4875,107
95925,2024,2,27,9611,219009,199.5,199.5,111
53412,2023,8,29,9611,219009,215.175,215.175,107
58290,2023,9,19,9611,219009,226.575,226.575,82
33800,2023,6,6,9611,219009,220.1625,220.1625,149
115523,2024,5,22,9611,219009,200.2125,200.2125,124
84448,2024,1,9,9611,219009,207.3375,207.3375,110
12530,2023,3,7,9611,219009,117.5625,227.2875,85
77888,2023,12,12,9611,219009,207.3375,207.3375,112
56661,2023,9,12,9611,219009,221.5875,221.5875,113
20712,2023,4,11,9611,219009,213.0375,213.0375,75
63157,2023,10,10,9611,219009,203.0625,227.2875,117
74611,2023,11,28,9611,219009,197.3625,197.3625,136
144994,2024,9,25,9611,219009,215.175,215.175,94
148273,2024,10,9,9611,219009,217.3125,217.3125,108
156480,2024,11,13,9611,219009,215.175,215.175,128
48523,2023,8,8,9611,219009,227.2875,227.2875,44
87728,2024,1,23,9611,219009,203.775,203.775,108
69701,2023,11,7,9611,219009,205.2,205.2,95
89370,2024,1,30,9611,219009,208.05,208.05,133
51787,2023,8,22,9611,219009,219.45,219.45,92
23984,2023,4,25,9611,219009,216.6,216.6,92
104055,2024,4,3,9611,219009,203.775,203.775,50
79528,2023,12,19,9611,219009,207.3375,207.3375,125
91006,2024,2,6,9611,219009,209.475,209.475,115
19593,2023,4,4,9984,219029,312.7875,312.7875,24
150436,2024,10,16,9984,219029,312.7875,312.7875,28
24503,2023,4,25,9984,219029,299.25,299.25,34
29416,2023,5,16,9984,219029,312.7875,312.7875,47
147156,2024,10,2,9984,219029,312.7875,312.7875,21
50673,2023,8,15,9984,219029,312.7875,312.7875,36
132400,2024,7,31,9984,219029,312.7875,312.7875,17
66944,2023,10,24,9984,219029,312.7875,312.7875,16
96444,2024,2,27,9984,219029,196.65,312.7875,72
88249,2024,1,23,9984,219029,312.7875,312.7875,14
57176,2023,9,12,9984,219029,312.7875,312.7875,21
171732,2025,1,15,9984,219029,312.7875,312.7875,24
94804,2024,2,20,9984,219029,193.8,312.7875,87
32682,2023,5,30,9984,219029,312.7875,312.7875,26
157000,2024,11,13,9984,219029,312.7875,312.7875,20
53926,2023,8,29,9984,219029,312.7875,312.7875,35
124239,2024,6,26,9984,219029,312.7875,312.7875,19
142235,2024,9,11,9984,219029,312.7875,312.7875,15
3265,2023,1,24,9984,219029,312.7875,312.7875,28
42506,2023,7,11,9984,219029,180.2625,312.7875,140
93162,2024,2,13,9984,219029,312.7875,312.7875,13
21231,2023,4,11,9984,219029,312.7875,312.7875,42
63671,2023,10,10,9984,219029,312.7875,312.7875,34
107845,2024,4,17,9984,219029,312.7875,312.7875,24
112763,2024,5,8,9984,219029,312.7875,312.7875,43
138956,2024,8,28,9984,219029,312.7875,312.7875,16
37589,2023,6,20,9984,219029,312.7875,312.7875,40
152078,2024,10,23,9984,219029,312.7875,312.7875,27
135678,2024,8,14,9984,219029,312.7875,312.7875,23
40867,2023,7,4,9984,219029,181.6875,312.7875,153
134040,2024,8,7,9984,219029,163.875,312.7875,316
174985,2025,1,29,9984,219029,312.7875,312.7875,23
117682,2024,5,29,9984,219029,312.7875,312.7875,18
145515,2024,9,25,9984,219029,312.7875,312.7875,18
49039,2023,8,8,9984,219029,312.7875,312.7875,32
137318,2024,8,21,9984,219029,312.7875,312.7875,20
130763,2024,7,24,9984,219029,178.125,312.7875,30
125872,2024,7,3,9984,219029,177.4125,312.7875,112
62054,2023,10,3,9984,219029,312.7875,312.7875,29
8179,2023,2,14,9984,219029,180.975,312.7875,109
60428,2023,9,26,9984,219029,312.7875,312.7875,24
129125,2024,7,17,9984,219029,184.5375,312.7875,31
106215,2024,4,10,9984,219029,312.7875,312.7875,23
47406,2023,8,1,9984,219029,312.7875,312.7875,42
26140,2023,5,2,9984,219029,312.7875,312.7875,35
71857,2023,11,14,9984,219029,312.7875,312.7875,23
13042,2023,3,7,9984,219029,312.7875,312.7875,30
165202,2024,12,18,9984,219029,312.7875,312.7875,16
73491,2023,11,21,9984,219029,312.7875,312.7875,34
17957,2023,3,28,9984,219029,312.7875,312.7875,30
68583,2023,10,31,9984,219029,312.7875,312.7875,24
111122,2024,5,1,9984,219029,312.7875,312.7875,33
98083,2024,3,6,9984,219029,312.7875,312.7875,37
70219,2023,11,7,9984,219029,312.7875,312.7875,38
109483,2024,4,24,9984,219029,312.7875,312.7875,29
83327,2024,1,2,9984,219029,312.7875,312.7875,17
16321,2023,3,21,9984,219029,312.7875,312.7875,22
143873,2024,9,18,9984,219029,312.7875,312.7875,12
55551,2023,9,5,9984,219029,312.7875,312.7875,32
52305,2023,8,22,9984,219029,312.7875,312.7875,36
120957,2024,6,12,9984,219029,299.9625,299.9625,36
31045,2023,5,23,9984,219029,312.7875,312.7875,23
104383,2024,4,3,9872,219029,295.6875,295.6875,27
19400,2023,4,4,9872,219029,295.6875,295.6875,33
112570,2024,5,8,9872,219029,295.6875,295.6875,32
114209,2024,5,15,9872,219029,286.425,286.425,46
68390,2023,10,31,9872,219029,285,285,42
6348,2023,2,7,9872,219029,295.6875,295.6875,31
47217,2023,8,1,9872,219029,295.6875,295.6875,27
91330,2024,2,6,9872,219029,295.6875,295.6875,35
63481,2023,10,10,9872,219029,295.6875,295.6875,45
70027,2023,11,7,9872,219029,295.6875,295.6875,29
135485,2024,8,14,9872,219029,287.1375,287.1375,24
142043,2024,9,11,9872,219029,294.975,294.975,41
119125,2024,6,5,9872,219029,295.6875,295.6875,37
65114,2023,10,17,9872,219029,295.6875,295.6875,38
12851,2023,3,7,9872,219029,295.6875,295.6875,25
132207,2024,7,31,9872,219029,295.6875,295.6875,35
89697,2024,1,30,9872,219029,293.55,293.55,17
11236,2023,2,28,9872,219029,295.6875,295.6875,47
60237,2023,9,26,9872,219029,295.6875,295.6875,29
110930,2024,5,1,9872,219029,295.6875,295.6875,38
3072,2023,1,24,9872,219029,295.6875,295.6875,25
150243,2024,10,16,9872,219029,295.6875,295.6875,30
73301,2023,11,21,9872,219029,295.6875,295.6875,46
160086,2024,11,27,9872,219029,295.6875,295.6875,23
174795,2025,1,29,9872,219029,295.6875,295.6875,22
109290,2024,4,24,9872,219029,295.6875,295.6875,45
48848,2023,8,8,9872,219029,295.6875,295.6875,34
153524,2024,10,30,9872,219029,295.6875,295.6875,28
120764,2024,6,12,9872,219029,295.6875,295.6875,37
78216,2023,12,12,9872,219029,295.6875,295.6875,27
96252,2024,2,27,9872,219029,193.0875,295.6875,107
88056,2024,1,23,9872,219029,295.6875,295.6875,23
22671,2023,4,18,9872,219029,295.6875,295.6875,34
107653,2024,4,17,9872,219029,295.6875,295.6875,49
124047,2024,6,26,9872,219029,295.6875,295.6875,44
14487,2023,3,14,9872,219029,295.6875,295.6875,30
169901,2025,1,8,9872,219029,295.6875,295.6875,58
163367,2024,12,11,9872,219029,295.6875,295.6875,40
4709,2023,1,31,9872,219029,295.6875,295.6875,19
97892,2024,3,6,9872,219029,295.6875,295.6875,29
94611,2024,2,20,9872,219029,191.6625,295.6875,177
84776,2024,1,9,9872,219029,295.6875,295.6875,49
102748,2024,3,27,9872,219029,295.6875,295.6875,31
137125,2024,8,21,9872,219029,295.6875,295.6875,27
76574,2023,12,5,9872,219029,295.6875,295.6875,19
148601,2024,10,9,9872,219029,295.6875,295.6875,38
24311,2023,4,25,9872,219029,295.6875,295.6875,52
166651,2024,12,25,9872,219029,295.6875,295.6875,35
79856,2023,12,19,9872,219029,295.6875,295.6875,35
92969,2024,2,13,9872,219029,295.6875,295.6875,36
178049,2025,2,12,9872,219029,295.6875,295.6875,51
151885,2024,10,23,9872,219029,295.6875,295.6875,27
52113,2023,8,22,9872,219029,295.6875,295.6875,41
86417,2024,1,16,9872,219029,295.6875,295.6875,33
115851,2024,5,22,9872,219029,295.6875,295.6875,36
146963,2024,10,2,9872,219029,295.6875,295.6875,29
100480,2024,3,20,9281,219029,312.7875,312.7875,8
118447,2024,6,5,9281,219029,312.7875,312.7875,22
102085,2024,3,27,9281,219029,312.7875,312.7875,22
62810,2023,10,10,9281,219029,312.7875,312.7875,23
12184,2023,3,7,9281,219029,312.7875,312.7875,21
92290,2024,2,13,9281,219029,312.7875,312.7875,11
103702,2024,4,3,9281,219029,312.7875,312.7875,20
110249,2024,5,1,9281,219029,312.7875,312.7875,17
51439,2023,8,22,9281,219029,312.7875,312.7875,17
134808,2024,8,14,9281,219029,312.7875,312.7875,10
18720,2023,4,4,9281,219029,312.7875,312.7875,22
33447,2023,6,6,9281,219029,312.7875,312.7875,28
26908,2023,5,9,9281,219029,312.7875,312.7875,16
152846,2024,10,30,9281,219029,312.7875,312.7875,20
49808,2023,8,15,9281,219029,312.7875,312.7875,19
28546,2023,5,16,9281,219029,312.7875,312.7875,22
7308,2023,2,14,9281,219029,180.2625,312.7875,69
131531,2024,7,31,9281,219029,312.7875,312.7875,41
67712,2023,10,31,9281,219029,312.7875,312.7875,20
87377,2024,1,23,9281,219029,312.7875,312.7875,13
41636,2023,7,11,9281,219029,178.8375,312.7875,119
79177,2023,12,19,9281,219029,312.7875,312.7875,16
8946,2023,2,21,9281,219029,181.6875,312.7875,96
70987,2023,11,14,9281,219029,312.7875,312.7875,33
136446,2024,8,21,9281,219029,312.7875,312.7875,23
162687,2024,12,11,9281,219029,312.7875,312.7875,16
59569,2023,9,26,9281,219029,312.7875,312.7875,25
35086,2023,6,13,9281,219029,312.7875,312.7875,22
77535,2023,12,12,9281,219029,312.7875,312.7875,7
98853,2024,3,13,9281,219029,312.7875,312.7875,23
82457,2024,1,2,9281,219029,312.7875,312.7875,21
121726,2024,6,19,9281,219029,312.7875,312.7875,26
31813,2023,5,30,9281,219029,312.7875,312.7875,14
84096,2024,1,9,9281,219029,312.7875,312.7875,24
15448,2023,3,21,9281,219029,312.7875,312.7875,26
44906,2023,7,25,9281,219029,312.7875,312.7875,19
165972,2024,12,25,9281,219029,312.7875,312.7875,20
66074,2023,10,24,9281,219029,312.7875,312.7875,21
13809,2023,3,14,9281,219029,312.7875,312.7875,23
174129,2025,1,29,9281,219029,312.7875,312.7875,18
128258,2024,7,17,9281,219029,312.7875,312.7875,12
167597,2025,1,1,9281,219029,312.7875,312.7875,18
85737,2024,1,16,9281,219029,312.7875,312.7875,15
177371,2025,2,12,9281,219029,312.7875,312.7875,26
125006,2024,7,3,9281,219029,180.975,312.7875,90
25270,2023,5,2,9281,219029,312.7875,312.7875,19
157763,2024,11,20,9281,219029,312.7875,312.7875,11
23633,2023,4,25,9281,219029,312.7875,312.7875,19
97213,2024,3,6,9281,219029,312.7875,312.7875,15
75895,2023,12,5,9281,219029,312.7875,312.7875,15
53063,2023,8,29,9281,219029,312.7875,312.7875,24
164330,2024,12,18,9281,219029,312.7875,312.7875,17
149564,2024,10,16,9281,219029,312.7875,312.7875,20
72626,2023,11,21,9281,219029,312.7875,312.7875,14
126637,2024,7,10,9281,219029,177.4125,312.7875,98
144641,2024,9,25,9281,219029,312.7875,312.7875,14
108614,2024,4,24,9281,219029,312.7875,312.7875,26
123369,2024,6,26,9281,219029,312.7875,312.7875,18
38357,2023,6,27,9281,219029,312.7875,312.7875,26
151206,2024,10,23,9281,219029,312.7875,312.7875,21
5668,2023,2,7,9281,219029,281.4375,312.7875,14
143002,2024,9,18,9281,219029,312.7875,312.7875,28
36720,2023,6,20,9281,219029,312.7875,312.7875,20
74258,2023,11,28,9281,219029,312.7875,312.7875,13
90654,2024,2,6,9281,219029,312.7875,312.7875,26
95572,2024,2,27,9281,219029,190.95,312.7875,74
175746,2025,2,5,9281,219029,312.7875,312.7875,14
88651,2024,1,30,8562,219029,327.0375,327.0375,48
173765,2025,1,29,8562,219029,327.0375,327.0375,33
95206,2024,2,27,8562,219029,192.375,318.4875,194
134441,2024,8,14,8562,219029,171.7125,327.0375,579
96845,2024,3,6,8562,219029,318.4875,318.4875,37
154117,2024,11,6,8562,219029,327.0375,327.0375,81
163962,2024,12,18,8562,219029,314.925,314.925,42
91924,2024,2,13,8562,219029,318.4875,318.4875,53
2030,2023,1,24,8562,219029,327.0375,327.0375,44
54326,2023,9,5,8562,219029,317.0625,317.0625,45
28178,2023,5,16,8562,219029,327.0375,327.0375,60
42907,2023,7,18,8562,219029,327.0375,327.0375,50
82089,2024,1,2,8562,219029,327.0375,327.0375,34
10209,2023,2,28,8562,219029,316.35,316.35,52
106615,2024,4,17,8562,219029,327.0375,327.0375,44
104978,2024,4,10,8562,219029,327.0375,327.0375,25
26540,2023,5,9,8562,219029,327.0375,327.0375,48
121359,2024,6,19,8562,219029,327.0375,327.0375,55
127894,2024,7,17,8562,219029,276.45,327.0375,51
116442,2024,5,29,8562,219029,319.9125,319.9125,47
129527,2024,7,24,8562,219029,327.0375,327.0375,53
103335,2024,4,3,8562,219029,317.0625,317.0625,49
80449,2023,12,26,8562,219029,314.2125,314.2125,38
83729,2024,1,9,8562,219029,327.0375,327.0375,45
15080,2023,3,21,8562,219029,327.0375,327.0375,62
24904,2023,5,2,8562,219029,327.0375,327.0375,54
31447,2023,5,30,8562,219029,327.0375,327.0375,32
136079,2024,8,21,8562,219029,327.0375,327.0375,23
162319,2024,12,11,8562,219029,327.0375,327.0375,33
142635,2024,9,18,8562,219029,327.0375,327.0375,41
6943,2023,2,14,8562,219029,176.7,327.0375,316
39631,2023,7,4,8562,219029,177.4125,327.0375,285
11822,2023,3,7,8562,219029,298.5375,298.5375,74
41269,2023,7,11,8562,219029,177.4125,327.0375,255
51075,2023,8,22,8562,219029,327.0375,327.0375,50
98485,2024,3,13,8562,219029,327.0375,327.0375,33
65709,2023,10,24,8562,219029,327.0375,327.0375,48
62447,2023,10,10,8562,219029,327.0375,327.0375,60
101724,2024,3,27,8562,219029,327.0375,327.0375,58
47807,2023,8,8,8562,219029,327.0375,327.0375,48
68985,2023,11,7,8562,219029,327.0375,327.0375,40
73892,2023,11,28,8562,219029,327.0375,327.0375,49
85370,2024,1,16,8562,219029,327.0375,327.0375,72
60826,2023,10,3,8562,219029,327.0375,327.0375,43
90291,2024,2,6,8562,219029,327.0375,327.0375,49
167235,2025,1,1,8562,219029,319.9125,319.9125,36
150838,2024,10,23,8562,219029,327.0375,327.0375,49
70619,2023,11,14,8562,219029,327.0375,327.0375,54
168856,2025,1,8,8562,219029,327.0375,327.0375,58
3667,2023,1,31,8562,219029,327.0375,327.0375,70
139358,2024,9,4,8562,219029,327.0375,327.0375,50
126271,2024,7,10,8562,219029,178.125,327.0375,226
100119,2024,3,20,8562,219029,327.0375,327.0375,9
46173,2023,8,1,8562,219029,327.0375,327.0375,54
85085,2024,1,16,8023,219029,327.0375,327.0375,88
129241,2024,7,24,8023,219029,327.0375,327.0375,92
162033,2024,12,11,8023,219029,327.0375,327.0375,94
81804,2024,1,2,8023,219029,327.0375,327.0375,83
117797,2024,6,5,8023,219029,314.925,314.925,120
99839,2024,3,20,8023,219029,322.05,322.05,45
40983,2023,7,11,8023,219029,177.4125,327.0375,397
54041,2023,9,5,8023,219029,321.3375,321.3375,86
150552,2024,10,23,8023,219029,327.0375,327.0375,93
127613,2024,7,17,8023,219029,289.9875,327.0375,133
60543,2023,10,3,8023,219029,327.0375,327.0375,97
173482,2025,1,29,8023,219029,323.475,323.475,81
13157,2023,3,14,8023,219029,327.0375,327.0375,85
75244,2023,12,5,8023,219029,327.0375,327.0375,73
157115,2024,11,20,8023,219029,327.0375,327.0375,59
116159,2024,5,29,8023,219029,327.0375,327.0375,96
105,2023,1,17,8023,219029,310.65,310.65,121
152193,2024,10,30,8023,219029,327.0375,327.0375,107
34436,2023,6,13,8023,219029,312.075,312.075,93
176720,2025,2,12,8023,219029,326.325,326.325,123
62164,2023,10,10,8023,219029,321.3375,321.3375,89
80164,2023,12,26,8023,219029,327.0375,327.0375,84
71973,2023,11,21,8023,219029,321.3375,321.3375,194
122715,2024,6,26,8023,219029,327.0375,327.0375,94
73607,2023,11,28,8023,219029,314.925,314.925,79
42622,2023,7,18,8023,219029,317.775,317.775,127
125988,2024,7,10,8023,219029,176.7,327.0375,229
121073,2024,6,19,8023,219029,314.925,314.925,124
39345,2023,7,4,8023,219029,177.4125,327.0375,586
9929,2023,2,28,8023,219029,303.525,303.525,101
134156,2024,8,14,8023,219029,173.1375,327.0375,1074
29532,2023,5,23,8023,219029,311.3625,311.3625,63
50789,2023,8,22,8023,219029,327.0375,327.0375,98
90006,2024,2,6,8023,219029,327.0375,327.0375,93
36068,2023,6,20,8023,219029,327.0375,327.0375,114
171848,2025,1,22,8023,219029,327.0375,327.0375,96
104692,2024,4,10,8023,219029,324.1875,324.1875,79
166956,2025,1,1,8023,219029,327.0375,327.0375,55
155473,2024,11,13,8023,219029,327.0375,327.0375,119
45889,2023,8,1,8023,219029,327.0375,327.0375,134
67060,2023,10,31,8023,219029,327.0375,327.0375,106
145631,2024,10,2,8023,219029,327.0375,327.0375,94
6657,2023,2,14,8023,219029,175.9875,327.0375,623
44259,2023,7,25,8023,219029,318.4875,318.4875,76
57292,2023,9,19,8023,219029,322.05,322.05,100
109599,2024,5,1,8023,219029,327.0375,327.0375,116
130879,2024,7,31,8023,219029,327.0375,327.0375,101
107961,2024,4,24,8023,219029,327.0375,327.0375,111
119432,2024,6,12,8023,219029,327.0375,327.0375,132
31161,2023,5,30,8023,219029,315.6375,315.6375,89
14795,2023,3,21,8023,219029,327.0375,327.0375,113
