HW 3/homework3.csv
RECORD_ID,YEAR,MONTH,DAY,STORE_ID,SKU_ID,TOTAL_PRICE,BASE_PRICE,UNITS_SOLD
115785,2024,5,22,9837,219009,216.6,241.5375,36
153458,2024,10,30,9837,219009,178.125,216.6,83
38971,2023,6,27,9837,219009,215.175,215.175,54
128868,2024,7,17,9837,219009,225.8625,225.8625,34
16063,2023,3,21,9837,219009,219.45,219.45,47
119059,2024,6,5,9837,219009,188.1,241.5375,8
58548,2023,9,19,9837,219009,223.0125,223.0125,30
169835,2025,1,8,9837,219009,219.45,219.45,50
86351,2024,1,16,9837,219009,210.1875,210.1875,64
141977,2024,9,11,9837,219009,222.3,222.3,63
123982,2024,6,26,9837,219009,215.175,215.175,29
109225,2024,4,24,9837,219009,221.5875,221.5875,37
3007,2023,1,24,9837,219009,227.2875,227.2875,29
55296,2023,9,5,9837,219009,199.5,199.5,42
27521,2023,5,9,9837,219009,142.5,227.2875,160
138698,2024,8,28,9837,219009,151.7625,222.3,65
1371,2023,1,17,9837,219009,227.2875,227.2875,42
176350,2025,2,5,9837,219009,222.3,222.3,49
35697,2023,6,13,9837,219009,213.75,213.75,76
17700,2023,3,28,9837,219009,208.05,208.05,35
102684,2024,3,27,9837,219009,241.5375,241.5375,16
11171,2023,2,28,9837,219009,117.5625,223.0125,403
101081,2024,3,20,9837,219009,228,228,7
164943,2024,12,18,9837,219009,162.45,222.3,176
174732,2025,1,29,9837,219009,222.3,222.3,33
65048,2023,10,17,9837,219009,225.8625,225.8625,43
7921,2023,2,14,9837,219009,118.9875,223.0125,600
81430,2023,12,26,9837,219009,200.2125,200.2125,30
97826,2024,3,6,9837,219009,205.2,205.2,28
73236,2023,11,21,9837,219009,174.5625,200.925,197
163301,2024,12,11,9837,219009,163.875,222.3,207
83069,2024,1,2,9837,219009,201.6375,201.6375,35
171473,2025,1,15,9837,219009,220.1625,220.1625,85
140338,2024,9,4,9837,219009,141.075,222.3,88
24245,2023,4,25,9837,219009,218.025,218.025,35
50416,2023,8,15,9837,219009,213.75,213.75,61
37331,2023,6,20,9837,219009,220.1625,220.1625,45
9559,2023,2,21,9837,219009,116.1375,223.0125,402
22605,2023,4,18,9837,219009,218.7375,218.7375,38
166585,2024,12,25,9837,219009,133.95,222.3,213
132141,2024,7,31,9837,219009,225.8625,225.8625,51
84710,2024,1,9,9837,219009,210.1875,210.1875,57
114143,2024,5,15,9837,219009,241.5375,241.5375,50
71598,2023,11,14,9837,219009,200.925,200.925,64
173115,2025,1,22,9837,219009,215.8875,215.8875,52
14421,2023,3,14,9837,219009,203.0625,203.0625,52
66686,2023,10,24,9837,219009,210.9,210.9,21
125615,2024,7,3,9837,219009,216.6,216.6,34
143614,2024,9,18,9837,219009,222.3,222.3,35
74869,2023,11,28,9837,219009,190.95,190.95,44
89632,2024,1,30,9837,219009,210.1875,210.1875,34
177983,2025,2,12,9837,219009,217.3125,217.3125,66
61797,2023,10,3,9837,219009,123.975,223.0125,208
42248,2023,7,11,9837,219009,221.5875,221.5875,56
137059,2024,8,21,9837,219009,222.3,222.3,21
53670,2023,8,29,9837,219009,195.225,195.225,43
145256,2024,9,25,9837,219009,222.3,222.3,18
48782,2023,8,8,9837,219009,227.2875,227.2875,49
110904,2024,5,1,9845,219009,239.4,239.4,120
124021,2024,6,26,9845,219009,211.6125,211.6125,124
11210,2023,2,28,9845,219009,116.85,227.2875,1705
120738,2024,6,12,9845,219009,214.4625,214.4625,105
146937,2024,10,2,9845,219009,138.9375,220.875,706
133821,2024,8,7,9845,219009,225.8625,225.8625,121
60211,2023,9,26,9845,219009,227.2875,227.2875,160
45557,2023,7,25,9845,219009,210.1875,210.1875,38
92943,2024,2,13,9845,219009,209.475,209.475,140
6322,2023,2,7,9845,219009,227.2875,227.2875,129
74909,2023,11,28,9845,219009,189.525,189.525,162
48822,2023,8,8,9845,219009,227.2875,227.2875,53
86391,2024,1,16,9845,219009,205.2,205.2,195
148575,2024,10,9,9845,219009,217.3125,217.3125,142
104357,2024,4,3,9845,219009,216.6,216.6,57
150217,2024,10,16,9845,219009,217.3125,217.3125,214
115825,2024,5,22,9845,219009,201.6375,201.6375,169
132181,2024,7,31,9845,219009,225.8625,225.8625,139
128908,2024,7,17,9845,219009,220.875,220.875,135
78190,2023,12,12,9845,219009,202.35,202.35,150
25922,2023,5,2,9845,219009,220.1625,220.1625,138
99506,2024,3,13,9845,219009,230.85,230.85,82
61837,2023,10,3,9845,219009,125.4,227.2875,799
43924,2023,7,18,9845,219009,208.7625,208.7625,78
40648,2023,7,4,9845,219009,227.2875,227.2875,140
151859,2024,10,23,9845,219009,217.3125,217.3125,194
158417,2024,11,20,9845,219009,206.625,206.625,58
94585,2024,2,20,9845,219009,204.4875,204.4875,159
145296,2024,9,25,9845,219009,220.875,220.875,100
68364,2023,10,31,9845,219009,205.2,205.2,155
27561,2023,5,9,9845,219009,142.5,220.1625,596
155138,2024,11,6,9845,219009,178.125,217.3125,168
160060,2024,11,27,9845,219009,207.3375,207.3375,205
81470,2023,12,26,9845,219009,198.7875,198.7875,141
171513,2025,1,15,9845,219009,215.8875,215.8875,224
174770,2025,1,29,9845,219009,222.3,222.3,154
169875,2025,1,8,9845,219009,218.025,218.025,178
166625,2024,12,25,9845,219009,133.95,207.3375,932
107628,2024,4,17,9845,219009,203.775,228,111
58587,2023,9,19,9845,219009,224.4375,224.4375,138
4683,2023,1,31,9845,219009,227.2875,227.2875,122
143654,2024,9,18,9845,219009,208.7625,208.7625,123
173155,2025,1,22,9845,219009,216.6,216.6,180
125654,2024,7,3,9845,219009,213.0375,213.0375,133
66725,2023,10,24,9845,219009,201.6375,227.2875,147
53709,2023,8,29,9845,219009,215.175,215.175,189
117463,2024,5,29,9845,219009,198.075,198.075,129
171062,2025,1,15,9479,219009,195.225,195.225,84
139928,2024,9,4,9479,219009,180.975,180.975,108
94134,2024,2,20,9479,219009,185.25,185.25,86
54893,2023,9,5,9479,219009,223.725,223.725,87
169426,2025,1,8,9479,219009,195.225,195.225,88
71191,2023,11,14,9479,219009,216.6,216.6,62
2597,2023,1,24,9479,219009,227.2875,227.2875,45
177574,2025,2,12,9479,219009,195.225,195.225,85
38561,2023,6,27,9479,219009,222.3,222.3,62
20564,2023,4,11,9479,219009,218.025,218.025,76
159609,2024,11,27,9479,219009,184.5375,184.5375,92
48375,2023,8,8,9479,219009,227.2875,227.2875,68
107182,2024,4,17,9479,219009,198.7875,198.7875,72
30382,2023,5,23,9479,219009,222.3,222.3,60
167798,2025,1,1,9479,219009,128.9625,195.225,124
95776,2024,2,27,9479,219009,185.25,185.25,91
72829,2023,11,21,9479,219009,175.9875,216.6,278
120289,2024,6,12,9479,219009,198.7875,198.7875,55
962,2023,1,17,9479,219009,223.0125,223.0125,76
17291,2023,3,28,9479,219009,223.0125,223.0125,76
154687,2024,11,6,9479,219009,178.8375,178.8375,53
33651,2023,6,6,9479,219009,217.3125,217.3125,69
45109,2023,7,25,9479,219009,221.5875,221.5875,52
4236,2023,1,31,9479,219009,225.15,225.15,74
110453,2024,5,1,9479,219009,198.7875,198.7875,59
23835,2023,4,25,9479,219009,227.2875,227.2875,71
79380,2023,12,19,9479,219009,190.95,190.95,78
175948,2025,2,5,9479,219009,195.225,195.225,94
166175,2024,12,25,9479,219009,133.95,195.225,146
162891,2024,12,11,9479,219009,162.45,195.225,222
84299,2024,1,9,9479,219009,195.225,195.225,81
151410,2024,10,23,9479,219009,191.6625,189.525,76
157966,2024,11,20,9479,219009,188.1,188.1,64
115374,2024,5,22,9479,219009,194.5125,194.5125,62
43476,2023,7,18,9479,219009,213.0375,213.0375,48
89221,2024,1,30,9479,219009,193.0875,193.0875,91
92492,2024,2,13,9479,219009,195.225,195.225,79
125208,2024,7,3,9479,219009,194.5125,194.5125,63
18924,2023,4,4,9479,219009,224.4375,224.4375,100
156331,2024,11,13,9479,219009,195.225,195.225,70
100681,2024,3,20,9479,219009,189.525,189.525,35
87579,2024,1,23,9479,219009,190.2375,190.2375,69
50010,2023,8,15,9479,219009,203.0625,227.2875,73
103906,2024,4,3,9479,219009,198.7875,198.7875,61
174329,2025,1,29,9479,219009,195.225,195.225,76
53266,2023,8,29,9479,219009,223.725,223.725,84
51640,2023,8,22,9479,219009,201.6375,227.2875,91
25473,2023,5,2,9479,219009,227.2875,227.2875,76
86843,2024,1,23,8317,219009,198.7875,198.7875,164
126103,2024,7,10,8317,219009,191.6625,191.6625,91
78640,2023,12,19,8317,219009,194.5125,194.5125,155
44374,2023,7,25,8317,219009,227.2875,227.2875,123
47638,2023,8,8,8317,219009,226.575,226.575,91
114635,2024,5,22,8317,219009,194.5125,194.5125,132
42739,2023,7,18,8317,219009,227.2875,227.2875,99
93395,2024,2,20,8317,219009,185.9625,185.9625,192
67177,2023,10,31,8317,219009,227.2875,227.2875,115
222,2023,1,17,8317,219009,227.2875,227.2875,172
175217,2025,2,5,8317,219009,180.975,180.975,113
176836,2025,2,12,8317,219009,175.275,175.275,103
116275,2024,5,29,8317,219009,190.95,190.95,158
1861,2023,1,24,8317,219009,227.2875,227.2875,147
8412,2023,2,21,8317,219009,118.275,227.2875,488
28009,2023,5,16,8317,219009,192.375,227.2875,144
60659,2023,10,3,8317,219009,126.825,225.15,772
117912,2024,6,5,8317,219009,195.9375,195.9375,105
46005,2023,8,1,8317,219009,227.2875,227.2875,152
85201,2024,1,16,8317,219009,197.3625,197.3625,187
162150,2024,12,11,8317,219009,158.8875,183.1125,212
167072,2025,1,1,8317,219009,133.95,183.1125,59
101560,2024,3,27,8317,219009,188.1,188.1,149
76999,2023,12,12,8317,219009,198.7875,198.7875,150
122832,2024,6,26,8317,219009,191.6625,191.6625,114
158868,2024,11,27,8317,219009,192.375,192.375,114
57409,2023,9,19,8317,219009,224.4375,224.4375,133
31278,2023,5,30,8317,219009,225.15,225.15,149
160512,2024,12,4,8317,219009,183.1125,183.1125,81
124472,2024,7,3,8317,219009,191.6625,191.6625,108
96677,2024,3,6,8317,219009,195.225,195.225,155
83560,2024,1,9,8317,219009,195.225,195.225,170
149027,2024,10,16,8317,219009,187.3875,187.3875,147
127727,2024,7,17,8317,219009,190.95,190.95,79
134273,2024,8,14,8317,219009,173.1375,194.5125,136
170322,2025,1,15,8317,219009,178.8375,178.8375,119
80280,2023,12,26,8317,219009,198.7875,198.7875,147
147387,2024,10,9,8317,219009,186.675,186.675,139
145748,2024,10,2,8317,219009,141.075,175.275,202
21462,2023,4,18,8317,219009,223.0125,223.0125,148
150669,2024,10,23,8317,219009,191.6625,191.6625,99
23096,2023,4,25,8317,219009,223.0125,223.0125,160
139189,2024,9,4,8317,219009,158.8875,194.5125,124
132633,2024,8,7,8317,219009,194.5125,194.5125,84
144104,2024,9,25,8317,219009,175.275,175.275,175
34553,2023,6,13,8317,219009,220.875,220.875,156
36185,2023,6,20,8317,219009,227.2875,227.2875,131
81921,2024,1,2,8317,219009,193.8,193.8,107
106448,2024,4,17,8317,219009,198.7875,198.7875,146
14912,2023,3,21,8317,219009,218.025,218.025,152
135911,2024,8,21,8317,219009,167.4375,194.5125,128
50906,2023,8,22,8317,219009,217.3125,217.3125,161
99953,2024,3,20,8317,219009,188.1,188.1,59
10616,2023,2,28,9371,219009,117.5625,227.2875,419
12230,2023,3,7,9371,219009,116.1375,227.2875,79
166018,2024,12,25,9371,219009,133.95,203.0625,244
46585,2023,8,1,9371,219009,227.2875,227.2875,25
20406,2023,4,11,9371,219009,208.7625,208.7625,37
61233,2023,10,3,9371,219009,125.4,234.4125,318
74304,2023,11,28,9371,219009,198.075,198.075,49
146329,2024,10,2,9371,219009,141.075,222.3,127
95618,2024,2,27,9371,219009,183.1125,210.1875,43
71033,2023,11,14,9371,219009,198.075,234.4125,54
84142,2024,1,9,9371,219009,210.1875,210.1875,48
41682,2023,7,11,9371,219009,220.875,220.875,56
131577,2024,7,31,9371,219009,225.8625,225.8625,41
152892,2024,10,30,9371,219009,178.125,222.3,93
89063,2024,1,30,9371,219009,210.1875,210.1875,26
44952,2023,7,25,9371,219009,227.2875,227.2875,15
79223,2023,12,19,9371,219009,210.1875,210.1875,29
13855,2023,3,14,9371,219009,227.2875,227.2875,45
40042,2023,7,4,9371,219009,213.75,213.75,32
23679,2023,4,25,9371,219009,204.4875,227.2875,30
98899,2024,3,13,9371,219009,175.275,210.1875,17
100526,2024,3,20,9371,219009,186.675,210.1875,4
26954,2023,5,9,9371,219009,142.5,227.2875,212
143048,2024,9,18,9371,219009,222.3,222.3,22
175791,2025,2,5,9371,219009,222.3,222.3,59
161092,2024,12,4,9371,219009,203.0625,203.0625,34
87423,2024,1,23,9371,219009,199.5,199.5,31
102130,2024,3,27,9371,219009,171.7125,210.1875,16
92336,2024,2,13,9371,219009,171,210.1875,45
133214,2024,8,7,9371,219009,225.8625,225.8625,32
149609,2024,10,16,9371,219009,122.55,222.3,135
57987,2023,9,19,9371,219009,225.15,225.15,41
804,2023,1,17,9371,219009,227.2875,227.2875,19
85783,2024,1,16,9371,219009,210.1875,210.1875,55
111936,2024,5,8,9371,219009,210.1875,210.1875,39
66120,2023,10,24,9371,219009,210.1875,234.4125,16
97259,2024,3,6,9371,219009,210.1875,210.1875,28
38403,2023,6,27,9371,219009,215.8875,215.8875,31
15494,2023,3,21,9371,219009,192.375,227.2875,36
4078,2023,1,31,9371,219009,227.2875,227.2875,32
113578,2024,5,15,9371,219009,188.8125,210.1875,40
8992,2023,2,21,9371,219009,116.85,227.2875,336
82503,2024,1,2,9371,219009,210.1875,210.1875,32
2440,2023,1,24,9371,219009,227.2875,227.2875,16
125052,2024,7,3,9371,219009,225.8625,225.8625,20
93977,2024,2,20,9371,219009,185.9625,210.1875,39
162733,2024,12,11,9371,219009,163.1625,203.0625,261
31859,2023,5,30,9371,219009,193.0875,193.0875,30
75941,2023,12,5,9371,219009,210.1875,210.1875,17
121772,2024,6,19,9371,219009,225.8625,225.8625,24
157809,2024,11,20,9371,219009,208.7625,208.7625,20
147966,2024,10,9,9371,219009,222.3,222.3,43
17133,2023,3,28,9371,219009,227.2875,227.2875,24
63183,2023,10,10,9613,219009,201.6375,228,103
108991,2024,4,24,9613,219009,203.775,203.775,98
82836,2024,1,2,9613,219009,210.1875,210.1875,67
77915,2023,12,12,9613,219009,206.625,206.625,84
46918,2023,8,1,9613,219009,227.2875,227.2875,48
145021,2024,9,25,9613,219009,218.025,218.025,76
2772,2023,1,24,9613,219009,227.2875,227.2875,77
15828,2023,3,21,9613,219009,205.9125,205.9125,82
94310,2024,2,20,9613,219009,191.6625,191.6625,109
97592,2024,3,6,9613,219009,185.25,185.25,87
30556,2023,5,23,9613,219009,183.825,223.725,118
58317,2023,9,19,9613,219009,225.8625,225.8625,120
87755,2024,1,23,9613,219009,203.775,203.775,100
174499,2025,1,29,9613,219009,222.3,222.3,176
59943,2023,9,26,9613,219009,228,228,94
118825,2024,6,5,9613,219009,202.35,202.35,42
45285,2023,7,25,9613,219009,220.1625,220.1625,46
76275,2023,12,5,9613,219009,205.9125,205.9125,64
105722,2024,4,10,9613,219009,188.1,188.1,83
153223,2024,10,30,9613,219009,177.4125,214.4625,181
110629,2024,5,1,9613,219009,210.1875,210.1875,130
81195,2023,12,26,9613,219009,199.5,199.5,56
56687,2023,9,12,9613,219009,223.725,223.725,99
146663,2024,10,2,9613,219009,141.075,218.025,365
43651,2023,7,18,9613,219009,221.5875,221.5875,57
12556,2023,3,7,9613,219009,114,223.725,133
40374,2023,7,4,9613,219009,227.2875,227.2875,117
136826,2024,8,21,9613,219009,186.675,186.675,77
143380,2024,9,18,9613,219009,220.875,220.875,61
102455,2024,3,27,9613,219009,198.7875,198.7875,71
127009,2024,7,10,9613,219009,219.45,219.45,79
149942,2024,10,16,9613,219009,219.45,213.0375,127
125382,2024,7,3,9613,219009,223.0125,223.0125,70
92668,2024,2,13,9613,219009,202.35,202.35,118
20739,2023,4,11,9613,219009,218.7375,218.7375,81
61563,2023,10,3,9613,219009,126.1125,228,734
71367,2023,11,14,9613,219009,200.925,200.925,120
35463,2023,6,13,9613,219009,219.45,219.45,101
158142,2024,11,20,9613,219009,196.65,222.3,57
10942,2023,2,28,9613,219009,116.1375,223.725,777
86116,2024,1,16,9613,219009,200.2125,200.2125,123
25648,2023,5,2,9613,219009,227.2875,227.2875,99
79555,2023,12,19,9613,219009,203.0625,203.0625,48
66452,2023,10,24,9613,219009,205.9125,205.9125,67
151586,2024,10,23,9613,219009,214.4625,214.4625,83
42014,2023,7,11,9613,219009,214.4625,214.4625,77
115550,2024,5,22,9613,219009,207.3375,207.3375,114
51814,2023,8,22,9613,219009,189.525,234.4125,102
6047,2023,2,7,9613,219009,223.725,223.725,90
166350,2024,12,25,9613,219009,133.95,210.1875,445
19100,2023,4,4,9613,219009,215.175,215.175,81
131908,2024,7,31,9613,219009,225.8625,225.8625,126
145809,2024,10,2,8398,219029,327.0375,327.0375,42
83621,2024,1,9,8398,219029,327.0375,327.0375,45
106508,2024,4,17,8398,219029,327.0375,327.0375,31
10104,2023,2,28,8398,219029,327.0375,327.0375,48
154009,2024,11,6,8398,219029,327.0375,327.0375,100
3559,2023,1,31,8398,219029,327.0375,327.0375,40
162211,2024,12,11,8398,219029,319.2,319.2,54
80341,2023,12,26,8398,219029,327.0375,327.0375,21
32975,2023,6,6,8398,219029,315.6375,315.6375,46
142527,2024,9,18,8398,219029,326.325,326.325,48
86904,2024,1,23,8398,219029,327.0375,327.0375,12
49333,2023,8,15,8398,219029,327.0375,327.0375,40
34614,2023,6,13,8398,219029,279.3,315.6375,44
70511,2023,11,14,8398,219029,327.0375,327.0375,64
75421,2023,12,5,8398,219029,327.0375,327.0375,31
28070,2023,5,16,8398,219029,327.0375,327.0375,32
50967,2023,8,22,8398,219029,322.05,322.05,52
91816,2024,2,13,8398,219029,307.0875,307.0875,50
104870,2024,4,10,8398,219029,327.0375,327.0375,27
170383,2025,1,15,8398,219029,327.0375,327.0375,48
149088,2024,10,16,8398,219029,327.0375,327.0375,52
42800,2023,7,18,8398,219029,312.7875,312.7875,35
39523,2023,7,4,8398,219029,180.2625,327.0375,350
78701,2023,12,19,8398,219029,327.0375,327.0375,26
19887,2023,4,11,8398,219029,327.0375,327.0375,47
122893,2024,6,26,8398,219029,327.0375,327.0375,13
37882,2023,6,27,8398,219029,327.0375,327.0375,33
36246,2023,6,20,8398,219029,327.0375,327.0375,52
88543,2024,1,30,8398,219029,327.0375,327.0375,30
173660,2025,1,29,8398,219029,327.0375,327.0375,52
152371,2024,10,30,8398,219029,320.625,320.625,52
168749,2025,1,8,8398,219029,327.0375,327.0375,37
81982,2024,1,2,8398,219029,327.0375,327.0375,25
131055,2024,7,31,8398,219029,327.0375,327.0375,45
44435,2023,7,25,8398,219029,327.0375,327.0375,34
85262,2024,1,16,8398,219029,327.0375,327.0375,53
52594,2023,8,29,8398,219029,327.0375,327.0375,35
140891,2024,9,11,8398,219029,327.0375,327.0375,31
68877,2023,11,7,8398,219029,327.0375,327.0375,32
96738,2024,3,6,8398,219029,313.5,313.5,42
165496,2024,12,25,8398,219029,327.0375,327.0375,31
119610,2024,6,12,8398,219029,327.0375,327.0375,40
8473,2023,2,21,8398,219029,178.125,327.0375,123
1922,2023,1,24,8398,219029,327.0375,327.0375,25
59098,2023,9,26,8398,219029,327.0375,327.0375,43
47699,2023,8,8,8398,219029,325.6125,325.6125,30
5195,2023,2,7,8398,219029,327.0375,327.0375,55
113057,2024,5,15,8398,219029,327.0375,327.0375,43
175277,2025,2,5,8398,219029,327.0375,327.0375,43
24796,2023,5,2,8398,219029,327.0375,327.0375,43
132693,2024,8,7,8398,219029,327.0375,327.0375,55
98377,2024,3,13,8398,219029,327.0375,327.0375,30
62339,2023,10,10,8398,219029,327.0375,327.0375,38
158929,2024,11,27,8398,219029,327.0375,327.0375,34
72151,2023,11,21,8398,219029,327.0375,327.0375,50
60719,2023,10,3,8398,219029,327.0375,327.0375,49
139250,2024,9,4,8398,219029,327.0375,327.0375,40
108139,2024,4,24,8398,219029,327.0375,327.0375,39
121251,2024,6,19,8398,219029,327.0375,327.0375,37
