HW 3/homework3.csv
RECORD_ID,YEAR,MONTH,DAY,STORE_ID,SKU_ID,TOTAL_PRICE,BASE_PRICE,UNITS_SOLD
9239,2023,2,21,9532,219029,179.55,312.7875,103
74551,2023,11,28,9532,219029,312.7875,312.7875,39
174414,2025,1,29,9532,219029,312.7875,312.7875,16
19013,2023,4,4,9532,219029,312.7875,312.7875,44
97505,2024,3,6,9532,219029,309.225,309.225,49
108904,2024,4,24,9532,219029,312.7875,312.7875,33
141655,2024,9,11,9532,219029,301.3875,301.3875,44
161338,2024,12,4,9532,219029,302.8125,302.8125,23
130188,2024,7,24,9532,219029,312.7875,312.7875,30
156420,2024,11,13,9532,219029,312.7875,312.7875,42
32106,2023,5,30,9532,219029,312.7875,312.7875,25
17379,2023,3,28,9532,219029,312.7875,312.7875,28
14101,2023,3,14,9532,219029,312.7875,312.7875,43
22287,2023,4,18,9532,219029,312.7875,312.7875,42
79469,2023,12,19,9532,219029,312.7875,312.7875,19
172793,2025,1,22,9532,219029,312.7875,312.7875,17
53354,2023,8,29,9532,219029,312.7875,312.7875,36
64729,2023,10,17,9532,219029,312.7875,312.7875,36
115463,2024,5,22,9532,219029,312.7875,312.7875,39
77828,2023,12,12,9532,219029,312.7875,312.7875,21
166263,2024,12,25,9532,219029,312.7875,312.7875,14
123662,2024,6,26,9532,219029,312.7875,312.7875,39
4324,2023,1,31,9532,219029,312.7875,312.7875,31
48463,2023,8,8,9532,219029,312.7875,312.7875,44
90947,2024,2,6,9532,219029,312.7875,312.7875,34
135100,2024,8,14,9532,219029,175.9875,307.0875,55
5960,2023,2,7,9532,219029,312.7875,312.7875,32
122019,2024,6,19,9532,219029,312.7875,312.7875,45
12472,2023,3,7,9532,219029,312.7875,312.7875,31
112182,2024,5,8,9532,219029,312.7875,312.7875,39
140016,2024,9,4,9532,219029,312.7875,312.7875,48
131821,2024,7,31,9532,219029,307.0875,307.0875,48
153136,2024,10,30,9532,219029,312.7875,312.7875,34
71280,2023,11,14,9532,219029,304.2375,304.2375,54
33740,2023,6,6,9532,219029,310.65,310.65,40
37010,2023,6,20,9532,219029,294.2625,294.2625,23
15741,2023,3,21,9532,219029,312.7875,312.7875,44
54979,2023,9,5,9532,219029,312.7875,312.7875,42
50098,2023,8,15,9532,219029,296.4,296.4,28
40287,2023,7,4,9532,219029,178.125,312.7875,219
164623,2024,12,18,9532,219029,312.7875,312.7875,40
102373,2024,3,27,9532,219029,312.7875,312.7875,23
66365,2023,10,24,9532,219029,312.7875,312.7875,38
117102,2024,5,29,9532,219029,312.075,312.075,43
84388,2024,1,9,9532,219029,312.7875,312.7875,35
20653,2023,4,11,9532,219029,312.7875,312.7875,35
113822,2024,5,15,9532,219029,312.7875,312.7875,41
103995,2024,4,3,9532,219029,312.7875,312.7875,39
27199,2023,5,9,9532,219029,312.7875,312.7875,29
81108,2023,12,26,9532,219029,312.7875,312.7875,42
99145,2024,3,13,9532,219029,312.7875,312.7875,37
159698,2024,11,27,9532,219029,309.9375,309.9375,28
151499,2024,10,23,9532,219029,312.7875,312.7875,33
94223,2024,2,20,9532,219029,190.2375,312.7875,178
149855,2024,10,16,9532,219029,312.7875,312.7875,30
140661,2024,9,11,8094,219009,145.35,191.6625,148
81753,2024,1,2,8094,219009,195.9375,195.9375,100
152141,2024,10,30,8094,219009,178.125,178.125,112
153781,2024,11,6,8094,219009,177.4125,177.4125,72
8243,2023,2,21,8094,219009,116.85,227.2875,463
49103,2023,8,15,8094,219009,194.5125,227.2875,89
111186,2024,5,8,8094,219009,198.7875,198.7875,76
158700,2024,11,27,8094,219009,187.3875,187.3875,94
139020,2024,9,4,8094,219009,169.575,191.6625,114
55613,2023,9,12,8094,219009,223.0125,223.0125,76
127561,2024,7,17,8094,219009,198.7875,198.7875,102
16385,2023,3,28,8094,219009,220.1625,220.1625,91
157063,2024,11,20,8094,219009,167.4375,167.4375,60
42570,2023,7,18,8094,219009,219.45,219.45,42
21294,2023,4,18,8094,219009,217.3125,217.3125,69
73555,2023,11,28,8094,219009,198.7875,198.7875,94
53,2023,1,17,8094,219009,227.2875,227.2875,69
163624,2024,12,18,8094,219009,163.1625,192.375,288
117745,2024,6,5,8094,219009,198.7875,198.7875,83
86674,2024,1,23,8094,219009,196.65,196.65,120
101392,2024,3,27,8094,219009,188.1,188.1,58
9877,2023,2,28,8094,219009,118.275,227.2875,493
71921,2023,11,21,8094,219009,175.9875,203.775,298
32746,2023,6,6,8094,219009,218.025,218.025,109
68647,2023,11,7,8094,219009,223.0125,223.0125,81
65371,2023,10,24,8094,219009,203.0625,203.0625,72
129189,2024,7,24,8094,219009,198.7875,198.7875,99
91586,2024,2,13,8094,219009,195.9375,195.9375,99
160343,2024,12,4,8094,219009,192.375,192.375,110
88313,2024,1,30,8094,219009,198.7875,198.7875,101
44207,2023,7,25,8094,219009,227.2875,227.2875,64
80113,2023,12,26,8094,219009,190.2375,190.2375,73
173431,2025,1,29,8094,219009,195.225,195.225,117
3329,2023,1,31,8094,219009,227.2875,227.2875,70
45837,2023,8,1,8094,219009,227.2875,227.2875,40
107909,2024,4,24,8094,219009,198.7875,198.7875,115
34384,2023,6,13,8094,219009,226.575,226.575,97
93226,2024,2,20,8094,219009,171.7125,195.9375,102
165266,2024,12,25,8094,219009,133.95,192.375,234
75192,2023,12,5,8094,219009,195.9375,195.9375,96
11492,2023,3,7,8094,219009,118.9875,227.2875,110
145579,2024,10,2,8094,219009,141.075,190.95,405
60491,2023,10,3,8094,219009,126.1125,216.6,405
125936,2024,7,10,8094,219009,198.7875,198.7875,90
18021,2023,4,4,8094,219009,223.725,223.725,94
106279,2024,4,17,8094,219009,192.375,192.375,93
121021,2024,6,19,8094,219009,195.225,195.225,86
143937,2024,9,25,8094,219009,190.95,190.95,130
99788,2024,3,20,8094,219009,194.5125,194.5125,45
52367,2023,8,29,8094,219009,218.025,218.025,81
171796,2025,1,22,8094,219009,192.375,192.375,100
47469,2023,8,8,8094,219009,227.2875,227.2875,58
50737,2023,8,22,8094,219009,208.05,208.05,102
176668,2025,2,12,8094,219009,192.375,192.375,144
22927,2023,4,25,8094,219009,223.0125,223.0125,73
63734,2023,10,17,8094,219009,221.5875,221.5875,61
159759,2024,11,27,9611,219029,327.0375,327.0375,68
151560,2024,10,23,9611,219029,327.0375,327.0375,54
138438,2024,8,28,9611,219029,327.0375,327.0375,41
97566,2024,3,6,9611,219029,307.8,307.8,65
164684,2024,12,18,9611,219029,327.0375,327.0375,49
53413,2023,8,29,9611,219029,327.0375,327.0375,38
143354,2024,9,18,9611,219029,327.0375,327.0375,55
174474,2025,1,29,9611,219029,327.0375,327.0375,34
15802,2023,3,21,9611,219029,327.0375,327.0375,67
104056,2024,4,3,9611,219029,327.0375,327.0375,73
37071,2023,6,20,9611,219029,327.0375,327.0375,58
64788,2023,10,17,9611,219029,327.0375,327.0375,39
25623,2023,5,2,9611,219029,327.0375,327.0375,49
89371,2024,1,30,9611,219029,322.7625,322.7625,55
76249,2023,12,5,9611,219029,327.0375,327.0375,49
110603,2024,5,1,9611,219029,327.0375,327.0375,57
87729,2024,1,23,9611,219029,322.7625,322.7625,22
66426,2023,10,24,9611,219029,327.0375,327.0375,38
99205,2024,3,13,9611,219029,319.9125,319.9125,63
84449,2024,1,9,9611,219029,317.775,317.775,55
136800,2024,8,21,9611,219029,321.3375,321.3375,47
108965,2024,4,24,9611,219029,325.6125,325.6125,74
28900,2023,5,16,9611,219029,320.625,320.625,79
118799,2024,6,5,9611,219029,327.0375,327.0375,79
40348,2023,7,4,9611,219029,177.4125,314.925,329
102431,2024,3,27,9611,219029,327.0375,327.0375,52
95926,2024,2,27,9611,219029,192.375,309.225,299
105696,2024,4,10,9611,219029,327.0375,327.0375,44
154837,2024,11,6,9611,219029,327.0375,327.0375,68
140077,2024,9,4,9611,219029,327.0375,327.0375,66
100827,2024,3,20,9611,219029,327.0375,327.0375,13
148274,2024,10,9,9611,219029,327.0375,327.0375,57
125356,2024,7,3,9611,219029,178.8375,323.475,263
38710,2023,6,27,9611,219029,314.925,314.925,39
56662,2023,9,12,9611,219029,317.775,317.775,17
126983,2024,7,10,9611,219029,176.7,323.475,264
169575,2025,1,8,9611,219029,327.0375,327.0375,48
133520,2024,8,7,9611,219029,327.0375,327.0375,66
27260,2023,5,9,9611,219029,327.0375,327.0375,48
6021,2023,2,7,9611,219029,327.0375,327.0375,63
19074,2023,4,4,9611,219029,327.0375,327.0375,75
144995,2024,9,25,9611,219029,327.0375,327.0375,58
123722,2024,6,26,9611,219029,323.475,323.475,71
55039,2023,9,5,9611,219029,326.325,326.325,55
177723,2025,2,12,9611,219029,327.0375,327.0375,75
74612,2023,11,28,9611,219029,327.0375,327.0375,38
79529,2023,12,19,9611,219029,327.0375,327.0375,43
2746,2023,1,24,9611,219029,327.0375,327.0375,56
117163,2024,5,29,9611,219029,327.0375,327.0375,39
9299,2023,2,21,9611,219029,177.4125,327.0375,151
32167,2023,5,30,9611,219029,317.0625,317.0625,45
68063,2023,10,31,9611,219029,327.0375,327.0375,40
94284,2024,2,20,9611,219029,190.95,309.225,327
130249,2024,7,24,9611,219029,327.0375,327.0375,55
12531,2023,3,7,9611,219029,307.0875,307.0875,47
50157,2023,8,15,9611,219029,323.475,323.475,63
149916,2024,10,16,9611,219029,327.0375,327.0375,58
166324,2024,12,25,9611,219029,322.05,322.05,47
167619,2025,1,1,9328,219009,131.8125,195.225,76
149586,2024,10,16,9328,219009,191.6625,190.95,78
151228,2024,10,23,9328,219009,191.6625,191.6625,73
108635,2024,4,24,9328,219009,187.3875,187.3875,72
41658,2023,7,11,9328,219009,227.2875,227.2875,52
13831,2023,3,14,9328,219009,208.05,227.2875,74
84118,2024,1,9,9328,219009,198.7875,198.7875,67
12206,2023,3,7,9328,219009,114,227.2875,129
95594,2024,2,27,9328,219009,190.2375,190.2375,62
5690,2023,2,7,9328,219009,227.2875,227.2875,48
79199,2023,12,19,9328,219009,193.8,227.2875,58
138106,2024,8,28,9328,219009,178.125,178.125,36
134830,2024,8,14,9328,219009,185.9625,185.9625,67
97235,2024,3,6,9328,219009,195.225,195.225,72
103724,2024,4,3,9328,219009,198.7875,198.7875,45
102107,2024,3,27,9328,219009,191.6625,191.6625,42
57963,2023,9,19,9328,219009,219.45,219.45,43
80838,2023,12,26,9328,219009,193.0875,227.2875,51
85759,2024,1,16,9328,219009,198.7875,198.7875,86
54713,2023,9,5,9328,219009,217.3125,217.3125,71
118469,2024,6,5,9328,219009,194.5125,194.5125,69
100502,2024,3,20,9328,219009,198.7875,198.7875,23
139746,2024,9,4,9328,219009,177.4125,177.4125,31
93953,2024,2,20,9328,219009,173.1375,173.1375,110
152868,2024,10,30,9328,219009,178.8375,178.8375,81
4054,2023,1,31,9328,219009,225.15,225.15,45
61209,2023,10,3,9328,219009,126.1125,221.5875,294
36741,2023,6,20,9328,219009,220.875,220.875,51
49830,2023,8,15,9328,219009,191.6625,227.2875,69
75917,2023,12,5,9328,219009,193.8,227.2875,55
121748,2024,6,19,9328,219009,198.7875,198.7875,61
170880,2025,1,15,9328,219009,191.6625,191.6625,80
177393,2025,2,12,9328,219009,195.225,195.225,76
113554,2024,5,15,9328,219009,183.1125,183.1125,58
92312,2024,2,13,9328,219009,188.8125,188.8125,67
20382,2023,4,11,9328,219009,214.4625,214.4625,55
141387,2024,9,11,9328,219009,195.225,195.225,29
30200,2023,5,23,9328,219009,220.1625,220.1625,44
129917,2024,7,24,9328,219009,194.5125,194.5125,79
62832,2023,10,10,9328,219009,220.875,220.875,51
31835,2023,5,30,9328,219009,193.8,220.1625,64
17109,2023,3,28,9328,219009,212.325,212.325,65
107002,2024,4,17,9328,219009,195.225,195.225,77
38379,2023,6,27,9328,219009,220.1625,220.1625,49
156149,2024,11,13,9328,219009,183.1125,183.1125,72
69372,2023,11,7,9328,219009,227.2875,227.2875,24
40018,2023,7,4,9328,219009,219.45,219.45,43
157785,2024,11,20,9328,219009,178.125,178.125,45
26930,2023,5,9,9328,219009,139.65,202.35,249
33469,2023,6,6,9328,219009,227.2875,227.2875,51
25292,2023,5,2,9328,219009,202.35,202.35,60
174151,2025,1,29,9328,219009,195.225,195.225,87
123391,2024,6,26,9328,219009,198.7875,198.7875,84
111912,2024,5,8,9328,219009,198.7875,198.7875,42
159427,2024,11,27,9328,219009,190.95,178.125,64
70897,2023,11,14,9221,219009,194.5125,227.2875,55
172411,2025,1,22,9221,219009,195.225,195.225,70
28456,2023,5,16,9221,219009,165.3,227.2875,68
162597,2024,12,11,9221,219009,163.1625,195.225,253
3943,2023,1,31,9221,219009,227.2875,227.2875,47
8856,2023,2,21,9221,219009,116.1375,227.2875,252
15358,2023,3,21,9221,219009,227.2875,227.2875,57
20270,2023,4,11,9221,219009,227.2875,227.2875,43
93841,2024,2,20,9221,219009,198.7875,198.7875,53
46450,2023,8,1,9221,219009,227.2875,227.2875,20
43183,2023,7,18,9221,219009,208.7625,208.7625,35
115081,2024,5,22,9221,219009,183.825,183.825,38
51349,2023,8,22,9221,219009,220.1625,220.1625,44
177282,2025,2,12,9221,219009,195.225,195.225,73
108525,2024,4,24,9221,219009,198.7875,198.7875,59
175657,2025,2,5,9221,219009,195.225,195.225,51
90564,2024,2,6,9221,219009,198.7875,198.7875,59
164240,2024,12,18,9221,219009,163.1625,195.225,220
121636,2024,6,19,9221,219009,198.7875,198.7875,71
36632,2023,6,20,9221,219009,218.025,218.025,39
44818,2023,7,25,9221,219009,227.2875,227.2875,18
149474,2024,10,16,9221,219009,191.6625,191.6625,35
69260,2023,11,7,9221,219009,227.2875,227.2875,28
74168,2023,11,28,9221,219009,195.9375,227.2875,59
118357,2024,6,5,9221,219009,198.7875,198.7875,26
147830,2024,10,9,9221,219009,192.375,192.375,58
98763,2024,3,13,9221,219009,198.7875,198.7875,37
97123,2024,3,6,9221,219009,171,171,52
170769,2025,1,15,9221,219009,195.225,195.225,34
124916,2024,7,3,9221,219009,198.7875,198.7875,44
84006,2024,1,9,9221,219009,198.7875,198.7875,39
75805,2023,12,5,9221,219009,198.7875,227.2875,44
77445,2023,12,12,9221,219009,198.7875,227.2875,52
146194,2024,10,2,9221,219009,141.075,195.225,127
133079,2024,8,7,9221,219009,198.7875,198.7875,42
39906,2023,7,4,9221,219009,227.2875,227.2875,46
87287,2024,1,23,9221,219009,198.7875,198.7875,60
10481,2023,2,28,9221,219009,118.9875,227.2875,488
62721,2023,10,10,9221,219009,179.55,227.2875,57
95483,2024,2,27,9221,219009,183.1125,183.1125,76
128168,2024,7,17,9221,219009,198.7875,198.7875,40
167509,2025,1,1,9221,219009,133.95,195.225,46
79087,2023,12,19,9221,219009,190.2375,227.2875,36
57852,2023,9,19,9221,219009,219.45,219.45,42
67622,2023,10,31,9221,219009,227.2875,227.2875,34
49718,2023,8,15,9221,219009,185.9625,227.2875,49
64348,2023,10,17,9221,219009,227.2875,227.2875,53
72537,2023,11,21,9221,219009,178.8375,227.2875,242
18631,2023,4,4,9221,219009,207.3375,207.3375,35
16998,2023,3,28,9221,219009,227.2875,227.2875,52
25181,2023,5,2,9221,219009,227.2875,227.2875,43
111801,2024,5,8,9221,219009,198.7875,198.7875,47
80726,2023,12,26,9221,219009,198.7875,227.2875,52
2304,2023,1,24,9221,219009,227.2875,227.2875,28
131441,2024,7,31,9221,219009,198.7875,198.7875,76
141275,2024,9,11,9221,219009,185.25,185.25,57
126548,2024,7,10,9221,219009,193.0875,193.0875,49
157673,2024,11,20,9221,219009,195.225,195.225,29
101996,2024,3,27,9221,219009,191.6625,191.6625,38
30088,2023,5,23,9221,219009,210.1875,210.1875,40
34997,2023,6,13,9221,219009,215.8875,215.8875,30
56224,2023,9,12,9221,219009,227.2875,227.2875,53
88927,2024,1,30,9221,219009,198.7875,198.7875,59
163876,2024,12,18,8400,219009,163.875,207.3375,466
37904,2023,6,27,8400,219009,220.1625,220.1625,48
75443,2023,12,5,8400,219009,187.3875,210.1875,41
152393,2024,10,30,8400,219009,179.55,222.3,90
104892,2024,4,10,8400,219009,241.5375,241.5375,34
60740,2023,10,3,8400,219009,126.825,226.575,220
88565,2024,1,30,8400,219009,210.1875,210.1875,58
162233,2024,12,11,8400,219009,163.875,207.3375,339
154031,2024,11,6,8400,219009,178.125,222.3,63
140913,2024,9,11,8400,219009,210.9,210.9,28
145831,2024,10,2,8400,219009,141.075,208.7625,126
68899,2023,11,7,8400,219009,203.775,203.775,38
49355,2023,8,15,8400,219009,217.3125,217.3125,39
18272,2023,4,4,8400,219009,216.6,216.6,30
106530,2024,4,17,8400,219009,234.4125,234.4125,50
73807,2023,11,28,8400,219009,183.1125,210.1875,34
50989,2023,8,22,8400,219009,208.05,208.05,41
157315,2024,11,20,8400,219009,211.6125,211.6125,13
1944,2023,1,24,8400,219009,227.2875,227.2875,28
93478,2024,2,20,8400,219009,228,228,49
29727,2023,5,23,8400,219009,212.325,212.325,45
52616,2023,8,29,8400,219009,209.475,209.475,27
126185,2024,7,10,8400,219009,210.9,210.9,44
36268,2023,6,20,8400,219009,223.0125,223.0125,78
59120,2023,9,26,8400,219009,226.575,226.575,48
305,2023,1,17,8400,219009,216.6,216.6,29
41183,2023,7,11,8400,219009,227.2875,227.2875,49
111437,2024,5,8,8400,219009,231.5625,231.5625,35
44457,2023,7,25,8400,219009,215.8875,215.8875,14
117995,2024,6,5,8400,219009,193.8,225.8625,19
132715,2024,8,7,8400,219009,225.8625,225.8625,57
101639,2024,3,27,8400,219009,241.5375,241.5375,17
129441,2024,7,24,8400,219009,225.8625,225.8625,35
54240,2023,9,5,8400,219009,218.025,218.025,20
109798,2024,5,1,8400,219009,241.5375,241.5375,24
34636,2023,6,13,8400,219009,214.4625,214.4625,84
77082,2023,12,12,8400,219009,200.925,200.925,70
70533,2023,11,14,8400,219009,210.1875,210.1875,77
116357,2024,5,29,8400,219009,225.8625,225.8625,27
96760,2024,3,6,8400,219009,228.7125,228.7125,28
67260,2023,10,31,8400,219009,210.1875,210.1875,22
47721,2023,8,8,8400,219009,209.475,209.475,20
6857,2023,2,14,8400,219009,119.7,227.2875,832
55863,2023,9,12,8400,219009,210.1875,210.1875,41
114718,2024,5,22,8400,219009,195.9375,230.1375,40
