HW 3/homework3.csv
RECORD_ID,YEAR,MONTH,DAY,STORE_ID,SKU_ID,TOTAL_PRICE,BASE_PRICE,UNITS_SOLD
66572,2023,10,24,9745,219009,190.95,190.95,46
120584,2024,6,12,9745,219009,220.875,220.875,64
168088,2025,1,1,9745,219009,133.2375,217.3125,186
154984,2024,11,6,9745,219009,177.4125,222.3,156
86237,2024,1,16,9745,219009,203.0625,203.0625,87
24132,2023,4,25,9745,219009,227.2875,227.2875,58
64935,2023,10,17,9745,219009,206.625,206.625,93
102572,2024,3,27,9745,219009,185.9625,210.1875,53
94431,2024,2,20,9745,219009,193.0875,193.0875,132
133667,2024,8,7,9745,219009,225.8625,225.8625,70
173001,2025,1,22,9745,219009,220.1625,220.1625,109
69848,2023,11,7,9745,219009,210.1875,210.1875,90
169721,2025,1,8,9745,219009,220.875,220.875,84
123868,2024,6,26,9745,219009,212.325,212.325,70
29047,2023,5,16,9745,219009,227.2875,227.2875,52
4531,2023,1,31,9745,219009,227.2875,227.2875,63
30676,2023,5,23,9745,219009,179.55,227.2875,97
73123,2023,11,21,9745,219009,173.85,191.6625,372
92789,2024,2,13,9745,219009,207.3375,207.3375,99
43771,2023,7,18,9745,219009,227.2875,227.2875,56
109112,2024,4,24,9745,219009,203.0625,203.0625,84
127128,2024,7,10,9745,219009,225.8625,225.8625,73
112390,2024,5,8,9745,219009,206.625,206.625,77
97712,2024,3,6,9745,219009,172.425,172.425,73
143501,2024,9,18,9745,219009,216.6,216.6,58
51934,2023,8,22,9745,219009,214.4625,214.4625,99
159906,2024,11,27,9745,219009,204.4875,204.4875,108
17587,2023,3,28,9745,219009,206.625,206.625,63
150063,2024,10,16,9745,219009,218.025,218.025,76
130393,2024,7,24,9745,219009,225.8625,225.8625,69
146783,2024,10,2,9745,219009,142.5,222.3,244
171359,2025,1,15,9745,219009,219.45,219.45,112
99352,2024,3,13,9745,219009,179.55,179.55,65
32313,2023,5,30,9745,219009,211.6125,211.6125,60
22493,2023,4,18,9745,219009,217.3125,217.3125,77
107474,2024,4,17,9745,219009,196.65,196.65,67
68210,2023,10,31,9745,219009,210.1875,210.1875,69
56805,2023,9,12,9745,219009,212.325,212.325,82
76394,2023,12,5,9745,219009,190.95,190.95,83
105843,2024,4,10,9745,219009,189.525,189.525,65
78036,2023,12,12,9745,219009,204.4875,204.4875,105
91153,2024,2,6,9745,219009,210.1875,210.1875,87
132028,2024,7,31,9745,219009,225.8625,225.8625,66
33948,2023,6,6,9745,219009,208.7625,208.7625,70
27407,2023,5,9,9745,219009,142.5,227.2875,313
122227,2024,6,19,9745,219009,225.8625,225.8625,84
2893,2023,1,24,9745,219009,223.725,223.725,46
115671,2024,5,22,9745,219009,209.475,209.475,104
82955,2024,1,2,9745,219009,210.1875,210.1875,51
12674,2023,3,7,9745,219009,115.425,227.2875,237
74756,2023,11,28,9745,219009,195.225,195.225,83
141863,2024,9,11,9745,219009,216.6,216.6,63
128754,2024,7,17,9745,219009,225.8625,225.8625,95
14308,2023,3,14,9745,219009,212.325,212.325,80
114029,2024,5,15,9745,219009,194.5125,194.5125,82
7807,2023,2,14,9745,219009,118.9875,227.2875,1083
177775,2025,2,12,9632,219009,175.275,175.275,92
120490,2024,6,12,9632,219009,195.225,195.225,58
35489,2023,6,13,9632,219009,218.025,218.025,71
92694,2024,2,13,9632,219009,186.675,186.675,116
140129,2024,9,4,9632,219009,164.5875,164.5875,92
176147,2025,2,5,9632,219009,180.975,180.975,79
6073,2023,2,7,9632,219009,225.15,225.15,84
33853,2023,6,6,9632,219009,217.3125,217.3125,69
141768,2024,9,11,9632,219009,172.425,172.425,78
166376,2024,12,25,9632,219009,133.95,183.1125,187
1164,2023,1,17,9632,219009,218.025,218.025,77
146689,2024,10,2,9632,219009,141.075,175.275,157
153249,2024,10,30,9632,219009,178.8375,178.8375,84
112295,2024,5,8,9632,219009,198.7875,198.7875,94
131934,2024,7,31,9632,219009,194.5125,194.5125,60
61589,2023,10,3,9632,219009,126.1125,218.7375,309
143406,2024,9,18,9632,219009,171.7125,171.7125,75
125407,2024,7,3,9632,219009,194.5125,194.5125,69
91059,2024,2,6,9632,219009,198.7875,198.7875,115
95978,2024,2,27,9632,219009,180.975,180.975,103
148326,2024,10,9,9632,219009,190.95,190.95,71
2798,2023,1,24,9632,219009,227.2875,227.2875,48
164736,2024,12,18,9632,219009,163.1625,183.1125,242
69754,2023,11,7,9632,219009,227.2875,227.2875,39
53464,2023,8,29,9632,219009,218.7375,218.7375,72
43677,2023,7,18,9632,219009,219.45,219.45,39
73029,2023,11,21,9632,219009,174.5625,227.2875,72
50209,2023,8,15,9632,219009,184.5375,227.2875,75
37123,2023,6,20,9632,219009,209.475,209.475,74
81221,2023,12,26,9632,219009,195.225,227.2875,86
45310,2023,7,25,9632,219009,217.3125,217.3125,31
117215,2024,5,29,9632,219009,198.7875,198.7875,86
128660,2024,7,17,9632,219009,194.5125,194.5125,80
58341,2023,9,19,9632,219009,222.3,222.3,70
38762,2023,6,27,9632,219009,223.0125,223.0125,84
138490,2024,8,28,9632,219009,171.7125,171.7125,70
167996,2025,1,1,9632,219009,131.8125,183.1125,83
28952,2023,5,16,9632,219009,213.75,213.75,61
156533,2024,11,13,9632,219009,194.5125,194.5125,76
51840,2023,8,22,9632,219009,214.4625,214.4625,83
4437,2023,1,31,9632,219009,227.2875,227.2875,56
14213,2023,3,14,9632,219009,212.325,212.325,64
32219,2023,5,30,9632,219009,222.3,222.3,66
22399,2023,4,18,9632,219009,214.4625,214.4625,82
135212,2024,8,14,9632,219009,176.7,176.7,100
115576,2024,5,22,9632,219009,180.2625,180.2625,77
40400,2023,7,4,9632,219009,227.2875,227.2875,64
171264,2025,1,15,9632,219009,180.975,180.975,94
82862,2024,1,2,9632,219009,194.5125,194.5125,75
9351,2023,2,21,9632,219009,116.85,225.15,524
94336,2024,2,20,9632,219009,189.525,189.525,135
68115,2023,10,31,9632,219009,227.2875,227.2875,45
145047,2024,9,25,9632,219009,175.275,175.275,100
102479,2024,3,27,9632,219009,188.1,188.1,54
159811,2024,11,27,9632,219009,185.25,185.25,80
79581,2023,12,19,9632,219009,195.9375,227.2875,88
46943,2023,8,1,9632,219009,227.2875,227.2875,41
136852,2024,8,21,9632,219009,164.5875,164.5875,92
14036,2023,3,14,9481,219029,327.0375,327.0375,46
100704,2024,3,20,9481,219029,327.0375,327.0375,19
172727,2025,1,22,9481,219029,327.0375,327.0375,46
136673,2024,8,21,9481,219029,292.8375,327.0375,128
79403,2023,12,19,9481,219029,327.0375,327.0375,55
41862,2023,7,11,9481,219029,185.25,327.0375,202
103929,2024,4,3,9481,219029,327.0375,327.0375,52
2620,2023,1,24,9481,219029,327.0375,327.0375,49
151433,2024,10,23,9481,219029,327.0375,327.0375,57
22221,2023,4,18,9481,219029,327.0375,327.0375,39
95799,2024,2,27,9481,219029,205.9125,327.0375,150
63035,2023,10,10,9481,219029,327.0375,327.0375,61
56538,2023,9,12,9481,219029,318.4875,318.4875,14
71214,2023,11,14,9481,219029,320.625,320.625,81
4259,2023,1,31,9481,219029,327.0375,327.0375,63
148147,2024,10,9,9481,219029,327.0375,327.0375,64
157989,2024,11,20,9481,219029,327.0375,327.0375,30
159632,2024,11,27,9481,219029,327.0375,327.0375,51
985,2023,1,17,9481,219029,304.95,319.9125,83
123596,2024,6,26,9481,219029,319.9125,319.9125,67
171085,2025,1,15,9481,219029,327.0375,327.0375,52
81042,2023,12,26,9481,219029,327.0375,327.0375,64
105570,2024,4,10,9481,219029,317.0625,317.0625,48
113757,2024,5,15,9481,219029,327.0375,327.0375,57
118672,2024,6,5,9481,219029,327.0375,327.0375,58
48398,2023,8,8,9481,219029,327.0375,327.0375,44
126861,2024,7,10,9481,219029,183.1125,319.9125,315
87602,2024,1,23,9481,219029,327.0375,327.0375,28
33674,2023,6,6,9481,219029,327.0375,327.0375,48
175971,2025,2,5,9481,219029,322.7625,322.7625,61
76122,2023,12,5,9481,219029,327.0375,327.0375,60
128483,2024,7,17,9481,219029,275.025,319.9125,86
112117,2024,5,8,9481,219029,327.0375,327.0375,64
74485,2023,11,28,9481,219029,327.0375,327.0375,59
146510,2024,10,2,9481,219029,327.0375,327.0375,46
72852,2023,11,21,9481,219029,327.0375,327.0375,87
15675,2023,3,21,9481,219029,327.0375,327.0375,54
92515,2024,2,13,9481,219029,327.0375,327.0375,73
45132,2023,7,25,9481,219029,310.65,310.65,64
99080,2024,3,13,9481,219029,315.6375,315.6375,39
115397,2024,5,22,9481,219029,327.0375,327.0375,61
90881,2024,2,6,9481,219029,327.0375,327.0375,54
108838,2024,4,24,9481,219029,327.0375,327.0375,68
36945,2023,6,20,9481,219029,327.0375,327.0375,43
117036,2024,5,29,9481,219029,319.2,319.2,61
169449,2025,1,8,9481,219029,327.0375,327.0375,57
133393,2024,8,7,9481,219029,327.0375,327.0375,80
121953,2024,6,19,9481,219029,327.0375,327.0375,62
25496,2023,5,2,9481,219029,327.0375,327.0375,78
43499,2023,7,18,9481,219029,298.5375,298.5375,47
40221,2023,7,4,9481,219029,182.4,327.0375,285
177597,2025,2,12,9481,219029,314.925,314.925,67
35625,2023,6,13,9789,219009,221.5875,221.5875,63
79718,2023,12,19,9789,219009,195.225,195.225,72
168130,2025,1,1,9789,219009,133.95,190.95,83
107516,2024,4,17,9789,219009,195.9375,195.9375,108
135347,2024,8,14,9789,219009,185.9625,185.9625,86
140266,2024,9,4,9789,219009,188.8125,188.8125,92
4572,2023,1,31,9789,219009,227.2875,227.2875,81
127170,2024,7,10,9789,219009,190.95,190.95,77
164871,2024,12,18,9789,219009,161.7375,190.95,152
143543,2024,9,18,9789,219009,189.525,189.525,48
96115,2024,2,27,9789,219009,192.375,192.375,97
7849,2023,2,14,9789,219009,118.275,227.2875,317
50344,2023,8,15,9789,219009,203.775,227.2875,77
128796,2024,7,17,9789,219009,198.7875,198.7875,97
9487,2023,2,21,9789,219009,121.8375,227.2875,220
163229,2024,12,11,9789,219009,160.3125,190.95,303
87918,2024,1,23,9789,219009,198.7875,198.7875,82
117351,2024,5,29,9789,219009,192.375,192.375,93
40536,2023,7,4,9789,219009,227.2875,227.2875,56
22534,2023,4,18,9789,219009,216.6,216.6,65
109154,2024,4,24,9789,219009,198.7875,198.7875,80
76436,2023,12,5,9789,219009,198.7875,198.7875,67
138626,2024,8,28,9789,219009,184.5375,184.5375,82
104245,2024,4,3,9789,219009,198.7875,198.7875,50
101012,2024,3,20,9789,219009,198.7875,198.7875,29
158305,2024,11,20,9789,219009,192.375,192.375,64
45446,2023,7,25,9789,219009,227.2875,227.2875,31
19263,2023,4,4,9789,219009,227.2875,227.2875,47
42176,2023,7,11,9789,219009,227.2875,227.2875,48
53598,2023,8,29,9789,219009,213.75,213.75,71
151748,2024,10,23,9789,219009,191.6625,191.6625,70
56847,2023,9,12,9789,219009,223.0125,223.0125,83
136988,2024,8,21,9789,219009,188.1,188.1,76
2935,2023,1,24,9789,219009,227.2875,227.2875,31
130435,2024,7,24,9789,219009,198.7875,198.7875,115
47079,2023,8,1,9789,219009,227.2875,227.2875,34
123910,2024,6,26,9789,219009,198.7875,198.7875,86
173043,2025,1,22,9789,219009,195.225,195.225,108
71527,2023,11,14,9789,219009,215.8875,215.8875,86
84638,2024,1,9,9789,219009,198.7875,198.7875,110
141905,2024,9,11,9789,219009,192.375,192.375,92
156670,2024,11,13,9789,219009,192.375,192.375,108
145184,2024,9,25,9789,219009,195.225,195.225,122
97754,2024,3,6,9789,219009,195.9375,195.9375,91
20900,2023,4,11,9789,219009,227.2875,227.2875,69
1301,2023,1,17,9789,219009,227.2875,227.2875,72
132070,2024,7,31,9789,219009,198.7875,198.7875,83
146825,2024,10,2,9789,219009,141.075,195.225,205
12715,2023,3,7,9789,219009,120.4125,227.2875,153
17628,2023,3,28,9789,219009,210.9,210.9,63
81358,2023,12,26,9789,219009,198.7875,198.7875,65
61725,2023,10,3,9789,219009,126.825,227.2875,175
25810,2023,5,2,9789,219009,227.2875,227.2875,66
82997,2024,1,2,9789,219009,198.7875,198.7875,71
161586,2024,12,4,9789,219009,190.95,190.95,77
55224,2023,9,5,9789,219009,217.3125,217.3125,70
105885,2024,4,10,9789,219009,195.9375,195.9375,105
118987,2024,6,5,9789,219009,198.7875,198.7875,55
57697,2023,9,19,9092,219029,295.6875,295.6875,48
162442,2024,12,11,9092,219029,295.6875,295.6875,29
69107,2023,11,7,9092,219029,275.025,275.025,54
28301,2023,5,16,9092,219029,295.6875,295.6875,37
59325,2023,9,26,9092,219029,295.6875,295.6875,39
126393,2024,7,10,9092,219029,178.125,284.2875,98
129650,2024,7,24,9092,219029,295.6875,295.6875,22
137842,2024,8,28,9092,219029,295.6875,295.6875,29
34844,2023,6,13,9092,219029,295.6875,295.6875,21
172256,2025,1,22,9092,219029,295.6875,295.6875,25
29934,2023,5,23,9092,219029,272.8875,272.8875,18
75651,2023,12,5,9092,219029,295.6875,295.6875,24
82212,2024,1,2,9092,219029,295.6875,295.6875,20
33205,2023,6,6,9092,219029,295.6875,295.6875,31
142758,2024,9,18,9092,219029,295.6875,295.6875,21
123124,2024,6,26,9092,219029,284.2875,284.2875,37
41391,2023,7,11,9092,219029,162.45,284.2875,139
52819,2023,8,29,9092,219029,295.6875,295.6875,50
132924,2024,8,7,9092,219029,155.325,295.6875,279
70742,2023,11,14,9092,219029,295.6875,295.6875,50
167355,2025,1,1,9092,219029,295.6875,295.6875,14
31570,2023,5,30,9092,219029,295.6875,295.6875,37
87132,2024,1,23,9092,219029,295.6875,295.6875,26
155882,2024,11,13,9092,219029,295.6875,295.6875,17
7063,2023,2,14,9092,219029,179.55,295.6875,102
18477,2023,4,4,9092,219029,295.6875,295.6875,42
168978,2025,1,8,9092,219029,295.6875,295.6875,37
134564,2024,8,14,9092,219029,263.625,295.6875,31
62568,2023,10,10,9092,219029,295.6875,295.6875,39
514,2023,1,17,9092,219029,295.6875,295.6875,32
116565,2024,5,29,9092,219029,288.5625,288.5625,37
147676,2024,10,9,9092,219029,295.6875,295.6875,21
108370,2024,4,24,9092,219029,295.6875,295.6875,38
157518,2024,11,20,9092,219029,295.6875,295.6875,20
150961,2024,10,23,9092,219029,295.6875,295.6875,28
90412,2024,2,6,9092,219029,295.6875,295.6875,30
8703,2023,2,21,9092,219029,179.55,295.6875,77
101844,2024,3,27,9092,219029,295.6875,295.6875,39
136202,2024,8,21,9092,219029,295.6875,295.6875,11
60946,2023,10,3,9092,219029,295.6875,295.6875,31
113288,2024,5,15,9092,219029,295.6875,295.6875,38
80572,2023,12,26,9092,219029,295.6875,295.6875,54
119841,2024,6,12,9092,219029,295.6875,295.6875,41
54446,2023,9,5,9092,219029,295.6875,295.6875,33
111646,2024,5,8,9092,219029,295.6875,295.6875,31
93687,2024,2,20,9092,219029,191.6625,295.6875,87
43030,2023,7,18,9092,219029,289.275,289.275,23
88773,2024,1,30,9092,219029,295.6875,295.6875,26
146039,2024,10,2,9092,219029,295.6875,295.6875,29
49563,2023,8,15,9092,219029,295.6875,295.6875,30
68253,2023,10,31,9789,219029,312.7875,312.7875,24
141906,2024,9,11,9789,219029,312.7875,312.7875,19
22535,2023,4,18,9789,219029,312.7875,312.7875,25
61726,2023,10,3,9789,219029,312.7875,312.7875,19
99395,2024,3,13,9789,219029,312.7875,312.7875,22
176280,2025,2,5,9789,219029,312.7875,312.7875,30
164872,2024,12,18,9789,219029,312.7875,312.7875,17
29090,2023,5,16,9789,219029,312.7875,312.7875,24
143544,2024,9,18,9789,219029,312.7875,312.7875,27
60102,2023,9,26,9789,219029,312.7875,312.7875,24
51977,2023,8,22,9789,219029,299.25,299.25,31
7850,2023,2,14,9789,219029,176.7,312.7875,78
123911,2024,6,26,9789,219029,312.7875,312.7875,28
48713,2023,8,8,9789,219029,312.7875,312.7875,24
2936,2023,1,24,9789,219029,312.7875,312.7875,28
69891,2023,11,7,9789,219029,312.7875,312.7875,23
32355,2023,5,30,9789,219029,312.7875,312.7875,34
151749,2024,10,23,9789,219029,312.7875,312.7875,20
11101,2023,2,28,9789,219029,312.7875,312.7875,23
148464,2024,10,9,9789,219029,312.7875,312.7875,24
81359,2023,12,26,9789,219029,312.7875,312.7875,18
158306,2024,11,20,9789,219029,312.7875,312.7875,17
130436,2024,7,24,9789,219029,312.7875,312.7875,21
17629,2023,3,28,9789,219029,310.65,310.65,42
159949,2024,11,27,9789,219029,312.7875,312.7875,18
145185,2024,9,25,9789,219029,312.7875,312.7875,27
24174,2023,4,25,9789,219029,312.7875,312.7875,28
146826,2024,10,2,9789,219029,312.7875,312.7875,20
169764,2025,1,8,9789,219029,312.7875,312.7875,25
150106,2024,10,16,9789,219029,312.7875,312.7875,23
140267,2024,9,4,9789,219029,312.7875,312.7875,30
163230,2024,12,11,9789,219029,312.7875,312.7875,15
58479,2023,9,19,9789,219029,312.7875,312.7875,27
174661,2025,1,29,9789,219029,312.7875,312.7875,12
114072,2024,5,15,9789,219029,312.7875,312.7875,37
173044,2025,1,22,9789,219029,312.7875,312.7875,20
45447,2023,7,25,9789,219029,301.3875,301.3875,40
66615,2023,10,24,9789,219029,312.7875,312.7875,19
89561,2024,1,30,9789,219029,312.7875,312.7875,31
135348,2024,8,14,9789,219029,305.6625,305.6625,28
43813,2023,7,18,9789,219029,312.7875,312.7875,25
109155,2024,4,24,9789,219029,312.7875,312.7875,24
91195,2024,2,6,9789,219029,312.7875,312.7875,31
76437,2023,12,5,9789,219029,312.7875,312.7875,28
87919,2024,1,23,9789,219029,312.7875,312.7875,14
73165,2023,11,21,9789,219029,312.7875,312.7875,16
161587,2024,12,4,9789,219029,312.7875,312.7875,9
97755,2024,3,6,9789,219029,312.7875,312.7875,29
92832,2024,2,13,9789,219029,296.4,296.4,25
38900,2023,6,27,9789,219029,312.7875,312.7875,29
155027,2024,11,6,9789,219029,312.7875,312.7875,22
12716,2023,3,7,9789,219029,312.7875,312.7875,27
133710,2024,8,7,9789,219029,176.7,312.7875,174
94474,2024,2,20,9789,219029,193.8,296.4,90
55225,2023,9,5,9789,219029,312.7875,312.7875,26
4573,2023,1,31,9789,219029,312.7875,312.7875,13
82998,2024,1,2,9789,219029,312.7875,312.7875,21
101013,2024,3,20,9789,219029,312.7875,312.7875,13
