HW 3/homework3.csv
RECORD_ID,YEAR,MONTH,DAY,STORE_ID,SKU_ID,TOTAL_PRICE,BASE_PRICE,UNITS_SOLD
18313,2023,4,4,8438,219029,312.7875,312.7875,57
122957,2024,6,26,8438,219029,312.7875,312.7875,31
111479,2024,5,8,8438,219029,312.7875,312.7875,31
65665,2023,10,24,8438,219029,312.7875,312.7875,33
91880,2024,2,13,8438,219029,312.7875,312.7875,29
75485,2023,12,5,8438,219029,312.7875,312.7875,18
26496,2023,5,9,8438,219029,312.7875,312.7875,29
67302,2023,10,31,8438,219029,312.7875,312.7875,30
54282,2023,9,5,8438,219029,297.825,297.825,29
42863,2023,7,18,8438,219029,312.7875,312.7875,33
121315,2024,6,19,8438,219029,312.7875,312.7875,33
144229,2024,9,25,8438,219029,312.7875,312.7875,40
34677,2023,6,13,8438,219029,312.7875,312.7875,39
90248,2024,2,6,8438,219029,312.7875,312.7875,30
44499,2023,7,25,8438,219029,312.7875,312.7875,45
8537,2023,2,21,8438,219029,178.8375,312.7875,131
96802,2024,3,6,8438,219029,284.2875,284.2875,64
142591,2024,9,18,8438,219029,312.7875,312.7875,30
150794,2024,10,23,8438,219029,312.7875,312.7875,18
13398,2023,3,14,8438,219029,312.7875,312.7875,54
114760,2024,5,22,8438,219029,312.7875,312.7875,35
10167,2023,2,28,8438,219029,308.5125,308.5125,48
175340,2025,2,5,8438,219029,312.7875,312.7875,28
57533,2023,9,19,8438,219029,312.7875,312.7875,26
5258,2023,2,7,8438,219029,312.7875,312.7875,33
23221,2023,4,25,8438,219029,312.7875,312.7875,36
64027,2023,10,17,8438,219029,312.7875,312.7875,29
21586,2023,4,18,8438,219029,312.7875,312.7875,31
152435,2024,10,30,8438,219029,312.7875,312.7875,36
176961,2025,2,12,8438,219029,312.7875,312.7875,31
160636,2024,12,4,8438,219029,312.7875,312.7875,21
129483,2024,7,24,8438,219029,312.7875,312.7875,36
73849,2023,11,28,8438,219029,312.7875,312.7875,34
154073,2024,11,6,8438,219029,312.7875,312.7875,35
72215,2023,11,21,8438,219029,312.7875,312.7875,36
93520,2024,2,20,8438,219029,192.375,312.7875,170
147511,2024,10,9,8438,219029,312.7875,312.7875,40
24860,2023,5,2,8438,219029,312.7875,312.7875,44
19950,2023,4,11,8438,219029,312.7875,312.7875,42
83685,2024,1,9,8438,219029,312.7875,312.7875,37
100075,2024,3,20,8438,219029,312.7875,312.7875,26
106572,2024,4,17,8438,219029,312.7875,312.7875,27
59162,2023,9,26,8438,219029,312.7875,312.7875,24
86968,2024,1,23,8438,219029,312.7875,312.7875,28
31403,2023,5,30,8438,219029,312.7875,312.7875,34
155715,2024,11,13,8438,219029,312.7875,312.7875,20
126227,2024,7,10,8438,219029,177.4125,312.7875,165
167193,2025,1,1,8438,219029,312.7875,312.7875,17
80405,2023,12,26,8438,219029,312.7875,312.7875,49
116399,2024,5,29,8438,219029,312.7875,312.7875,34
39587,2023,7,4,8438,219029,178.125,312.7875,202
149152,2024,10,16,8438,219029,312.7875,312.7875,40
127851,2024,7,17,8438,219029,312.7875,312.7875,46
134397,2024,8,14,8438,219029,284.2875,284.2875,48
108203,2024,4,24,8438,219029,312.7875,312.7875,44
98441,2024,3,13,8438,219029,312.7875,312.7875,26
119674,2024,6,12,8438,219029,312.7875,312.7875,38
28134,2023,5,16,8438,219029,312.7875,312.7875,31
140808,2024,9,11,8218,219029,295.6875,295.6875,17
165413,2024,12,25,8218,219029,295.6875,295.6875,14
145726,2024,10,2,8218,219029,295.6875,295.6875,10
117891,2024,6,5,8218,219029,295.6875,295.6875,10
34531,2023,6,13,8218,219029,295.6875,295.6875,17
19804,2023,4,11,8218,219029,295.6875,295.6875,11
200,2023,1,17,8218,219029,264.3375,295.6875,30
81899,2024,1,2,8218,219029,295.6875,295.6875,4
147366,2024,10,9,8218,219029,295.6875,295.6875,13
16532,2023,3,28,8218,219029,295.6875,295.6875,9
149005,2024,10,16,8218,219029,295.6875,295.6875,13
80258,2023,12,26,8218,219029,253.65,295.6875,10
41078,2023,7,11,8218,219029,151.05,295.6875,24
44352,2023,7,25,8218,219029,295.6875,295.6875,7
114613,2024,5,22,8218,219029,279.3,279.3,12
75338,2023,12,5,8218,219029,295.6875,295.6875,13
49250,2023,8,15,8218,219029,295.6875,295.6875,12
18168,2023,4,4,8218,219029,295.6875,295.6875,17
76977,2023,12,12,8218,219029,295.6875,295.6875,13
95015,2024,2,27,8218,219029,186.675,295.6875,60
73702,2023,11,28,8218,219029,295.6875,295.6875,5
47616,2023,8,8,8218,219029,295.6875,295.6875,20
175195,2025,2,5,8218,219029,295.6875,295.6875,27
39440,2023,7,4,8218,219029,177.4125,295.6875,35
85179,2024,1,16,8218,219029,295.6875,295.6875,4
126081,2024,7,10,8218,219029,177.4125,295.6875,81
83538,2024,1,9,8218,219029,295.6875,295.6875,11
52514,2023,8,29,8218,219029,295.6875,295.6875,14
173577,2025,1,29,8218,219029,295.6875,295.6875,7
67155,2023,10,31,8218,219029,295.6875,295.6875,22
8390,2023,2,21,8218,219029,189.525,295.6875,29
1840,2023,1,24,8218,219029,257.925,295.6875,6
176814,2025,2,12,8218,219029,295.6875,295.6875,10
106426,2024,4,17,8218,219029,295.6875,295.6875,16
96655,2024,3,6,8218,219029,295.6875,295.6875,9
109694,2024,5,1,8218,219029,295.6875,295.6875,17
91733,2024,2,13,8218,219029,295.6875,295.6875,11
127705,2024,7,17,8218,219029,278.5875,278.5875,9
168666,2025,1,8,8218,219029,295.6875,295.6875,19
139167,2024,9,4,8218,219029,295.6875,295.6875,12
163771,2024,12,18,8218,219029,295.6875,295.6875,11
101538,2024,3,27,8218,219029,295.6875,295.6875,13
6752,2023,2,14,8218,219029,187.3875,295.6875,18
86821,2024,1,23,8218,219029,295.6875,295.6875,6
162128,2024,12,11,8218,219029,295.6875,295.6875,8
26350,2023,5,9,8218,219029,295.6875,295.6875,13
98294,2024,3,13,8218,219029,295.6875,295.6875,11
137529,2024,8,28,8218,219029,295.6875,295.6875,9
27987,2023,5,16,8218,219029,295.6875,295.6875,8
153928,2024,11,6,8218,219029,237.2625,295.6875,15
5112,2023,2,7,8218,219029,295.6875,295.6875,10
29624,2023,5,23,8218,219029,295.6875,295.6875,3
42717,2023,7,18,8218,219029,198.075,295.6875,10
135889,2024,8,21,8218,219029,295.6875,295.6875,15
57387,2023,9,19,8218,219029,295.6875,295.6875,7
24713,2023,5,2,8218,219029,295.6875,295.6875,17
11635,2023,3,7,8218,219029,295.6875,295.6875,10
129336,2024,7,24,8218,219029,295.6875,295.6875,15
65518,2023,10,24,8218,219029,279.3,279.3,10
101825,2024,3,27,9043,219029,327.0375,327.0375,24
106719,2024,4,17,9043,219029,327.0375,327.0375,29
123105,2024,6,26,9043,219029,327.0375,327.0375,14
75632,2023,12,5,9043,219029,327.0375,327.0375,13
100222,2024,3,20,9043,219029,327.0375,327.0375,5
88754,2024,1,30,9043,219029,327.0375,327.0375,23
157500,2024,11,20,9043,219029,327.0375,327.0375,7
73995,2023,11,28,9043,219029,327.0375,327.0375,21
23369,2023,4,25,9043,219029,327.0375,327.0375,6
98589,2024,3,13,9043,219029,327.0375,327.0375,15
87113,2024,1,23,9043,219029,327.0375,327.0375,9
127998,2024,7,17,9043,219029,233.7,327.0375,34
8684,2023,2,21,9043,219029,177.4125,327.0375,42
10309,2023,2,28,9043,219029,327.0375,327.0375,7
78913,2023,12,19,9043,219029,327.0375,327.0375,14
21733,2023,4,18,9043,219029,286.425,327.0375,12
114907,2024,5,22,9043,219029,327.0375,327.0375,18
96949,2024,3,6,9043,219029,327.0375,327.0375,19
168959,2025,1,8,9043,219029,327.0375,327.0375,29
495,2023,1,17,9043,219029,327.0375,327.0375,15
77271,2023,12,12,9043,219029,327.0375,327.0375,20
2133,2023,1,24,9043,219029,327.0375,327.0375,18
170595,2025,1,15,9043,219029,327.0375,327.0375,16
69088,2023,11,7,9043,219029,327.0375,327.0375,23
108351,2024,4,24,9043,219029,327.0375,327.0375,19
39735,2023,7,4,9043,219029,177.4125,327.0375,159
167336,2025,1,1,9043,219029,327.0375,327.0375,11
111627,2024,5,8,9043,219029,327.0375,327.0375,16
93668,2024,2,20,9043,219029,193.0875,327.0375,161
152583,2024,10,30,9043,219029,327.0375,327.0375,18
46276,2023,8,1,9043,219029,327.0375,327.0375,28
41372,2023,7,11,9043,219029,177.4125,327.0375,90
28282,2023,5,16,9043,219029,327.0375,327.0375,19
162423,2024,12,11,9043,219029,327.0375,327.0375,29
25008,2023,5,2,9043,219029,327.0375,327.0375,23
31551,2023,5,30,9043,219029,272.8875,327.0375,8
175486,2025,2,5,9043,219029,327.0375,327.0375,19
142739,2024,9,18,9043,219029,327.0375,327.0375,12
56051,2023,9,12,9043,219029,327.0375,327.0375,2
18458,2023,4,4,9043,219029,327.0375,327.0375,18
137823,2024,8,28,9043,219029,327.0375,327.0375,17
172237,2025,1,22,9043,219029,327.0375,327.0375,20
131267,2024,7,31,9043,219029,327.0375,327.0375,27
62549,2023,10,10,9043,219029,327.0375,327.0375,13
44647,2023,7,25,9043,219029,327.0375,327.0375,15
15184,2023,3,21,9043,219029,327.0375,327.0375,14
150942,2024,10,23,9043,219029,327.0375,327.0375,22
13546,2023,3,14,9043,219029,323.475,323.475,23
33186,2023,6,6,9043,219029,327.0375,327.0375,20
149300,2024,10,16,9043,219029,327.0375,327.0375,15
940,2023,1,17,9456,219009,227.2875,227.2875,62
28728,2023,5,16,9456,219009,209.475,209.475,57
177553,2025,2,12,9456,219009,180.975,180.975,92
171040,2025,1,15,9456,219009,180.975,180.975,83
48353,2023,8,8,9456,219009,227.2875,227.2875,35
108794,2024,4,24,9456,219009,188.1,188.1,83
102264,2024,3,27,9456,219009,188.1,188.1,53
25451,2023,5,2,9456,219009,227.2875,227.2875,59
113712,2024,5,15,9456,219009,181.6875,181.6875,73
130077,2024,7,24,9456,219009,194.5125,194.5125,63
94112,2024,2,20,9456,219009,183.825,183.825,96
131712,2024,7,31,9456,219009,194.5125,194.5125,60
100659,2024,3,20,9456,219009,181.6875,181.6875,30
20542,2023,4,11,9456,219009,227.2875,227.2875,52
144823,2024,9,25,9456,219009,171.7125,171.7125,72
154665,2024,11,6,9456,219009,178.125,178.125,79
162869,2024,12,11,9456,219009,163.1625,190.2375,227
156309,2024,11,13,9456,219009,195.225,195.225,77
74440,2023,11,28,9456,219009,175.9875,215.8875,44
134989,2024,8,14,9456,219009,173.85,194.5125,82
164512,2024,12,18,9456,219009,163.1625,190.2375,152
175926,2025,2,5,9456,219009,180.975,180.975,98
133348,2024,8,7,9456,219009,194.5125,194.5125,66
95754,2024,2,27,9456,219009,190.2375,190.2375,99
66256,2023,10,24,9456,219009,227.2875,227.2875,41
80997,2023,12,26,9456,219009,198.7875,198.7875,68
4214,2023,1,31,9456,219009,227.2875,227.2875,51
110431,2024,5,1,9456,219009,198.7875,198.7875,73
103884,2024,4,3,9456,219009,198.7875,198.7875,62
148102,2024,10,9,9456,219009,193.0875,171.7125,85
7490,2023,2,14,9456,219009,117.5625,227.2875,873
72807,2023,11,21,9456,219009,175.9875,215.8875,347
123551,2024,6,26,9456,219009,190.2375,190.2375,73
5849,2023,2,7,9456,219009,227.2875,227.2875,50
64619,2023,10,17,9456,219009,227.2875,227.2875,52
69532,2023,11,7,9456,219009,227.2875,227.2875,44
107160,2024,4,17,9456,219009,198.7875,198.7875,77
118627,2024,6,5,9456,219009,198.7875,198.7875,57
61368,2023,10,3,9456,219009,126.1125,221.5875,429
112072,2024,5,8,9456,219009,198.7875,198.7875,61
77717,2023,12,12,9456,219009,194.5125,194.5125,76
172682,2025,1,22,9456,219009,180.975,180.975,97
76077,2023,12,5,9456,219009,187.3875,215.8875,78
15630,2023,3,21,9456,219009,210.9,210.9,63
30360,2023,5,23,9456,219009,227.2875,227.2875,50
138266,2024,8,28,9456,219009,171.7125,194.5125,78
116991,2024,5,29,9456,219009,192.375,192.375,84
153026,2024,10,30,9456,219009,178.125,178.125,107
79359,2023,12,19,9456,219009,190.2375,190.2375,68
120267,2024,6,12,9456,219009,180.975,180.975,65
167777,2025,1,1,9456,219009,133.95,190.2375,111
115352,2024,5,22,9456,219009,192.375,192.375,88
149744,2024,10,16,9456,219009,191.6625,191.6625,86
10750,2023,2,28,9456,219009,120.4125,227.2875,392
71169,2023,11,14,9456,219009,215.8875,215.8875,60
56493,2023,9,12,9456,219009,227.2875,227.2875,52
38539,2023,6,27,9456,219009,220.1625,220.1625,53
99035,2024,3,13,9456,219009,194.5125,194.5125,68
49989,2023,8,15,9456,219009,189.525,227.2875,55
125186,2024,7,3,9456,219009,194.5125,194.5125,66
51618,2023,8,22,9456,219009,212.325,212.325,90
151388,2024,10,23,9456,219009,191.6625,191.6625,84
105525,2024,4,10,9456,219009,181.6875,181.6875,74
23813,2023,4,25,9456,219009,200.925,200.925,61
17269,2023,3,28,9456,219009,227.2875,227.2875,52
97395,2024,3,6,9456,219009,189.525,189.525,95
67893,2023,10,31,9456,219009,227.2875,227.2875,47
33629,2023,6,6,9456,219009,208.7625,208.7625,52
18902,2023,4,4,9456,219009,215.8875,215.8875,61
66178,2023,10,24,9439,219029,295.6875,295.6875,8
85841,2024,1,16,9439,219029,295.6875,295.6875,21
100582,2024,3,20,9439,219029,295.6875,295.6875,8
862,2023,1,17,9439,219029,295.6875,295.6875,9
80919,2023,12,26,9439,219029,295.6875,295.6875,9
120189,2024,6,12,9439,219029,295.6875,295.6875,8
41739,2023,7,11,9439,219029,185.25,295.6875,82
110353,2024,5,1,9439,219029,295.6875,295.6875,7
61290,2023,10,3,9439,219029,295.6875,295.6875,20
131635,2024,7,31,9439,219029,287.85,287.85,15
53166,2023,8,29,9439,219029,295.6875,295.6875,11
136550,2024,8,21,9439,219029,295.6875,295.6875,12
75999,2023,12,5,9439,219029,295.6875,295.6875,30
154587,2024,11,6,9439,219029,295.6875,295.6875,20
7412,2023,2,14,9439,219029,187.3875,295.6875,54
175848,2025,2,5,9439,219029,295.6875,295.6875,22
2498,2023,1,24,9439,219029,290.7,290.7,4
111994,2024,5,8,9439,219029,295.6875,295.6875,28
125109,2024,7,3,9439,219029,180.2625,295.6875,56
177475,2025,2,12,9439,219029,295.6875,295.6875,21
17191,2023,3,28,9439,219029,295.6875,295.6875,36
20464,2023,4,11,9439,219029,295.6875,295.6875,23
59671,2023,9,26,9439,219029,295.6875,295.6875,16
113635,2024,5,15,9439,219029,295.6875,295.6875,11
89121,2024,1,30,9439,219029,295.6875,295.6875,8
94035,2024,2,20,9439,219029,200.925,295.6875,32
167699,2025,1,1,9439,219029,295.6875,295.6875,7
144745,2024,9,25,9439,219029,295.6875,295.6875,8
62913,2023,10,10,9439,219029,295.6875,295.6875,36
152949,2024,10,30,9439,219029,295.6875,295.6875,17
95676,2024,2,27,9439,219029,207.3375,295.6875,40
92394,2024,2,13,9439,219029,295.6875,295.6875,21
169327,2025,1,8,9439,219029,295.6875,295.6875,28
79281,2023,12,19,9439,219029,295.6875,295.6875,19
10672,2023,2,28,9439,219029,267.1875,267.1875,23
36822,2023,6,20,9439,219029,295.6875,295.6875,4
64541,2023,10,17,9439,219029,295.6875,295.6875,9
69454,2023,11,7,9439,219029,295.6875,295.6875,28
23736,2023,4,25,9439,219029,295.6875,295.6875,20
134911,2024,8,14,9439,219029,280.725,280.725,15
46643,2023,8,1,9439,219029,295.6875,295.6875,16
82561,2024,1,2,9439,219029,295.6875,295.6875,9
84200,2024,1,9,9439,219029,295.6875,295.6875,19
151310,2024,10,23,9439,219029,295.6875,295.6875,9
162791,2024,12,11,9439,219029,295.6875,295.6875,22
148024,2024,10,9,9439,219029,295.6875,295.6875,38
51540,2023,8,22,9439,219029,295.6875,295.6875,26
174232,2025,1,29,9439,219029,295.6875,295.6875,12
48276,2023,8,8,9439,219029,295.6875,295.6875,27
157867,2024,11,20,9439,219029,295.6875,295.6875,14
172604,2025,1,22,9439,219029,295.6875,295.6875,15
43376,2023,7,18,9439,219029,295.6875,295.6875,15
74362,2023,11,28,9439,219029,295.6875,295.6875,12
107082,2024,4,17,9439,219029,295.6875,295.6875,18
105448,2024,4,10,9439,219029,295.6875,295.6875,24
28650,2023,5,16,9439,219029,295.6875,295.6875,26
35190,2023,6,13,9439,219029,295.6875,295.6875,15
12285,2023,3,7,9439,219029,295.6875,295.6875,16
164434,2024,12,18,9439,219029,295.6875,295.6875,10
161150,2024,12,4,9439,219029,295.6875,295.6875,31
45862,2023,8,1,8063,219029,295.6875,295.6875,38
80137,2023,12,26,8063,219029,295.6875,295.6875,31
49128,2023,8,15,8063,219029,295.6875,295.6875,28
44232,2023,7,25,8063,219029,295.6875,295.6875,37
117770,2024,6,5,8063,219029,295.6875,295.6875,33
147245,2024,10,9,8063,219029,294.2625,294.2625,41
37677,2023,6,27,8063,219029,295.6875,295.6875,22
99813,2024,3,20,8063,219029,295.6875,295.6875,19
40956,2023,7,11,8063,219029,177.4125,295.6875,78
19682,2023,4,11,8063,219029,295.6875,295.6875,38
125961,2024,7,10,8063,219029,184.5375,295.6875,98
50762,2023,8,22,8063,219029,295.6875,295.6875,30
109572,2024,5,1,8063,219029,295.6875,295.6875,21
162006,2024,12,11,8063,219029,295.6875,295.6875,38
78,2023,1,17,8063,219029,295.6875,295.6875,22
143962,2024,9,25,8063,219029,295.6875,295.6875,25
129214,2024,7,24,8063,219029,295.6875,295.6875,26
101417,2024,3,27,8063,219029,295.6875,295.6875,19
142323,2024,9,18,8063,219029,295.6875,295.6875,23
34409,2023,6,13,8063,219029,295.6875,295.6875,21
6630,2023,2,14,8063,219029,173.1375,295.6875,86
111211,2024,5,8,8063,219029,295.6875,295.6875,33
8268,2023,2,21,8063,219029,177.4125,295.6875,64
21319,2023,4,18,8063,219029,295.6875,295.6875,27
73580,2023,11,28,8063,219029,295.6875,295.6875,33
3354,2023,1,31,8063,219029,295.6875,295.6875,31
96533,2024,3,6,8063,219029,295.6875,295.6875,31
4990,2023,2,7,8063,219029,295.6875,295.6875,20
124328,2024,7,3,8063,219029,178.8375,295.6875,137
86699,2024,1,23,8063,219029,295.6875,295.6875,19
24591,2023,5,2,8063,219029,295.6875,295.6875,24
116132,2024,5,29,8063,219029,295.6875,295.6875,30
148883,2024,10,16,8063,219029,295.6875,295.6875,38
54014,2023,9,5,8063,219029,295.6875,295.6875,27
31134,2023,5,30,8063,219029,295.6875,295.6875,23
127586,2024,7,17,8063,219029,291.4125,291.4125,40
57265,2023,9,19,8063,219029,295.6875,295.6875,34
47494,2023,8,8,8063,219029,295.6875,295.6875,29
81778,2024,1,2,8063,219029,295.6875,295.6875,20
71946,2023,11,21,8063,219029,295.6875,295.6875,35
55638,2023,9,12,8063,219029,295.6875,295.6875,14
107934,2024,4,24,8063,219029,295.6875,295.6875,30
85058,2024,1,16,8063,219029,295.6875,295.6875,31
91611,2024,2,13,8063,219029,281.4375,281.4375,29
32771,2023,6,6,8063,219029,295.6875,295.6875,40
98172,2024,3,13,8063,219029,295.6875,295.6875,38
9902,2023,2,28,8063,219029,295.6875,295.6875,19
62139,2023,10,10,8063,219029,295.6875,295.6875,28
160368,2024,12,4,8063,219029,295.6875,295.6875,30
130852,2024,7,31,8063,219029,295.6875,295.6875,25
11516,2023,3,7,8063,219029,295.6875,295.6875,32
176693,2025,2,12,8063,219029,295.6875,295.6875,34
63759,2023,10,17,8063,219029,295.6875,295.6875,33
132489,2024,8,7,8063,219029,158.8875,295.6875,237
104665,2024,4,10,8063,219029,295.6875,295.6875,38
158725,2024,11,27,8063,219029,295.6875,295.6875,15
