HW 3/homework3.csv
RECORD_ID,YEAR,MONTH,DAY,STORE_ID,SKU_ID,TOTAL_PRICE,BASE_PRICE,UNITS_SOLD
10397,2023,2,28,9147,219029,327.0375,327.0375,43
79003,2023,12,19,9147,219029,327.0375,327.0375,36
173957,2025,1,29,9147,219029,327.0375,327.0375,33
33275,2023,6,6,9147,219029,299.25,299.25,50
142829,2024,9,18,9147,219029,327.0375,327.0375,19
101914,2024,3,27,9147,219029,327.0375,327.0375,23
177198,2025,2,12,9147,219029,324.9,324.9,20
16915,2023,3,28,9147,219029,327.0375,327.0375,41
72453,2023,11,21,9147,219029,320.625,320.625,80
21822,2023,4,18,9147,219029,327.0375,327.0375,46
164156,2024,12,18,9147,219029,327.0375,327.0375,36
44735,2023,7,25,9147,219029,327.0375,327.0375,42
57768,2023,9,19,9147,219029,327.0375,327.0375,39
131357,2024,7,31,9147,219029,327.0375,327.0375,54
98679,2024,3,13,9147,219029,327.0375,327.0375,32
18548,2023,4,4,9147,219029,327.0375,327.0375,50
123195,2024,6,26,9147,219029,327.0375,327.0375,46
12012,2023,3,7,9147,219029,318.4875,327.0375,58
97039,2024,3,6,9147,219029,327.0375,327.0375,33
7134,2023,2,14,9147,219029,180.975,327.0375,196
43099,2023,7,18,9147,219029,327.0375,327.0375,36
172327,2025,1,22,9147,219029,327.0375,327.0375,30
108441,2024,4,24,9147,219029,327.0375,327.0375,39
87203,2024,1,23,9147,219029,327.0375,327.0375,13
147747,2024,10,9,9147,219029,327.0375,327.0375,37
152673,2024,10,30,9147,219029,327.0375,327.0375,19
80643,2023,12,26,9147,219029,327.0375,327.0375,33
169049,2025,1,8,9147,219029,327.0375,327.0375,32
2223,2023,1,24,9147,219029,327.0375,327.0375,27
70813,2023,11,14,9147,219029,327.0375,327.0375,43
34914,2023,6,13,9147,219029,315.6375,315.6375,43
92117,2024,2,13,9147,219029,327.0375,327.0375,41
75722,2023,12,5,9147,219029,327.0375,327.0375,15
74085,2023,11,28,9147,219029,327.0375,327.0375,23
113359,2024,5,15,9147,219029,327.0375,327.0375,35
48001,2023,8,8,9147,219029,305.6625,305.6625,25
119911,2024,6,12,9147,219029,327.0375,327.0375,42
13635,2023,3,14,9147,219029,314.2125,314.2125,37
149390,2024,10,16,9147,219029,327.0375,327.0375,32
62638,2023,10,10,9147,219029,327.0375,327.0375,29
61016,2023,10,3,9147,219029,327.0375,327.0375,36
137913,2024,8,28,9147,219029,327.0375,327.0375,36
128085,2024,7,17,9147,219029,262.2,327.0375,47
100311,2024,3,20,9147,219029,327.0375,327.0375,11
5495,2023,2,7,9147,219029,327.0375,327.0375,47
95400,2024,2,27,9147,219029,195.225,327.0375,118
118274,2024,6,5,9147,219029,327.0375,327.0375,50
167426,2025,1,1,9147,219029,327.0375,327.0375,23
110076,2024,5,1,9147,219029,327.0375,327.0375,35
157589,2024,11,20,9147,219029,327.0375,327.0375,10
85563,2024,1,16,9147,219029,327.0375,327.0375,47
8496,2023,2,21,8400,219029,208.05,327.0375,121
142550,2024,9,18,8400,219029,327.0375,327.0375,39
162234,2024,12,11,8400,219029,327.0375,327.0375,80
28093,2023,5,16,8400,219029,327.0375,327.0375,47
19909,2023,4,11,8400,219029,327.0375,327.0375,41
157316,2024,11,20,8400,219029,327.0375,327.0375,17
52617,2023,8,29,8400,219029,327.0375,327.0375,25
86927,2024,1,23,8400,219029,322.7625,322.7625,8
24819,2023,5,2,8400,219029,327.0375,327.0375,25
126186,2024,7,10,8400,219029,197.3625,327.0375,160
90207,2024,2,6,8400,219029,327.0375,327.0375,61
29728,2023,5,23,8400,219029,327.0375,327.0375,38
158952,2024,11,27,8400,219029,322.05,322.05,51
32998,2023,6,6,8400,219029,327.0375,327.0375,28
100035,2024,3,20,8400,219029,327.0375,327.0375,8
137635,2024,8,28,8400,219029,327.0375,327.0375,49
16637,2023,3,28,8400,219029,327.0375,327.0375,25
3582,2023,1,31,8400,219029,327.0375,327.0375,31
82005,2024,1,2,8400,219029,327.0375,327.0375,32
113080,2024,5,15,8400,219029,314.2125,314.2125,57
54241,2023,9,5,8400,219029,327.0375,327.0375,23
46088,2023,8,1,8400,219029,327.0375,327.0375,30
103251,2024,4,3,8400,219029,327.0375,327.0375,51
170406,2025,1,15,8400,219029,327.0375,327.0375,45
131078,2024,7,31,8400,219029,327.0375,327.0375,42
122916,2024,6,26,8400,219029,327.0375,327.0375,56
85285,2024,1,16,8400,219029,327.0375,327.0375,41
129442,2024,7,24,8400,219029,327.0375,327.0375,36
127810,2024,7,17,8400,219029,290.7,327.0375,61
1945,2023,1,24,8400,219029,327.0375,327.0375,29
117996,2024,6,5,8400,219029,327.0375,327.0375,57
44458,2023,7,25,8400,219029,327.0375,327.0375,30
168771,2025,1,8,8400,219029,327.0375,327.0375,52
176920,2025,2,12,8400,219029,327.0375,327.0375,86
77083,2023,12,12,8400,219029,327.0375,327.0375,59
175299,2025,2,5,8400,219029,327.0375,327.0375,45
114719,2024,5,22,8400,219029,327.0375,327.0375,26
50990,2023,8,22,8400,219029,327.0375,327.0375,28
47722,2023,8,8,8400,219029,327.0375,327.0375,49
160596,2024,12,4,8400,219029,327.0375,327.0375,52
21545,2023,4,18,8400,219029,327.0375,327.0375,26
172049,2025,1,22,8400,219029,317.775,317.775,49
55864,2023,9,12,8400,219029,327.0375,327.0375,18
155674,2024,11,13,8400,219029,327.0375,327.0375,56
11740,2023,3,7,8400,219029,327.0375,327.0375,35
96761,2024,3,6,8400,219029,327.0375,327.0375,52
57492,2023,9,19,8400,219029,314.2125,314.2125,36
31362,2023,5,30,8400,219029,327.0375,327.0375,30
6858,2023,2,14,8400,219029,202.35,327.0375,144
132716,2024,8,7,8400,219029,327.0375,327.0375,62
78724,2023,12,19,8400,219029,327.0375,327.0375,24
59455,2023,9,26,9190,219029,312.7875,312.7875,53
115057,2024,5,22,9190,219029,312.7875,312.7875,30
175633,2025,2,5,9190,219029,312.7875,312.7875,41
134695,2024,8,14,9190,219029,297.1125,297.1125,60
149450,2024,10,16,9190,219029,312.7875,312.7875,33
124892,2024,7,3,9190,219029,177.4125,312.7875,168
67599,2023,10,31,9190,219029,312.7875,312.7875,35
20246,2023,4,11,9190,219029,312.7875,312.7875,65
80703,2023,12,26,9190,219029,312.7875,312.7875,60
61075,2023,10,3,9190,219029,312.7875,312.7875,48
139610,2024,9,4,9190,219029,312.7875,312.7875,46
159291,2024,11,27,9190,219029,312.7875,312.7875,28
92176,2024,2,13,9190,219029,303.525,303.525,42
82343,2024,1,2,9190,219029,312.7875,312.7875,26
172387,2025,1,22,9190,219029,312.7875,312.7875,37
126524,2024,7,10,9190,219029,178.125,312.7875,177
144527,2024,9,25,9190,219029,312.7875,312.7875,50
119971,2024,6,12,9190,219029,312.7875,312.7875,69
38243,2023,6,27,9190,219029,312.7875,312.7875,35
147806,2024,10,9,9190,219029,312.7875,312.7875,40
65960,2023,10,24,9190,219029,312.7875,312.7875,40
87263,2024,1,23,9190,219029,312.7875,312.7875,45
156013,2024,11,13,9190,219029,312.7875,312.7875,44
75782,2023,12,5,9190,219029,312.7875,312.7875,31
56200,2023,9,12,9190,219029,312.7875,312.7875,40
46426,2023,8,1,9190,219029,312.7875,312.7875,51
97099,2024,3,6,9190,219029,312.7875,312.7875,42
39884,2023,7,4,9190,219029,178.125,312.7875,233
101972,2024,3,27,9190,219029,312.7875,312.7875,61
133055,2024,8,7,9190,219029,171.7125,312.7875,283
2281,2023,1,24,9190,219029,312.7875,312.7875,54
23519,2023,4,25,9190,219029,312.7875,312.7875,69
5555,2023,2,7,9190,219029,312.7875,312.7875,52
13695,2023,3,14,9190,219029,312.7875,312.7875,48
54577,2023,9,5,9190,219029,305.6625,305.6625,69
165858,2024,12,25,9190,219029,312.7875,312.7875,37
10457,2023,2,28,9190,219029,312.7875,312.7875,54
98739,2024,3,13,9190,219029,312.7875,312.7875,51
74145,2023,11,28,9190,219029,302.8125,302.8125,46
152732,2024,10,30,9190,219029,312.7875,312.7875,36
100368,2024,3,20,9190,219029,312.7875,312.7875,35
52949,2023,8,29,9190,219029,312.7875,312.7875,59
118334,2024,6,5,9190,219029,312.7875,312.7875,61
131417,2024,7,31,9190,219029,312.7875,312.7875,39
129781,2024,7,24,9190,219029,312.7875,312.7875,56
25157,2023,5,2,9190,219029,312.7875,312.7875,41
121612,2024,6,19,9190,219029,312.7875,312.7875,30
31700,2023,5,30,9190,219029,312.7875,312.7875,44
30064,2023,5,23,9190,219029,312.7875,312.7875,45
95459,2024,2,27,9190,219029,191.6625,303.525,97
156889,2024,11,13,9881,219029,327.0375,327.0375,54
32571,2023,5,30,9881,219029,314.2125,314.2125,37
16209,2023,3,21,9881,219029,327.0375,327.0375,18
70108,2023,11,7,9881,219029,327.0375,327.0375,27
89778,2024,1,30,9881,219029,327.0375,327.0375,45
109371,2024,4,24,9881,219029,327.0375,327.0375,36
75016,2023,11,28,9881,219029,327.0375,327.0375,33
65195,2023,10,17,9881,219029,327.0375,327.0375,50
130652,2024,7,24,9881,219029,327.0375,327.0375,39
97971,2024,3,6,9881,219029,320.625,320.625,29
99613,2024,3,13,9881,219029,327.0375,327.0375,15
124128,2024,6,26,9881,219029,327.0375,327.0375,26
150324,2024,10,16,9881,219029,327.0375,327.0375,34
55443,2023,9,5,9881,219029,327.0375,327.0375,20
35843,2023,6,13,9881,219029,327.0375,327.0375,40
76655,2023,12,5,9881,219029,324.9,324.9,32
101223,2024,3,20,9881,219029,324.1875,324.1875,9
138845,2024,8,28,9881,219029,327.0375,327.0375,33
161805,2024,12,4,9881,219029,327.0375,327.0375,44
173262,2025,1,22,9881,219029,327.0375,327.0375,51
132288,2024,7,31,9881,219029,327.0375,327.0375,55
17846,2023,3,28,9881,219029,327.0375,327.0375,22
9705,2023,2,21,9881,219029,178.8375,327.0375,194
4790,2023,1,31,9881,219029,327.0375,327.0375,47
133928,2024,8,7,9881,219029,320.625,320.625,35
115932,2024,5,22,9881,219029,327.0375,327.0375,23
40755,2023,7,4,9881,219029,181.6875,309.9375,248
119206,2024,6,5,9881,219029,327.0375,327.0375,26
22752,2023,4,18,9881,219029,327.0375,327.0375,28
19481,2023,4,4,9881,219029,309.225,309.225,25
47297,2023,8,1,9881,219029,327.0375,327.0375,27
137206,2024,8,21,9881,219029,292.8375,292.8375,27
79937,2023,12,19,9881,219029,327.0375,327.0375,28
44031,2023,7,18,9881,219029,327.0375,327.0375,22
142123,2024,9,11,9881,219029,327.0375,327.0375,31
117570,2024,5,29,9881,219029,327.0375,327.0375,27
114290,2024,5,15,9881,219029,327.0375,327.0375,30
39117,2023,6,27,9881,219029,309.9375,309.9375,26
27667,2023,5,9,9881,219029,327.0375,327.0375,36
104464,2024,4,3,9881,219029,290.7,327.0375,27
12932,2023,3,7,9881,219029,327.0375,327.0375,41
83215,2024,1,2,9881,219029,327.0375,327.0375,27
111011,2024,5,1,9881,219029,327.0375,327.0375,42
163448,2024,12,11,9881,219029,327.0375,327.0375,51
30935,2023,5,23,9881,219029,327.0375,327.0375,37
171620,2025,1,15,9881,219029,327.0375,327.0375,37
78297,2023,12,12,9881,219029,327.0375,327.0375,39
50562,2023,8,15,9881,219029,327.0375,327.0375,37
84857,2024,1,9,9881,219029,327.0375,327.0375,38
94692,2024,2,20,9881,219029,191.6625,327.0375,266
6429,2023,2,7,9881,219029,327.0375,327.0375,56
61944,2023,10,3,9881,219029,327.0375,327.0375,40
125760,2024,7,3,9881,219029,177.4125,327.0375,242
1517,2023,1,17,9881,219029,319.2,319.2,59
48928,2023,8,8,9881,219029,327.0375,327.0375,27
147044,2024,10,2,9881,219029,327.0375,327.0375,49
42395,2023,7,11,9881,219029,177.4125,309.9375,193
14568,2023,3,14,9881,219029,327.0375,327.0375,16
171988,2025,1,22,8319,219009,195.225,195.225,56
80303,2023,12,26,8319,219009,191.6625,191.6625,40
16576,2023,3,28,8319,219009,227.2875,227.2875,23
26395,2023,5,9,8319,219009,141.075,227.2875,131
60682,2023,10,3,8319,219009,126.825,223.725,203
147410,2024,10,9,8319,219009,195.225,195.225,101
109739,2024,5,1,8319,219009,198.7875,198.7875,27
31301,2023,5,30,8319,219009,217.3125,217.3125,30
28032,2023,5,16,8319,219009,204.4875,227.2875,30
111377,2024,5,8,8319,219009,198.7875,198.7875,34
170345,2025,1,15,8319,219009,195.225,195.225,64
153973,2024,11,6,8319,219009,176.7,176.7,90
108101,2024,4,24,8319,219009,198.7875,198.7875,51
131018,2024,7,31,8319,219009,198.7875,198.7875,25
157255,2024,11,20,8319,219009,190.2375,190.2375,33
155613,2024,11,13,8319,219009,195.225,195.225,62
83583,2024,1,9,8319,219009,198.7875,198.7875,59
14935,2023,3,21,8319,219009,214.4625,214.4625,27
44397,2023,7,25,8319,219009,227.2875,227.2875,10
78663,2023,12,19,8319,219009,198.7875,198.7875,42
57432,2023,9,19,8319,219009,227.2875,227.2875,27
42762,2023,7,18,8319,219009,176.7,227.2875,13
152333,2024,10,30,8319,219009,178.125,178.125,45
101583,2024,3,27,8319,219009,198.7875,198.7875,35
34576,2023,6,13,8319,219009,217.3125,217.3125,32
114658,2024,5,22,8319,219009,198.7875,198.7875,43
99975,2024,3,20,8319,219009,198.7875,198.7875,29
122855,2024,6,26,8319,219009,198.7875,198.7875,55
93418,2024,2,20,8319,219009,193.8,193.8,57
23119,2023,4,25,8319,219009,204.4875,227.2875,29
121213,2024,6,19,8319,219009,194.5125,194.5125,66
113019,2024,5,15,8319,219009,198.7875,198.7875,48
36208,2023,6,20,8319,219009,206.625,206.625,33
8435,2023,2,21,8319,219009,118.9875,227.2875,248
245,2023,1,17,8319,219009,219.45,219.45,42
135933,2024,8,21,8319,219009,168.15,190.95,41
163816,2024,12,18,8319,219009,163.1625,183.1125,175
68839,2023,11,7,8319,219009,207.3375,207.3375,23
10067,2023,2,28,8319,219009,118.9875,227.2875,355
127749,2024,7,17,8319,219009,198.7875,198.7875,19
55803,2023,9,12,8319,219009,217.3125,217.3125,31
47661,2023,8,8,8319,219009,227.2875,227.2875,13
39485,2023,7,4,8319,219009,196.65,227.2875,31
72113,2023,11,21,8319,219009,175.275,207.3375,192
24758,2023,5,2,8319,219009,227.2875,227.2875,22
98339,2024,3,13,8319,219009,191.6625,191.6625,42
119572,2024,6,12,8319,219009,193.8,193.8,59
3521,2023,1,31,8319,219009,227.2875,227.2875,25
54180,2023,9,5,8319,219009,215.8875,215.8875,31
62301,2023,10,10,8319,219009,209.475,209.475,45
18212,2023,4,4,8319,219009,181.6875,227.2875,29
117935,2024,6,5,8319,219009,198.7875,198.7875,44
11680,2023,3,7,8319,219009,120.4125,227.2875,125
73747,2023,11,28,8319,219009,213.75,213.75,30
142489,2024,9,18,8319,219009,195.225,195.225,55
83442,2024,1,9,8023,219009,208.05,208.05,170
5016,2023,2,7,8023,219009,227.2875,227.2875,187
129240,2024,7,24,8023,219009,225.8625,225.8625,215
134155,2024,8,14,8023,219009,217.3125,217.3125,200
1744,2023,1,24,8023,219009,227.2875,227.2875,142
153832,2024,11,6,8023,219009,178.125,218.025,322
117796,2024,6,5,8023,219009,220.875,220.875,144
44258,2023,7,25,8023,219009,213.75,213.75,125
148909,2024,10,16,8023,219009,218.7375,218.7375,203
45888,2023,8,1,8023,219009,227.2875,227.2875,114
26255,2023,5,9,8023,219009,142.5,225.15,508
54040,2023,9,5,8023,219009,207.3375,207.3375,159
162032,2024,12,11,8023,219009,161.7375,215.175,760
107960,2024,4,24,8023,219009,202.35,202.35,204
99838,2024,3,20,8023,219009,209.475,209.475,69
6656,2023,2,14,8023,219009,118.275,227.2875,1247
139071,2024,9,4,8023,219009,138.9375,205.9125,326
63785,2023,10,17,8023,219009,204.4875,204.4875,170
130878,2024,7,31,8023,219009,225.15,225.15,231
40982,2023,7,11,8023,219009,225.15,225.15,182
21345,2023,4,18,8023,219009,223.0125,223.0125,167
18072,2023,4,4,8023,219009,218.7375,218.7375,169
135793,2024,8,21,8023,219009,205.9125,205.9125,188
122714,2024,6,26,8023,219009,223.725,223.725,192
29531,2023,5,23,8023,219009,180.975,226.575,205
106330,2024,4,17,8023,219009,203.0625,203.0625,162
16436,2023,3,28,8023,219009,213.75,213.75,166
140712,2024,9,11,8023,219009,208.05,208.05,137
86725,2024,1,23,8023,219009,205.2,205.2,173
170205,2025,1,15,8023,219009,218.025,218.025,291
67059,2023,10,31,8023,219009,210.1875,210.1875,182
145630,2024,10,2,8023,219009,141.075,217.3125,702
39344,2023,7,4,8023,219009,220.1625,220.1625,191
60542,2023,10,3,8023,219009,125.4,221.5875,762
36067,2023,6,20,8023,219009,212.325,212.325,164
111237,2024,5,8,8023,219009,204.4875,204.4875,229
8294,2023,2,21,8023,219009,113.2875,227.2875,642
160394,2024,12,4,8023,219009,215.175,215.175,245
125987,2024,7,10,8023,219009,223.0125,223.0125,182
65422,2023,10,24,8023,219009,203.775,203.775,144
71972,2023,11,21,8023,219009,172.425,208.7625,374
90005,2024,2,6,8023,219009,210.1875,210.1875,187
88364,2024,1,30,8023,219009,210.1875,210.1875,194
85084,2024,1,16,8023,219009,205.2,205.2,189
147270,2024,10,9,8023,219009,220.875,220.875,222
75243,2023,12,5,8023,219009,185.9625,208.7625,144
152192,2024,10,30,8023,219009,178.125,218.025,451
58920,2023,9,26,8023,219009,221.5875,221.5875,183
50788,2023,8,22,8023,219009,213.75,213.75,187
143987,2024,9,25,8023,219009,217.3125,217.3125,178
114517,2024,5,22,8023,219009,194.5125,194.5125,299
47520,2023,8,8,8023,219009,227.2875,227.2875,106
176719,2025,2,12,8023,219009,208.7625,208.7625,269
80163,2023,12,26,8023,219009,205.9125,205.9125,206
158751,2024,11,27,8023,219009,211.6125,211.6125,283
22978,2023,4,25,8023,219009,216.6,216.6,188
49154,2023,8,15,8023,219009,227.2875,227.2875,153
