HW 3/homework3.csv
RECORD_ID,YEAR,MONTH,DAY,STORE_ID,SKU_ID,TOTAL_PRICE,BASE_PRICE,UNITS_SOLD
133168,2024,8,7,9281,219009,198.7875,198.7875,74
167596,2025,1,1,9281,219009,133.95,190.95,104
105343,2024,4,10,9281,219009,192.375,192.375,78
26907,2023,5,9,9281,219009,138.9375,227.2875,185
110248,2024,5,1,9281,219009,198.7875,198.7875,66
18719,2023,4,4,9281,219009,221.5875,221.5875,53
44905,2023,7,25,9281,219009,227.2875,227.2875,39
38356,2023,6,27,9281,219009,227.2875,227.2875,42
89016,2024,1,30,9281,219009,198.7875,198.7875,85
56313,2023,9,12,9281,219009,220.1625,220.1625,49
35085,2023,6,13,9281,219009,221.5875,221.5875,60
70986,2023,11,14,9281,219009,205.9125,205.9125,50
151205,2024,10,23,9281,219009,191.6625,191.6625,73
98852,2024,3,13,9281,219009,194.5125,194.5125,60
4031,2023,1,31,9281,219009,227.2875,227.2875,54
54690,2023,9,5,9281,219009,227.2875,227.2875,30
164329,2024,12,18,9281,219009,162.45,190.95,203
23632,2023,4,25,9281,219009,219.45,219.45,40
177370,2025,2,12,9281,219009,191.6625,191.6625,83
69349,2023,11,7,9281,219009,227.2875,227.2875,65
15447,2023,3,21,9281,219009,227.2875,227.2875,49
131530,2024,7,31,9281,219009,198.7875,198.7875,70
152845,2024,10,30,9281,219009,178.125,178.125,113
102084,2024,3,27,9281,219009,188.1,188.1,54
59568,2023,9,26,9281,219009,219.45,219.45,47
82456,2024,1,2,9281,219009,194.5125,194.5125,56
2393,2023,1,24,9281,219009,225.8625,225.8625,37
36719,2023,6,20,9281,219009,220.875,220.875,50
134807,2024,8,14,9281,219009,195.9375,195.9375,75
111890,2024,5,8,9281,219009,198.7875,198.7875,71
33446,2023,6,6,9281,219009,214.4625,214.4625,49
80815,2023,12,26,9281,219009,190.2375,190.2375,60
53062,2023,8,29,9281,219009,200.2125,200.2125,53
138083,2024,8,28,9281,219009,190.2375,190.2375,57
139723,2024,9,4,9281,219009,190.95,190.95,86
174128,2025,1,29,9281,219009,195.225,195.225,76
162686,2024,12,11,9281,219009,161.025,190.95,222
57940,2023,9,19,9281,219009,218.7375,218.7375,38
13808,2023,3,14,9281,219009,220.875,220.875,44
75894,2023,12,5,9281,219009,177.4125,177.4125,84
169222,2025,1,8,9281,219009,195.225,195.225,55
118446,2024,6,5,9281,219009,193.8,193.8,65
28545,2023,5,16,9281,219009,207.3375,207.3375,48
157762,2024,11,20,9281,219009,192.375,192.375,60
41635,2023,7,11,9281,219009,213.75,213.75,50
175745,2025,2,5,9281,219009,195.225,195.225,80
165971,2024,12,25,9281,219009,133.95,190.95,198
10569,2023,2,28,9281,219009,118.9875,227.2875,358
62809,2023,10,10,9281,219009,212.325,212.325,54
159404,2024,11,27,9281,219009,184.5375,184.5375,78
170857,2025,1,15,9281,219009,195.225,195.225,109
67711,2023,10,31,9281,219009,227.2875,227.2875,52
174934,2025,1,29,9954,219009,180.975,180.975,88
173321,2025,1,22,9954,219009,175.275,175.275,90
8128,2023,2,14,9954,219009,117.5625,227.2875,447
122548,2024,6,19,9954,219009,190.2375,190.2375,73
40816,2023,7,4,9954,219009,227.2875,227.2875,56
81638,2023,12,26,9954,219009,193.8,193.8,55
34269,2023,6,6,9954,219009,213.75,213.75,49
150385,2024,10,16,9954,219009,191.6625,191.6625,68
98032,2024,3,6,9954,219009,182.4,182.4,73
37538,2023,6,20,9954,219009,206.625,206.625,51
45722,2023,7,25,9954,219009,227.2875,227.2875,42
114351,2024,5,15,9954,219009,187.3875,187.3875,80
112712,2024,5,8,9954,219009,198.7875,198.7875,74
142184,2024,9,11,9954,219009,169.575,194.5125,70
129074,2024,7,17,9954,219009,189.525,189.525,54
152027,2024,10,23,9954,219009,191.6625,191.6625,78
143822,2024,9,18,9954,219009,175.275,175.275,95
115993,2024,5,22,9954,219009,182.4,182.4,91
91471,2024,2,6,9954,219009,198.7875,198.7875,59
102888,2024,3,27,9954,219009,190.95,190.95,37
16270,2023,3,21,9954,219009,207.3375,207.3375,54
88198,2024,1,23,9954,219009,192.375,192.375,48
50623,2023,8,15,9954,219009,210.9,210.9,61
57125,2023,9,12,9954,219009,221.5875,221.5875,64
163509,2024,12,11,9954,219009,163.1625,185.25,249
62003,2023,10,3,9954,219009,126.1125,218.7375,383
48989,2023,8,8,9954,219009,227.2875,227.2875,42
89839,2024,1,30,9954,219009,198.7875,198.7875,77
68532,2023,10,31,9954,219009,227.2875,227.2875,45
130712,2024,7,24,9954,219009,190.95,190.95,77
171681,2025,1,15,9954,219009,171,171,80
44092,2023,7,18,9954,219009,227.2875,227.2875,33
168406,2025,1,1,9954,219009,135.375,185.25,99
70168,2023,11,7,9954,219009,227.2875,227.2875,40
27728,2023,5,9,9954,219009,143.2125,227.2875,163
117631,2024,5,29,9954,219009,192.375,192.375,97
79998,2023,12,19,9954,219009,198.7875,198.7875,63
1578,2023,1,17,9954,219009,221.5875,221.5875,60
73440,2023,11,21,9954,219009,175.275,220.875,251
60377,2023,9,26,9954,219009,218.7375,218.7375,87
3214,2023,1,24,9954,219009,227.2875,227.2875,49
148743,2024,10,9,9954,219009,189.525,189.525,68
160228,2024,11,27,9954,219009,174.5625,174.5625,97
66893,2023,10,24,9954,219009,206.625,206.625,46
138906,2024,8,28,9954,219009,172.425,194.5125,96
86559,2024,1,16,9954,219009,198.7875,198.7875,56
26089,2023,5,2,9954,219009,227.2875,227.2875,75
107794,2024,4,17,9954,219009,198.7875,198.7875,64
176553,2025,2,5,9954,219009,175.9875,175.9875,106
156949,2024,11,13,9954,219009,188.1,188.1,81
20477,2023,4,11,9425,219009,175.275,227.2875,59
85854,2024,1,16,9425,219009,198.7875,198.7875,59
113647,2024,5,15,9425,219009,198.7875,198.7875,47
175861,2025,2,5,9425,219009,180.975,180.975,48
157879,2024,11,20,9425,219009,195.225,195.225,45
100595,2024,3,20,9425,219009,195.225,195.225,29
17204,2023,3,28,9425,219009,178.125,227.2875,69
151323,2024,10,23,9425,219009,186.675,186.675,56
144758,2024,9,25,9425,219009,175.275,175.275,59
123486,2024,6,26,9425,219009,194.5125,194.5125,38
118563,2024,6,5,9425,219009,191.6625,191.6625,41
31930,2023,5,30,9425,219009,227.2875,227.2875,32
126752,2024,7,10,9425,219009,194.5125,194.5125,43
33564,2023,6,6,9425,219009,217.3125,217.3125,35
131648,2024,7,31,9425,219009,194.5125,194.5125,41
27024,2023,5,9,9425,219009,142.5,227.2875,211
46656,2023,8,1,9425,219009,227.2875,227.2875,15
66191,2023,10,24,9425,219009,227.2875,227.2875,24
141482,2024,9,11,9425,219009,168.8625,168.8625,40
166089,2024,12,25,9425,219009,134.6625,170.2875,75
89134,2024,1,30,9425,219009,198.7875,198.7875,48
84212,2024,1,9,9425,219009,196.65,196.65,69
43389,2023,7,18,9425,219009,215.8875,215.8875,30
28663,2023,5,16,9425,219009,220.875,220.875,53
128374,2024,7,17,9425,219009,194.5125,194.5125,35
38474,2023,6,27,9425,219009,225.8625,225.8625,46
152962,2024,10,30,9425,219009,178.125,178.125,49
164447,2024,12,18,9425,219009,163.1625,170.2875,163
102199,2024,3,27,9425,219009,192.375,192.375,23
149680,2024,10,16,9425,219009,143.2125,175.275,55
56430,2023,9,12,9425,219009,217.3125,217.3125,33
71104,2023,11,14,9425,219009,227.2875,227.2875,42
82573,2024,1,2,9425,219009,198.7875,227.2875,39
40113,2023,7,4,9425,219009,227.2875,227.2875,41
49925,2023,8,15,9425,219009,185.25,227.2875,39
115287,2024,5,22,9425,219009,185.25,185.25,65
143119,2024,9,18,9425,219009,164.5875,164.5875,62
69467,2023,11,7,9425,219009,227.2875,227.2875,44
103819,2024,4,3,9425,219009,198.7875,198.7875,29
161163,2024,12,4,9425,219009,170.2875,170.2875,60
174245,2025,1,29,9425,219009,180.975,180.975,54
4149,2023,1,31,9425,219009,227.2875,227.2875,36
59684,2023,9,26,9425,219009,227.2875,227.2875,44
108729,2024,4,24,9425,219009,198.7875,198.7875,62
148037,2024,10,9,9425,219009,168.15,175.275,87
72742,2023,11,21,9425,219009,175.275,227.2875,190
156244,2024,11,13,9425,219009,195.225,195.225,52
22111,2023,4,18,9425,219009,166.725,227.2875,50
90771,2024,2,6,9425,219009,198.7875,198.7875,55
92407,2024,2,13,9425,219009,191.6625,191.6625,79
80932,2023,12,26,9425,219009,198.7875,227.2875,54
161745,2024,12,4,9876,219009,183.825,183.825,110
61884,2023,10,3,9876,219009,126.1125,221.5875,322
3093,2023,1,24,9876,219009,227.2875,227.2875,46
130592,2024,7,24,9876,219009,189.525,189.525,58
83155,2024,1,2,9876,219009,198.7875,198.7875,54
58634,2023,9,19,9876,219009,223.0125,223.0125,71
122427,2024,6,19,9876,219009,188.8125,188.8125,50
137146,2024,8,21,9876,219009,168.15,186.675,71
142064,2024,9,11,9876,219009,171.7125,171.7125,78
169921,2025,1,8,9876,219009,178.125,178.125,87
48869,2023,8,8,9876,219009,227.2875,227.2875,38
47237,2023,8,1,9876,219009,227.2875,227.2875,33
173202,2025,1,22,9876,219009,178.125,178.125,104
70048,2023,11,7,9876,219009,227.2875,227.2875,43
55383,2023,9,5,9876,219009,203.0625,203.0625,57
114230,2024,5,15,9876,219009,189.525,189.525,66
76595,2023,12,5,9876,219009,194.5125,227.2875,63
34148,2023,6,6,9876,219009,209.475,209.475,36
12872,2023,3,7,9876,219009,118.275,227.2875,130
94632,2024,2,20,9876,219009,195.9375,195.9375,88
65135,2023,10,17,9876,219009,227.2875,227.2875,55
109311,2024,4,24,9876,219009,194.5125,194.5125,66
79877,2023,12,19,9876,219009,190.95,227.2875,78
73321,2023,11,21,9876,219009,175.275,227.2875,331
124068,2024,6,26,9876,219009,194.5125,194.5125,58
6369,2023,2,7,9876,219009,227.2875,227.2875,46
52134,2023,8,22,9876,219009,197.3625,227.2875,78
45601,2023,7,25,9876,219009,218.025,218.025,35
53756,2023,8,29,9876,219009,215.8875,215.8875,55
57005,2023,9,12,9876,219009,214.4625,214.4625,78
119146,2024,6,5,9876,219009,190.2375,190.2375,69
11257,2023,2,28,9876,219009,119.7,227.2875,520
165030,2024,12,18,9876,219009,160.3125,183.825,210
24332,2023,4,25,9876,219009,227.2875,227.2875,57
40695,2023,7,4,9876,219009,207.3375,207.3375,74
25969,2023,5,2,9876,219009,227.2875,227.2875,52
106043,2024,4,10,9876,219009,194.5125,194.5125,69
66772,2023,10,24,9876,219009,220.875,220.875,52
19421,2023,4,4,9876,219009,227.2875,227.2875,56
158464,2024,11,20,9876,219009,182.4,182.4,51
16149,2023,3,21,9876,219009,227.2875,227.2875,55
89718,2024,1,30,9876,219009,198.7875,198.7875,83
39057,2023,6,27,9876,219009,227.2875,227.2875,44
160107,2024,11,27,9876,219009,190.2375,190.2375,79
22692,2023,4,18,9876,219009,214.4625,214.4625,54
132228,2024,7,31,9876,219009,194.5125,194.5125,64
8007,2023,2,14,9876,219009,118.275,227.2875,709
128954,2024,7,17,9876,219009,194.5125,194.5125,59
42335,2023,7,11,9876,219009,215.8875,215.8875,29
84797,2024,1,9,9876,219009,195.9375,195.9375,93
156829,2024,11,13,9876,219009,190.95,190.95,69
81517,2023,12,26,9876,219009,195.225,227.2875,80
63502,2023,10,10,9876,219009,218.7375,218.7375,76
178070,2025,2,12,9876,219009,178.125,178.125,99
176435,2025,2,5,9876,219009,180.975,180.975,62
143701,2024,9,18,9876,219009,171.7125,171.7125,69
92990,2024,2,13,9876,219009,185.25,185.25,88
17786,2023,3,28,9876,219009,220.875,220.875,52
60258,2023,9,26,9876,219009,221.5875,221.5875,58
71685,2023,11,14,9876,219009,191.6625,227.2875,47
104290,2024,4,3,9823,219009,198.7875,198.7875,130
52021,2023,8,22,9823,219009,200.2125,200.2125,157
151792,2024,10,23,9823,219009,222.3,222.3,135
2980,2023,1,24,9823,219009,227.2875,227.2875,129
30762,2023,5,23,9823,219009,203.0625,226.575,180
158350,2024,11,20,9823,219009,203.775,203.775,70
114116,2024,5,15,9823,219009,192.375,192.375,220
84683,2024,1,9,9823,219009,206.625,206.625,163
35670,2023,6,13,9823,219009,209.475,209.475,171
176324,2025,2,5,9823,219009,222.3,222.3,126
65021,2023,10,17,9823,219009,203.0625,203.0625,184
16036,2023,3,21,9823,219009,219.45,219.45,177
34035,2023,6,6,9823,219009,210.9,210.9,172
40581,2023,7,4,9823,219009,216.6,216.6,138
37304,2023,6,20,9823,219009,220.875,220.875,178
119032,2024,6,5,9823,219009,204.4875,204.4875,108
4617,2023,1,31,9823,219009,227.2875,227.2875,152
155071,2024,11,6,9823,219009,178.125,222.3,230
19307,2023,4,4,9823,219009,212.325,212.325,150
1345,2023,1,17,9823,219009,217.3125,217.3125,168
73209,2023,11,21,9823,219009,172.425,207.3375,504
71572,2023,11,14,9823,219009,207.3375,207.3375,193
163274,2024,12,11,9823,219009,162.45,217.3125,704
38944,2023,6,27,9823,219009,218.7375,218.7375,157
29134,2023,5,16,9823,219009,226.575,226.575,173
14395,2023,3,14,9823,219009,217.3125,217.3125,171
125588,2024,7,3,9823,219009,225.8625,225.8625,131
123955,2024,6,26,9823,219009,223.725,223.725,128
56892,2023,9,12,9823,219009,224.4375,224.4375,173
112477,2024,5,8,9823,219009,200.925,200.925,129
130479,2024,7,24,9823,219009,220.1625,220.1625,112
97799,2024,3,6,9823,219009,204.4875,204.4875,163
42221,2023,7,11,9823,219009,227.2875,227.2875,137
99439,2024,3,13,9823,219009,198.075,198.075,130
101055,2024,3,20,9823,219009,194.5125,194.5125,62
92876,2024,2,13,9823,219009,198.075,198.075,235
32399,2023,5,30,9823,219009,205.9125,205.9125,147
69934,2023,11,7,9823,219009,210.1875,210.1875,148
43857,2023,7,18,9823,219009,220.875,220.875,106
133754,2024,8,7,9823,219009,225.8625,225.8625,117
45491,2023,7,25,9823,219009,227.2875,227.2875,102
156715,2024,11,13,9823,219009,218.7375,218.7375,206
177956,2025,2,12,9823,219009,208.7625,208.7625,212
122313,2024,6,19,9823,219009,218.025,218.025,132
6255,2023,2,7,9823,219009,227.2875,227.2875,164
96159,2024,2,27,9823,219009,198.7875,198.7875,169
83042,2024,1,2,9823,219009,204.4875,204.4875,107
63390,2023,10,10,9823,219009,208.05,208.05,155
143587,2024,9,18,9823,219009,218.025,218.025,148
20318,2023,4,11,9273,219029,234.4125,234.4125,36
46497,2023,8,1,9273,219029,234.4125,234.4125,30
41594,2023,7,11,9273,219029,178.8375,234.4125,99
113491,2024,5,15,9273,219029,234.4125,234.4125,30
43230,2023,7,18,9273,219029,234.4125,234.4125,34
174087,2025,1,29,9273,219029,234.4125,234.4125,21
115129,2024,5,22,9273,219029,234.4125,234.4125,19
144599,2024,9,25,9273,219029,234.4125,234.4125,25
51397,2023,8,22,9273,219029,234.4125,234.4125,37
102044,2024,3,27,9273,219029,234.4125,234.4125,33
36679,2023,6,20,9273,219029,225.8625,225.8625,38
67670,2023,10,31,9273,219029,234.4125,234.4125,27
59527,2023,9,26,9273,219029,234.4125,234.4125,27
25228,2023,5,2,9273,219029,234.4125,234.4125,40
80774,2023,12,26,9273,219029,234.4125,234.4125,21
165930,2024,12,25,9273,219029,234.4125,234.4125,31
13767,2023,3,14,9273,219029,232.9875,232.9875,36
98811,2024,3,13,9273,219029,234.4125,234.4125,24
87335,2024,1,23,9273,219029,234.4125,234.4125,21
7266,2023,2,14,9273,219029,177.4125,228.7125,92
159363,2024,11,27,9273,219029,234.4125,234.4125,31
84054,2024,1,9,9273,219029,234.4125,234.4125,35
134766,2024,8,14,9273,219029,207.3375,234.4125,44
62768,2023,10,10,9273,219029,234.4125,234.4125,40
30136,2023,5,23,9273,219029,234.4125,234.4125,29
175704,2025,2,5,9273,219029,234.4125,234.4125,42
75853,2023,12,5,9273,219029,218.025,218.025,20
164288,2024,12,18,9273,219029,234.4125,234.4125,19
54649,2023,9,5,9273,219029,234.4125,234.4125,43
93889,2024,2,20,9273,219029,191.6625,220.1625,108
66032,2023,10,24,9273,219029,234.4125,234.4125,23
64396,2023,10,17,9273,219029,234.4125,234.4125,25
3990,2023,1,31,9273,219029,234.4125,234.4125,34
116768,2024,5,29,9273,219029,234.4125,234.4125,22
23591,2023,4,25,9273,219029,234.4125,234.4125,49
142960,2024,9,18,9273,219029,234.4125,234.4125,28
18678,2023,4,4,9273,219029,234.4125,234.4125,41
17045,2023,3,28,9273,219029,234.4125,234.4125,33
170816,2025,1,15,9273,219029,234.4125,234.4125,20
48132,2023,8,8,9273,219029,234.4125,234.4125,31
118405,2024,6,5,9273,219029,234.4125,234.4125,34
57899,2023,9,19,9273,219029,234.4125,234.4125,33
97171,2024,3,6,9273,219029,234.4125,234.4125,44
21954,2023,4,18,9273,219029,234.4125,234.4125,37
110207,2024,5,1,9273,219029,234.4125,234.4125,29
49766,2023,8,15,9273,219029,234.4125,234.4125,29
172459,2025,1,22,9273,219029,234.4125,234.4125,27
103660,2024,4,3,9273,219029,234.4125,234.4125,22
161004,2024,12,4,9273,219029,234.4125,234.4125,10
69308,2023,11,7,9273,219029,234.4125,234.4125,33
133127,2024,8,7,9273,219029,125.4,234.4125,306
74216,2023,11,28,9273,219029,234.4125,234.4125,30
108572,2024,4,24,9273,219029,234.4125,234.4125,25
123327,2024,6,26,9273,219029,218.025,218.025,33
90612,2024,2,6,9273,219029,234.4125,234.4125,54
146242,2024,10,2,9273,219029,234.4125,234.4125,26
61145,2023,10,3,9273,219029,234.4125,234.4125,36
