HW 3/homework3.csv
RECORD_ID,YEAR,MONTH,DAY,STORE_ID,SKU_ID,TOTAL_PRICE,BASE_PRICE,UNITS_SOLD
18147,2023,4,4,8121,219029,295.6875,295.6875,28
88439,2024,1,30,8121,219029,295.6875,295.6875,37
112953,2024,5,15,8121,219029,295.6875,295.6875,22
29603,2023,5,23,8121,219029,262.9125,295.6875,25
57366,2023,9,19,8121,219029,295.6875,295.6875,31
147345,2024,10,9,8121,219029,295.6875,295.6875,42
137508,2024,8,28,8121,219029,295.6875,295.6875,17
80238,2023,12,26,8121,219029,295.6875,295.6875,24
13231,2023,3,14,8121,219029,295.6875,295.6875,13
116233,2024,5,29,8121,219029,295.6875,295.6875,30
83517,2024,1,9,8121,219029,295.6875,295.6875,34
165392,2024,12,25,8121,219029,295.6875,295.6875,14
37778,2023,6,27,8121,219029,295.6875,295.6875,21
119506,2024,6,12,8121,219029,295.6875,295.6875,35
114592,2024,5,22,8121,219029,281.4375,281.4375,30
99911,2024,3,20,8121,219029,295.6875,295.6875,7
135868,2024,8,21,8121,219029,295.6875,295.6875,19
11614,2023,3,7,8121,219029,277.1625,277.1625,24
134230,2024,8,14,8121,219029,295.6875,295.6875,39
173556,2025,1,29,8121,219029,295.6875,295.6875,29
142424,2024,9,18,8121,219029,295.6875,295.6875,31
58994,2023,9,26,8121,219029,295.6875,295.6875,26
179,2023,1,17,8121,219029,295.6875,295.6875,20
36142,2023,6,20,8121,219029,295.6875,295.6875,21
132590,2024,8,7,8121,219029,159.6,295.6875,216
108035,2024,4,24,8121,219029,295.6875,295.6875,20
63859,2023,10,17,8121,219029,295.6875,295.6875,35
67134,2023,10,31,8121,219029,295.6875,295.6875,22
127685,2024,7,17,8121,219029,275.7375,275.7375,26
52493,2023,8,29,8121,219029,295.6875,295.6875,30
39419,2023,7,4,8121,219029,180.975,295.6875,157
50863,2023,8,22,8121,219029,295.6875,295.6875,21
158826,2024,11,27,8121,219029,295.6875,295.6875,24
70408,2023,11,14,8121,219029,283.575,283.575,36
78598,2023,12,19,8121,219029,274.3125,274.3125,22
34510,2023,6,13,8121,219029,295.6875,295.6875,26
139146,2024,9,4,8121,219029,295.6875,295.6875,26
170280,2025,1,15,8121,219029,295.6875,295.6875,23
93352,2024,2,20,8121,219029,193.0875,295.6875,107
31235,2023,5,30,8121,219029,295.6875,295.6875,25
106405,2024,4,17,8121,219029,295.6875,295.6875,28
150626,2024,10,23,8121,219029,295.6875,295.6875,17
126060,2024,7,10,8121,219029,181.6875,295.6875,119
5091,2023,2,7,8121,219029,295.6875,295.6875,16
73681,2023,11,28,8121,219029,295.6875,295.6875,26
81878,2024,1,2,8121,219029,295.6875,295.6875,14
148984,2024,10,16,8121,219029,295.6875,295.6875,25
49229,2023,8,15,8121,219029,281.4375,281.4375,30
14869,2023,3,21,8121,219029,284.2875,284.2875,15
140787,2024,9,11,8121,219029,295.6875,295.6875,33
129315,2024,7,24,8121,219029,295.6875,295.6875,34
164134,2024,12,18,9132,219009,163.1625,180.2625,131
77339,2023,12,12,9132,219009,194.5125,194.5125,74
141171,2024,9,11,9132,219009,171,171,56
173937,2025,1,29,9132,219009,180.975,180.975,84
123173,2024,6,26,9132,219009,194.5125,194.5125,32
18526,2023,4,4,9132,219009,218.7375,218.7375,40
26712,2023,5,9,9132,219009,143.2125,223.725,247
41440,2023,7,11,9132,219009,227.2875,227.2875,55
33253,2023,6,6,9132,219009,221.5875,221.5875,63
70791,2023,11,14,9132,219009,209.475,209.475,51
39803,2023,7,4,9132,219009,227.2875,227.2875,36
105149,2024,4,10,9132,219009,186.675,186.675,71
139528,2024,9,4,9132,219009,166.725,166.725,83
175553,2025,2,5,9132,219009,180.975,180.975,77
142807,2024,9,18,9132,219009,175.275,175.275,59
75700,2023,12,5,9132,219009,194.5125,194.5125,66
52868,2023,8,29,9132,219009,213.75,213.75,79
88822,2024,1,30,9132,219009,198.7875,198.7875,61
131335,2024,7,31,9132,219009,194.5125,194.5125,67
111695,2024,5,8,9132,219009,198.7875,198.7875,50
103507,2024,4,3,9132,219009,191.6625,191.6625,39
34892,2023,6,13,9132,219009,213.75,213.75,47
64242,2023,10,17,9132,219009,227.2875,227.2875,45
95378,2024,2,27,9132,219009,183.825,183.825,58
98657,2024,3,13,9132,219009,198.7875,198.7875,76
100289,2024,3,20,9132,219009,198.7875,198.7875,50
147725,2024,10,9,9132,219009,190.2375,190.2375,66
119889,2024,6,12,9132,219009,189.525,189.525,55
15252,2023,3,21,9132,219009,227.2875,227.2875,42
59374,2023,9,26,9132,219009,213.75,213.75,47
74063,2023,11,28,9132,219009,181.6875,209.475,65
149368,2024,10,16,9132,219009,191.6625,191.6625,55
172305,2025,1,22,9132,219009,180.975,180.975,100
21800,2023,4,18,9132,219009,205.9125,205.9125,50
85542,2024,1,16,9132,219009,193.0875,193.0875,55
31619,2023,5,30,9132,219009,220.1625,220.1625,42
60995,2023,10,3,9132,219009,125.4,213.75,275
128064,2024,7,17,9132,219009,194.5125,194.5125,65
93736,2024,2,20,9132,219009,178.8375,178.8375,45
2201,2023,1,24,9132,219009,227.2875,227.2875,44
110056,2024,5,1,9132,219009,198.7875,198.7875,61
90461,2024,2,6,9132,219009,198.7875,198.7875,39
132973,2024,8,7,9132,219009,194.5125,194.5125,55
16894,2023,3,28,9132,219009,220.875,220.875,53
144445,2024,9,25,9132,219009,169.575,169.575,84
169027,2025,1,8,9132,219009,180.2625,180.2625,101
563,2023,1,17,9132,219009,218.025,218.025,33
151010,2024,10,23,9132,219009,191.6625,191.6625,67
25075,2023,5,2,9132,219009,223.725,223.725,37
106786,2024,4,17,9132,219009,193.8,193.8,66
121530,2024,6,19,9132,219009,185.25,185.25,61
67517,2023,10,31,9132,219009,227.2875,227.2875,43
118252,2024,6,5,9132,219009,186.675,186.675,50
56119,2023,9,12,9132,219009,207.3375,207.3375,50
29982,2023,5,23,9132,219009,215.8875,215.8875,58
160850,2024,12,4,9132,219009,180.2625,180.2625,41
114975,2024,5,22,9132,219009,191.6625,191.6625,83
10375,2023,2,28,9132,219009,118.9875,222.3,485
58946,2023,9,26,8058,219029,312.7875,312.7875,34
57317,2023,9,19,8058,219029,327.0375,327.0375,35
27919,2023,5,16,8058,219029,327.0375,327.0375,23
129266,2024,7,24,8058,219029,327.0375,327.0375,37
1770,2023,1,24,8058,219029,327.0375,327.0375,22
52444,2023,8,29,8058,219029,327.0375,327.0375,18
142375,2024,9,18,8058,219029,327.0375,327.0375,27
21371,2023,4,18,8058,219029,327.0375,327.0375,31
34461,2023,6,13,8058,219029,312.7875,312.7875,32
121098,2024,6,19,8058,219029,327.0375,327.0375,31
24643,2023,5,2,8058,219029,327.0375,327.0375,33
68724,2023,11,7,8058,219029,327.0375,327.0375,22
122740,2024,6,26,8058,219029,269.325,327.0375,53
111263,2024,5,8,8058,219029,327.0375,327.0375,21
166981,2025,1,1,8058,219029,327.0375,327.0375,20
144013,2024,9,25,8058,219029,327.0375,327.0375,39
75268,2023,12,5,8058,219029,327.0375,327.0375,21
62188,2023,10,10,8058,219029,316.35,316.35,54
168596,2025,1,8,8058,219029,327.0375,327.0375,30
73632,2023,11,28,8058,219029,327.0375,327.0375,21
86751,2024,1,23,8058,219029,327.0375,327.0375,17
14820,2023,3,21,8058,219029,327.0375,327.0375,20
134181,2024,8,14,8058,219029,166.725,327.0375,406
45914,2023,8,1,8058,219029,327.0375,327.0375,34
11568,2023,3,7,8058,219029,327.0375,327.0375,28
13182,2023,3,14,8058,219029,327.0375,327.0375,28
44283,2023,7,25,8058,219029,327.0375,327.0375,38
117822,2024,6,5,8058,219029,327.0375,327.0375,30
32823,2023,6,6,8058,219029,327.0375,327.0375,19
47546,2023,8,8,8058,219029,317.0625,317.0625,27
132541,2024,8,7,8058,219029,327.0375,327.0375,25
127637,2024,7,17,8058,219029,255.7875,327.0375,33
49180,2023,8,15,8058,219029,327.0375,327.0375,38
109624,2024,5,1,8058,219029,317.0625,317.0625,25
158777,2024,11,27,8058,219029,327.0375,327.0375,29
173507,2025,1,29,8058,219029,327.0375,327.0375,29
147296,2024,10,9,8058,219029,327.0375,327.0375,32
175125,2025,2,5,8058,219029,327.0375,327.0375,29
42647,2023,7,18,8058,219029,322.05,322.05,32
130904,2024,7,31,8058,219029,327.0375,327.0375,25
96585,2024,3,6,8058,219029,320.625,320.625,32
85110,2024,1,16,8058,219029,327.0375,327.0375,37
41008,2023,7,11,8058,219029,185.9625,327.0375,141
130,2023,1,17,8058,219029,288.5625,288.5625,24
114543,2024,5,22,8058,219029,327.0375,327.0375,35
163701,2024,12,18,8058,219029,327.0375,327.0375,33
153858,2024,11,6,8058,219029,327.0375,327.0375,47
55690,2023,9,12,8058,219029,327.0375,327.0375,17
98224,2024,3,13,8058,219029,327.0375,327.0375,31
148935,2024,10,16,8058,219029,327.0375,327.0375,30
104717,2024,4,10,8058,219029,327.0375,327.0375,42
8320,2023,2,21,8058,219029,178.8375,327.0375,161
93303,2024,2,20,8058,219029,194.5125,327.0375,225
101468,2024,3,27,8058,219029,312.075,312.075,32
29555,2023,5,23,8058,219029,327.0375,327.0375,21
76907,2023,12,12,8058,219029,312.075,312.075,32
124380,2024,7,3,8058,219029,180.2625,327.0375,199
9953,2023,2,28,8058,219029,327.0375,327.0375,28
63811,2023,10,17,8058,219029,310.65,310.65,30
154775,2024,11,6,9532,219009,170.2875,170.2875,82
54978,2023,9,5,9532,219009,193.0875,193.0875,82
38648,2023,6,27,9532,219009,227.2875,227.2875,45
30470,2023,5,23,9532,219009,213.75,213.75,48
66364,2023,10,24,9532,219009,208.7625,208.7625,37
59859,2023,9,26,9532,219009,182.4,213.0375,78
118737,2024,6,5,9532,219009,198.7875,198.7875,62
131820,2024,7,31,9532,219009,198.7875,198.7875,79
99144,2024,3,13,9532,219009,179.55,179.55,80
123661,2024,6,26,9532,219009,194.5125,194.5125,72
22286,2023,4,18,9532,219009,220.1625,220.1625,50
77827,2023,12,12,9532,219009,182.4,227.2875,78
40286,2023,7,4,9532,219009,227.2875,227.2875,42
135099,2024,8,14,9532,219009,188.8125,188.8125,91
107268,2024,4,17,9532,219009,186.675,186.675,46
10857,2023,2,28,9532,219009,118.275,227.2875,367
84387,2024,1,9,9532,219009,195.225,195.225,82
140015,2024,9,4,9532,219009,190.95,190.95,87
12471,2023,3,7,9532,219009,117.5625,227.2875,169
108903,2024,4,24,9532,219009,188.8125,188.8125,63
79468,2023,12,19,9532,219009,193.0875,227.2875,52
74550,2023,11,28,9532,219009,203.0625,227.2875,75
41926,2023,7,11,9532,219009,220.875,220.875,66
7599,2023,2,14,9532,219009,116.85,227.2875,627
122018,2024,6,19,9532,219009,186.675,186.675,94
92580,2024,2,13,9532,219009,180.2625,180.2625,102
56602,2023,9,12,9532,219009,218.025,218.025,74
71279,2023,11,14,9532,219009,186.675,227.2875,61
115462,2024,5,22,9532,219009,188.8125,188.8125,90
63098,2023,10,10,9532,219009,212.325,212.325,67
28838,2023,5,16,9532,219009,215.175,215.175,40
113821,2024,5,15,9532,219009,183.825,183.825,75
19012,2023,4,4,9532,219009,219.45,219.45,42
146575,2024,10,2,9532,219009,141.075,189.525,387
33739,2023,6,6,9532,219009,214.4625,214.4625,50
126922,2024,7,10,9532,219009,195.9375,195.9375,100
48462,2023,8,8,9532,219009,227.2875,227.2875,41
161337,2024,12,4,9532,219009,180.975,180.975,76
164622,2024,12,18,9532,219009,162.45,180.975,236
171150,2025,1,15,9532,219009,195.225,195.225,76
64728,2023,10,17,9532,219009,227.2875,227.2875,51
112181,2024,5,8,9532,219009,198.7875,198.7875,87
58230,2023,9,19,9532,219009,213.0375,213.0375,65
37009,2023,6,20,9532,219009,227.2875,227.2875,60
169513,2025,1,8,9532,219009,191.6625,191.6625,80
69641,2023,11,7,9532,219009,227.2875,227.2875,66
43564,2023,7,18,9532,219009,220.875,220.875,52
89309,2024,1,30,9532,219009,198.7875,198.7875,89
32105,2023,5,30,9532,219009,205.2,205.2,59
167884,2025,1,1,9532,219009,133.95,180.975,96
20652,2023,4,11,9532,219009,215.8875,215.8875,56
125295,2024,7,3,9532,219009,195.9375,195.9375,95
149854,2024,10,16,9532,219009,187.3875,187.3875,72
102372,2024,3,27,9532,219009,194.5125,194.5125,65
162979,2024,12,11,9532,219009,161.025,180.975,345
46831,2023,8,1,9532,219009,227.2875,227.2875,46
141654,2024,9,11,9532,219009,191.6625,191.6625,77
158054,2024,11,20,9532,219009,184.5375,184.5375,54
17889,2023,3,28,9909,219029,327.0375,327.0375,52
117613,2024,5,29,9909,219029,327.0375,327.0375,29
163491,2024,12,11,9909,219029,327.0375,327.0375,65
104507,2024,4,3,9909,219029,327.0375,327.0375,31
109414,2024,4,24,9909,219029,327.0375,327.0375,43
107776,2024,4,17,9909,219029,327.0375,327.0375,44
57107,2023,9,12,9909,219029,327.0375,327.0375,22
55483,2023,9,5,9909,219029,327.0375,327.0375,40
155288,2024,11,6,9909,219029,327.0375,327.0375,47
101264,2024,3,20,9909,219029,327.0375,327.0375,7
40798,2023,7,4,9909,219029,196.65,327.0375,155
73422,2023,11,21,9909,219029,327.0375,327.0375,50
102870,2024,3,27,9909,219029,321.3375,321.3375,48
129057,2024,7,17,9909,219029,265.7625,327.0375,85
6472,2023,2,7,9909,219029,327.0375,327.0375,36
27710,2023,5,9,9909,219029,327.0375,327.0375,53
45704,2023,7,25,9909,219029,327.0375,327.0375,55
135609,2024,8,14,9909,219029,200.925,327.0375,193
26071,2023,5,2,9909,219029,327.0375,327.0375,35
81620,2023,12,26,9909,219029,327.0375,327.0375,40
44074,2023,7,18,9909,219029,319.9125,327.0375,56
112694,2024,5,8,9909,219029,327.0375,327.0375,41
83258,2024,1,2,9909,219029,327.0375,327.0375,40
11360,2023,2,28,9909,219029,312.7875,327.0375,64
8110,2023,2,14,9909,219029,188.1,327.0375,197
119248,2024,6,5,9909,219029,320.625,320.625,38
21162,2023,4,11,9909,219029,327.0375,327.0375,57
61985,2023,10,3,9909,219029,327.0375,327.0375,41
88180,2024,1,23,9909,219029,327.0375,327.0375,17
22795,2023,4,18,9909,219029,318.4875,318.4875,58
171663,2025,1,15,9909,219029,327.0375,327.0375,68
170023,2025,1,8,9909,219029,327.0375,327.0375,62
34251,2023,6,6,9909,219029,327.0375,327.0375,61
75059,2023,11,28,9909,219029,327.0375,327.0375,27
137249,2024,8,21,9909,219029,327.0375,327.0375,42
132331,2024,7,31,9909,219029,327.0375,327.0375,41
14611,2023,3,14,9909,219029,250.8,327.0375,56
93093,2024,2,13,9909,219029,327.0375,327.0375,69
30978,2023,5,23,9909,219029,314.925,314.925,39
174916,2025,1,29,9909,219029,327.0375,327.0375,46
124171,2024,6,26,9909,219029,327.0375,327.0375,30
127428,2024,7,10,9909,219029,193.0875,327.0375,204
16252,2023,3,21,9909,219029,267.1875,327.0375,51
53858,2023,8,29,9909,219029,327.0375,327.0375,24
115975,2024,5,22,9909,219029,327.0375,327.0375,44
106146,2024,4,10,9909,219029,327.0375,327.0375,63
96375,2024,2,27,9909,219029,208.05,327.0375,103
99656,2024,3,13,9909,219029,322.05,322.05,63
168389,2025,1,1,9909,219029,327.0375,327.0375,46
78340,2023,12,12,9909,219029,327.0375,327.0375,52
158567,2024,11,20,9909,219029,327.0375,327.0375,7
42740,2023,7,18,8317,219029,290.7,295.6875,103
50907,2023,8,22,8317,219029,295.6875,295.6875,64
101561,2024,3,27,8317,219029,295.6875,295.6875,35
86844,2024,1,23,8317,219029,295.6875,295.6875,43
18191,2023,4,4,8317,219029,290.7,290.7,87
60660,2023,10,3,8317,219029,295.6875,295.6875,50
223,2023,1,17,8317,219029,295.6875,295.6875,40
23097,2023,4,25,8317,219029,295.6875,295.6875,92
126104,2024,7,10,8317,219029,177.4125,295.6875,169
55781,2023,9,12,8317,219029,295.6875,295.6875,44
91756,2024,2,13,8317,219029,295.6875,295.6875,65
157233,2024,11,20,8317,219029,295.6875,295.6875,37
112997,2024,5,15,8317,219029,295.6875,295.6875,66
21463,2023,4,18,8317,219029,289.9875,289.9875,73
165436,2024,12,25,8317,219029,295.6875,295.6875,39
78641,2023,12,19,8317,219029,295.6875,295.6875,63
175218,2025,2,5,8317,219029,295.6875,295.6875,52
67178,2023,10,31,8317,219029,295.6875,295.6875,51
176837,2025,2,12,8317,219029,295.6875,295.6875,51
37822,2023,6,27,8317,219029,295.6875,295.6875,63
167073,2025,1,1,8317,219029,295.6875,295.6875,30
28010,2023,5,16,8317,219029,295.6875,295.6875,72
36186,2023,6,20,8317,219029,295.6875,295.6875,51
80281,2023,12,26,8317,219029,295.6875,295.6875,68
139190,2024,9,4,8317,219029,295.6875,295.6875,51
145749,2024,10,2,8317,219029,295.6875,295.6875,51
32915,2023,6,6,8317,219029,295.6875,295.6875,67
1862,2023,1,24,8317,219029,295.6875,295.6875,62
31279,2023,5,30,8317,219029,286.425,286.425,44
98317,2024,3,13,8317,219029,295.6875,295.6875,57
117913,2024,6,5,8317,219029,295.6875,295.6875,48
132634,2024,8,7,8317,219029,156.0375,295.6875,308
72091,2023,11,21,8317,219029,291.4125,291.4125,103
137552,2024,8,28,8317,219029,295.6875,295.6875,64
147388,2024,10,9,8317,219029,295.6875,295.6875,71
57410,2023,9,19,8317,219029,295.6875,295.6875,47
6775,2023,2,14,8317,219029,177.4125,295.6875,177
162151,2024,12,11,8317,219029,295.6875,295.6875,38
121191,2024,6,19,8317,219029,295.6875,295.6875,65
150670,2024,10,23,8317,219029,295.6875,295.6875,42
109717,2024,5,1,8317,219029,295.6875,295.6875,51
24736,2023,5,2,8317,219029,295.6875,295.6875,54
119550,2024,6,12,8317,219029,295.6875,295.6875,77
77000,2023,12,12,8317,219029,295.6875,295.6875,68
44375,2023,7,25,8317,219029,298.5375,298.5375,56
70451,2023,11,14,8317,219029,295.6875,295.6875,67
8413,2023,2,21,8317,219029,177.4125,295.6875,183
155591,2024,11,13,8317,219029,295.6875,295.6875,44
75361,2023,12,5,8317,219029,282.15,282.15,29
142467,2024,9,18,8317,219029,295.6875,295.6875,47
173600,2025,1,29,8317,219029,295.6875,295.6875,34
49273,2023,8,15,8317,219029,295.6875,295.6875,55
26373,2023,5,9,8317,219029,290.7,290.7,90
152311,2024,10,30,8317,219029,295.6875,295.6875,56
170323,2025,1,15,8317,219029,295.6875,295.6875,58
11658,2023,3,7,8317,219029,295.6875,295.6875,66
96678,2024,3,6,8317,219029,295.6875,295.6875,45
