HW 3/homework3.csv
RECORD_ID,YEAR,MONTH,DAY,STORE_ID,SKU_ID,TOTAL_PRICE,BASE_PRICE,UNITS_SOLD
66342,2023,10,24,9498,219009,211.6125,211.6125,44
48440,2023,8,8,9498,219009,227.2875,227.2875,44
100747,2024,3,20,9498,219009,188.8125,188.8125,51
118715,2024,6,5,9498,219009,195.9375,195.9375,117
84365,2024,1,9,9498,219009,194.5125,194.5125,73
72894,2023,11,21,9498,219009,176.7,209.475,412
164600,2024,12,18,9498,219009,163.1625,193.0875,236
40264,2023,7,4,9498,219009,226.575,226.575,70
38627,2023,6,27,9498,219009,223.0125,223.0125,79
107246,2024,4,17,9498,219009,198.7875,198.7875,144
14079,2023,3,14,9498,219009,211.6125,211.6125,72
95842,2024,2,27,9498,219009,192.375,192.375,98
133436,2024,8,7,9498,219009,198.7875,198.7875,42
128526,2024,7,17,9498,219009,198.7875,198.7875,135
61455,2023,10,3,9498,219009,125.4,214.4625,438
2662,2023,1,24,9498,219009,227.2875,219.45,61
103972,2024,4,3,9498,219009,194.5125,194.5125,72
30448,2023,5,23,9498,219009,190.95,227.2875,77
105612,2024,4,10,9498,219009,195.9375,195.9375,122
144911,2024,9,25,9498,219009,195.225,195.225,121
115440,2024,5,22,9498,219009,187.3875,187.3875,134
90924,2024,2,6,9498,219009,198.7875,198.7875,121
50075,2023,8,15,9498,219009,158.8875,227.2875,78
67980,2023,10,31,9498,219009,203.0625,203.0625,62
53331,2023,8,29,9498,219009,201.6375,201.6375,52
71257,2023,11,14,9498,219009,209.475,209.475,71
22264,2023,4,18,9498,219009,220.875,220.875,50
110519,2024,5,1,9498,219009,198.7875,198.7875,59
156397,2024,11,13,9498,219009,195.225,195.225,115
54957,2023,9,5,9498,219009,218.7375,218.7375,75
12450,2023,3,7,9498,219009,118.9875,211.6125,296
27176,2023,5,9,9498,219009,143.2125,227.2875,245
135077,2024,8,14,9498,219009,195.225,195.225,110
149832,2024,10,16,9498,219009,191.6625,191.6625,32
69619,2023,11,7,9498,219009,227.2875,227.2875,72
25539,2023,5,2,9498,219009,227.2875,227.2875,60
153114,2024,10,30,9498,219009,178.125,178.125,127
33717,2023,6,6,9498,219009,217.3125,217.3125,94
151476,2024,10,23,9498,219009,191.6625,191.6625,113
1028,2023,1,17,9498,219009,219.45,219.45,87
10836,2023,2,28,9498,219009,119.7,211.6125,769
102350,2024,3,27,9498,219009,198.7875,198.7875,79
136716,2024,8,21,9498,219009,192.375,192.375,105
74528,2023,11,28,9498,219009,181.6875,209.475,81
20630,2023,4,11,9498,219009,211.6125,211.6125,87
126900,2024,7,10,9498,219009,198.7875,198.7875,155
146553,2024,10,2,9498,219009,143.2125,195.225,208
32083,2023,5,30,9498,219009,220.875,220.875,56
125273,2024,7,3,9498,219009,195.9375,195.9375,99
154753,2024,11,6,9498,219009,176.7,176.7,87
18990,2023,4,4,9498,219009,220.875,220.875,53
58209,2023,9,19,9498,219009,227.2875,227.2875,82
162957,2024,12,11,9498,219009,161.025,193.0875,368
118779,2024,6,5,9672,219009,193.8,218.025,32
136780,2024,8,21,9672,219009,179.55,211.6125,40
107309,2024,4,17,9672,219009,203.0625,203.0625,43
20693,2023,4,11,9672,219009,222.3,222.3,69
35417,2023,6,13,9672,219009,222.3,222.3,71
1092,2023,1,17,9672,219009,215.8875,215.8875,28
138418,2024,8,28,9672,219009,147.4875,211.6125,77
94264,2024,2,20,9672,219009,173.85,203.0625,49
126963,2024,7,10,9672,219009,221.5875,221.5875,74
74592,2023,11,28,9672,219009,191.6625,191.6625,49
108945,2024,4,24,9672,219009,194.5125,194.5125,39
14142,2023,3,14,9672,219009,179.55,227.2875,46
171192,2025,1,15,9672,219009,222.3,222.3,82
84429,2024,1,9,9672,219009,204.4875,204.4875,57
63140,2023,10,10,9672,219009,198.075,228.7125,77
177703,2025,2,12,9672,219009,204.4875,204.4875,113
97546,2024,3,6,9672,219009,180.975,180.975,55
82790,2024,1,2,9672,219009,210.1875,210.1875,29
167926,2025,1,1,9672,219009,134.6625,205.9125,173
159739,2024,11,27,9672,219009,216.6,216.6,60
69682,2023,11,7,9672,219009,210.1875,210.1875,58
17420,2023,3,28,9672,219009,213.0375,213.0375,47
161379,2024,12,4,9672,219009,205.9125,205.9125,38
55020,2023,9,5,9672,219009,226.575,226.575,41
79510,2023,12,19,9672,219009,210.1875,210.1875,50
141696,2024,9,11,9672,219009,222.3,222.3,61
23965,2023,4,25,9672,219009,217.3125,217.3125,32
9279,2023,2,21,9672,219009,116.1375,227.2875,435
43605,2023,7,18,9672,219009,227.2875,227.2875,30
53395,2023,8,29,9672,219009,213.75,213.75,73
174454,2025,1,29,9672,219009,222.3,222.3,49
164664,2024,12,18,9672,219009,162.45,205.9125,273
151540,2024,10,23,9672,219009,215.8875,215.8875,50
71321,2023,11,14,9672,219009,198.7875,198.7875,78
156461,2024,11,13,9672,219009,221.5875,221.5875,70
28880,2023,5,16,9672,219009,213.75,213.75,57
92622,2024,2,13,9672,219009,203.0625,203.0625,90
46873,2023,8,1,9672,219009,227.2875,227.2875,21
19054,2023,4,4,9672,219009,220.1625,220.1625,44
113863,2024,5,15,9672,219009,192.375,192.375,73
89351,2024,1,30,9672,219009,205.2,205.2,63
112223,2024,5,8,9672,219009,203.0625,203.0625,88
33781,2023,6,6,9672,219009,220.1625,220.1625,47
172834,2025,1,22,9672,219009,218.7375,218.7375,94
64768,2023,10,17,9672,219009,198.075,228.7125,56
25603,2023,5,2,9672,219009,227.2875,227.2875,46
102412,2024,3,27,9672,219009,190.2375,190.2375,31
146617,2024,10,2,9672,219009,139.65,222.3,184
22328,2023,4,18,9672,219009,218.7375,218.7375,41
128590,2024,7,17,9672,219009,220.1625,220.1625,56
131862,2024,7,31,9672,219009,225.8625,225.8625,45
95906,2024,2,27,9672,219009,190.2375,190.2375,63
135140,2024,8,14,9672,219009,211.6125,211.6125,63
130229,2024,7,24,9672,219009,225.8625,225.8625,50
117143,2024,5,29,9672,219009,218.025,218.025,39
144975,2024,9,25,9672,219009,222.3,222.3,52
169555,2025,1,8,9672,219009,215.8875,215.8875,57
90988,2024,2,6,9672,219009,210.1875,210.1875,75
176075,2025,2,5,9672,219009,222.3,222.3,42
133500,2024,8,7,9672,219009,225.8625,225.8625,35
104036,2024,4,3,9672,219009,200.925,200.925,34
143441,2024,9,18,9700,219009,222.3,222.3,25
86177,2024,1,16,9700,219009,210.1875,210.1875,32
94371,2024,2,20,9700,219009,226.575,226.575,23
99292,2024,3,13,9700,219009,241.5375,241.5375,12
35523,2023,6,13,9700,219009,227.2875,227.2875,30
24072,2023,4,25,9700,219009,227.2875,227.2875,7
56746,2023,9,12,9700,219009,205.2,234.4125,12
148361,2024,10,9,9700,219009,222.3,222.3,12
38797,2023,6,27,9700,219009,227.2875,227.2875,16
128695,2024,7,17,9700,219009,225.8625,225.8625,28
4472,2023,1,31,9700,219009,227.2875,227.2875,17
133607,2024,8,7,9700,219009,225.8625,225.8625,15
141803,2024,9,11,9700,219009,222.3,222.3,17
153284,2024,10,30,9700,219009,178.125,222.3,30
63244,2023,10,10,9700,219009,210.1875,210.1875,14
79616,2023,12,19,9700,219009,210.1875,210.1875,26
107414,2024,4,17,9700,219009,241.5375,241.5375,37
168031,2025,1,1,9700,219009,135.375,222.3,72
113969,2024,5,15,9700,219009,241.5375,241.5375,20
71428,2023,11,14,9700,219009,210.1875,210.1875,22
1199,2023,1,17,9700,219009,227.2875,227.2875,23
20799,2023,4,11,9700,219009,227.2875,227.2875,21
2833,2023,1,24,9700,219009,227.2875,227.2875,11
110690,2024,5,1,9700,219009,241.5375,241.5375,16
91093,2024,2,6,9700,219009,210.1875,210.1875,16
48610,2023,8,8,9700,219009,227.2875,227.2875,2
60001,2023,9,26,9700,219009,218.025,218.025,22
105783,2024,4,10,9700,219009,241.5375,241.5375,14
15889,2023,3,21,9700,219009,204.4875,204.4875,11
172941,2025,1,22,9700,219009,192.375,222.3,23
174560,2025,1,29,9700,219009,222.3,222.3,33
14248,2023,3,14,9700,219009,209.475,209.475,27
61624,2023,10,3,9700,219009,123.2625,218.025,63
25709,2023,5,2,9700,219009,227.2875,227.2875,12
112330,2024,5,8,9700,219009,193.0875,241.5375,7
81256,2023,12,26,9700,219009,210.1875,210.1875,4
109052,2024,4,24,9700,219009,223.0125,223.0125,18
115611,2024,5,22,9700,219009,225.8625,225.8625,36
19161,2023,4,4,9700,219009,227.2875,227.2875,17
161485,2024,12,4,9700,219009,222.3,222.3,9
64875,2023,10,17,9700,219009,210.1875,210.1875,27
135245,2024,8,14,9700,219009,212.325,225.8625,34
136886,2024,8,21,9700,219009,222.3,222.3,9
76335,2023,12,5,9700,219009,210.1875,210.1875,9
117249,2024,5,29,9700,219009,225.8625,225.8625,12
17527,2023,3,28,9700,219009,189.525,189.525,9
151647,2024,10,23,9700,219009,222.3,222.3,19
30617,2023,5,23,9700,219009,185.9625,227.2875,15
97652,2024,3,6,9700,219009,241.5375,241.5375,15
42075,2023,7,11,9700,219009,227.2875,227.2875,21
118885,2024,6,5,9700,219009,225.8625,225.8625,9
32253,2023,5,30,9700,219009,212.325,212.325,21
171299,2025,1,15,9700,219009,222.3,222.3,55
12616,2023,3,7,9700,219009,120.4125,227.2875,35
102514,2024,3,27,9700,219009,241.5375,241.5375,7
150003,2024,10,16,9700,219009,222.3,222.3,27
45345,2023,7,25,9700,219009,227.2875,227.2875,7
68150,2023,10,31,9700,219009,210.1875,210.1875,5
3177,2023,1,24,9890,219009,227.2875,227.2875,47
30959,2023,5,23,9890,219009,198.7875,198.7875,56
145427,2024,9,25,9890,219009,222.3,222.3,48
58717,2023,9,19,9890,219009,232.9875,232.9875,43
19505,2023,4,4,9890,219009,215.175,215.175,54
127409,2024,7,10,9890,219009,225.8625,225.8625,36
171644,2025,1,15,9890,219009,214.4625,214.4625,82
102853,2024,3,27,9890,219009,224.4375,224.4375,40
37501,2023,6,20,9890,219009,221.5875,221.5875,57
176518,2025,2,5,9890,219009,222.3,222.3,107
53839,2023,8,29,9890,219009,223.0125,223.0125,59
104488,2024,4,3,9890,219009,210.1875,210.1875,36
94716,2024,2,20,9890,219009,208.7625,235.125,46
130676,2024,7,24,9890,219009,218.025,218.025,44
61968,2023,10,3,9890,219009,125.4,229.425,423
117594,2024,5,29,9890,219009,175.9875,241.5375,39
45685,2023,7,25,9890,219009,227.2875,227.2875,46
151990,2024,10,23,9890,219009,222.3,216.6,80
47320,2023,8,1,9890,219009,227.2875,227.2875,31
109395,2024,4,24,9890,219009,209.475,209.475,59
75040,2023,11,28,9890,219009,187.3875,209.475,94
52217,2023,8,22,9890,219009,195.225,195.225,66
73403,2023,11,21,9890,219009,169.575,209.475,376
4814,2023,1,31,9890,219009,227.2875,227.2875,53
101247,2024,3,20,9890,219009,210.1875,210.1875,14
50586,2023,8,15,9890,219009,210.1875,210.1875,77
44055,2023,7,18,9890,219009,227.2875,227.2875,49
65219,2023,10,17,9890,219009,205.9125,229.425,82
170004,2025,1,8,9890,219009,222.3,222.3,89
91435,2024,2,6,9890,219009,210.1875,210.1875,62
156912,2024,11,13,9890,219009,221.5875,221.5875,82
166754,2024,12,25,9890,219009,133.2375,213.0375,258
143785,2024,9,18,9890,219009,215.8875,215.8875,51
24416,2023,4,25,9890,219009,221.5875,221.5875,59
76679,2023,12,5,9890,219009,196.65,196.65,71
93074,2024,2,13,9890,219009,235.125,235.125,79
147068,2024,10,2,9890,219009,143.2125,222.3,197
63585,2023,10,10,9890,219009,204.4875,229.425,75
173285,2025,1,22,9890,219009,214.4625,214.4625,82
106127,2024,4,10,9890,219009,226.575,226.575,49
115956,2024,5,22,9890,219009,186.675,241.5375,98
120869,2024,6,12,9890,219009,225.8625,225.8625,47
66407,2023,10,24,9672,219029,327.0375,327.0375,31
133501,2024,8,7,9672,219029,327.0375,327.0375,52
113864,2024,5,15,9672,219029,320.625,320.625,37
153178,2024,10,30,9672,219029,327.0375,327.0375,55
118780,2024,6,5,9672,219029,327.0375,327.0375,38
28881,2023,5,16,9672,219029,327.0375,327.0375,47
120420,2024,6,12,9672,219029,327.0375,327.0375,62
95907,2024,2,27,9672,219029,200.925,327.0375,134
86071,2024,1,16,9672,219029,327.0375,327.0375,64
2727,2023,1,24,9672,219029,327.0375,327.0375,33
126964,2024,7,10,9672,219029,186.675,327.0375,183
166305,2024,12,25,9672,219029,327.0375,327.0375,26
74593,2023,11,28,9672,219029,327.0375,327.0375,37
102413,2024,3,27,9672,219029,327.0375,327.0375,49
10898,2023,2,28,9672,219029,322.05,322.05,51
37052,2023,6,20,9672,219029,327.0375,327.0375,47
76230,2023,12,5,9672,219029,327.0375,327.0375,30
59900,2023,9,26,9672,219029,327.0375,327.0375,41
105677,2024,4,10,9672,219029,319.9125,319.9125,65
169556,2025,1,8,9672,219029,327.0375,327.0375,48
55021,2023,9,5,9672,219029,304.95,304.95,21
136781,2024,8,21,9672,219029,289.275,327.0375,52
97547,2024,3,6,9672,219029,327.0375,327.0375,31
14143,2023,3,14,9672,219029,327.0375,327.0375,46
17421,2023,3,28,9672,219029,327.0375,327.0375,53
19055,2023,4,4,9672,219029,327.0375,327.0375,32
140058,2024,9,4,9672,219029,327.0375,327.0375,45
125337,2024,7,3,9672,219029,183.1125,327.0375,225
174455,2025,1,29,9672,219029,327.0375,327.0375,64
148255,2024,10,9,9672,219029,327.0375,327.0375,40
4366,2023,1,31,9672,219029,327.0375,327.0375,38
100808,2024,3,20,9672,219029,327.0375,327.0375,13
32148,2023,5,30,9672,219029,327.0375,327.0375,30
72958,2023,11,21,9672,219029,327.0375,327.0375,41
15783,2023,3,21,9672,219029,327.0375,327.0375,40
107310,2024,4,17,9672,219029,327.0375,327.0375,34
159740,2024,11,27,9672,219029,327.0375,327.0375,42
56644,2023,9,12,9672,219029,327.0375,327.0375,11
50138,2023,8,15,9672,219029,327.0375,327.0375,40
141697,2024,9,11,9672,219029,327.0375,327.0375,38
128591,2024,7,17,9672,219029,283.575,327.0375,35
58273,2023,9,19,9672,219029,327.0375,327.0375,43
163022,2024,12,11,9672,219029,327.0375,327.0375,47
1093,2023,1,17,9672,219029,327.0375,327.0375,39
172835,2025,1,22,9672,219029,327.0375,327.0375,39
51770,2023,8,22,9672,219029,327.0375,327.0375,40
110584,2024,5,1,9672,219029,327.0375,327.0375,42
144976,2024,9,25,9672,219029,327.0375,327.0375,38
40329,2023,7,4,9672,219029,191.6625,321.3375,208
158097,2024,11,20,9672,219029,327.0375,327.0375,14
146618,2024,10,2,9672,219029,318.4875,318.4875,53
82791,2024,1,2,9672,219029,327.0375,327.0375,29
7642,2023,2,14,9672,219029,185.25,320.625,161
123704,2024,6,26,9672,219029,327.0375,327.0375,37
164665,2024,12,18,9672,219029,327.0375,327.0375,27
122061,2024,6,19,9672,219029,327.0375,327.0375,47
163835,2024,12,18,8392,219029,312.7875,312.7875,12
77041,2023,12,12,8392,219029,312.7875,312.7875,12
18231,2023,4,4,8392,219029,312.7875,312.7875,18
73766,2023,11,28,8392,219029,299.25,299.25,25
19868,2023,4,11,8392,219029,312.7875,312.7875,22
60701,2023,10,3,8392,219029,312.7875,312.7875,9
54199,2023,9,5,8392,219029,312.7875,312.7875,8
150711,2024,10,23,8392,219029,312.7875,312.7875,9
142508,2024,9,18,8392,219029,312.7875,312.7875,9
8454,2023,2,21,8392,219029,177.4125,312.7875,70
68858,2023,11,7,8392,219029,312.7875,312.7875,24
109758,2024,5,1,8392,219029,312.7875,312.7875,13
126144,2024,7,10,8392,219029,180.975,312.7875,65
41142,2023,7,11,8392,219029,177.4125,312.7875,106
78682,2023,12,19,8392,219029,312.7875,312.7875,15
6816,2023,2,14,8392,219029,177.4125,312.7875,52
137593,2024,8,28,8392,219029,312.7875,312.7875,4
168730,2025,1,8,8392,219029,312.7875,312.7875,7
50948,2023,8,22,8392,219029,312.7875,312.7875,26
81963,2024,1,2,8392,219029,312.7875,312.7875,11
11699,2023,3,7,8392,219029,312.7875,312.7875,12
124512,2024,7,3,8392,219029,177.4125,312.7875,100
147429,2024,10,9,8392,219029,312.7875,312.7875,21
158910,2024,11,27,8392,219029,312.7875,312.7875,7
31320,2023,5,30,8392,219029,312.7875,312.7875,7
121232,2024,6,19,8392,219029,312.7875,312.7875,8
122874,2024,6,26,8392,219029,312.7875,312.7875,12
63944,2023,10,17,8392,219029,312.7875,312.7875,12
23138,2023,4,25,8392,219029,312.7875,312.7875,18
152352,2024,10,30,8392,219029,312.7875,312.7875,17
26414,2023,5,9,8392,219029,312.7875,312.7875,12
131036,2024,7,31,8392,219029,312.7875,312.7875,14
160554,2024,12,4,8392,219029,312.7875,312.7875,9
42781,2023,7,18,8392,219029,335.5875,335.5875,7
149069,2024,10,16,8392,219029,312.7875,312.7875,7
176878,2025,2,12,8392,219029,312.7875,312.7875,11
95079,2024,2,27,8392,219029,191.6625,312.7875,77
65582,2023,10,24,8392,219029,312.7875,312.7875,11
129400,2024,7,24,8392,219029,312.7875,312.7875,15
88524,2024,1,30,8392,219029,312.7875,312.7875,15
175259,2025,2,5,8392,219029,312.7875,312.7875,11
155632,2024,11,13,8392,219029,312.7875,312.7875,23
34595,2023,6,13,8392,219029,312.7875,312.7875,21
70492,2023,11,14,8392,219029,312.7875,312.7875,14
10085,2023,2,28,8392,219029,312.7875,312.7875,9
103210,2024,4,3,8392,219029,312.7875,312.7875,9
96719,2024,3,6,8392,219029,312.7875,312.7875,25
72132,2023,11,21,8392,219029,312.7875,312.7875,17
46046,2023,8,1,8392,219029,312.7875,312.7875,15
106489,2024,4,17,8392,219029,312.7875,312.7875,9
264,2023,1,17,8392,219029,106.875,312.7875,11
135952,2024,8,21,8392,219029,312.7875,312.7875,12
153991,2024,11,6,8392,219029,312.7875,312.7875,23
93437,2024,2,20,8392,219029,191.6625,312.7875,40
162192,2024,12,11,8392,219029,312.7875,312.7875,21
144146,2024,9,25,8392,219029,312.7875,312.7875,15
14954,2023,3,21,8392,219029,312.7875,312.7875,11
170364,2025,1,15,8392,219029,312.7875,312.7875,12
37863,2023,6,27,8392,219029,312.7875,312.7875,4
39504,2023,7,4,8392,219029,178.8375,312.7875,96
173641,2025,1,29,8392,219029,312.7875,312.7875,16
28051,2023,5,16,8392,219029,312.7875,312.7875,20
83602,2024,1,9,8392,219029,312.7875,312.7875,24
24777,2023,5,2,8392,219029,312.7875,312.7875,14
47680,2023,8,8,8392,219029,312.7875,312.7875,14
21504,2023,4,18,8392,219029,312.7875,312.7875,12
116317,2024,5,29,8392,219029,312.7875,312.7875,19
29688,2023,5,23,8392,219029,312.7875,312.7875,5
32956,2023,6,6,8392,219029,312.7875,312.7875,12
3540,2023,1,31,8392,219029,312.7875,312.7875,18
16595,2023,3,28,8392,219029,312.7875,312.7875,14
