HW 3/homework3.csv
RECORD_ID,YEAR,MONTH,DAY,STORE_ID,SKU_ID,TOTAL_PRICE,BASE_PRICE,UNITS_SOLD
132374,2024,7,31,9961,219029,327.0375,327.0375,49
156974,2024,11,13,9961,219029,327.0375,327.0375,41
44117,2023,7,18,9961,219029,317.0625,317.0625,47
166816,2024,12,25,9961,219029,327.0375,327.0375,34
143847,2024,9,18,9961,219029,327.0375,327.0375,25
168431,2025,1,1,9961,219029,327.0375,327.0375,32
47381,2023,8,1,9961,219029,327.0375,327.0375,34
50647,2023,8,15,9961,219029,327.0375,327.0375,37
109457,2024,4,24,9961,219029,327.0375,327.0375,48
102911,2024,3,27,9961,219029,327.0375,327.0375,46
93136,2024,2,13,9961,219029,327.0375,327.0375,60
34294,2023,6,6,9961,219029,327.0375,327.0375,49
66918,2023,10,24,9961,219029,327.0375,327.0375,29
119291,2024,6,5,9961,219029,327.0375,327.0375,66
176578,2025,2,5,9961,219029,327.0375,327.0375,42
111096,2024,5,1,9961,219029,327.0375,327.0375,55
45747,2023,7,25,9961,219029,327.0375,327.0375,47
24477,2023,4,25,9961,219029,327.0375,327.0375,31
29392,2023,5,16,9961,219029,327.0375,327.0375,42
138930,2024,8,28,9961,219029,327.0375,327.0375,35
42480,2023,7,11,9961,219029,178.8375,327.0375,333
63646,2023,10,10,9961,219029,319.2,319.2,61
35928,2023,6,13,9961,219029,327.0375,327.0375,39
137292,2024,8,21,9961,219029,289.9875,289.9875,49
62028,2023,10,3,9961,219029,327.0375,327.0375,30
22837,2023,4,18,9961,219029,327.0375,327.0375,49
91496,2024,2,6,9961,219029,327.0375,327.0375,51
70193,2023,11,7,9961,219029,327.0375,327.0375,37
65281,2023,10,17,9961,219029,327.0375,327.0375,42
153691,2024,10,30,9961,219029,327.0375,327.0375,37
55526,2023,9,5,9961,219029,327.0375,327.0375,33
106189,2024,4,10,9961,219029,327.0375,327.0375,40
148768,2024,10,9,9961,219029,325.6125,325.6125,45
40841,2023,7,4,9961,219029,178.125,327.0375,436
94778,2024,2,20,9961,219029,192.375,327.0375,283
71831,2023,11,14,9961,219029,319.2,319.2,65
16295,2023,3,21,9961,219029,304.2375,304.2375,41
135652,2024,8,14,9961,219029,174.5625,321.3375,614
76741,2023,12,5,9961,219029,327.0375,327.0375,26
107819,2024,4,17,9961,219029,327.0375,327.0375,37
120931,2024,6,12,9961,219029,327.0375,327.0375,90
104550,2024,4,3,9961,219029,327.0375,327.0375,51
32656,2023,5,30,9961,219029,327.0375,327.0375,50
117656,2024,5,29,9961,219029,317.775,317.775,53
101307,2024,3,20,9961,219029,327.0375,327.0375,17
86370,2024,1,16,9809,219029,327.0375,327.0375,42
155117,2024,11,6,9809,219029,327.0375,327.0375,60
97845,2024,3,6,9809,219029,327.0375,327.0375,47
40627,2023,7,4,9809,219029,183.1125,327.0375,191
43903,2023,7,18,9809,219029,321.3375,321.3375,39
24264,2023,4,25,9809,219029,327.0375,327.0375,38
178002,2025,2,12,9809,219029,327.0375,327.0375,85
37350,2023,6,20,9809,219029,327.0375,327.0375,44
63434,2023,10,10,9809,219029,327.0375,327.0375,75
30808,2023,5,23,9809,219029,327.0375,327.0375,37
29179,2023,5,16,9809,219029,327.0375,327.0375,54
3026,2023,1,24,9809,219029,327.0375,327.0375,34
173134,2025,1,22,9809,219029,327.0375,327.0375,63
68343,2023,10,31,9809,219029,327.0375,327.0375,48
168221,2025,1,1,9809,219029,327.0375,327.0375,66
176368,2025,2,5,9809,219029,327.0375,327.0375,49
81449,2023,12,26,9809,219029,327.0375,327.0375,33
65067,2023,10,17,9809,219029,319.2,319.2,64
94564,2024,2,20,9809,219029,200.925,327.0375,173
101098,2024,3,20,9809,219029,327.0375,327.0375,11
92922,2024,2,13,9809,219029,327.0375,327.0375,53
88009,2024,1,23,9809,219029,327.0375,327.0375,13
125634,2024,7,3,9809,219029,193.0875,327.0375,204
146916,2024,10,2,9809,219029,327.0375,327.0375,45
27540,2023,5,9,9809,219029,327.0375,327.0375,60
122359,2024,6,19,9809,219029,327.0375,327.0375,55
105975,2024,4,10,9809,219029,327.0375,327.0375,68
161677,2024,12,4,9809,219029,327.0375,327.0375,44
102702,2024,3,27,9809,219029,327.0375,327.0375,40
138717,2024,8,28,9809,219029,324.9,324.9,30
25901,2023,5,2,9809,219029,327.0375,327.0375,38
60191,2023,9,26,9809,219029,327.0375,327.0375,40
45536,2023,7,25,9809,219029,327.0375,327.0375,33
115804,2024,5,22,9809,219029,327.0375,327.0375,44
133800,2024,8,7,9809,219029,327.0375,327.0375,43
74888,2023,11,28,9809,219029,327.0375,327.0375,37
47170,2023,8,1,9809,219029,327.0375,327.0375,34
16082,2023,3,21,9809,219029,327.0375,327.0375,59
153477,2024,10,30,9809,219029,327.0375,327.0375,68
114162,2024,5,15,9809,219029,327.0375,327.0375,53
164962,2024,12,18,9809,219029,327.0375,327.0375,69
156761,2024,11,13,9809,219029,327.0375,327.0375,77
160039,2024,11,27,9809,219029,327.0375,327.0375,36
42267,2023,7,11,9809,219029,202.35,327.0375,220
17719,2023,3,28,9809,219029,327.0375,327.0375,49
84729,2024,1,9,9809,219029,327.0375,327.0375,55
52067,2023,8,22,9809,219029,327.0375,327.0375,40
99485,2024,3,13,9809,219029,327.0375,327.0375,57
91283,2024,2,6,9809,219029,327.0375,327.0375,43
78169,2023,12,12,9809,219029,320.625,320.625,78
69980,2023,11,7,9809,219029,327.0375,327.0375,61
141996,2024,9,11,9809,219029,325.6125,325.6125,63
34081,2023,6,6,9809,219029,327.0375,327.0375,47
135438,2024,8,14,9809,219029,197.3625,327.0375,355
83088,2024,1,2,9809,219029,327.0375,327.0375,35
130524,2024,7,24,9809,219029,327.0375,327.0375,70
4663,2023,1,31,9809,219029,327.0375,327.0375,58
66705,2023,10,24,9809,219029,327.0375,327.0375,35
14440,2023,3,14,9809,219029,327.0375,327.0375,48
6301,2023,2,7,9809,219029,327.0375,327.0375,28
124000,2024,6,26,9809,219029,327.0375,327.0375,39
163320,2024,12,11,9809,219029,327.0375,327.0375,72
55315,2023,9,5,9809,219029,327.0375,327.0375,42
119078,2024,6,5,9809,219029,327.0375,327.0375,29
79809,2023,12,19,9809,219029,327.0375,327.0375,40
148554,2024,10,9,9809,219029,327.0375,327.0375,81
150196,2024,10,16,9809,219029,327.0375,327.0375,33
132160,2024,7,31,9809,219029,327.0375,327.0375,50
137528,2024,8,28,8218,219009,155.325,194.5125,49
29623,2023,5,23,8218,219009,218.025,218.025,36
41077,2023,7,11,8218,219009,227.2875,227.2875,47
122809,2024,6,26,8218,219009,194.5125,194.5125,36
55757,2023,9,12,8218,219009,202.35,227.2875,37
111332,2024,5,8,8218,219009,198.7875,198.7875,46
52513,2023,8,29,8218,219009,217.3125,217.3125,33
170300,2025,1,15,8218,219009,180.975,180.975,18
68793,2023,11,7,8218,219009,227.2875,227.2875,29
83537,2024,1,9,8218,219009,193.8,193.8,59
167049,2025,1,1,8218,219009,135.375,183.1125,119
50883,2023,8,22,8218,219009,208.7625,208.7625,56
144082,2024,9,25,8218,219009,171,171,59
96654,2024,3,6,8218,219009,181.6875,181.6875,55
72067,2023,11,21,8218,219009,176.7,212.325,169
145725,2024,10,2,8218,219009,137.5125,171,129
57386,2023,9,19,8218,219009,215.8875,215.8875,59
135888,2024,8,21,8218,219009,164.5875,194.5125,49
117890,2024,6,5,8218,219009,198.7875,198.7875,50
21439,2023,4,18,8218,219009,218.7375,218.7375,39
176813,2025,2,12,8218,219009,174.5625,174.5625,43
116252,2024,5,29,8218,219009,175.9875,175.9875,58
155567,2024,11,13,8218,219009,189.525,189.525,52
150646,2024,10,23,8218,219009,191.6625,191.6625,43
3475,2023,1,31,8218,219009,227.2875,227.2875,34
163770,2024,12,18,8218,219009,161.025,183.1125,157
88459,2024,1,30,8218,219009,198.7875,198.7875,61
127704,2024,7,17,8218,219009,185.25,185.25,33
139166,2024,9,4,8218,219009,154.6125,194.5125,32
126080,2024,7,10,8218,219009,188.8125,188.8125,49
171942,2025,1,22,8218,219009,171.7125,171.7125,66
60636,2023,10,3,8218,219009,126.1125,215.8875,171
37798,2023,6,27,8218,219009,227.2875,227.2875,38
78617,2023,12,19,8218,219009,193.0875,193.0875,51
162127,2024,12,11,8218,219009,160.3125,183.1125,190
63879,2023,10,17,8218,219009,211.6125,211.6125,48
108055,2024,4,24,8218,219009,192.375,192.375,44
45982,2023,8,1,8218,219009,227.2875,227.2875,34
67154,2023,10,31,8218,219009,227.2875,227.2875,39
80257,2023,12,26,8218,219009,180.2625,180.2625,45
153927,2024,11,6,8218,219009,178.125,178.125,55
8389,2023,2,21,8218,219009,117.5625,227.2875,163
85178,2024,1,16,8218,219009,191.6625,191.6625,41
103145,2024,4,3,8218,219009,198.7875,198.7875,31
49249,2023,8,15,8218,219009,198.7875,227.2875,59
27986,2023,5,16,8218,219009,191.6625,227.2875,29
10022,2023,2,28,8218,219009,118.275,227.2875,269
99930,2024,3,20,8218,219009,191.6625,191.6625,19
70428,2023,11,14,8218,219009,212.325,212.325,42
90100,2024,2,6,8218,219009,198.7875,198.7875,43
98033,2024,3,6,9954,219029,295.6875,295.6875,29
4852,2023,1,31,9954,219029,295.6875,295.6875,31
170041,2025,1,8,9954,219029,264.3375,295.6875,17
39179,2023,6,27,9954,219029,295.6875,295.6875,14
94754,2024,2,20,9954,219029,190.95,295.6875,122
106165,2024,4,10,9954,219029,295.6875,295.6875,13
145465,2024,9,25,9954,219029,295.6875,295.6875,14
117632,2024,5,29,9954,219029,295.6875,295.6875,23
93112,2024,2,13,9954,219029,295.6875,295.6875,30
178190,2025,2,12,9954,219029,295.6875,295.6875,27
130713,2024,7,24,9954,219029,295.6875,295.6875,28
143823,2024,9,18,9954,219029,295.6875,295.6875,13
1579,2023,1,17,9954,219029,295.6875,295.6875,28
44093,2023,7,18,9954,219029,246.525,295.6875,34
165152,2024,12,18,9954,219029,295.6875,295.6875,25
76717,2023,12,5,9954,219029,295.6875,295.6875,25
168407,2025,1,1,9954,219029,295.6875,295.6875,28
26090,2023,5,2,9954,219029,295.6875,295.6875,28
14630,2023,3,14,9954,219029,269.325,269.325,25
111072,2024,5,1,9954,219029,295.6875,295.6875,28
68533,2023,10,31,9954,219029,295.6875,295.6875,11
89840,2024,1,30,9954,219029,295.6875,295.6875,24
47357,2023,8,1,9954,219029,295.6875,295.6875,19
173322,2025,1,22,9954,219029,295.6875,295.6875,14
81639,2023,12,26,9954,219029,295.6875,295.6875,26
57126,2023,9,12,9954,219029,295.6875,295.6875,10
160229,2024,11,27,9954,219029,295.6875,295.6875,17
45723,2023,7,25,9954,219029,295.6875,295.6875,34
37539,2023,6,20,9954,219029,295.6875,295.6875,25
8129,2023,2,14,9954,219029,177.4125,295.6875,121
152028,2024,10,23,9954,219029,295.6875,295.6875,22
142185,2024,9,11,9954,219029,295.6875,295.6875,21
58755,2023,9,19,9954,219029,295.6875,295.6875,28
19543,2023,4,4,9954,219029,295.6875,295.6875,32
21181,2023,4,11,9954,219029,295.6875,295.6875,39
122549,2024,6,19,9954,219029,295.6875,295.6875,22
24453,2023,4,25,9954,219029,295.6875,295.6875,29
125822,2024,7,3,9954,219029,177.4125,295.6875,194
107795,2024,4,17,9954,219029,295.6875,295.6875,21
148744,2024,10,9,9954,219029,295.6875,295.6875,35
102889,2024,3,27,9954,219029,295.6875,295.6875,28
96394,2024,2,27,9954,219029,191.6625,295.6875,66
129075,2024,7,17,9954,219029,295.6875,295.6875,22
63623,2023,10,10,9954,219029,266.475,266.475,29
50624,2023,8,15,9954,219029,280.0125,280.0125,30
132350,2024,7,31,9954,219029,295.6875,295.6875,30
99675,2024,3,13,9954,219029,295.6875,295.6875,20
60378,2023,9,26,9954,219029,295.6875,295.6875,37
150386,2024,10,16,9954,219029,295.6875,295.6875,28
12993,2023,3,7,9954,219029,295.6875,295.6875,36
158586,2024,11,20,9954,219029,295.6875,295.6875,19
104526,2024,4,3,9954,219029,295.6875,295.6875,18
142507,2024,9,18,8392,219009,195.225,195.225,54
55821,2023,9,12,8392,219009,227.2875,227.2875,28
114676,2024,5,22,8392,219009,198.7875,198.7875,34
73765,2023,11,28,8392,219009,175.9875,227.2875,57
80321,2023,12,26,8392,219009,198.7875,227.2875,27
153990,2024,11,6,8392,219009,178.125,178.125,24
42780,2023,7,18,8392,219009,210.9,210.9,20
134313,2024,8,14,8392,219009,176.7,198.7875,43
99993,2024,3,20,8392,219009,198.7875,198.7875,8
101601,2024,3,27,8392,219009,198.7875,198.7875,28
137592,2024,8,28,8392,219009,187.3875,187.3875,39
106488,2024,4,17,8392,219009,198.7875,198.7875,21
96718,2024,3,6,8392,219009,183.825,183.825,35
165476,2024,12,25,8392,219009,133.95,195.225,98
129399,2024,7,24,8392,219009,198.7875,198.7875,24
127767,2024,7,17,8392,219009,198.7875,198.7875,50
24776,2023,5,2,8392,219009,176.7,227.2875,43
93436,2024,2,20,8392,219009,198.7875,198.7875,28
109757,2024,5,1,8392,219009,198.7875,198.7875,13
144145,2024,9,25,8392,219009,195.225,195.225,42
167113,2025,1,1,8392,219009,134.6625,195.225,94
16594,2023,3,28,8392,219009,206.625,206.625,15
132673,2024,8,7,8392,219009,198.7875,198.7875,36
70491,2023,11,14,8392,219009,200.925,227.2875,32
81962,2024,1,2,8392,219009,191.6625,191.6625,45
49313,2023,8,15,8392,219009,227.2875,227.2875,31
119590,2024,6,12,8392,219009,198.7875,198.7875,36
85242,2024,1,16,8392,219009,193.0875,193.0875,52
18230,2023,4,4,8392,219009,209.475,209.475,19
90164,2024,2,6,8392,219009,198.7875,198.7875,41
140871,2024,9,11,8392,219009,190.95,190.95,39
67218,2023,10,31,8392,219009,227.2875,227.2875,35
60700,2023,10,3,8392,219009,123.2625,210.1875,125
88523,2024,1,30,8392,219009,198.7875,198.7875,41
135951,2024,8,21,8392,219009,195.225,195.225,40
57450,2023,9,19,8392,219009,197.3625,227.2875,33
47679,2023,8,8,8392,219009,227.2875,227.2875,26
126143,2024,7,10,8392,219009,198.7875,198.7875,49
131035,2024,7,31,8392,219009,198.7875,198.7875,40
168729,2025,1,8,8392,219009,162.45,195.225,66
147428,2024,10,9,8392,219009,145.35,195.225,69
1902,2023,1,24,8392,219009,227.2875,227.2875,21
155631,2024,11,13,8392,219009,195.225,195.225,51
77040,2023,12,12,8392,219009,190.95,227.2875,39
52575,2023,8,29,8392,219009,227.2875,227.2875,12
28050,2023,5,16,8392,219009,174.5625,227.2875,20
21503,2023,4,18,8392,219009,227.2875,227.2875,17
86884,2024,1,23,8392,219009,183.1125,183.1125,36
103209,2024,4,3,8392,219009,198.7875,198.7875,18
176877,2025,2,12,8392,219009,135.375,195.225,55
162191,2024,12,11,8392,219009,163.1625,195.225,159
23137,2023,4,25,8392,219009,201.6375,227.2875,30
50947,2023,8,22,8392,219009,193.0875,227.2875,49
116316,2024,5,29,8392,219009,198.7875,198.7875,32
34594,2023,6,13,8392,219009,227.2875,227.2875,34
62319,2023,10,10,8392,219009,217.3125,217.3125,28
78681,2023,12,19,8392,219009,198.7875,227.2875,30
122873,2024,6,26,8392,219009,198.7875,198.7875,32
158909,2024,11,27,8392,219009,176.7,176.7,31
39503,2023,7,4,8392,219009,223.0125,223.0125,25
68857,2023,11,7,8392,219009,227.2875,227.2875,20
63943,2023,10,17,8392,219009,227.2875,227.2875,31
117953,2024,6,5,8392,219009,199.5,199.5,50
19867,2023,4,11,8392,219009,151.7625,209.475,4
139145,2024,9,4,8121,219009,171,194.5125,64
119505,2024,6,12,8121,219009,195.225,195.225,71
5090,2023,2,7,8121,219009,176.7,227.2875,78
62234,2023,10,10,8121,219009,227.2875,227.2875,55
167028,2025,1,1,8121,219009,131.8125,195.225,99
67133,2023,10,31,8121,219009,227.2875,227.2875,43
60615,2023,10,3,8121,219009,126.1125,227.2875,251
76955,2023,12,12,8121,219009,192.375,215.8875,86
37777,2023,6,27,8121,219009,227.2875,227.2875,59
98272,2024,3,13,8121,219009,198.7875,198.7875,51
142423,2024,9,18,8121,219009,175.275,175.275,73
124428,2024,7,3,8121,219009,194.5125,194.5125,71
50862,2023,8,22,8121,219009,216.6,216.6,94
129314,2024,7,24,8121,219009,190.2375,190.2375,70
96633,2024,3,6,8121,219009,180.2625,180.2625,102
112952,2024,5,15,8121,219009,198.7875,198.7875,52
78597,2023,12,19,8121,219009,198.7875,198.7875,55
117869,2024,6,5,8121,219009,198.7875,198.7875,64
90079,2024,2,6,8121,219009,198.7875,198.7875,104
65496,2023,10,24,8121,219009,220.875,220.875,50
83516,2024,1,9,8121,219009,198.7875,198.7875,71
41056,2023,7,11,8121,219009,223.0125,223.0125,77
55736,2023,9,12,8121,219009,227.2875,227.2875,51
80237,2023,12,26,8121,219009,193.8,193.8,57
175173,2025,2,5,8121,219009,180.975,180.975,55
81877,2024,1,2,8121,219009,198.7875,198.7875,53
106404,2024,4,17,8121,219009,198.7875,198.7875,65
135867,2024,8,21,8121,219009,170.2875,194.5125,54
54113,2023,9,5,8121,219009,221.5875,221.5875,63
152266,2024,10,30,8121,219009,178.125,178.125,85
176792,2025,2,12,8121,219009,175.9875,175.9875,54
49228,2023,8,15,8121,219009,210.1875,210.1875,61
19782,2023,4,11,8121,219009,213.75,213.75,47
153906,2024,11,6,8121,219009,178.125,178.125,60
85158,2024,1,16,8121,219009,198.7875,198.7875,78
24691,2023,5,2,8121,219009,227.2875,227.2875,67
36141,2023,6,20,8121,219009,222.3,222.3,54
8368,2023,2,21,8121,219009,118.9875,227.2875,208
63858,2023,10,17,8121,219009,223.0125,223.0125,82
42695,2023,7,18,8121,219009,227.2875,227.2875,37
140786,2024,9,11,8121,219009,175.275,175.275,68
130952,2024,7,31,8121,219009,193.8,193.8,52
70407,2023,11,14,8121,219009,215.8875,215.8875,60
29602,2023,5,23,8121,219009,221.5875,221.5875,65
111311,2024,5,8,8121,219009,198.7875,198.7875,40
165391,2024,12,25,8121,219009,136.0875,195.225,136
94993,2024,2,27,8121,219009,195.225,195.225,88
145704,2024,10,2,8121,219009,141.7875,175.275,151
44330,2023,7,25,8121,219009,227.2875,227.2875,53
3454,2023,1,31,8121,219009,227.2875,227.2875,47
144061,2024,9,25,8121,219009,175.275,175.275,73
73680,2023,11,28,8121,219009,183.825,215.8875,61
171921,2025,1,22,8121,219009,173.85,173.85,82
