HW 3/homework3.csv
RECORD_ID,YEAR,MONTH,DAY,STORE_ID,SKU_ID,TOTAL_PRICE,BASE_PRICE,UNITS_SOLD
22097,2023,4,18,9439,219009,227.2875,227.2875,13
49911,2023,8,15,9439,219009,205.9125,205.9125,30
138187,2024,8,28,9439,219009,175.275,175.275,54
154586,2024,11,6,9439,219009,178.125,178.8375,42
125108,2024,7,3,9439,219009,194.5125,194.5125,41
121829,2024,6,19,9439,219009,194.5125,194.5125,50
4135,2023,1,31,9439,219009,227.2875,227.2875,17
141468,2024,9,11,9439,219009,175.275,175.275,50
128360,2024,7,17,9439,219009,194.5125,194.5125,55
131634,2024,7,31,9439,219009,194.5125,194.5125,29
12284,2023,3,7,9439,219009,118.275,227.2875,108
85840,2024,1,16,9439,219009,198.7875,198.7875,24
25373,2023,5,2,9439,219009,227.2875,227.2875,15
95675,2024,2,27,9439,219009,193.8,193.8,58
45008,2023,7,25,9439,219009,202.35,227.2875,14
134910,2024,8,14,9439,219009,177.4125,177.4125,53
13912,2023,3,14,9439,219009,209.475,209.475,27
59670,2023,9,26,9439,219009,227.2875,227.2875,25
157866,2024,11,20,9439,219009,190.2375,190.2375,30
143105,2024,9,18,9439,219009,175.275,175.275,46
105447,2024,4,10,9439,219009,198.7875,198.7875,25
87480,2024,1,23,9439,219009,198.7875,198.7875,37
120188,2024,6,12,9439,219009,195.225,195.225,29
67814,2023,10,31,9439,219009,227.2875,227.2875,26
66177,2023,10,24,9439,219009,205.9125,205.9125,28
79280,2023,12,19,9439,219009,198.7875,227.2875,39
23735,2023,4,25,9439,219009,227.2875,227.2875,26
72728,2023,11,21,9439,219009,170.2875,227.2875,112
46642,2023,8,1,9439,219009,227.2875,227.2875,4
107081,2024,4,17,9439,219009,198.7875,198.7875,51
62912,2023,10,10,9439,219009,198.075,227.2875,30
82560,2024,1,2,9439,219009,186.675,227.2875,21
861,2023,1,17,9439,219009,215.8875,215.8875,30
177474,2025,2,12,9439,219009,147.4875,180.975,38
36821,2023,6,20,9439,219009,227.2875,227.2875,20
10671,2023,2,28,9439,219009,117.5625,227.2875,226
69453,2023,11,7,9439,219009,227.2875,227.2875,26
58044,2023,9,19,9439,219009,227.2875,227.2875,30
100581,2024,3,20,9439,219009,198.7875,198.7875,6
35189,2023,6,13,9439,219009,227.2875,227.2875,31
41738,2023,7,11,9439,219009,227.2875,227.2875,34
80918,2023,12,26,9439,219009,198.7875,227.2875,32
89120,2024,1,30,9439,219009,198.7875,198.7875,45
2497,2023,1,24,9439,219009,227.2875,227.2875,19
144744,2024,9,25,9439,219009,175.275,175.275,65
172603,2025,1,22,9439,219009,180.975,180.975,83
33550,2023,6,6,9439,219009,227.2875,227.2875,31
115273,2024,5,22,9439,219009,190.95,190.95,39
84199,2024,1,9,9439,219009,188.1,188.1,29
15551,2023,3,21,9439,219009,227.2875,227.2875,18
94034,2024,2,20,9439,219009,180.975,180.975,30
56416,2023,9,12,9439,219009,198.7875,198.7875,24
43375,2023,7,18,9439,219009,227.2875,227.2875,26
142165,2024,9,11,9909,219009,219.45,219.45,87
84899,2024,1,9,9909,219009,210.1875,210.1875,105
96374,2024,2,27,9909,219009,225.15,225.15,81
165132,2024,12,18,9909,219009,161.7375,212.325,214
176535,2025,2,5,9909,219009,222.3,222.3,97
78339,2023,12,12,9909,219009,205.9125,205.9125,159
132330,2024,7,31,9909,219009,225.8625,225.8625,64
99655,2024,3,13,9909,219009,232.9875,232.9875,78
11359,2023,2,28,9909,219009,115.425,227.2875,451
34250,2023,6,6,9909,219009,222.3,222.3,64
147086,2024,10,2,9909,219009,141.075,210.1875,156
1559,2023,1,17,9909,219009,220.875,220.875,116
107775,2024,4,17,9909,219009,221.5875,221.5875,75
3195,2023,1,24,9909,219009,227.2875,227.2875,90
145445,2024,9,25,9909,219009,210.1875,210.1875,57
57106,2023,9,12,9909,219009,228,228,162
61984,2023,10,3,9909,219009,127.5375,228.7125,387
168388,2025,1,1,9909,219009,133.95,212.325,192
102869,2024,3,27,9909,219009,241.5375,241.5375,33
173302,2025,1,22,9909,219009,222.3,222.3,119
140527,2024,9,4,9909,219009,145.35,203.0625,117
89820,2024,1,30,9909,219009,210.1875,210.1875,79
170022,2025,1,8,9909,219009,215.8875,215.8875,102
29348,2023,5,16,9909,219009,224.4375,224.4375,118
115974,2024,5,22,9909,219009,215.175,215.175,90
109413,2024,4,24,9909,219009,225.8625,225.8625,53
153647,2024,10,30,9909,219009,179.55,222.3,110
127427,2024,7,10,9909,219009,225.8625,225.8625,85
158566,2024,11,20,9909,219009,215.8875,215.8875,28
68513,2023,10,31,9909,219009,201.6375,201.6375,71
101263,2024,3,20,9909,219009,231.5625,231.5625,8
60358,2023,9,26,9909,219009,228.7125,228.7125,61
178170,2025,2,12,9909,219009,219.45,219.45,132
26070,2023,5,2,9909,219009,227.2875,227.2875,57
125802,2024,7,3,9909,219009,225.8625,225.8625,63
52235,2023,8,22,9909,219009,193.0875,229.425,75
63603,2023,10,10,9909,219009,205.2,228.7125,121
44073,2023,7,18,9909,219009,227.2875,227.2875,85
22794,2023,4,18,9909,219009,220.875,220.875,101
119247,2024,6,5,9909,219009,217.3125,217.3125,41
86540,2024,1,16,9909,219009,206.625,206.625,160
93092,2024,2,13,9909,219009,236.55,236.55,158
133970,2024,8,7,9909,219009,225.8625,225.8625,81
71787,2023,11,14,9909,219009,196.65,196.65,137
47338,2023,8,1,9909,219009,227.2875,227.2875,50
55482,2023,9,5,9909,219009,228.7125,228.7125,72
9747,2023,2,21,9909,219009,117.5625,227.2875,255
130694,2024,7,24,9909,219009,219.45,219.45,107
106145,2024,4,10,9909,219009,198.7875,241.5375,63
117612,2024,5,29,9909,219009,220.1625,220.1625,55
73421,2023,11,21,9909,219009,173.1375,196.65,263
114332,2024,5,15,9909,219009,223.0125,223.0125,103
75058,2023,11,28,9909,219009,200.2125,200.2125,91
16251,2023,3,21,9909,219009,223.0125,227.2875,109
6471,2023,2,7,9909,219009,227.2875,227.2875,107
31426,2023,5,30,8555,219009,227.2875,227.2875,33
65688,2023,10,24,8555,219009,227.2875,227.2875,32
3646,2023,1,31,8555,219009,227.2875,227.2875,41
77147,2023,12,12,8555,219009,190.2375,227.2875,37
67325,2023,10,31,8555,219009,227.2875,227.2875,39
82068,2024,1,2,8555,219009,198.7875,198.7875,25
111502,2024,5,8,8555,219009,198.7875,198.7875,40
172112,2025,1,22,8555,219009,175.9875,175.9875,54
60805,2023,10,3,8555,219009,128.9625,227.2875,200
15060,2023,3,21,8555,219009,106.875,227.2875,69
91903,2024,2,13,8555,219009,186.675,186.675,71
16701,2023,3,28,8555,219009,207.3375,227.2875,63
49419,2023,8,15,8555,219009,208.7625,208.7625,36
127873,2024,7,17,8555,219009,198.7875,198.7875,38
88630,2024,1,30,8555,219009,198.7875,198.7875,58
145895,2024,10,2,8555,219009,142.5,195.225,145
109863,2024,5,1,8555,219009,198.7875,198.7875,50
42886,2023,7,18,8555,219009,227.2875,227.2875,13
139337,2024,9,4,8555,219009,195.225,195.225,44
47786,2023,8,8,8555,219009,227.2875,227.2875,21
122980,2024,6,26,8555,219009,198.7875,198.7875,21
134420,2024,8,14,8555,219009,195.9375,195.9375,19
62426,2023,10,10,8555,219009,227.2875,227.2875,35
101704,2024,3,27,8555,219009,198.7875,198.7875,46
52680,2023,8,29,8555,219009,227.2875,227.2875,53
10188,2023,2,28,8555,219009,126.1125,227.2875,269
86991,2024,1,23,8555,219009,198.075,198.075,77
8560,2023,2,21,8555,219009,121.8375,227.2875,204
129506,2024,7,24,8555,219009,188.8125,188.8125,29
132780,2024,8,7,8555,219009,198.7875,198.7875,13
119697,2024,6,12,8555,219009,198.7875,198.7875,23
34700,2023,6,13,8555,219009,227.2875,227.2875,33
159016,2024,11,27,8555,219009,187.3875,187.3875,35
106595,2024,4,17,8555,219009,193.0875,193.0875,53
121338,2024,6,19,8555,219009,198.7875,198.7875,25
23244,2023,4,25,8555,219009,211.6125,227.2875,50
176984,2025,2,12,8555,219009,180.975,180.975,53
95185,2024,2,27,8555,219009,198.7875,198.7875,51
73872,2023,11,28,8555,219009,198.075,227.2875,44
104957,2024,4,10,8555,219009,193.0875,193.0875,47
19973,2023,4,11,8555,219009,225.15,227.2875,56
41248,2023,7,11,8555,219009,200.2125,200.2125,39
26519,2023,5,9,8555,219009,144.6375,227.2875,137
108226,2024,4,24,8555,219009,193.8,193.8,61
100098,2024,3,20,8555,219009,198.7875,198.7875,25
24883,2023,5,2,8555,219009,213.75,227.2875,47
155738,2024,11,13,8555,219009,195.225,195.225,24
93543,2024,2,20,8555,219009,189.525,189.525,65
144252,2024,9,25,8555,219009,195.225,195.225,32
124617,2024,7,3,8555,219009,198.7875,198.7875,23
46152,2023,8,1,8555,219009,227.2875,227.2875,11
59184,2023,9,26,8555,219009,227.2875,227.2875,42
3114,2023,1,24,9879,219029,312.7875,312.7875,15
110972,2024,5,1,9879,219029,312.7875,312.7875,24
178091,2025,2,12,9879,219029,312.7875,312.7875,20
169941,2025,1,8,9879,219029,312.7875,312.7875,18
74977,2023,11,28,9879,219029,312.7875,312.7875,27
32533,2023,5,30,9879,219029,312.7875,312.7875,33
151927,2024,10,23,9879,219029,312.7875,312.7875,25
73342,2023,11,21,9879,219029,312.7875,312.7875,32
127348,2024,7,10,9879,219029,194.5125,312.7875,104
153566,2024,10,30,9879,219029,312.7875,312.7875,30
24353,2023,4,25,9879,219029,312.7875,312.7875,23
86459,2024,1,16,9879,219029,312.7875,312.7875,36
50524,2023,8,15,9879,219029,312.7875,312.7875,34
99574,2024,3,13,9879,219029,312.7875,312.7875,24
71706,2023,11,14,9879,219029,312.7875,312.7875,43
89739,2024,1,30,9879,219029,312.7875,312.7875,22
109332,2024,4,24,9879,219029,312.7875,312.7875,14
147005,2024,10,2,9879,219029,312.7875,312.7875,18
14529,2023,3,14,9879,219029,312.7875,312.7875,20
78258,2023,12,12,9879,219029,312.7875,312.7875,41
120806,2024,6,12,9879,219029,312.7875,312.7875,26
161766,2024,12,4,9879,219029,312.7875,312.7875,28
122448,2024,6,19,9879,219029,312.7875,312.7875,20
148643,2024,10,9,9879,219029,312.7875,312.7875,32
81538,2023,12,26,9879,219029,312.7875,312.7875,29
60279,2023,9,26,9879,219029,312.7875,312.7875,23
102790,2024,3,27,9879,219029,312.7875,312.7875,17
17807,2023,3,28,9879,219029,312.7875,312.7875,21
55404,2023,9,5,9879,219029,312.7875,312.7875,28
174837,2025,1,29,9879,219029,312.7875,312.7875,15
101186,2024,3,20,9879,219029,312.7875,312.7875,22
12893,2023,3,7,9879,219029,296.4,296.4,29
83176,2024,1,2,9879,219029,312.7875,312.7875,20
104425,2024,4,3,9879,219029,312.7875,312.7875,14
53777,2023,8,29,9879,219029,312.7875,312.7875,18
70069,2023,11,7,9879,219029,312.7875,312.7875,43
165051,2024,12,18,9879,219029,312.7875,312.7875,27
97933,2024,3,6,9879,219029,312.7875,312.7875,37
160128,2024,11,27,9879,219029,312.7875,312.7875,10
125721,2024,7,3,9879,219029,184.5375,312.7875,124
57026,2023,9,12,9879,219029,312.7875,312.7875,8
117531,2024,5,29,9879,219029,312.7875,312.7875,23
19442,2023,4,4,9879,219029,312.7875,312.7875,23
143722,2024,9,18,9879,219029,312.7875,312.7875,26
142085,2024,9,11,9879,219029,312.7875,312.7875,22
61905,2023,10,3,9879,219029,312.7875,312.7875,23
25989,2023,5,2,9879,219029,312.7875,312.7875,33
40716,2023,7,4,9879,219029,188.8125,312.7875,134
132249,2024,7,31,9879,219029,312.7875,312.7875,29
52154,2023,8,22,9879,219029,312.7875,312.7875,18
43992,2023,7,18,9879,219029,241.5375,312.7875,32
88098,2024,1,23,9879,219029,312.7875,312.7875,10
27628,2023,5,9,9879,219029,312.7875,312.7875,30
34169,2023,6,6,9879,219029,312.7875,312.7875,35
51619,2023,8,22,9456,219029,295.6875,295.6875,29
116992,2024,5,29,9456,219029,295.6875,295.6875,8
92472,2024,2,13,9456,219029,295.6875,295.6875,18
74441,2023,11,28,9456,219029,295.6875,295.6875,12
31996,2023,5,30,9456,219029,295.6875,295.6875,13
41818,2023,7,11,9456,219029,182.4,295.6875,75
56494,2023,9,12,9456,219029,295.6875,295.6875,2
110432,2024,5,1,9456,219029,295.6875,295.6875,24
27089,2023,5,9,9456,219029,295.6875,295.6875,23
144824,2024,9,25,9456,219029,295.6875,295.6875,13
97396,2024,3,6,9456,219029,295.6875,295.6875,10
67894,2023,10,31,9456,219029,295.6875,295.6875,20
58122,2023,9,19,9456,219029,295.6875,295.6875,18
22177,2023,4,18,9456,219029,295.6875,295.6875,24
149745,2024,10,16,9456,219029,295.6875,295.6875,15
15631,2023,3,21,9456,219029,274.3125,292.125,20
33630,2023,6,6,9456,219029,295.6875,295.6875,19
154666,2024,11,6,9456,219029,295.6875,295.6875,20
941,2023,1,17,9456,219029,295.6875,295.6875,15
17270,2023,3,28,9456,219029,295.6875,292.125,25
162870,2024,12,11,9456,219029,295.6875,295.6875,17
121909,2024,6,19,9456,219029,295.6875,295.6875,14
53245,2023,8,29,9456,219029,295.6875,295.6875,12
89200,2024,1,30,9456,219029,295.6875,295.6875,7
141548,2024,9,11,9456,219029,295.6875,295.6875,16
30361,2023,5,23,9456,219029,268.6125,268.6125,17
77718,2023,12,12,9456,219029,295.6875,295.6875,31
113713,2024,5,15,9456,219029,295.6875,295.6875,16
18903,2023,4,4,9456,219029,295.6875,292.125,18
177554,2025,2,12,9456,219029,295.6875,295.6875,11
38540,2023,6,27,9456,219029,295.6875,295.6875,16
174309,2025,1,29,9456,219029,295.6875,295.6875,9
100660,2024,3,20,9456,219029,295.6875,295.6875,12
143184,2024,9,18,9456,219029,295.6875,295.6875,14
12364,2023,3,7,9456,219029,295.6875,292.125,23
120268,2024,6,12,9456,219029,295.6875,295.6875,9
95755,2024,2,27,9456,219029,183.1125,295.6875,27
4215,2023,1,31,9456,219029,295.6875,295.6875,20
99036,2024,3,13,9456,219029,295.6875,295.6875,14
72808,2023,11,21,9456,219029,295.6875,295.6875,20
23814,2023,4,25,9456,219029,295.6875,295.6875,29
107161,2024,4,17,9456,219029,295.6875,295.6875,9
87558,2024,1,23,9456,219029,295.6875,295.6875,10
61369,2023,10,3,9456,219029,295.6875,295.6875,20
169406,2025,1,8,9456,219029,295.6875,295.6875,16
112073,2024,5,8,9456,219029,295.6875,295.6875,29
172683,2025,1,22,9456,219029,295.6875,295.6875,14
49990,2023,8,15,9456,219029,295.6875,295.6875,21
40178,2023,7,4,9456,219029,183.1125,295.6875,110
8655,2023,2,21,8911,219009,113.2875,227.2875,258
47881,2023,8,8,8911,219009,227.2875,227.2875,53
152553,2024,10,30,8911,219009,178.125,178.125,65
145990,2024,10,2,8911,219009,141.7875,175.275,134
59277,2023,9,26,8911,219009,213.0375,213.0375,65
103409,2024,4,3,8911,219009,191.6625,191.6625,36
109958,2024,5,1,8911,219009,198.7875,198.7875,58
69058,2023,11,7,8911,219009,227.2875,227.2875,31
137794,2024,8,28,8911,219009,175.275,175.275,59
56021,2023,9,12,8911,219009,227.2875,227.2875,38
31521,2023,5,30,8911,219009,227.2875,227.2875,45
24978,2023,5,2,8911,219009,227.2875,227.2875,40
91998,2024,2,13,8911,219009,190.2375,190.2375,72
64145,2023,10,17,8911,219009,227.2875,227.2875,43
126345,2024,7,10,8911,219009,194.5125,194.5125,39
100193,2024,3,20,8911,219009,190.95,190.95,23
149270,2024,10,16,8911,219009,191.6625,191.6625,48
26614,2023,5,9,8911,219009,142.5,227.2875,111
165678,2024,12,25,8911,219009,135.375,193.8,86
38064,2023,6,27,8911,219009,220.875,220.875,47
41342,2023,7,11,8911,219009,227.2875,227.2875,67
123075,2024,6,26,8911,219009,194.5125,194.5125,29
172207,2025,1,22,8911,219009,177.4125,177.4125,62
96919,2024,3,6,8911,219009,188.8125,188.8125,59
44617,2023,7,25,8911,219009,220.1625,220.1625,42
175457,2025,2,5,8911,219009,180.975,180.975,63
52772,2023,8,29,8911,219009,218.025,218.025,74
162393,2024,12,11,8911,219009,163.875,193.8,137
51146,2023,8,22,8911,219009,217.3125,217.3125,95
82163,2024,1,2,8911,219009,198.7875,227.2875,56
105052,2024,4,10,8911,219009,195.225,195.225,74
72333,2023,11,21,8911,219009,176.7,227.2875,241
75602,2023,12,5,8911,219009,185.9625,227.2875,73
177078,2025,2,12,8911,219009,180.975,180.975,44
98559,2024,3,13,8911,219009,198.7875,198.7875,33
150912,2024,10,23,8911,219009,191.6625,191.6625,63
62520,2023,10,10,8911,219009,218.7375,218.7375,37
87086,2024,1,23,8911,219009,198.7875,198.7875,70
121433,2024,6,19,8911,219009,194.5125,194.5125,50
5375,2023,2,7,8911,219009,227.2875,227.2875,52
159111,2024,11,27,8911,219009,185.25,185.25,56
18431,2023,4,4,8911,219009,225.15,225.15,56
147628,2024,10,9,8911,219009,187.3875,187.3875,65
2103,2023,1,24,8911,219009,227.2875,227.2875,28
3740,2023,1,31,8911,219009,227.2875,227.2875,56
36428,2023,6,20,8911,219009,196.65,196.65,57
131237,2024,7,31,8911,219009,194.5125,194.5125,60
77241,2023,12,12,8911,219009,198.7875,227.2875,46
83803,2024,1,9,8911,219009,190.95,190.95,74
173839,2025,1,29,8911,219009,180.975,180.975,59
136153,2024,8,21,8911,219009,168.15,194.5125,68
