HW 3/homework3.csv
RECORD_ID,YEAR,MONTH,DAY,STORE_ID,SKU_ID,TOTAL_PRICE,BASE_PRICE,UNITS_SOLD
33333,2023,6,6,9190,219009,227.2875,227.2875,133
87262,2024,1,23,9190,219009,197.3625,197.3625,171
34972,2023,6,13,9190,219009,224.4375,224.4375,118
20245,2023,4,11,9190,219009,225.15,225.15,135
21881,2023,4,18,9190,219009,218.7375,218.7375,129
139609,2024,9,4,9190,219009,189.525,189.525,123
30063,2023,5,23,9190,219009,210.1875,210.1875,137
85622,2024,1,16,9190,219009,194.5125,194.5125,129
83981,2024,1,9,9190,219009,194.5125,194.5125,140
113418,2024,5,15,9190,219009,189.525,189.525,157
103587,2024,4,3,9190,219009,196.65,196.65,148
67598,2023,10,31,9190,219009,227.2875,227.2875,100
79062,2023,12,19,9190,219009,192.375,222.3,136
57827,2023,9,19,9190,219009,223.725,223.725,157
98738,2024,3,13,9190,219009,192.375,192.375,130
167484,2025,1,1,9190,219009,133.95,193.0875,127
13694,2023,3,14,9190,219009,218.7375,218.7375,125
88902,2024,1,30,9190,219009,198.7875,198.7875,186
137971,2024,8,28,9190,219009,186.675,186.675,163
38242,2023,6,27,9190,219009,224.4375,224.4375,123
129780,2024,7,24,9190,219009,198.7875,198.7875,121
164215,2024,12,18,9190,219009,163.1625,193.0875,264
26793,2023,5,9,9190,219009,143.2125,227.2875,306
108500,2024,4,24,9190,219009,195.225,195.225,173
93816,2024,2,20,9190,219009,191.6625,191.6625,189
10456,2023,2,28,9190,219009,117.5625,223.0125,357
61074,2023,10,3,9190,219009,126.1125,219.45,429
70872,2023,11,14,9190,219009,222.3,222.3,142
151091,2024,10,23,9190,219009,191.6625,191.6625,143
159290,2024,11,27,9190,219009,189.525,189.525,171
5554,2023,2,7,9190,219009,223.0125,223.0125,79
39883,2023,7,4,9190,219009,227.2875,227.2875,127
44793,2023,7,25,9190,219009,227.2875,227.2875,114
128144,2024,7,17,9190,219009,196.65,196.65,140
157648,2024,11,20,9190,219009,193.0875,193.0875,106
97098,2024,3,6,9190,219009,194.5125,194.5125,153
174014,2025,1,29,9190,219009,195.225,195.225,134
7193,2023,2,14,9190,219009,118.275,223.0125,508
75781,2023,12,5,9190,219009,194.5125,222.3,133
146169,2024,10,2,9190,219009,140.3625,195.225,182
154370,2024,11,6,9190,219009,178.125,178.125,155
100367,2024,3,20,9190,219009,193.8,193.8,70
52948,2023,8,29,9190,219009,218.7375,218.7375,155
141251,2024,9,11,9190,219009,191.6625,191.6625,156
59454,2023,9,26,9190,219009,219.45,219.45,132
46425,2023,8,1,9190,219009,227.2875,227.2875,127
144526,2024,9,25,9190,219009,195.225,195.225,149
116695,2024,5,29,9190,219009,190.95,190.95,145
16973,2023,3,28,9190,219009,218.025,218.025,97
126523,2024,7,10,9190,219009,198.7875,198.7875,126
8831,2023,2,21,9190,219009,118.275,223.0125,372
15333,2023,3,21,9190,219009,227.2875,227.2875,113
133054,2024,8,7,9190,219009,198.7875,198.7875,93
54576,2023,9,5,9190,219009,225.15,225.15,150
36607,2023,6,20,9190,219009,224.4375,224.4375,113
95458,2024,2,27,9190,219009,192.375,192.375,178
56199,2023,9,12,9190,219009,218.025,218.025,147
79319,2023,12,19,9432,219009,198.7875,221.5875,73
148062,2024,10,9,9432,219009,189.525,189.525,81
31955,2023,5,30,9432,219009,214.4625,214.4625,55
146425,2024,10,2,9432,219009,141.7875,175.275,134
76037,2023,12,5,9432,219009,190.95,221.5875,78
118588,2024,6,5,9432,219009,198.7875,198.7875,74
138226,2024,8,28,9432,219009,175.275,175.275,91
112032,2024,5,8,9432,219009,198.7875,198.7875,74
149705,2024,10,16,9432,219009,188.8125,188.8125,95
28688,2023,5,16,9432,219009,187.3875,227.2875,54
62951,2023,10,10,9432,219009,203.0625,203.0625,65
71129,2023,11,14,9432,219009,221.5875,221.5875,65
23774,2023,4,25,9432,219009,227.2875,227.2875,45
27049,2023,5,9,9432,219009,143.2125,227.2875,243
120227,2024,6,12,9432,219009,192.375,192.375,79
77677,2023,12,12,9432,219009,198.7875,221.5875,72
100620,2024,3,20,9432,219009,184.5375,184.5375,35
43414,2023,7,18,9432,219009,227.2875,227.2875,46
108754,2024,4,24,9432,219009,198.7875,198.7875,61
103844,2024,4,3,9432,219009,190.2375,190.2375,68
134949,2024,8,14,9432,219009,173.85,194.5125,83
107120,2024,4,17,9432,219009,198.7875,198.7875,66
5809,2023,2,7,9432,219009,227.2875,227.2875,81
12323,2023,3,7,9432,219009,117.5625,227.2875,74
2536,2023,1,24,9432,219009,227.2875,227.2875,75
125146,2024,7,3,9432,219009,191.6625,191.6625,89
13951,2023,3,14,9432,219009,227.2875,227.2875,55
89159,2024,1,30,9432,219009,198.7875,198.7875,83
156269,2024,11,13,9432,219009,190.95,190.95,68
40138,2023,7,4,9432,219009,223.0125,223.0125,80
53204,2023,8,29,9432,219009,193.8,193.8,85
35227,2023,6,13,9432,219009,221.5875,221.5875,56
61328,2023,10,3,9432,219009,125.4,215.8875,293
130037,2024,7,24,9432,219009,194.5125,194.5125,69
82598,2024,1,2,9432,219009,188.1,221.5875,57
45047,2023,7,25,9432,219009,227.2875,227.2875,49
121868,2024,6,19,9432,219009,190.2375,190.2375,67
136588,2024,8,21,9432,219009,175.275,175.275,84
7450,2023,2,14,9432,219009,115.425,227.2875,498
4174,2023,1,31,9432,219009,227.2875,227.2875,75
97355,2024,3,6,9432,219009,190.95,190.95,70
115312,2024,5,22,9432,219009,189.525,189.525,99
66216,2023,10,24,9432,219009,227.2875,227.2875,36
58082,2023,9,19,9432,219009,227.2875,227.2875,50
33589,2023,6,6,9432,219009,227.2875,227.2875,57
162829,2024,12,11,9432,219009,163.1625,185.25,214
171000,2025,1,15,9432,219009,175.275,175.275,88
87519,2024,1,23,9432,219009,195.225,195.225,87
154625,2024,11,6,9432,219009,178.125,178.125,62
174268,2025,1,29,9432,219009,180.975,180.975,77
10710,2023,2,28,9432,219009,117.5625,227.2875,329
38499,2023,6,27,9432,219009,222.3,222.3,67
22136,2023,4,18,9432,219009,227.2875,227.2875,50
17229,2023,3,28,9432,219009,227.2875,227.2875,47
48313,2023,8,8,9432,219009,227.2875,227.2875,45
900,2023,1,17,9432,219009,217.3125,217.3125,67
152986,2024,10,30,9432,219009,178.125,178.125,87
17150,2023,3,28,9442,219029,313.5,313.5,35
123432,2024,6,26,9442,219029,327.0375,327.0375,25
43335,2023,7,18,9442,219029,327.0375,327.0375,27
22057,2023,4,18,9442,219029,327.0375,327.0375,17
77598,2023,12,12,9442,219029,327.0375,327.0375,26
4095,2023,1,31,9442,219029,327.0375,327.0375,38
36782,2023,6,20,9442,219029,327.0375,327.0375,30
143065,2024,9,18,9442,219029,267.9,327.0375,45
172563,2025,1,22,9442,219029,327.0375,327.0375,35
98916,2024,3,13,9442,219029,319.9125,319.9125,37
64500,2023,10,17,9442,219029,327.0375,327.0375,17
103765,2024,4,3,9442,219029,327.0375,327.0375,21
121789,2024,6,19,9442,219029,304.95,304.95,19
105407,2024,4,10,9442,219029,327.0375,327.0375,28
133231,2024,8,7,9442,219029,327.0375,327.0375,31
41699,2023,7,11,9442,219029,179.55,327.0375,100
40059,2023,7,4,9442,219029,179.55,327.0375,118
108676,2024,4,24,9442,219029,327.0375,327.0375,19
56377,2023,9,12,9442,219029,327.0375,327.0375,8
110312,2024,5,1,9442,219029,327.0375,327.0375,32
58004,2023,9,19,9442,219029,327.0375,327.0375,32
7371,2023,2,14,9442,219029,177.4125,327.0375,111
146346,2024,10,2,9442,219029,260.0625,327.0375,21
59631,2023,9,26,9442,219029,327.0375,327.0375,30
28609,2023,5,16,9442,219029,327.0375,327.0375,26
151269,2024,10,23,9442,219029,308.5125,308.5125,44
147983,2024,10,9,9442,219029,248.6625,327.0375,40
136509,2024,8,21,9442,219029,239.4,327.0375,71
120148,2024,6,12,9442,219029,327.0375,327.0375,28
26971,2023,5,9,9442,219029,327.0375,327.0375,17
66137,2023,10,24,9442,219029,299.9625,299.9625,18
149626,2024,10,16,9442,219029,255.075,327.0375,17
97276,2024,3,6,9442,219029,319.9125,319.9125,36
67774,2023,10,31,9442,219029,327.0375,327.0375,31
134870,2024,8,14,9442,219029,173.85,327.0375,242
139787,2024,9,4,9442,219029,248.6625,327.0375,40
156190,2024,11,13,9442,219029,327.0375,327.0375,21
38420,2023,6,27,9442,219029,327.0375,327.0375,33
138147,2024,8,28,9442,219029,247.2375,327.0375,78
87440,2024,1,23,9442,219029,327.0375,327.0375,4
177434,2025,2,12,9442,219029,327.0375,327.0375,34
62872,2023,10,10,9442,219029,327.0375,327.0375,37
118510,2024,6,5,9442,219029,327.0375,327.0375,14
84159,2024,1,9,9442,219029,327.0375,327.0375,36
2457,2023,1,24,9442,219029,319.2,319.2,30
82520,2024,1,2,9442,219029,327.0375,327.0375,24
9009,2023,2,21,9442,219029,174.5625,327.0375,98
54754,2023,9,5,9442,219029,327.0375,327.0375,21
10632,2023,2,28,9442,219029,188.8125,327.0375,53
167659,2025,1,1,9442,219029,327.0375,327.0375,7
100541,2024,3,20,9442,219029,327.0375,327.0375,12
25333,2023,5,2,9442,219029,327.0375,327.0375,20
131594,2024,7,31,9442,219029,327.0375,327.0375,25
13872,2023,3,14,9442,219029,327.0375,327.0375,23
31876,2023,5,30,9442,219029,327.0375,327.0375,28
90717,2024,2,6,9442,219029,327.0375,327.0375,27
5731,2023,2,7,9442,219029,327.0375,327.0375,32
164393,2024,12,18,9442,219029,327.0375,327.0375,14
49079,2023,8,15,8095,219029,319.9125,319.9125,68
166882,2025,1,1,8095,219029,327.0375,327.0375,43
73531,2023,11,28,8095,219029,289.275,289.275,72
50713,2023,8,22,8095,219029,319.9125,319.9125,63
57216,2023,9,19,8095,219029,327.0375,327.0375,66
45813,2023,8,1,8095,219029,327.0375,327.0375,71
22903,2023,4,25,8095,219029,318.4875,318.4875,57
99764,2024,3,20,8095,219029,327.0375,327.0375,19
6581,2023,2,14,8095,219029,178.125,327.0375,282
1669,2023,1,24,8095,219029,327.0375,327.0375,35
119357,2024,6,12,8095,219029,319.9125,319.9125,85
153757,2024,11,6,8095,219029,327.0375,327.0375,107
9853,2023,2,28,8095,219029,326.325,326.325,66
143913,2024,9,25,8095,219029,327.0375,327.0375,90
34360,2023,6,13,8095,219029,327.0375,327.0375,51
70258,2023,11,14,8095,219029,327.0375,327.0375,63
124279,2024,7,3,8095,219029,183.1125,327.0375,400
175024,2025,2,5,8095,219029,327.0375,327.0375,50
13082,2023,3,14,8095,219029,312.7875,312.7875,71
80089,2023,12,26,8095,219029,327.0375,327.0375,76
138996,2024,9,4,8095,219029,327.0375,327.0375,99
155397,2024,11,13,8095,219029,327.0375,327.0375,89
101368,2024,3,27,8095,219029,327.0375,327.0375,78
14719,2023,3,21,8095,219029,327.0375,327.0375,63
140637,2024,9,11,8095,219029,327.0375,327.0375,53
171772,2025,1,22,8095,219029,327.0375,327.0375,63
3305,2023,1,31,8095,219029,327.0375,327.0375,64
21271,2023,4,18,8095,219029,327.0375,327.0375,61
62091,2023,10,10,8095,219029,327.0375,327.0375,78
60467,2023,10,3,8095,219029,327.0375,327.0375,50
86650,2024,1,23,8095,219029,320.625,320.625,21
85009,2024,1,16,8095,219029,319.9125,319.9125,68
157039,2024,11,20,8095,219029,327.0375,327.0375,22
40907,2023,7,11,8095,219029,185.25,327.0375,293
68623,2023,11,7,8095,219029,327.0375,327.0375,59
130803,2024,7,31,8095,219029,327.0375,327.0375,95
96484,2024,3,6,8095,219029,317.0625,317.0625,51
165242,2024,12,25,8095,219029,327.0375,327.0375,55
120997,2024,6,19,8095,219029,326.325,326.325,81
134080,2024,8,14,8095,219029,173.85,327.0375,604
112803,2024,5,15,8095,219029,327.0375,327.0375,54
31085,2023,5,30,8095,219029,311.3625,311.3625,66
58845,2023,9,26,8095,219029,327.0375,327.0375,43
107884,2024,4,24,8095,219009,202.35,202.35,113
112802,2024,5,15,8095,219009,196.65,196.65,164
165241,2024,12,25,8095,219009,134.6625,218.7375,579
62090,2023,10,10,8095,219009,222.3,222.3,90
175023,2025,2,5,8095,219009,222.3,222.3,122
85008,2024,1,16,8095,219009,204.4875,204.4875,105
21270,2023,4,18,8095,219009,211.6125,211.6125,113
32721,2023,6,6,8095,219009,208.7625,208.7625,134
16360,2023,3,28,8095,219009,218.025,218.025,106
60466,2023,10,3,8095,219009,125.4,225.15,720
68622,2023,11,7,8095,219009,234.4125,234.4125,95
168494,2025,1,8,8095,219009,222.3,222.3,115
101367,2024,3,27,8095,219009,200.925,200.925,63
163599,2024,12,18,8095,219009,162.45,218.7375,505
111161,2024,5,8,8095,219009,193.0875,193.0875,102
98122,2024,3,13,8095,219009,202.35,202.35,61
28,2023,1,17,8095,219009,214.4625,214.4625,74
40906,2023,7,11,8095,219009,216.6,216.6,111
99763,2024,3,20,8095,219009,202.35,202.35,19
138995,2024,9,4,8095,219009,138.225,198.7875,232
44182,2023,7,25,8095,219009,220.1625,220.1625,50
13081,2023,3,14,8095,219009,205.2,205.2,103
119356,2024,6,12,8095,219009,216.6,216.6,77
81728,2024,1,2,8095,219009,208.7625,208.7625,71
22902,2023,4,25,8095,219009,207.3375,207.3375,84
35991,2023,6,20,8095,219009,208.7625,208.7625,135
88288,2024,1,30,8095,219009,213.0375,213.0375,108
148833,2024,10,16,8095,219009,222.3,215.8875,215
66983,2023,10,31,8095,219009,234.4125,234.4125,67
161956,2024,12,11,8095,219009,161.025,218.7375,630
170129,2025,1,15,8095,219009,222.3,222.3,168
78447,2023,12,19,8095,219009,203.775,203.775,113
39268,2023,7,4,8095,219009,219.45,219.45,87
160318,2024,12,4,8095,219009,218.7375,218.7375,92
42545,2023,7,18,8095,219009,221.5875,221.5875,72
63710,2023,10,17,8095,219009,229.425,229.425,70
86649,2024,1,23,8095,219009,205.9125,205.9125,101
145554,2024,10,2,8095,219009,140.3625,217.3125,524
132439,2024,8,7,8095,219009,225.8625,225.8625,122
29455,2023,5,23,8095,219009,205.9125,205.9125,127
70257,2023,11,14,8095,219009,218.025,218.025,106
17996,2023,4,4,8095,219009,210.9,210.9,102
83366,2024,1,9,8095,219009,207.3375,207.3375,118
129164,2024,7,24,8095,219009,222.3,222.3,102
57215,2023,9,19,8095,219009,207.3375,207.3375,107
71896,2023,11,21,8095,219009,173.85,218.025,463
157038,2024,11,20,8095,219009,195.225,218.025,58
143313,2024,9,18,9578,219029,327.0375,327.0375,35
72937,2023,11,21,9578,219029,327.0375,327.0375,15
5980,2023,2,7,9578,219029,327.0375,327.0375,11
20672,2023,4,11,9578,219029,316.35,316.35,46
141675,2024,9,11,9578,219029,327.0375,327.0375,23
66385,2023,10,24,9578,219029,327.0375,327.0375,14
86049,2024,1,16,9578,219029,327.0375,327.0375,17
112202,2024,5,8,9578,219029,327.0375,327.0375,25
77848,2023,12,12,9578,219029,327.0375,327.0375,35
23944,2023,4,25,9578,219029,327.0375,327.0375,16
69662,2023,11,7,9578,219029,317.0625,317.0625,25
12491,2023,3,7,9578,219029,327.0375,327.0375,18
10877,2023,2,28,9578,219029,324.9,324.9,24
171171,2025,1,15,9578,219029,327.0375,327.0375,22
97525,2024,3,6,9578,219029,314.925,314.925,16
25582,2023,5,2,9578,219029,327.0375,327.0375,27
92601,2024,2,13,9578,219029,327.0375,327.0375,28
174434,2025,1,29,9578,219029,327.0375,327.0375,14
90967,2024,2,6,9578,219029,327.0375,327.0375,20
4344,2023,1,31,9578,219029,327.0375,327.0375,17
89330,2024,1,30,9578,219029,327.0375,327.0375,13
33760,2023,6,6,9578,219029,319.9125,319.9125,31
146596,2024,10,2,9578,219029,327.0375,327.0375,17
128569,2024,7,17,9578,219029,252.225,327.0375,36
131841,2024,7,31,9578,219029,327.0375,327.0375,25
59880,2023,9,26,9578,219029,327.0375,327.0375,11
107289,2024,4,17,9578,219029,327.0375,327.0375,18
28859,2023,5,16,9578,219029,327.0375,327.0375,18
9258,2023,2,21,9578,219029,182.4,327.0375,89
14121,2023,3,14,9578,219029,327.0375,327.0375,11
95885,2024,2,27,9578,219029,191.6625,327.0375,86
130208,2024,7,24,9578,219029,327.0375,327.0375,40
32126,2023,5,30,9578,219029,327.0375,327.0375,24
87688,2024,1,23,9578,219029,306.375,306.375,7
37030,2023,6,20,9578,219029,327.0375,327.0375,28
19033,2023,4,4,9578,219029,327.0375,327.0375,20
71300,2023,11,14,9578,219029,327.0375,327.0375,34
163000,2024,12,11,9578,219029,327.0375,327.0375,26
164643,2024,12,18,9578,219029,327.0375,327.0375,23
54999,2023,9,5,9578,219029,310.65,310.65,29
140036,2024,9,4,9578,219029,327.0375,327.0375,20
166283,2024,12,25,9578,219029,327.0375,327.0375,16
94243,2024,2,20,9578,219029,196.65,327.0375,88
7620,2023,2,14,9578,219029,184.5375,327.0375,129
149875,2024,10,16,9578,219029,327.0375,327.0375,19
56623,2023,9,12,9578,219029,327.0375,327.0375,7
79489,2023,12,19,9578,219029,314.2125,314.2125,19
20740,2023,4,11,9613,219029,327.0375,327.0375,61
97593,2024,3,6,9613,219029,315.6375,315.6375,62
135187,2024,8,14,9613,219029,171,322.05,667
86117,2024,1,16,9613,219029,327.0375,327.0375,85
94311,2024,2,20,9613,219029,188.8125,327.0375,269
55066,2023,9,5,9613,219029,327.0375,327.0375,54
128636,2024,7,17,9613,219029,303.525,327.0375,63
59944,2023,9,26,9613,219029,327.0375,327.0375,55
127010,2024,7,10,9613,219029,178.125,327.0375,234
35464,2023,6,13,9613,219029,327.0375,327.0375,59
77916,2023,12,12,9613,219029,327.0375,327.0375,57
76276,2023,12,5,9613,219029,327.0375,327.0375,51
30557,2023,5,23,9613,219029,327.0375,327.0375,56
74639,2023,11,28,9613,219029,327.0375,327.0375,42
2773,2023,1,24,9613,219029,327.0375,327.0375,45
25649,2023,5,2,9613,219029,327.0375,327.0375,59
46919,2023,8,1,9613,219029,327.0375,327.0375,50
99232,2024,3,13,9613,219029,327.0375,327.0375,55
112270,2024,5,8,9613,219029,327.0375,327.0375,63
14189,2023,3,14,9613,219029,316.35,316.35,53
107356,2024,4,17,9613,219029,327.0375,327.0375,57
169601,2025,1,8,9613,219029,327.0375,327.0375,61
167971,2025,1,1,9613,219029,327.0375,327.0375,47
92669,2024,2,13,9613,219029,327.0375,327.0375,64
120466,2024,6,12,9613,219029,327.0375,327.0375,70
38737,2023,6,27,9613,219029,327.0375,327.0375,57
48550,2023,8,8,9613,219029,327.0375,327.0375,59
148301,2024,10,9,9613,219029,327.0375,327.0375,45
108992,2024,4,24,9613,219029,327.0375,327.0375,66
22374,2023,4,18,9613,219029,327.0375,327.0375,49
133547,2024,8,7,9613,219029,322.05,322.05,50
51815,2023,8,22,9613,219029,317.775,317.775,50
123749,2024,6,26,9613,219029,327.0375,327.0375,63
1139,2023,1,17,9613,219029,320.625,320.625,77
143381,2024,9,18,9613,219029,322.7625,322.7625,61
32194,2023,5,30,9613,219029,315.6375,315.6375,45
140104,2024,9,4,9613,219029,327.0375,327.0375,44
146664,2024,10,2,9613,219029,322.05,322.05,48
177750,2025,2,12,9613,219029,323.475,323.475,60
12557,2023,3,7,9613,219029,318.4875,318.4875,58
45286,2023,7,25,9613,219029,327.0375,327.0375,53
43652,2023,7,18,9613,219029,314.925,314.925,77
125383,2024,7,3,9613,219029,178.8375,327.0375,309
27287,2023,5,9,9613,219029,327.0375,327.0375,46
158143,2024,11,20,9613,219029,327.0375,327.0375,11
163068,2024,12,11,9613,219029,327.0375,327.0375,41
89398,2024,1,30,9613,219029,327.0375,327.0375,56
