HW 3/homework3.csv
RECORD_ID,YEAR,MONTH,DAY,STORE_ID,SKU_ID,TOTAL_PRICE,BASE_PRICE,UNITS_SOLD
177893,2025,2,12,9770,219029,295.6875,295.6875,18
161568,2024,12,4,9770,219029,295.6875,295.6875,15
135329,2024,8,14,9770,219029,251.5125,295.6875,15
94455,2024,2,20,9770,219029,191.6625,295.6875,84
76418,2023,12,5,9770,219029,295.6875,295.6875,7
6192,2023,2,7,9770,219029,289.275,289.275,18
51958,2023,8,22,9770,219029,295.6875,295.6875,22
9469,2023,2,21,9770,219029,184.5375,289.275,109
73147,2023,11,21,9770,219029,295.6875,295.6875,15
38881,2023,6,27,9770,219029,291.4125,291.4125,14
109136,2024,4,24,9770,219029,295.6875,295.6875,14
176261,2025,2,5,9770,219029,295.6875,295.6875,10
145166,2024,9,25,9770,219029,295.6875,295.6875,10
102596,2024,3,27,9770,219029,295.6875,295.6875,11
163211,2024,12,11,9770,219029,295.6875,295.6875,21
118969,2024,6,5,9770,219029,295.6875,295.6875,16
130417,2024,7,24,9770,219029,295.6875,295.6875,12
29071,2023,5,16,9770,219029,295.6875,295.6875,11
151730,2024,10,23,9770,219029,295.6875,295.6875,12
117333,2024,5,29,9770,219029,295.6875,295.6875,9
43794,2023,7,18,9770,219029,295.6875,295.6875,11
123892,2024,6,26,9770,219029,295.6875,295.6875,12
143525,2024,9,18,9770,219029,295.6875,295.6875,14
84620,2024,1,9,9770,219029,295.6875,295.6875,23
110774,2024,5,1,9770,219029,295.6875,295.6875,2
2917,2023,1,24,9770,219029,295.6875,295.6875,11
138608,2024,8,28,9770,219029,295.6875,295.6875,14
81340,2023,12,26,9770,219029,295.6875,295.6875,15
33972,2023,6,6,9770,219029,295.6875,295.6875,14
24156,2023,4,25,9770,219029,295.6875,295.6875,18
68234,2023,10,31,9770,219029,295.6875,295.6875,15
42158,2023,7,11,9770,219029,181.6875,291.4125,87
47061,2023,8,1,9770,219029,295.6875,295.6875,20
169745,2025,1,8,9770,219029,295.6875,295.6875,17
99376,2024,3,13,9770,219029,295.6875,295.6875,13
79700,2023,12,19,9770,219029,295.6875,295.6875,5
63327,2023,10,10,9770,219029,295.6875,295.6875,18
20882,2023,4,11,9770,219029,295.6875,295.6875,29
150087,2024,10,16,9770,219029,295.6875,295.6875,13
27431,2023,5,9,9770,219029,295.6875,295.6875,17
66596,2023,10,24,9770,219029,295.6875,295.6875,11
96097,2024,2,27,9770,219029,191.6625,295.6875,58
15973,2023,3,21,9770,219029,295.6875,295.6875,19
92813,2024,2,13,9770,219029,295.6875,295.6875,21
91177,2024,2,6,9770,219029,295.6875,295.6875,18
97736,2024,3,6,9770,219029,285,285,14
86261,2024,1,16,9770,219029,295.6875,295.6875,13
60083,2023,9,26,9770,219029,295.6875,295.6875,19
105867,2024,4,10,9770,219029,295.6875,295.6875,1
78060,2023,12,12,9770,219029,295.6875,295.6875,17
7831,2023,2,14,9770,219029,177.4125,289.275,144
58460,2023,9,19,9770,219029,295.6875,295.6875,15
74780,2023,11,28,9770,219029,295.6875,295.6875,15
148445,2024,10,9,9770,219029,295.6875,295.6875,10
155008,2024,11,6,9770,219029,295.6875,295.6875,15
30700,2023,5,23,9770,219029,295.6875,295.6875,12
120870,2024,6,12,9890,219029,327.0375,327.0375,55
109396,2024,4,24,9890,219029,327.0375,327.0375,36
147069,2024,10,2,9890,219029,327.0375,327.0375,36
91436,2024,2,6,9890,219029,327.0375,327.0375,43
156913,2024,11,13,9890,219029,327.0375,327.0375,41
1542,2023,1,17,9890,219029,315.6375,315.6375,83
66857,2023,10,24,9890,219029,327.0375,327.0375,27
75041,2023,11,28,9890,219029,311.3625,311.3625,32
19506,2023,4,4,9890,219029,327.0375,327.0375,43
174899,2025,1,29,9890,219029,327.0375,327.0375,46
55465,2023,9,5,9890,219029,327.0375,327.0375,23
50587,2023,8,15,9890,219029,327.0375,327.0375,48
52218,2023,8,22,9890,219029,312.075,312.075,33
145428,2024,9,25,9890,219029,327.0375,327.0375,33
161830,2024,12,4,9890,219029,327.0375,327.0375,37
81602,2023,12,26,9890,219029,327.0375,327.0375,36
166755,2024,12,25,9890,219029,327.0375,327.0375,48
133953,2024,8,7,9890,219029,327.0375,327.0375,46
170005,2025,1,8,9890,219029,327.0375,327.0375,42
45686,2023,7,25,9890,219029,327.0375,327.0375,22
102854,2024,3,27,9890,219029,327.0375,327.0375,30
96357,2024,2,27,9890,219029,195.9375,327.0375,156
124153,2024,6,26,9890,219029,327.0375,327.0375,26
148707,2024,10,9,9890,219029,327.0375,327.0375,46
163473,2024,12,11,9890,219029,327.0375,327.0375,51
158549,2024,11,20,9890,219029,327.0375,327.0375,12
138870,2024,8,28,9890,219029,327.0375,327.0375,41
22777,2023,4,18,9890,219029,327.0375,327.0375,58
83240,2024,1,2,9890,219029,327.0375,327.0375,24
171645,2025,1,15,9890,219029,327.0375,327.0375,33
57089,2023,9,12,9890,219029,327.0375,327.0375,17
73404,2023,11,21,9890,219029,327.0375,327.0375,61
12956,2023,3,7,9890,219029,327.0375,327.0375,45
168371,2025,1,1,9890,219029,319.9125,319.9125,31
37502,2023,6,20,9890,219029,327.0375,327.0375,24
11342,2023,2,28,9890,219029,327.0375,327.0375,44
89803,2024,1,30,9890,219029,327.0375,327.0375,28
94717,2024,2,20,9890,219029,196.65,327.0375,191
60341,2023,9,26,9890,219029,327.0375,327.0375,29
79962,2023,12,19,9890,219029,327.0375,327.0375,25
150349,2024,10,16,9890,219029,327.0375,327.0375,31
24417,2023,4,25,9890,219029,327.0375,327.0375,46
140510,2024,9,4,9890,219029,327.0375,327.0375,28
97996,2024,3,6,9890,219029,313.5,313.5,38
160192,2024,11,27,9890,219029,327.0375,327.0375,39
132313,2024,7,31,9890,219029,327.0375,327.0375,24
9730,2023,2,21,9890,219029,180.2625,327.0375,166
76680,2023,12,5,9890,219029,327.0375,327.0375,21
93075,2024,2,13,9890,219029,327.0375,327.0375,46
178153,2025,2,12,9890,219029,327.0375,327.0375,42
130677,2024,7,24,9890,219029,327.0375,327.0375,53
122512,2024,6,19,9890,219029,327.0375,327.0375,33
6454,2023,2,7,9890,219029,327.0375,327.0375,65
78322,2023,12,12,9890,219029,327.0375,327.0375,42
39142,2023,6,27,9890,219029,327.0375,327.0375,38
68496,2023,10,31,9890,219029,327.0375,327.0375,25
99638,2024,3,13,9890,219029,317.775,317.775,57
173286,2025,1,22,9890,219029,327.0375,327.0375,49
101248,2024,3,20,9890,219029,327.0375,327.0375,4
176519,2025,2,5,9890,219029,327.0375,327.0375,36
117595,2024,5,29,9890,219029,327.0375,327.0375,32
106128,2024,4,10,9890,219029,327.0375,327.0375,58
112676,2024,5,8,9890,219029,316.35,316.35,46
70133,2023,11,7,9890,219029,327.0375,327.0375,40
146740,2024,10,2,9713,219009,141.7875,222.3,206
99309,2024,3,13,9713,219009,203.775,203.775,49
159863,2024,11,27,9713,219009,190.2375,222.3,80
123825,2024,6,26,9713,219009,220.875,220.875,61
164786,2024,12,18,9713,219009,161.7375,222.3,457
86194,2024,1,16,9713,219009,206.625,206.625,88
48627,2023,8,8,9713,219009,227.2875,227.2875,31
143458,2024,9,18,9713,219009,215.8875,215.8875,45
171316,2025,1,15,9713,219009,218.025,218.025,79
81273,2023,12,26,9713,219009,202.35,202.35,80
136903,2024,8,21,9713,219009,204.4875,204.4875,58
33905,2023,6,6,9713,219009,217.3125,217.3125,68
97669,2024,3,6,9713,219009,195.9375,195.9375,93
64892,2023,10,17,9713,219009,195.225,234.4125,63
17544,2023,3,28,9713,219009,218.025,218.025,73
35540,2023,6,13,9713,219009,227.2875,227.2875,71
150020,2024,10,16,9713,219009,215.175,215.175,42
2850,2023,1,24,9713,219009,227.2875,227.2875,32
4489,2023,1,31,9713,219009,227.2875,227.2875,57
45362,2023,7,25,9713,219009,214.4625,214.4625,27
7765,2023,2,14,9713,219009,117.5625,227.2875,875
37174,2023,6,20,9713,219009,227.2875,227.2875,54
122184,2024,6,19,9713,219009,225.8625,225.8625,55
174576,2025,1,29,9713,219009,222.3,222.3,92
43729,2023,7,18,9713,219009,217.3125,217.3125,33
151664,2024,10,23,9713,219009,216.6,216.6,62
91110,2024,2,6,9713,219009,210.1875,210.1875,73
148378,2024,10,9,9713,219009,217.3125,217.3125,67
24089,2023,4,25,9713,219009,213.75,213.75,50
156585,2024,11,13,9713,219009,222.3,222.3,69
22450,2023,4,18,9713,219009,225.15,225.15,74
102531,2024,3,27,9713,219009,198.7875,198.7875,26
15906,2023,3,21,9713,219009,211.6125,211.6125,51
50261,2023,8,15,9713,219009,226.575,226.575,47
89475,2024,1,30,9713,219009,210.1875,210.1875,66
87833,2024,1,23,9713,219009,205.9125,205.9125,71
19178,2023,4,4,9713,219009,227.2875,227.2875,49
118902,2024,6,5,9713,219009,215.8875,215.8875,35
130351,2024,7,24,9713,219009,225.8625,225.8625,63
12632,2023,3,7,9713,219009,117.5625,227.2875,60
58393,2023,9,19,9713,219009,228.7125,228.7125,72
29004,2023,5,16,9713,219009,208.7625,208.7625,59
177826,2025,2,12,9713,219009,195.9375,222.3,73
77993,2023,12,12,9713,219009,201.6375,201.6375,73
112347,2024,5,8,9713,219009,206.625,206.625,80
30634,2023,5,23,9713,219009,178.125,208.7625,47
84553,2024,1,9,9713,219009,210.1875,210.1875,86
115628,2024,5,22,9713,219009,204.4875,204.4875,74
127087,2024,7,10,9713,219009,225.8625,225.8625,59
73080,2023,11,21,9713,219009,174.5625,234.4125,299
14265,2023,3,14,9713,219009,199.5,227.2875,62
55140,2023,9,5,9713,219009,219.45,219.45,47
68167,2023,10,31,9713,219009,210.1875,234.4125,56
4511,2023,1,31,9731,219029,327.0375,327.0375,38
104182,2024,4,3,9731,219029,322.05,322.05,8
110729,2024,5,1,9731,219029,327.0375,327.0375,17
42114,2023,7,11,9731,219029,180.975,327.0375,154
66551,2023,10,24,9731,219029,327.0375,327.0375,18
114008,2024,5,15,9731,219029,327.0375,327.0375,23
166450,2024,12,25,9731,219029,327.0375,327.0375,18
133646,2024,8,7,9731,219029,327.0375,327.0375,21
27386,2023,5,9,9731,219029,327.0375,327.0375,46
74736,2023,11,28,9731,219029,327.0375,327.0375,22
158242,2024,11,20,9731,219029,327.0375,327.0375,6
30655,2023,5,23,9731,219029,312.7875,312.7875,35
24111,2023,4,25,9731,219029,327.0375,327.0375,37
78015,2023,12,12,9731,219029,327.0375,327.0375,27
60039,2023,9,26,9731,219029,327.0375,327.0375,15
148400,2024,10,9,9731,219029,327.0375,327.0375,28
48649,2023,8,8,9731,219029,327.0375,327.0375,20
118924,2024,6,5,9731,219029,327.0375,327.0375,15
146762,2024,10,2,9731,219029,327.0375,327.0375,25
161524,2024,12,4,9731,219029,327.0375,327.0375,20
177848,2025,2,12,9731,219029,327.0375,327.0375,26
9424,2023,2,21,9731,219029,172.425,327.0375,115
7786,2023,2,14,9731,219029,182.4,327.0375,219
86216,2024,1,16,9731,219029,327.0375,327.0375,24
174598,2025,1,29,9731,219029,327.0375,327.0375,24
69828,2023,11,7,9731,219029,310.65,310.65,30
76374,2023,12,5,9731,219029,327.0375,327.0375,9
91132,2024,2,6,9731,219029,327.0375,327.0375,29
154963,2024,11,6,9731,219029,327.0375,327.0375,38
87855,2024,1,23,9731,219029,327.0375,327.0375,9
138564,2024,8,28,9731,219029,263.625,327.0375,23
112369,2024,5,8,9731,219029,327.0375,327.0375,21
2872,2023,1,24,9731,219029,327.0375,327.0375,20
81295,2023,12,26,9731,219029,327.0375,327.0375,33
127108,2024,7,10,9731,219029,177.4125,327.0375,136
143480,2024,9,18,9731,219029,248.6625,327.0375,31
1238,2023,1,17,9731,219029,327.0375,327.0375,31
163166,2024,12,11,9731,219029,327.0375,327.0375,30
79655,2023,12,19,9731,219029,327.0375,327.0375,37
37196,2023,6,20,9731,219029,309.9375,309.9375,29
140203,2024,9,4,9731,219029,244.3875,327.0375,42
125481,2024,7,3,9731,219029,177.4125,327.0375,171
135284,2024,8,14,9731,219029,176.7,327.0375,142
109091,2024,4,24,9731,219029,327.0375,327.0375,27
164808,2024,12,18,9731,219029,327.0375,327.0375,25
141842,2024,9,11,9731,219029,248.6625,327.0375,38
73102,2023,11,21,9731,219029,327.0375,327.0375,26
153323,2024,10,30,9731,219029,327.0375,327.0375,34
176219,2025,2,5,9731,219029,327.0375,327.0375,19
120251,2024,6,12,9436,219029,312.7875,312.7875,20
172666,2025,1,22,9436,219029,312.7875,312.7875,7
72791,2023,11,21,9436,219029,264.3375,312.7875,19
167761,2025,1,1,9436,219029,312.7875,312.7875,14
67877,2023,10,31,9436,219029,312.7875,312.7875,13
40162,2023,7,4,9436,219029,188.1,312.7875,118
59733,2023,9,26,9436,219029,312.7875,312.7875,9
20526,2023,4,11,9436,219029,312.7875,312.7875,27
174292,2025,1,29,9436,219029,312.7875,312.7875,8
123535,2024,6,26,9436,219029,312.7875,312.7875,22
46705,2023,8,1,9436,219029,312.7875,312.7875,22
49973,2023,8,15,9436,219029,312.7875,312.7875,25
99019,2024,3,13,9436,219029,312.7875,312.7875,23
9112,2023,2,21,9436,219029,177.4125,312.7875,57
125170,2024,7,3,9436,219029,181.6875,312.7875,103
102248,2024,3,27,9436,219029,312.7875,312.7875,17
108778,2024,4,24,9436,219029,312.7875,312.7875,16
48337,2023,8,8,9436,219029,312.7875,312.7875,23
54855,2023,9,5,9436,219029,312.7875,312.7875,30
45071,2023,7,25,9436,219029,312.7875,312.7875,10
166137,2024,12,25,9436,219029,312.7875,312.7875,7
134973,2024,8,14,9436,219029,312.7875,312.7875,18
112056,2024,5,8,9436,219029,312.7875,312.7875,38
90820,2024,2,6,9436,219029,305.6625,305.6625,30
89183,2024,1,30,9436,219029,299.9625,299.9625,17
13975,2023,3,14,9436,219029,312.7875,312.7875,22
175910,2025,2,5,9436,219029,312.7875,312.7875,19
53228,2023,8,29,9436,219029,312.7875,312.7875,17
79343,2023,12,19,9436,219029,312.7875,312.7875,14
58105,2023,9,19,9436,219029,312.7875,312.7875,31
162853,2024,12,11,9436,219029,312.7875,312.7875,26
153010,2024,10,30,9436,219029,312.7875,312.7875,15
56477,2023,9,12,9436,219029,312.7875,312.7875,9
43438,2023,7,18,9436,219029,312.7875,312.7875,21
164496,2024,12,18,9436,219029,312.7875,312.7875,9
69516,2023,11,7,9436,219029,312.7875,312.7875,12
23798,2023,4,25,9436,219029,312.7875,312.7875,32
33613,2023,6,6,9436,219029,312.7875,312.7875,28
113696,2024,5,15,9436,219029,312.7875,312.7875,14
121892,2024,6,19,9436,219029,312.7875,312.7875,7
27073,2023,5,9,9436,219029,312.7875,312.7875,28
144807,2024,9,25,9436,219029,312.7875,312.7875,11
177537,2025,2,12,9436,219029,312.7875,312.7875,20
51602,2023,8,22,9436,219029,312.7875,312.7875,14
130061,2024,7,24,9436,219029,312.7875,312.7875,19
100643,2024,3,20,9436,219029,312.7875,312.7875,16
38523,2023,6,27,9436,219029,312.7875,312.7875,15
105509,2024,4,10,9436,219029,312.7875,312.7875,20
133332,2024,8,7,9436,219029,174.5625,312.7875,151
169389,2025,1,8,9436,219029,312.7875,312.7875,17
94096,2024,2,20,9436,219029,197.3625,312.7875,93
82622,2024,1,2,9436,219029,312.7875,312.7875,9
128423,2024,7,17,9436,219029,312.7875,312.7875,29
126801,2024,7,10,9436,219029,179.55,312.7875,87
54259,2023,9,5,8422,219029,295.6875,295.6875,34
21563,2023,4,18,8422,219029,287.1375,287.1375,52
41202,2023,7,11,8422,219029,177.4125,295.6875,169
1963,2023,1,24,8422,219029,295.6875,295.6875,24
78742,2023,12,19,8422,219029,295.6875,295.6875,27
129460,2024,7,24,8422,219029,295.6875,295.6875,27
91857,2024,2,13,8422,219029,295.6875,295.6875,26
172066,2025,1,22,8422,219029,295.6875,295.6875,19
24837,2023,5,2,8422,219029,295.6875,295.6875,23
144206,2024,9,25,8422,219029,295.6875,295.6875,32
37923,2023,6,27,8422,219029,295.6875,295.6875,15
147488,2024,10,9,8422,219029,295.6875,295.6875,25
114737,2024,5,22,8422,219029,295.6875,295.6875,37
324,2023,1,17,8422,219029,282.8625,282.8625,34
73826,2023,11,28,8422,219029,295.6875,295.6875,33
165537,2024,12,25,8422,219029,295.6875,295.6875,37
132734,2024,8,7,8422,219029,149.625,295.6875,290
83662,2024,1,9,8422,219029,295.6875,295.6875,28
19927,2023,4,11,8422,219029,295.6875,295.6875,41
44476,2023,7,25,8422,219029,295.6875,295.6875,33
62380,2023,10,10,8422,219029,295.6875,295.6875,38
55882,2023,9,12,8422,219029,295.6875,295.6875,16
137653,2024,8,28,8422,219029,295.6875,295.6875,33
36287,2023,6,20,8422,219029,295.6875,295.6875,35
170424,2025,1,15,8422,219029,295.6875,295.6875,27
65642,2023,10,24,8422,219029,295.6875,295.6875,27
8514,2023,2,21,8422,219029,178.125,295.6875,141
103268,2024,4,3,8422,219029,295.6875,295.6875,36
88584,2024,1,30,8422,219029,295.6875,295.6875,29
49374,2023,8,15,8422,219029,295.6875,295.6875,24
93497,2024,2,20,8422,219029,193.8,295.6875,132
173700,2025,1,29,8422,219029,295.6875,295.6875,27
160613,2024,12,4,8422,219029,295.6875,295.6875,17
80382,2023,12,26,8422,219029,295.6875,295.6875,34
95139,2024,2,27,8422,219029,193.8,295.6875,83
26473,2023,5,9,8422,219029,295.6875,295.6875,48
157333,2024,11,20,8422,219029,295.6875,295.6875,14
152412,2024,10,30,8422,219029,295.6875,295.6875,18
98418,2024,3,13,8422,219029,295.6875,295.6875,41
51008,2023,8,22,8422,219029,295.6875,295.6875,43
109817,2024,5,1,8422,219029,295.6875,295.6875,23
42841,2023,7,18,8422,219029,295.6875,295.6875,38
70552,2023,11,14,8422,219029,295.6875,295.6875,21
3600,2023,1,31,8422,219029,295.6875,295.6875,30
11758,2023,3,7,8422,219029,281.4375,281.4375,30
52635,2023,8,29,8422,219029,282.8625,282.8625,35
134374,2024,8,14,8422,219029,280.0125,280.0125,26
154050,2024,11,6,8422,219029,295.6875,295.6875,27
155692,2024,11,13,8422,219029,295.6875,295.6875,30
34655,2023,6,13,8422,219029,295.6875,295.6875,33
85303,2024,1,16,8422,219029,295.6875,295.6875,40
