HW 3/homework3.csv
RECORD_ID,YEAR,MONTH,DAY,STORE_ID,SKU_ID,TOTAL_PRICE,BASE_PRICE,UNITS_SOLD
171001,2025,1,15,9432,219029,295.6875,295.6875,16
110392,2024,5,1,9432,219029,295.6875,295.6875,18
131674,2024,7,31,9432,219029,295.6875,295.6875,43
84238,2024,1,9,9432,219029,295.6875,295.6875,39
156270,2024,11,13,9432,219029,295.6875,295.6875,21
120228,2024,6,12,9432,219029,283.575,283.575,35
41778,2023,7,11,9432,219029,178.8375,295.6875,121
141508,2024,9,11,9432,219029,295.6875,295.6875,23
22137,2023,4,18,9432,219029,295.6875,295.6875,17
115313,2024,5,22,9432,219029,295.6875,295.6875,20
166114,2024,12,25,9432,219029,295.6875,295.6875,23
71130,2023,11,14,9432,219029,295.6875,295.6875,15
62952,2023,10,10,9432,219029,295.6875,295.6875,30
92433,2024,2,13,9432,219029,295.6875,295.6875,25
31956,2023,5,30,9432,219029,295.6875,295.6875,19
105486,2024,4,10,9432,219029,295.6875,295.6875,27
18863,2023,4,4,9432,219029,295.6875,295.6875,20
133309,2024,8,7,9432,219029,158.175,295.6875,225
177514,2025,2,12,9432,219029,295.6875,295.6875,18
59710,2023,9,26,9432,219029,295.6875,295.6875,19
162830,2024,12,11,9432,219029,295.6875,295.6875,20
90797,2024,2,6,9432,219029,295.6875,295.6875,19
136589,2024,8,21,9432,219029,295.6875,295.6875,19
143145,2024,9,18,9432,219029,295.6875,295.6875,33
13952,2023,3,14,9432,219029,295.6875,295.6875,30
121869,2024,6,19,9432,219029,295.6875,295.6875,27
20503,2023,4,11,9432,219029,295.6875,295.6875,23
7451,2023,2,14,9432,219029,177.4125,295.6875,87
174269,2025,1,29,9432,219029,295.6875,295.6875,15
130038,2024,7,24,9432,219029,295.6875,295.6875,25
58083,2023,9,19,9432,219029,295.6875,295.6875,25
157905,2024,11,20,9432,219029,295.6875,295.6875,12
148063,2024,10,9,9432,219029,295.6875,295.6875,39
151349,2024,10,23,9432,219029,295.6875,295.6875,30
107121,2024,4,17,9432,219029,295.6875,295.6875,24
154626,2024,11,6,9432,219029,295.6875,295.6875,21
169366,2025,1,8,9432,219029,295.6875,295.6875,22
69493,2023,11,7,9432,219029,295.6875,295.6875,30
4175,2023,1,31,9432,219029,295.6875,295.6875,21
53205,2023,8,29,9432,219029,295.6875,295.6875,36
164473,2024,12,18,9432,219029,295.6875,295.6875,25
74401,2023,11,28,9432,219029,295.6875,295.6875,27
108755,2024,4,24,9432,219029,295.6875,295.6875,20
54833,2023,9,5,9432,219029,295.6875,295.6875,29
159548,2024,11,27,9432,219029,295.6875,295.6875,20
51579,2023,8,22,9432,219029,295.6875,295.6875,19
175887,2025,2,5,9432,219029,295.6875,295.6875,26
5810,2023,2,7,9432,219029,295.6875,295.6875,21
25413,2023,5,2,9432,219029,295.6875,295.6875,18
144784,2024,9,25,9432,219029,295.6875,295.6875,20
113673,2024,5,15,9432,219029,295.6875,295.6875,18
2537,2023,1,24,9432,219029,295.6875,295.6875,14
134950,2024,8,14,9432,219029,295.6875,295.6875,27
85880,2024,1,16,9432,219029,295.6875,295.6875,21
80958,2023,12,26,9432,219029,295.6875,295.6875,19
89160,2024,1,30,9432,219029,253.65,295.6875,10
87520,2024,1,23,9432,219029,295.6875,295.6875,7
139867,2024,9,4,9432,219029,295.6875,295.6875,23
39706,2023,7,4,8911,219029,189.525,295.6875,82
3741,2023,1,31,8911,219029,295.6875,295.6875,16
150913,2024,10,23,8911,219029,295.6875,295.6875,10
23340,2023,4,25,8911,219029,295.6875,295.6875,24
67421,2023,10,31,8911,219029,295.6875,295.6875,16
77242,2023,12,12,8911,219029,295.6875,295.6875,15
87087,2024,1,23,8911,219029,295.6875,295.6875,11
124713,2024,7,3,8911,219029,189.525,295.6875,73
52773,2023,8,29,8911,219029,295.6875,295.6875,19
21704,2023,4,18,8911,219029,295.6875,295.6875,16
34796,2023,6,13,8911,219029,295.6875,295.6875,19
131238,2024,7,31,8911,219029,295.6875,295.6875,33
118155,2024,6,5,8911,219029,295.6875,295.6875,23
80524,2023,12,26,8911,219029,295.6875,295.6875,15
44618,2023,7,25,8911,219029,295.6875,295.6875,14
62521,2023,10,10,8911,219029,295.6875,295.6875,20
93639,2024,2,20,8911,219029,196.65,295.6875,69
164037,2024,12,18,8911,219029,295.6875,295.6875,18
157474,2024,11,20,8911,219029,295.6875,295.6875,10
145991,2024,10,2,8911,219029,295.6875,295.6875,15
95281,2024,2,27,8911,219029,186.675,295.6875,56
59278,2023,9,26,8911,219029,295.6875,295.6875,17
72334,2023,11,21,8911,219029,295.6875,295.6875,21
160753,2024,12,4,8911,219029,295.6875,295.6875,12
38065,2023,6,27,8911,219029,295.6875,295.6875,25
18432,2023,4,4,8911,219029,295.6875,295.6875,30
162394,2024,12,11,8911,219029,295.6875,295.6875,32
123076,2024,6,26,8911,219029,295.6875,295.6875,17
109959,2024,5,1,8911,219029,295.6875,295.6875,20
165679,2024,12,25,8911,219029,295.6875,295.6875,12
64146,2023,10,17,8911,219029,295.6875,295.6875,10
114878,2024,5,22,8911,219029,295.6875,295.6875,13
170566,2025,1,15,8911,219029,295.6875,295.6875,27
7018,2023,2,14,8911,219029,173.1375,295.6875,37
33157,2023,6,6,8911,219029,295.6875,295.6875,25
132876,2024,8,7,8911,219029,158.8875,295.6875,147
78884,2023,12,19,8911,219029,295.6875,295.6875,9
91999,2024,2,13,8911,219029,295.6875,295.6875,24
173840,2025,1,29,8911,219029,295.6875,295.6875,23
82164,2024,1,2,8911,219029,295.6875,295.6875,11
85445,2024,1,16,8911,219029,295.6875,295.6875,20
137795,2024,8,28,8911,219029,295.6875,295.6875,28
10282,2023,2,28,8911,219029,295.6875,295.6875,24
152554,2024,10,30,8911,219029,295.6875,295.6875,14
5376,2023,2,7,8911,219029,295.6875,295.6875,9
15155,2023,3,21,8911,219029,295.6875,295.6875,17
108322,2024,4,24,8911,219029,295.6875,295.6875,11
36429,2023,6,20,8911,219029,295.6875,295.6875,19
2104,2023,1,24,8911,219029,295.6875,295.6875,8
70694,2023,11,14,8911,219029,295.6875,295.6875,9
96920,2024,3,6,8911,219029,295.6875,295.6875,16
54399,2023,9,5,8911,219029,295.6875,295.6875,21
101797,2024,3,27,8911,219029,295.6875,295.6875,12
33673,2023,6,6,9481,219009,200.925,200.925,67
135033,2024,8,14,9481,219009,205.2,205.2,81
143227,2024,9,18,9481,219009,200.2125,200.2125,53
146509,2024,10,2,9481,219009,141.7875,203.0625,423
123595,2024,6,26,9481,219009,210.1875,210.1875,84
43498,2023,7,18,9481,219009,218.025,218.025,36
105569,2024,4,10,9481,219009,203.0625,203.0625,74
82682,2024,1,2,9481,219009,198.7875,198.7875,45
128482,2024,7,17,9481,219009,225.8625,225.8625,99
12407,2023,3,7,9481,219009,115.425,227.2875,94
17313,2023,3,28,9481,219009,198.075,222.3,75
97439,2024,3,6,9481,219009,193.8,193.8,67
14035,2023,3,14,9481,219009,195.225,227.2875,73
87601,2024,1,23,9481,219009,213.0375,213.0375,81
103928,2024,4,3,9481,219009,194.5125,194.5125,48
167819,2025,1,1,9481,219009,133.95,207.3375,420
59793,2023,9,26,9481,219009,228,228,52
27132,2023,5,9,9481,219009,143.925,227.2875,288
130121,2024,7,24,9481,219009,221.5875,221.5875,98
172726,2025,1,22,9481,219009,221.5875,221.5875,104
66300,2023,10,24,9481,219009,211.6125,211.6125,37
157988,2024,11,20,9481,219009,195.9375,223.725,54
45131,2023,7,25,9481,219009,212.325,212.325,21
9172,2023,2,21,9481,219009,117.5625,227.2875,665
61412,2023,10,3,9481,219009,125.4,228,379
112116,2024,5,8,9481,219009,202.35,202.35,91
85963,2024,1,16,9481,219009,205.2,205.2,78
110475,2024,5,1,9481,219009,213.0375,213.0375,117
115396,2024,5,22,9481,219009,199.5,199.5,129
56537,2023,9,12,9481,219009,213.75,213.75,87
169448,2025,1,8,9481,219009,222.3,222.3,91
36944,2023,6,20,9481,219009,217.3125,217.3125,68
139950,2024,9,4,9481,219009,136.0875,203.775,236
51662,2023,8,22,9481,219009,218.7375,218.7375,53
159631,2024,11,27,9481,219009,207.3375,207.3375,120
79402,2023,12,19,9481,219009,205.2,205.2,42
74484,2023,11,28,9481,219009,200.2125,223.725,50
100703,2024,3,20,9481,219009,190.2375,190.2375,16
131755,2024,7,31,9481,219009,225.8625,225.8625,88
41861,2023,7,11,9481,219009,214.4625,214.4625,52
95798,2024,2,27,9481,219009,188.8125,188.8125,68
2619,2023,1,24,9481,219009,227.2875,227.2875,63
38583,2023,6,27,9481,219009,221.5875,221.5875,63
30404,2023,5,23,9481,219009,175.9875,216.6,83
63034,2023,10,10,9481,219009,217.3125,217.3125,58
113756,2024,5,15,9481,219009,203.775,203.775,136
149788,2024,10,16,9481,219009,220.1625,222.3,145
162913,2024,12,11,9481,219009,162.45,207.3375,624
5893,2023,2,7,9481,219009,227.2875,227.2875,52
72851,2023,11,21,9481,219009,175.9875,223.725,301
117035,2024,5,29,9481,219009,179.55,199.5,88
126860,2024,7,10,9481,219009,215.175,215.175,63
102306,2024,3,27,9481,219009,200.2125,200.2125,48
166197,2024,12,25,9481,219009,133.2375,207.3375,509
171084,2025,1,15,9481,219009,218.7375,218.7375,102
62338,2023,10,10,8398,219009,178.125,229.425,63
55840,2023,9,12,8398,219009,183.1125,219.45,81
88542,2024,1,30,8398,219009,210.1875,210.1875,78
5194,2023,2,7,8398,219009,227.2875,227.2875,95
6834,2023,2,14,8398,219009,118.275,227.2875,1308
80340,2023,12,26,8398,219009,205.2,205.2,58
59097,2023,9,26,8398,219009,229.425,229.425,62
160572,2024,12,4,8398,219009,195.9375,195.9375,75
127786,2024,7,17,8398,219009,216.6,216.6,71
111414,2024,5,8,8398,219009,210.1875,210.1875,80
73784,2023,11,28,8398,219009,186.675,186.675,65
49332,2023,8,15,8398,219009,208.05,208.05,53
116334,2024,5,29,8398,219009,193.0875,193.0875,92
95097,2024,2,27,8398,219009,176.7,176.7,82
113056,2024,5,15,8398,219009,200.925,200.925,97
282,2023,1,17,8398,219009,221.5875,221.5875,63
31338,2023,5,30,8398,219009,185.25,213.0375,75
85261,2024,1,16,8398,219009,192.375,192.375,109
75420,2023,12,5,8398,219009,178.8375,178.8375,103
157292,2024,11,20,8398,219009,184.5375,221.5875,26
117972,2024,6,5,8398,219009,196.65,196.65,32
24795,2023,5,2,8398,219009,223.0125,223.0125,72
109776,2024,5,1,8398,219009,210.1875,210.1875,96
3558,2023,1,31,8398,219009,227.2875,227.2875,55
170382,2025,1,15,8398,219009,186.675,186.675,153
37881,2023,6,27,8398,219009,223.725,223.725,88
21521,2023,4,18,8398,219009,223.0125,214.4625,78
29706,2023,5,23,8398,219009,213.0375,213.0375,71
32974,2023,6,6,8398,219009,194.5125,194.5125,60
139249,2024,9,4,8398,219009,136.8,210.1875,178
142526,2024,9,18,8398,219009,222.3,222.3,54
147447,2024,10,9,8398,219009,222.3,222.3,32
96737,2024,3,6,8398,219009,192.375,192.375,74
16613,2023,3,28,8398,219009,205.2,205.2,77
86903,2024,1,23,8398,219009,206.625,206.625,87
100012,2024,3,20,8398,219009,197.3625,197.3625,19
122892,2024,6,26,8398,219009,225.15,225.15,57
135970,2024,8,21,8398,219009,210.1875,210.1875,71
104869,2024,4,10,8398,219009,197.3625,197.3625,50
172025,2025,1,22,8398,219009,188.8125,188.8125,162
50966,2023,8,22,8398,219009,171.7125,208.05,79
52593,2023,8,29,8398,219009,187.3875,208.05,92
8472,2023,2,21,8398,219009,114,227.2875,650
54217,2023,9,5,8398,219009,219.45,219.45,66
150729,2024,10,23,8398,219009,216.6,216.6,62
167130,2025,1,1,8398,219009,133.2375,195.9375,303
90183,2024,2,6,8398,219009,206.625,206.625,90
41160,2023,7,11,8398,219009,222.3,222.3,66
121250,2024,6,19,8398,219009,216.6,216.6,74
132692,2024,8,7,8398,219009,225.8625,225.8625,53
155650,2024,11,13,8398,219009,221.5875,221.5875,68
67237,2023,10,31,8398,219009,210.1875,210.1875,69
98376,2024,3,13,8398,219009,203.775,203.775,75
82621,2024,1,2,9436,219009,193.0875,193.0875,46
151371,2024,10,23,9436,219009,191.6625,191.6625,69
30343,2023,5,23,9436,219009,213.75,213.75,49
43437,2023,7,18,9436,219009,215.8875,215.8875,43
154648,2024,11,6,9436,219009,178.125,178.125,56
161210,2024,12,4,9436,219009,195.225,195.225,34
80980,2023,12,26,9436,219009,198.7875,198.7875,39
13974,2023,3,14,9436,219009,210.9,210.9,22
69515,2023,11,7,9436,219009,227.2875,227.2875,39
128422,2024,7,17,9436,219009,198.7875,198.7875,61
146448,2024,10,2,9436,219009,137.5125,193.0875,150
123534,2024,6,26,9436,219009,189.525,189.525,63
28711,2023,5,16,9436,219009,166.0125,227.2875,37
58104,2023,9,19,9436,219009,218.7375,218.7375,39
18885,2023,4,4,9436,219009,213.75,213.75,58
167760,2025,1,1,9436,219009,133.95,195.225,145
2558,2023,1,24,9436,219009,227.2875,227.2875,30
10733,2023,2,28,9436,219009,118.275,227.2875,374
64602,2023,10,17,9436,219009,205.2,205.2,45
33612,2023,6,6,9436,219009,215.8875,215.8875,56
15613,2023,3,21,9436,219009,212.325,212.325,48
7473,2023,2,14,9436,219009,115.425,227.2875,530
79342,2023,12,19,9436,219009,193.8,216.6,61
121891,2024,6,19,9436,219009,190.2375,190.2375,68
49972,2023,8,15,9436,219009,190.95,227.2875,35
84260,2024,1,9,9436,219009,191.6625,191.6625,58
115335,2024,5,22,9436,219009,193.8,193.8,60
103867,2024,4,3,9436,219009,198.7875,198.7875,67
35249,2023,6,13,9436,219009,220.1625,220.1625,49
169388,2025,1,8,9436,219009,195.225,195.225,60
59732,2023,9,26,9436,219009,227.2875,227.2875,37
56476,2023,9,12,9436,219009,213.75,213.75,50
89182,2024,1,30,9436,219009,198.7875,198.7875,64
54854,2023,9,5,9436,219009,205.2,205.2,29
90819,2024,2,6,9436,219009,198.7875,198.7875,67
17252,2023,3,28,9436,219009,219.45,219.45,41
87540,2024,1,23,9436,219009,198.7875,198.7875,58
149727,2024,10,16,9436,219009,191.6625,191.6625,65
107143,2024,4,17,9436,219009,198.7875,198.7875,54
25435,2023,5,2,9436,219009,227.2875,227.2875,39
62974,2023,10,10,9436,219009,203.0625,227.2875,47
99018,2024,3,13,9436,219009,194.5125,194.5125,66
148085,2024,10,9,9436,219009,194.5125,194.5125,74
36883,2023,6,20,9436,219009,227.2875,227.2875,29
9111,2023,2,21,9436,219009,117.5625,227.2875,362
31978,2023,5,30,9436,219009,219.45,219.45,41
125169,2024,7,3,9436,219009,190.95,190.95,73
139889,2024,9,4,9436,219009,185.25,185.25,65
144806,2024,9,25,9436,219009,193.0875,193.0875,76
923,2023,1,17,9436,219009,227.2875,227.2875,40
162852,2024,12,11,9436,219009,162.45,195.225,275
166136,2024,12,25,9436,219009,134.6625,195.225,145
5832,2023,2,7,9436,219009,227.2875,227.2875,25
12346,2023,3,7,9436,219009,118.9875,227.2875,132
150323,2024,10,16,9881,219009,218.025,218.025,87
24391,2023,4,25,9881,219009,217.3125,217.3125,73
47296,2023,8,1,9881,219009,227.2875,227.2875,46
178128,2025,2,12,9881,219009,210.1875,210.1875,107
19480,2023,4,4,9881,219009,221.5875,221.5875,54
137205,2024,8,21,9881,219009,204.4875,204.4875,78
11316,2023,2,28,9881,219009,115.425,227.2875,920
125759,2024,7,3,9881,219009,224.4375,224.4375,70
34207,2023,6,6,9881,219009,214.4625,214.4625,77
114289,2024,5,15,9881,219009,202.35,202.35,114
73379,2023,11,21,9881,219009,173.85,234.4125,326
153604,2024,10,30,9881,219009,178.125,218.025,136
112650,2024,5,8,9881,219009,195.9375,195.9375,77
93049,2024,2,13,9881,219009,202.35,202.35,79
117569,2024,5,29,9881,219009,210.1875,210.1875,65
120844,2024,6,12,9881,219009,220.875,220.875,66
168345,2025,1,1,9881,219009,132.525,218.7375,236
96331,2024,2,27,9881,219009,206.625,206.625,87
83214,2024,1,2,9881,219009,204.4875,204.4875,56
97970,2024,3,6,9881,219009,204.4875,204.4875,57
75015,2023,11,28,9881,219009,188.8125,188.8125,82
30934,2023,5,23,9881,219009,183.825,222.3,57
86497,2024,1,16,9881,219009,207.3375,207.3375,120
99612,2024,3,13,9881,219009,193.8,193.8,38
127386,2024,7,10,9881,219009,225.8625,225.8625,67
70107,2023,11,7,9881,219009,210.1875,234.4125,53
169979,2025,1,8,9881,219009,218.025,218.025,105
32570,2023,5,30,9881,219009,201.6375,201.6375,55
142122,2024,9,11,9881,219009,220.1625,220.1625,53
3152,2023,1,24,9881,219009,227.2875,227.2875,54
29305,2023,5,16,9881,219009,222.3,222.3,69
50561,2023,8,15,9881,219009,228.7125,228.7125,60
45660,2023,7,25,9881,219009,227.2875,227.2875,67
145402,2024,9,25,9881,219009,222.3,222.3,66
133927,2024,8,7,9881,219009,225.8625,225.8625,63
6428,2023,2,7,9881,219009,227.2875,227.2875,80
39116,2023,6,27,9881,219009,219.45,219.45,88
44030,2023,7,18,9881,219009,220.875,220.875,52
16208,2023,3,21,9881,219009,203.775,227.2875,78
165089,2024,12,18,9881,219009,163.1625,218.7375,285
76654,2023,12,5,9881,219009,203.0625,203.0625,63
81576,2023,12,26,9881,219009,210.1875,210.1875,70
58692,2023,9,19,9881,219009,230.1375,230.1375,83
130651,2024,7,24,9881,219009,223.725,223.725,83
79936,2023,12,19,9881,219009,205.9125,205.9125,74
55442,2023,9,5,9881,219009,225.15,225.15,81
173261,2025,1,22,9881,219009,218.025,218.025,75
57064,2023,9,12,9881,219009,221.5875,221.5875,82
63561,2023,10,10,9881,219009,206.625,234.4125,71
109370,2024,4,24,9881,219009,195.225,195.225,65
174873,2025,1,29,9881,219009,222.3,222.3,63
14567,2023,3,14,9881,219009,202.35,227.2875,41
61943,2023,10,3,9881,219009,126.825,234.4125,391
8066,2023,2,14,9881,219009,118.9875,227.2875,982
115931,2024,5,22,9881,219009,203.775,203.775,100
