HW 3/homework3.csv
RECORD_ID,YEAR,MONTH,DAY,STORE_ID,SKU_ID,TOTAL_PRICE,BASE_PRICE,UNITS_SOLD
27918,2023,5,16,8058,219009,214.4625,214.4625,50
98223,2024,3,13,8058,219009,195.225,195.225,40
24642,2023,5,2,8058,219009,227.2875,227.2875,38
19733,2023,4,11,8058,219009,210.9,210.9,57
111262,2024,5,8,8058,219009,196.65,196.65,48
78548,2023,12,19,8058,219009,203.775,203.775,49
86750,2024,1,23,8058,219009,200.925,200.925,69
65447,2023,10,24,8058,219009,203.775,203.775,46
71997,2023,11,21,8058,219009,176.7,198.7875,300
173506,2025,1,29,8058,219009,220.875,220.875,99
155497,2024,11,13,8058,219009,221.5875,221.5875,98
165342,2024,12,25,8058,219009,134.6625,215.175,299
158776,2024,11,27,8058,219009,199.5,199.5,90
47545,2023,8,8,8058,219009,227.2875,227.2875,19
103075,2024,4,3,8058,219009,190.95,190.95,52
73631,2023,11,28,8058,219009,185.25,185.25,60
163700,2024,12,18,8058,219009,162.45,215.175,283
39369,2023,7,4,8058,219009,227.2875,227.2875,35
75267,2023,12,5,8058,219009,169.575,169.575,49
124379,2024,7,3,8058,219009,225.8625,225.8625,32
139096,2024,9,4,8058,219009,141.075,225.8625,158
171872,2025,1,22,8058,219009,215.175,215.175,96
130903,2024,7,31,8058,219009,225.8625,225.8625,54
90030,2024,2,6,8058,219009,210.1875,210.1875,51
68723,2023,11,7,8058,219009,210.1875,210.1875,51
126012,2024,7,10,8058,219009,225.8625,225.8625,60
153857,2024,11,6,8058,219009,176.7,203.0625,84
41007,2023,7,11,8058,219009,222.3,222.3,71
96584,2024,3,6,8058,219009,198.7875,198.7875,57
8319,2023,2,21,8058,219009,114.7125,227.2875,393
107985,2024,4,24,8058,219009,194.5125,194.5125,56
99863,2024,3,20,8058,219009,181.6875,181.6875,14
144012,2024,9,25,8058,219009,222.3,222.3,70
31185,2023,5,30,8058,219009,211.6125,211.6125,68
14819,2023,3,21,8058,219009,202.35,227.2875,54
127636,2024,7,17,8058,219009,201.6375,225.8625,52
9952,2023,2,28,8058,219009,115.425,227.2875,453
162057,2024,12,11,8058,219009,160.3125,215.175,448
135818,2024,8,21,8058,219009,194.5125,225.8625,45
18097,2023,4,4,8058,219009,195.225,195.225,62
116183,2024,5,29,8058,219009,194.5125,194.5125,51
6681,2023,2,14,8058,219009,115.425,227.2875,784
150576,2024,10,23,8058,219009,222.3,203.0625,86
21370,2023,4,18,8058,219009,227.2875,227.2875,42
85109,2024,1,16,8058,219009,204.4875,204.4875,59
112903,2024,5,15,8058,219009,177.4125,177.4125,76
170230,2025,1,15,8058,219009,222.3,222.3,79
44282,2023,7,25,8058,219009,189.525,227.2875,17
121097,2024,6,19,8058,219009,225.8625,225.8625,44
129265,2024,7,24,8058,219009,205.2,205.2,45
16461,2023,3,28,8058,219009,212.325,212.325,64
3405,2023,1,31,8058,219009,227.2875,227.2875,52
145209,2024,9,25,9813,219029,312.7875,312.7875,25
71552,2023,11,14,9813,219029,312.7875,312.7875,24
56872,2023,9,12,9813,219029,312.7875,312.7875,17
78103,2023,12,12,9813,219029,312.7875,312.7875,29
150130,2024,10,16,9813,219029,312.7875,312.7875,27
177936,2025,2,12,9813,219029,312.7875,312.7875,34
4597,2023,1,31,9813,219029,312.7875,312.7875,46
7874,2023,2,14,9813,219029,211.6125,312.7875,106
104270,2024,4,3,9813,219029,312.7875,312.7875,33
169788,2025,1,8,9813,219029,312.7875,312.7875,47
65001,2023,10,17,9813,219029,312.7875,312.7875,27
34015,2023,6,6,9813,219029,312.7875,312.7875,64
22558,2023,4,18,9813,219029,312.7875,312.7875,25
24198,2023,4,25,9813,219029,312.7875,312.7875,36
132094,2024,7,31,9813,219029,312.7875,312.7875,27
151772,2024,10,23,9813,219029,312.7875,312.7875,26
146850,2024,10,2,9813,219029,312.7875,312.7875,42
105910,2024,4,10,9813,219029,312.7875,312.7875,35
76461,2023,12,5,9813,219029,312.7875,312.7875,29
6235,2023,2,7,9813,219029,312.7875,312.7875,62
48736,2023,8,8,9813,219029,312.7875,312.7875,38
42201,2023,7,11,9813,219029,198.075,312.7875,136
17653,2023,3,28,9813,219029,312.7875,312.7875,24
16016,2023,3,21,9813,219029,312.7875,312.7875,35
40561,2023,7,4,9813,219029,188.1,312.7875,186
11124,2023,2,28,9813,219029,312.7875,312.7875,33
166538,2024,12,25,9813,219029,312.7875,312.7875,20
45471,2023,7,25,9813,219029,312.7875,312.7875,26
173068,2025,1,22,9813,219029,312.7875,312.7875,32
156695,2024,11,13,9813,219029,312.7875,312.7875,26
89585,2024,1,30,9813,219029,312.7875,312.7875,33
107541,2024,4,17,9813,219029,312.7875,312.7875,27
119012,2024,6,5,9813,219029,312.7875,312.7875,37
115738,2024,5,22,9813,219029,312.7875,312.7875,35
35650,2023,6,13,9813,219029,312.7875,312.7875,29
29114,2023,5,16,9813,219029,312.7875,312.7875,38
120651,2024,6,12,9813,219029,312.7875,312.7875,30
138651,2024,8,28,9813,219029,312.7875,312.7875,24
38924,2023,6,27,9813,219029,312.7875,312.7875,14
12740,2023,3,7,9813,219029,312.7875,312.7875,48
32379,2023,5,30,9813,219029,312.7875,312.7875,36
123935,2024,6,26,9813,219029,312.7875,312.7875,17
112457,2024,5,8,9813,219029,312.7875,312.7875,49
143567,2024,9,18,9813,219029,312.7875,312.7875,25
81383,2023,12,26,9813,219029,304.2375,304.2375,28
148488,2024,10,9,9813,219029,312.7875,312.7875,60
9512,2023,2,21,9813,219029,180.2625,312.7875,104
102639,2024,3,27,9813,219029,312.7875,312.7875,24
53623,2023,8,29,9813,219029,312.7875,312.7875,23
97779,2024,3,6,9813,219029,246.525,312.7875,64
55249,2023,9,5,9813,219029,312.7875,312.7875,35
83022,2024,1,2,9813,219029,312.7875,312.7875,16
